ARM GAS  C:\Users\austc\AppData\Local\Temp\ccRKCqU4.s 			page 1


   1              		.syntax unified
   2              		.cpu cortex-m0
   3              		.fpu softvfp
   4              		.eabi_attribute 20, 1
   5              		.eabi_attribute 21, 1
   6              		.eabi_attribute 23, 3
   7              		.eabi_attribute 24, 1
   8              		.eabi_attribute 25, 1
   9              		.eabi_attribute 26, 1
  10              		.eabi_attribute 30, 1
  11              		.eabi_attribute 34, 0
  12              		.eabi_attribute 18, 4
  13              		.thumb
  14              		.syntax unified
  15              		.file	"cyfitter_cfg.c"
  16              		.text
  17              	.Ltext0:
  18              		.cfi_sections	.debug_frame
  19              		.section	.text.AnalogSetDefault,"ax",%progbits
  20              		.align	2
  21              		.code	16
  22              		.thumb_func
  23              		.type	AnalogSetDefault, %function
  24              	AnalogSetDefault:
  25              	.LFB5:
  26              		.file 1 "Generated_Source\\PSoC4\\cyfitter_cfg.c"
   1:Generated_Source\PSoC4/cyfitter_cfg.c **** 
   2:Generated_Source\PSoC4/cyfitter_cfg.c **** /*******************************************************************************
   3:Generated_Source\PSoC4/cyfitter_cfg.c **** * File Name: cyfitter_cfg.c
   4:Generated_Source\PSoC4/cyfitter_cfg.c **** * 
   5:Generated_Source\PSoC4/cyfitter_cfg.c **** * PSoC Creator  4.2
   6:Generated_Source\PSoC4/cyfitter_cfg.c **** *
   7:Generated_Source\PSoC4/cyfitter_cfg.c **** * Description:
   8:Generated_Source\PSoC4/cyfitter_cfg.c **** * This file contains device initialization code.
   9:Generated_Source\PSoC4/cyfitter_cfg.c **** * Except for the user defined sections in CyClockStartupError(), this file should not be modified.
  10:Generated_Source\PSoC4/cyfitter_cfg.c **** * This file is automatically generated by PSoC Creator.
  11:Generated_Source\PSoC4/cyfitter_cfg.c **** *
  12:Generated_Source\PSoC4/cyfitter_cfg.c **** ********************************************************************************
  13:Generated_Source\PSoC4/cyfitter_cfg.c **** * Copyright (c) 2007-2018 Cypress Semiconductor.  All rights reserved.
  14:Generated_Source\PSoC4/cyfitter_cfg.c **** * You may use this file only in accordance with the license, terms, conditions, 
  15:Generated_Source\PSoC4/cyfitter_cfg.c **** * disclaimers, and limitations in the end user license agreement accompanying 
  16:Generated_Source\PSoC4/cyfitter_cfg.c **** * the software package with which this file was provided.
  17:Generated_Source\PSoC4/cyfitter_cfg.c **** ********************************************************************************/
  18:Generated_Source\PSoC4/cyfitter_cfg.c **** 
  19:Generated_Source\PSoC4/cyfitter_cfg.c **** #include <string.h>
  20:Generated_Source\PSoC4/cyfitter_cfg.c **** #include "cytypes.h"
  21:Generated_Source\PSoC4/cyfitter_cfg.c **** #include "cydevice_trm.h"
  22:Generated_Source\PSoC4/cyfitter_cfg.c **** #include "cyfitter.h"
  23:Generated_Source\PSoC4/cyfitter_cfg.c **** #include "CyLib.h"
  24:Generated_Source\PSoC4/cyfitter_cfg.c **** #include "CyLFClk.h"
  25:Generated_Source\PSoC4/cyfitter_cfg.c **** #include "cyfitter_cfg.h"
  26:Generated_Source\PSoC4/cyfitter_cfg.c **** #include "cyapicallbacks.h"
  27:Generated_Source\PSoC4/cyfitter_cfg.c **** 
  28:Generated_Source\PSoC4/cyfitter_cfg.c **** 
  29:Generated_Source\PSoC4/cyfitter_cfg.c **** #if defined(__GNUC__) || defined(__ARMCC_VERSION)
  30:Generated_Source\PSoC4/cyfitter_cfg.c ****     #define CYPACKED 
  31:Generated_Source\PSoC4/cyfitter_cfg.c ****     #define CYPACKED_ATTR __attribute__ ((packed))
ARM GAS  C:\Users\austc\AppData\Local\Temp\ccRKCqU4.s 			page 2


  32:Generated_Source\PSoC4/cyfitter_cfg.c ****     #define CYALIGNED __attribute__ ((aligned))
  33:Generated_Source\PSoC4/cyfitter_cfg.c ****     #define CY_CFG_UNUSED __attribute__ ((unused))
  34:Generated_Source\PSoC4/cyfitter_cfg.c ****     #ifndef CY_CFG_SECTION
  35:Generated_Source\PSoC4/cyfitter_cfg.c ****         #define CY_CFG_SECTION __attribute__ ((section(".psocinit")))
  36:Generated_Source\PSoC4/cyfitter_cfg.c ****     #endif
  37:Generated_Source\PSoC4/cyfitter_cfg.c ****     
  38:Generated_Source\PSoC4/cyfitter_cfg.c ****     #if defined(__ARMCC_VERSION)
  39:Generated_Source\PSoC4/cyfitter_cfg.c ****         #define CY_CFG_MEMORY_BARRIER() __memory_changed()
  40:Generated_Source\PSoC4/cyfitter_cfg.c ****     #else
  41:Generated_Source\PSoC4/cyfitter_cfg.c ****         #define CY_CFG_MEMORY_BARRIER() __sync_synchronize()
  42:Generated_Source\PSoC4/cyfitter_cfg.c ****     #endif
  43:Generated_Source\PSoC4/cyfitter_cfg.c ****     
  44:Generated_Source\PSoC4/cyfitter_cfg.c **** #elif defined(__ICCARM__)
  45:Generated_Source\PSoC4/cyfitter_cfg.c ****     #include <intrinsics.h>
  46:Generated_Source\PSoC4/cyfitter_cfg.c **** 
  47:Generated_Source\PSoC4/cyfitter_cfg.c ****     #define CYPACKED __packed
  48:Generated_Source\PSoC4/cyfitter_cfg.c ****     #define CYPACKED_ATTR 
  49:Generated_Source\PSoC4/cyfitter_cfg.c ****     #define CYALIGNED _Pragma("data_alignment=4")
  50:Generated_Source\PSoC4/cyfitter_cfg.c ****     #define CY_CFG_UNUSED _Pragma("diag_suppress=Pe177")
  51:Generated_Source\PSoC4/cyfitter_cfg.c ****     #define CY_CFG_SECTION _Pragma("location=\".psocinit\"")
  52:Generated_Source\PSoC4/cyfitter_cfg.c ****     
  53:Generated_Source\PSoC4/cyfitter_cfg.c ****     #define CY_CFG_MEMORY_BARRIER() __DMB()
  54:Generated_Source\PSoC4/cyfitter_cfg.c ****     
  55:Generated_Source\PSoC4/cyfitter_cfg.c **** #else
  56:Generated_Source\PSoC4/cyfitter_cfg.c ****     #error Unsupported toolchain
  57:Generated_Source\PSoC4/cyfitter_cfg.c **** #endif
  58:Generated_Source\PSoC4/cyfitter_cfg.c **** 
  59:Generated_Source\PSoC4/cyfitter_cfg.c **** #ifndef CYCODE
  60:Generated_Source\PSoC4/cyfitter_cfg.c ****     #define CYCODE
  61:Generated_Source\PSoC4/cyfitter_cfg.c **** #endif
  62:Generated_Source\PSoC4/cyfitter_cfg.c **** #ifndef CYDATA
  63:Generated_Source\PSoC4/cyfitter_cfg.c ****     #define CYDATA
  64:Generated_Source\PSoC4/cyfitter_cfg.c **** #endif
  65:Generated_Source\PSoC4/cyfitter_cfg.c **** #ifndef CYFAR
  66:Generated_Source\PSoC4/cyfitter_cfg.c ****     #define CYFAR
  67:Generated_Source\PSoC4/cyfitter_cfg.c **** #endif
  68:Generated_Source\PSoC4/cyfitter_cfg.c **** #ifndef CYXDATA
  69:Generated_Source\PSoC4/cyfitter_cfg.c ****     #define CYXDATA
  70:Generated_Source\PSoC4/cyfitter_cfg.c **** #endif
  71:Generated_Source\PSoC4/cyfitter_cfg.c **** 
  72:Generated_Source\PSoC4/cyfitter_cfg.c **** 
  73:Generated_Source\PSoC4/cyfitter_cfg.c **** CY_CFG_UNUSED
  74:Generated_Source\PSoC4/cyfitter_cfg.c **** static void CYMEMZERO(void *s, size_t n);
  75:Generated_Source\PSoC4/cyfitter_cfg.c **** CY_CFG_UNUSED
  76:Generated_Source\PSoC4/cyfitter_cfg.c **** static void CYMEMZERO(void *s, size_t n)
  77:Generated_Source\PSoC4/cyfitter_cfg.c **** {
  78:Generated_Source\PSoC4/cyfitter_cfg.c **** 	(void)memset(s, 0, n);
  79:Generated_Source\PSoC4/cyfitter_cfg.c **** }
  80:Generated_Source\PSoC4/cyfitter_cfg.c **** CY_CFG_UNUSED
  81:Generated_Source\PSoC4/cyfitter_cfg.c **** static void CYCONFIGCPY(void *dest, const void *src, size_t n);
  82:Generated_Source\PSoC4/cyfitter_cfg.c **** CY_CFG_UNUSED
  83:Generated_Source\PSoC4/cyfitter_cfg.c **** static void CYCONFIGCPY(void *dest, const void *src, size_t n)
  84:Generated_Source\PSoC4/cyfitter_cfg.c **** {
  85:Generated_Source\PSoC4/cyfitter_cfg.c **** 	(void)memcpy(dest, src, n);
  86:Generated_Source\PSoC4/cyfitter_cfg.c **** }
  87:Generated_Source\PSoC4/cyfitter_cfg.c **** CY_CFG_UNUSED
  88:Generated_Source\PSoC4/cyfitter_cfg.c **** static void CYCONFIGCPYCODE(void *dest, const void *src, size_t n);
ARM GAS  C:\Users\austc\AppData\Local\Temp\ccRKCqU4.s 			page 3


  89:Generated_Source\PSoC4/cyfitter_cfg.c **** CY_CFG_UNUSED
  90:Generated_Source\PSoC4/cyfitter_cfg.c **** static void CYCONFIGCPYCODE(void *dest, const void *src, size_t n)
  91:Generated_Source\PSoC4/cyfitter_cfg.c **** {
  92:Generated_Source\PSoC4/cyfitter_cfg.c **** 	(void)memcpy(dest, src, n);
  93:Generated_Source\PSoC4/cyfitter_cfg.c **** }
  94:Generated_Source\PSoC4/cyfitter_cfg.c **** 
  95:Generated_Source\PSoC4/cyfitter_cfg.c **** 
  96:Generated_Source\PSoC4/cyfitter_cfg.c **** 
  97:Generated_Source\PSoC4/cyfitter_cfg.c **** 
  98:Generated_Source\PSoC4/cyfitter_cfg.c **** /* Clock startup error codes                                                   */
  99:Generated_Source\PSoC4/cyfitter_cfg.c **** #define CYCLOCKSTART_NO_ERROR    0u
 100:Generated_Source\PSoC4/cyfitter_cfg.c **** #define CYCLOCKSTART_XTAL_ERROR  1u
 101:Generated_Source\PSoC4/cyfitter_cfg.c **** #define CYCLOCKSTART_32KHZ_ERROR 2u
 102:Generated_Source\PSoC4/cyfitter_cfg.c **** #define CYCLOCKSTART_PLL_ERROR   3u
 103:Generated_Source\PSoC4/cyfitter_cfg.c **** #define CYCLOCKSTART_FLL_ERROR   4u
 104:Generated_Source\PSoC4/cyfitter_cfg.c **** #define CYCLOCKSTART_WCO_ERROR   5u
 105:Generated_Source\PSoC4/cyfitter_cfg.c **** 
 106:Generated_Source\PSoC4/cyfitter_cfg.c **** 
 107:Generated_Source\PSoC4/cyfitter_cfg.c **** #ifdef CY_NEED_CYCLOCKSTARTUPERROR
 108:Generated_Source\PSoC4/cyfitter_cfg.c **** /*******************************************************************************
 109:Generated_Source\PSoC4/cyfitter_cfg.c **** * Function Name: CyClockStartupError
 110:Generated_Source\PSoC4/cyfitter_cfg.c **** ********************************************************************************
 111:Generated_Source\PSoC4/cyfitter_cfg.c **** * Summary:
 112:Generated_Source\PSoC4/cyfitter_cfg.c **** *  If an error is encountered during clock configuration (crystal startup error,
 113:Generated_Source\PSoC4/cyfitter_cfg.c **** *  PLL lock error, etc.), the system will end up here.  Unless reimplemented by
 114:Generated_Source\PSoC4/cyfitter_cfg.c **** *  the customer, this function will stop in an infinite loop.
 115:Generated_Source\PSoC4/cyfitter_cfg.c **** *
 116:Generated_Source\PSoC4/cyfitter_cfg.c **** * Parameters:
 117:Generated_Source\PSoC4/cyfitter_cfg.c **** *   void
 118:Generated_Source\PSoC4/cyfitter_cfg.c **** *
 119:Generated_Source\PSoC4/cyfitter_cfg.c **** * Return:
 120:Generated_Source\PSoC4/cyfitter_cfg.c **** *   void
 121:Generated_Source\PSoC4/cyfitter_cfg.c **** *
 122:Generated_Source\PSoC4/cyfitter_cfg.c **** *******************************************************************************/
 123:Generated_Source\PSoC4/cyfitter_cfg.c **** CY_CFG_UNUSED
 124:Generated_Source\PSoC4/cyfitter_cfg.c **** static void CyClockStartupError(uint8 errorCode);
 125:Generated_Source\PSoC4/cyfitter_cfg.c **** CY_CFG_UNUSED
 126:Generated_Source\PSoC4/cyfitter_cfg.c **** static void CyClockStartupError(uint8 errorCode)
 127:Generated_Source\PSoC4/cyfitter_cfg.c **** {
 128:Generated_Source\PSoC4/cyfitter_cfg.c ****     /* To remove the compiler warning if errorCode not used.                */
 129:Generated_Source\PSoC4/cyfitter_cfg.c ****     errorCode = errorCode;
 130:Generated_Source\PSoC4/cyfitter_cfg.c **** 
 131:Generated_Source\PSoC4/cyfitter_cfg.c ****     /* If we have a clock startup error (bad MHz crystal, PLL lock, etc.),  */
 132:Generated_Source\PSoC4/cyfitter_cfg.c ****     /* we will end up here to allow the customer to implement something to  */
 133:Generated_Source\PSoC4/cyfitter_cfg.c ****     /* deal with the clock condition.                                       */
 134:Generated_Source\PSoC4/cyfitter_cfg.c **** 
 135:Generated_Source\PSoC4/cyfitter_cfg.c **** #ifdef CY_CFG_CLOCK_STARTUP_ERROR_CALLBACK
 136:Generated_Source\PSoC4/cyfitter_cfg.c ****     CY_CFG_Clock_Startup_ErrorCallback();
 137:Generated_Source\PSoC4/cyfitter_cfg.c **** #else
 138:Generated_Source\PSoC4/cyfitter_cfg.c ****     /*  If not using CY_CFG_CLOCK_STARTUP_ERROR_CALLBACK, place your clock startup code here. */
 139:Generated_Source\PSoC4/cyfitter_cfg.c ****     /* `#START CyClockStartupError` */
 140:Generated_Source\PSoC4/cyfitter_cfg.c **** 
 141:Generated_Source\PSoC4/cyfitter_cfg.c **** 
 142:Generated_Source\PSoC4/cyfitter_cfg.c **** 
 143:Generated_Source\PSoC4/cyfitter_cfg.c ****     /* `#END` */
 144:Generated_Source\PSoC4/cyfitter_cfg.c **** 
 145:Generated_Source\PSoC4/cyfitter_cfg.c ****     while(1) {}
ARM GAS  C:\Users\austc\AppData\Local\Temp\ccRKCqU4.s 			page 4


 146:Generated_Source\PSoC4/cyfitter_cfg.c **** #endif /* CY_CFG_CLOCK_STARTUP_ERROR_CALLBACK */
 147:Generated_Source\PSoC4/cyfitter_cfg.c **** }
 148:Generated_Source\PSoC4/cyfitter_cfg.c **** #endif
 149:Generated_Source\PSoC4/cyfitter_cfg.c **** 
 150:Generated_Source\PSoC4/cyfitter_cfg.c **** 
 151:Generated_Source\PSoC4/cyfitter_cfg.c **** 
 152:Generated_Source\PSoC4/cyfitter_cfg.c **** /*******************************************************************************
 153:Generated_Source\PSoC4/cyfitter_cfg.c **** * Function Name: ClockSetup
 154:Generated_Source\PSoC4/cyfitter_cfg.c **** ********************************************************************************
 155:Generated_Source\PSoC4/cyfitter_cfg.c **** *
 156:Generated_Source\PSoC4/cyfitter_cfg.c **** * Summary:
 157:Generated_Source\PSoC4/cyfitter_cfg.c **** *   Performs the initialization of all of the clocks in the device based on the
 158:Generated_Source\PSoC4/cyfitter_cfg.c **** *   settings in the Clock tab of the DWR.  This includes enabling the requested
 159:Generated_Source\PSoC4/cyfitter_cfg.c **** *   clocks and setting the necessary dividers to produce the desired frequency. 
 160:Generated_Source\PSoC4/cyfitter_cfg.c **** *
 161:Generated_Source\PSoC4/cyfitter_cfg.c **** * Parameters:
 162:Generated_Source\PSoC4/cyfitter_cfg.c **** *   void
 163:Generated_Source\PSoC4/cyfitter_cfg.c **** *
 164:Generated_Source\PSoC4/cyfitter_cfg.c **** * Return:
 165:Generated_Source\PSoC4/cyfitter_cfg.c **** *   void
 166:Generated_Source\PSoC4/cyfitter_cfg.c **** *
 167:Generated_Source\PSoC4/cyfitter_cfg.c **** *******************************************************************************/
 168:Generated_Source\PSoC4/cyfitter_cfg.c **** static void ClockSetup(void);
 169:Generated_Source\PSoC4/cyfitter_cfg.c **** CY_CFG_SECTION
 170:Generated_Source\PSoC4/cyfitter_cfg.c **** static void ClockSetup(void)
 171:Generated_Source\PSoC4/cyfitter_cfg.c **** {
 172:Generated_Source\PSoC4/cyfitter_cfg.c **** 
 173:Generated_Source\PSoC4/cyfitter_cfg.c **** 	/* Set Flash Cycles based on max possible frequency in case a glitch occurs during ClockSetup(). *
 174:Generated_Source\PSoC4/cyfitter_cfg.c **** 	CY_SET_REG32((void CYXDATA *)(CYREG_CPUSS_FLASH_CTL), (0x0012u));
 175:Generated_Source\PSoC4/cyfitter_cfg.c **** 
 176:Generated_Source\PSoC4/cyfitter_cfg.c **** 	/* Start the WCO */
 177:Generated_Source\PSoC4/cyfitter_cfg.c **** 	CySysClkWcoStart();
 178:Generated_Source\PSoC4/cyfitter_cfg.c **** 	CyDelayCycles(12000000u); /* WCO may take up to 500ms to start */
 179:Generated_Source\PSoC4/cyfitter_cfg.c **** 
 180:Generated_Source\PSoC4/cyfitter_cfg.c **** 	/* Setup and trim IMO based on desired frequency. */
 181:Generated_Source\PSoC4/cyfitter_cfg.c **** 	CySysClkWriteImoFreq(48u);
 182:Generated_Source\PSoC4/cyfitter_cfg.c **** 	CySysClkImoEnableWcoLock();
 183:Generated_Source\PSoC4/cyfitter_cfg.c **** 	/* CYDEV_CLK_ILO_CONFIG Starting address: CYDEV_CLK_ILO_CONFIG */
 184:Generated_Source\PSoC4/cyfitter_cfg.c **** 	CY_SET_REG32((void *)(CYREG_CLK_ILO_CONFIG), 0x80000006u);
 185:Generated_Source\PSoC4/cyfitter_cfg.c **** 
 186:Generated_Source\PSoC4/cyfitter_cfg.c **** 	/* CYDEV_WDT_CONFIG Starting address: CYDEV_WDT_CONFIG */
 187:Generated_Source\PSoC4/cyfitter_cfg.c **** 	CY_SET_REG32((void *)(CYREG_WDT_CONFIG), 0x40000000u);
 188:Generated_Source\PSoC4/cyfitter_cfg.c **** 
 189:Generated_Source\PSoC4/cyfitter_cfg.c **** 
 190:Generated_Source\PSoC4/cyfitter_cfg.c **** 	/* Setup phase aligned clocks */
 191:Generated_Source\PSoC4/cyfitter_cfg.c **** 	CY_SET_REG32((void *)CYREG_PERI_DIV_16_CTL0, 0x00000000u);
 192:Generated_Source\PSoC4/cyfitter_cfg.c **** 	CY_SET_REG32((void *)CYREG_PERI_DIV_CMD, 0x8000FF40u);
 193:Generated_Source\PSoC4/cyfitter_cfg.c **** 	CY_SET_REG32((void *)CYREG_PERI_DIV_16_CTL1, 0x00002200u);
 194:Generated_Source\PSoC4/cyfitter_cfg.c **** 	CY_SET_REG32((void *)CYREG_PERI_DIV_CMD, 0x8000FF41u);
 195:Generated_Source\PSoC4/cyfitter_cfg.c **** 
 196:Generated_Source\PSoC4/cyfitter_cfg.c **** 	/* CYDEV_CLK_IMO_CONFIG Starting address: CYDEV_CLK_IMO_CONFIG */
 197:Generated_Source\PSoC4/cyfitter_cfg.c **** 	CY_SET_REG32((void *)(CYREG_CLK_IMO_CONFIG), 0x80000000u);
 198:Generated_Source\PSoC4/cyfitter_cfg.c **** 
 199:Generated_Source\PSoC4/cyfitter_cfg.c **** 	/* CYDEV_CLK_SELECT Starting address: CYDEV_CLK_SELECT */
 200:Generated_Source\PSoC4/cyfitter_cfg.c **** 	CY_SET_REG32((void *)(CYREG_CLK_SELECT), 0x00040000u);
 201:Generated_Source\PSoC4/cyfitter_cfg.c **** 
 202:Generated_Source\PSoC4/cyfitter_cfg.c **** 	/* CYDEV_PERI_PCLK_CTL3 Starting address: CYDEV_PERI_PCLK_CTL3 */
ARM GAS  C:\Users\austc\AppData\Local\Temp\ccRKCqU4.s 			page 5


 203:Generated_Source\PSoC4/cyfitter_cfg.c **** 	CY_SET_REG32((void *)(CYREG_PERI_PCLK_CTL3), 0x00000041u);
 204:Generated_Source\PSoC4/cyfitter_cfg.c **** 
 205:Generated_Source\PSoC4/cyfitter_cfg.c **** 	(void)CyIntSetVector(8u, &CySysWdtIsr);
 206:Generated_Source\PSoC4/cyfitter_cfg.c **** 	CyIntEnable(8u);
 207:Generated_Source\PSoC4/cyfitter_cfg.c **** 	CY_SET_REG32((void *)(CYREG_WDT_CONFIG), 0x40000000u);
 208:Generated_Source\PSoC4/cyfitter_cfg.c **** }
 209:Generated_Source\PSoC4/cyfitter_cfg.c **** 
 210:Generated_Source\PSoC4/cyfitter_cfg.c **** 
 211:Generated_Source\PSoC4/cyfitter_cfg.c **** /* Analog API Functions */
 212:Generated_Source\PSoC4/cyfitter_cfg.c **** 
 213:Generated_Source\PSoC4/cyfitter_cfg.c **** 
 214:Generated_Source\PSoC4/cyfitter_cfg.c **** /*******************************************************************************
 215:Generated_Source\PSoC4/cyfitter_cfg.c **** * Function Name: AnalogSetDefault
 216:Generated_Source\PSoC4/cyfitter_cfg.c **** ********************************************************************************
 217:Generated_Source\PSoC4/cyfitter_cfg.c **** *
 218:Generated_Source\PSoC4/cyfitter_cfg.c **** * Summary:
 219:Generated_Source\PSoC4/cyfitter_cfg.c **** *  Sets up the analog portions of the chip to default values based on chip
 220:Generated_Source\PSoC4/cyfitter_cfg.c **** *  configuration options from the project.
 221:Generated_Source\PSoC4/cyfitter_cfg.c **** *
 222:Generated_Source\PSoC4/cyfitter_cfg.c **** * Parameters:
 223:Generated_Source\PSoC4/cyfitter_cfg.c **** *  void
 224:Generated_Source\PSoC4/cyfitter_cfg.c **** *
 225:Generated_Source\PSoC4/cyfitter_cfg.c **** * Return:
 226:Generated_Source\PSoC4/cyfitter_cfg.c **** *  void
 227:Generated_Source\PSoC4/cyfitter_cfg.c **** *
 228:Generated_Source\PSoC4/cyfitter_cfg.c **** *******************************************************************************/
 229:Generated_Source\PSoC4/cyfitter_cfg.c **** static void AnalogSetDefault(void);
 230:Generated_Source\PSoC4/cyfitter_cfg.c **** static void AnalogSetDefault(void)
 231:Generated_Source\PSoC4/cyfitter_cfg.c **** {
  27              		.loc 1 231 0
  28              		.cfi_startproc
  29              		@ args = 0, pretend = 0, frame = 0
  30              		@ frame_needed = 0, uses_anonymous_args = 0
  31              		@ link register save eliminated.
 232:Generated_Source\PSoC4/cyfitter_cfg.c **** 	CY_SET_XTND_REG32((void CYFAR *)CYREG_CTBM0_DFT_CTRL, 0x00000003u);
  32              		.loc 1 232 0
  33 0000 0323     		movs	r3, #3
  34 0002 044A     		ldr	r2, .L2
  35 0004 1360     		str	r3, [r2]
 233:Generated_Source\PSoC4/cyfitter_cfg.c **** 	CY_SET_XTND_REG32((void CYFAR *)CYREG_CTBM1_DFT_CTRL, 0x00000003u);
  36              		.loc 1 233 0
  37 0006 044A     		ldr	r2, .L2+4
  38 0008 1360     		str	r3, [r2]
 234:Generated_Source\PSoC4/cyfitter_cfg.c **** 	CY_SET_XTND_REG32((void CYFAR *)CYREG_PASS_DSAB_DSAB_CTRL, 0x00000000u);
  39              		.loc 1 234 0
  40 000a 0022     		movs	r2, #0
  41 000c 034B     		ldr	r3, .L2+8
  42 000e 1A60     		str	r2, [r3]
 235:Generated_Source\PSoC4/cyfitter_cfg.c **** }
  43              		.loc 1 235 0
  44              		@ sp needed
  45 0010 7047     		bx	lr
  46              	.L3:
  47 0012 C046     		.align	2
  48              	.L2:
  49 0014 30003040 		.word	1076887600
  50 0018 30003140 		.word	1076953136
ARM GAS  C:\Users\austc\AppData\Local\Temp\ccRKCqU4.s 			page 6


  51 001c 000E3F40 		.word	1077874176
  52              		.cfi_endproc
  53              	.LFE5:
  54              		.size	AnalogSetDefault, .-AnalogSetDefault
  55              		.section	.text.CYMEMZERO,"ax",%progbits
  56              		.align	2
  57              		.code	16
  58              		.thumb_func
  59              		.type	CYMEMZERO, %function
  60              	CYMEMZERO:
  61              	.LFB1:
  77:Generated_Source\PSoC4/cyfitter_cfg.c **** 	(void)memset(s, 0, n);
  62              		.loc 1 77 0
  63              		.cfi_startproc
  64              		@ args = 0, pretend = 0, frame = 0
  65              		@ frame_needed = 0, uses_anonymous_args = 0
  66              	.LVL0:
  67 0000 10B5     		push	{r4, lr}
  68              		.cfi_def_cfa_offset 8
  69              		.cfi_offset 4, -8
  70              		.cfi_offset 14, -4
  71 0002 0A00     		movs	r2, r1
  78:Generated_Source\PSoC4/cyfitter_cfg.c **** }
  72              		.loc 1 78 0
  73 0004 0021     		movs	r1, #0
  74              	.LVL1:
  75 0006 FFF7FEFF 		bl	memset
  76              	.LVL2:
  79:Generated_Source\PSoC4/cyfitter_cfg.c **** CY_CFG_UNUSED
  77              		.loc 1 79 0
  78              		@ sp needed
  79 000a 10BD     		pop	{r4, pc}
  80              		.cfi_endproc
  81              	.LFE1:
  82              		.size	CYMEMZERO, .-CYMEMZERO
  83              		.section	.psocinit,"ax",%progbits
  84              		.align	2
  85              		.code	16
  86              		.thumb_func
  87              		.type	ClockSetup, %function
  88              	ClockSetup:
  89              	.LFB4:
 171:Generated_Source\PSoC4/cyfitter_cfg.c **** 
  90              		.loc 1 171 0
  91              		.cfi_startproc
  92              		@ args = 0, pretend = 0, frame = 0
  93              		@ frame_needed = 0, uses_anonymous_args = 0
  94 0000 70B5     		push	{r4, r5, r6, lr}
  95              		.cfi_def_cfa_offset 16
  96              		.cfi_offset 4, -16
  97              		.cfi_offset 5, -12
  98              		.cfi_offset 6, -8
  99              		.cfi_offset 14, -4
 174:Generated_Source\PSoC4/cyfitter_cfg.c **** 
 100              		.loc 1 174 0
 101 0002 1222     		movs	r2, #18
 102 0004 194B     		ldr	r3, .L6
ARM GAS  C:\Users\austc\AppData\Local\Temp\ccRKCqU4.s 			page 7


 103 0006 1A60     		str	r2, [r3]
 177:Generated_Source\PSoC4/cyfitter_cfg.c **** 	CyDelayCycles(12000000u); /* WCO may take up to 500ms to start */
 104              		.loc 1 177 0
 105 0008 FFF7FEFF 		bl	CySysClkWcoStart
 106              	.LVL3:
 178:Generated_Source\PSoC4/cyfitter_cfg.c **** 
 107              		.loc 1 178 0
 108 000c 1848     		ldr	r0, .L6+4
 109 000e FFF7FEFF 		bl	CyDelayCycles
 110              	.LVL4:
 181:Generated_Source\PSoC4/cyfitter_cfg.c **** 	CySysClkImoEnableWcoLock();
 111              		.loc 1 181 0
 112 0012 3020     		movs	r0, #48
 113 0014 FFF7FEFF 		bl	CySysClkWriteImoFreq
 114              	.LVL5:
 182:Generated_Source\PSoC4/cyfitter_cfg.c **** 	/* CYDEV_CLK_ILO_CONFIG Starting address: CYDEV_CLK_ILO_CONFIG */
 115              		.loc 1 182 0
 116 0018 FFF7FEFF 		bl	CySysClkImoEnableWcoLock
 117              	.LVL6:
 184:Generated_Source\PSoC4/cyfitter_cfg.c **** 
 118              		.loc 1 184 0
 119 001c 154A     		ldr	r2, .L6+8
 120 001e 164B     		ldr	r3, .L6+12
 121 0020 1A60     		str	r2, [r3]
 187:Generated_Source\PSoC4/cyfitter_cfg.c **** 
 122              		.loc 1 187 0
 123 0022 164C     		ldr	r4, .L6+16
 124 0024 8025     		movs	r5, #128
 125 0026 ED05     		lsls	r5, r5, #23
 126 0028 2560     		str	r5, [r4]
 191:Generated_Source\PSoC4/cyfitter_cfg.c **** 	CY_SET_REG32((void *)CYREG_PERI_DIV_CMD, 0x8000FF40u);
 127              		.loc 1 191 0
 128 002a 0022     		movs	r2, #0
 129 002c 144B     		ldr	r3, .L6+20
 130 002e 1A60     		str	r2, [r3]
 192:Generated_Source\PSoC4/cyfitter_cfg.c **** 	CY_SET_REG32((void *)CYREG_PERI_DIV_16_CTL1, 0x00002200u);
 131              		.loc 1 192 0
 132 0030 144B     		ldr	r3, .L6+24
 133 0032 154A     		ldr	r2, .L6+28
 134 0034 1A60     		str	r2, [r3]
 193:Generated_Source\PSoC4/cyfitter_cfg.c **** 	CY_SET_REG32((void *)CYREG_PERI_DIV_CMD, 0x8000FF41u);
 135              		.loc 1 193 0
 136 0036 8821     		movs	r1, #136
 137 0038 8901     		lsls	r1, r1, #6
 138 003a 144A     		ldr	r2, .L6+32
 139 003c 1160     		str	r1, [r2]
 194:Generated_Source\PSoC4/cyfitter_cfg.c **** 
 140              		.loc 1 194 0
 141 003e 144A     		ldr	r2, .L6+36
 142 0040 1A60     		str	r2, [r3]
 197:Generated_Source\PSoC4/cyfitter_cfg.c **** 
 143              		.loc 1 197 0
 144 0042 8022     		movs	r2, #128
 145 0044 1206     		lsls	r2, r2, #24
 146 0046 134B     		ldr	r3, .L6+40
 147 0048 1A60     		str	r2, [r3]
 200:Generated_Source\PSoC4/cyfitter_cfg.c **** 
ARM GAS  C:\Users\austc\AppData\Local\Temp\ccRKCqU4.s 			page 8


 148              		.loc 1 200 0
 149 004a 8022     		movs	r2, #128
 150 004c D202     		lsls	r2, r2, #11
 151 004e 124B     		ldr	r3, .L6+44
 152 0050 1A60     		str	r2, [r3]
 203:Generated_Source\PSoC4/cyfitter_cfg.c **** 
 153              		.loc 1 203 0
 154 0052 4122     		movs	r2, #65
 155 0054 114B     		ldr	r3, .L6+48
 156 0056 1A60     		str	r2, [r3]
 205:Generated_Source\PSoC4/cyfitter_cfg.c **** 	CyIntEnable(8u);
 157              		.loc 1 205 0
 158 0058 1149     		ldr	r1, .L6+52
 159 005a 0820     		movs	r0, #8
 160 005c FFF7FEFF 		bl	CyIntSetVector
 161              	.LVL7:
 206:Generated_Source\PSoC4/cyfitter_cfg.c **** 	CY_SET_REG32((void *)(CYREG_WDT_CONFIG), 0x40000000u);
 162              		.loc 1 206 0
 163 0060 0820     		movs	r0, #8
 164 0062 FFF7FEFF 		bl	CyIntEnable
 165              	.LVL8:
 207:Generated_Source\PSoC4/cyfitter_cfg.c **** }
 166              		.loc 1 207 0
 167 0066 2560     		str	r5, [r4]
 208:Generated_Source\PSoC4/cyfitter_cfg.c **** 
 168              		.loc 1 208 0
 169              		@ sp needed
 170 0068 70BD     		pop	{r4, r5, r6, pc}
 171              	.L7:
 172 006a C046     		.align	2
 173              	.L6:
 174 006c 30001040 		.word	1074790448
 175 0070 001BB700 		.word	12000000
 176 0074 06000080 		.word	-2147483642
 177 0078 04010B40 		.word	1074462980
 178 007c 0C020B40 		.word	1074463244
 179 0080 00030140 		.word	1073808128
 180 0084 00000140 		.word	1073807360
 181 0088 40FF0080 		.word	-2147418304
 182 008c 04030140 		.word	1073808132
 183 0090 41FF0080 		.word	-2147418303
 184 0094 08010B40 		.word	1074462984
 185 0098 00010B40 		.word	1074462976
 186 009c 0C010140 		.word	1073807628
 187 00a0 00000000 		.word	CySysWdtIsr
 188              		.cfi_endproc
 189              	.LFE4:
 190              		.size	ClockSetup, .-ClockSetup
 191              		.align	2
 192              		.global	cyfitter_cfg
 193              		.code	16
 194              		.thumb_func
 195              		.type	cyfitter_cfg, %function
 196              	cyfitter_cfg:
 197              	.LFB6:
 236:Generated_Source\PSoC4/cyfitter_cfg.c **** 
 237:Generated_Source\PSoC4/cyfitter_cfg.c **** 
ARM GAS  C:\Users\austc\AppData\Local\Temp\ccRKCqU4.s 			page 9


 238:Generated_Source\PSoC4/cyfitter_cfg.c **** 
 239:Generated_Source\PSoC4/cyfitter_cfg.c **** 
 240:Generated_Source\PSoC4/cyfitter_cfg.c **** /*******************************************************************************
 241:Generated_Source\PSoC4/cyfitter_cfg.c **** * Function Name: cyfitter_cfg
 242:Generated_Source\PSoC4/cyfitter_cfg.c **** ********************************************************************************
 243:Generated_Source\PSoC4/cyfitter_cfg.c **** * Summary:
 244:Generated_Source\PSoC4/cyfitter_cfg.c **** *  This function is called by the start-up code for the selected device. It
 245:Generated_Source\PSoC4/cyfitter_cfg.c **** *  performs all of the necessary device configuration based on the design
 246:Generated_Source\PSoC4/cyfitter_cfg.c **** *  settings.  This includes settings from the Design Wide Resources (DWR) such
 247:Generated_Source\PSoC4/cyfitter_cfg.c **** *  as Clocks and Pins as well as any component configuration that is necessary.
 248:Generated_Source\PSoC4/cyfitter_cfg.c **** *
 249:Generated_Source\PSoC4/cyfitter_cfg.c **** * Parameters:
 250:Generated_Source\PSoC4/cyfitter_cfg.c **** *   void
 251:Generated_Source\PSoC4/cyfitter_cfg.c **** *
 252:Generated_Source\PSoC4/cyfitter_cfg.c **** * Return:
 253:Generated_Source\PSoC4/cyfitter_cfg.c **** *   void
 254:Generated_Source\PSoC4/cyfitter_cfg.c **** *
 255:Generated_Source\PSoC4/cyfitter_cfg.c **** *******************************************************************************/
 256:Generated_Source\PSoC4/cyfitter_cfg.c **** CY_CFG_SECTION
 257:Generated_Source\PSoC4/cyfitter_cfg.c **** void cyfitter_cfg(void)
 258:Generated_Source\PSoC4/cyfitter_cfg.c **** {
 198              		.loc 1 258 0
 199              		.cfi_startproc
 200              		@ args = 0, pretend = 0, frame = 0
 201              		@ frame_needed = 0, uses_anonymous_args = 0
 202 00a4 10B5     		push	{r4, lr}
 203              		.cfi_def_cfa_offset 8
 204              		.cfi_offset 4, -8
 205              		.cfi_offset 14, -4
 259:Generated_Source\PSoC4/cyfitter_cfg.c **** 	/* Disable interrupts by default. Let user enable if/when they want. */
 260:Generated_Source\PSoC4/cyfitter_cfg.c **** 	CyGlobalIntDisable;
 206              		.loc 1 260 0
 207              		.syntax divided
 208              	@ 260 "Generated_Source\PSoC4\cyfitter_cfg.c" 1
 209 00a6 72B6     		CPSID   i
 210              	@ 0 "" 2
 211              	.LVL9:
 212              		.thumb
 213              		.syntax unified
 214              	.LBB2:
 261:Generated_Source\PSoC4/cyfitter_cfg.c **** 
 262:Generated_Source\PSoC4/cyfitter_cfg.c **** 	{
 263:Generated_Source\PSoC4/cyfitter_cfg.c **** 
 264:Generated_Source\PSoC4/cyfitter_cfg.c **** 		CYPACKED typedef struct {
 265:Generated_Source\PSoC4/cyfitter_cfg.c **** 			void CYFAR *address;
 266:Generated_Source\PSoC4/cyfitter_cfg.c **** 			uint16 size;
 267:Generated_Source\PSoC4/cyfitter_cfg.c **** 		} CYPACKED_ATTR cfg_memset_t;
 268:Generated_Source\PSoC4/cyfitter_cfg.c **** 
 269:Generated_Source\PSoC4/cyfitter_cfg.c **** 		static const cfg_memset_t CYCODE cfg_memset_list[] = {
 270:Generated_Source\PSoC4/cyfitter_cfg.c **** 			/* address, size */
 271:Generated_Source\PSoC4/cyfitter_cfg.c **** 			{(void CYFAR *)(CYDEV_UDB_P0_U0_BASE), 2048u},
 272:Generated_Source\PSoC4/cyfitter_cfg.c **** 			{(void CYFAR *)(CYDEV_UDB_DSI0_BASE), 2048u},
 273:Generated_Source\PSoC4/cyfitter_cfg.c **** 		};
 274:Generated_Source\PSoC4/cyfitter_cfg.c **** 
 275:Generated_Source\PSoC4/cyfitter_cfg.c **** 		uint8 CYDATA i;
 276:Generated_Source\PSoC4/cyfitter_cfg.c **** 
 277:Generated_Source\PSoC4/cyfitter_cfg.c **** 		/* Zero out critical memory blocks before beginning configuration */
ARM GAS  C:\Users\austc\AppData\Local\Temp\ccRKCqU4.s 			page 10


 278:Generated_Source\PSoC4/cyfitter_cfg.c **** 		for (i = 0u; i < (sizeof(cfg_memset_list)/sizeof(cfg_memset_list[0])); i++)
 215              		.loc 1 278 0
 216 00a8 0024     		movs	r4, #0
 217 00aa 0FE0     		b	.L9
 218              	.LVL10:
 219              	.L10:
 220              	.LBB3:
 279:Generated_Source\PSoC4/cyfitter_cfg.c **** 		{
 280:Generated_Source\PSoC4/cyfitter_cfg.c **** 			const cfg_memset_t CYCODE * CYDATA ms = &cfg_memset_list[i];
 281:Generated_Source\PSoC4/cyfitter_cfg.c **** 			CYMEMZERO(ms->address, (size_t)(uint32)(ms->size));
 221              		.loc 1 281 0 discriminator 3
 222 00ac 2048     		ldr	r0, .L11
 223 00ae 6200     		lsls	r2, r4, #1
 224 00b0 1319     		adds	r3, r2, r4
 225 00b2 5900     		lsls	r1, r3, #1
 226 00b4 0B00     		movs	r3, r1
 227 00b6 4118     		adds	r1, r0, r1
 228 00b8 8988     		ldrh	r1, [r1, #4]
 229 00ba 1A5A     		ldrh	r2, [r3, r0]
 230 00bc C318     		adds	r3, r0, r3
 231 00be 5888     		ldrh	r0, [r3, #2]
 232 00c0 0004     		lsls	r0, r0, #16
 233 00c2 1043     		orrs	r0, r2
 234 00c4 FFF7FEFF 		bl	CYMEMZERO
 235              	.LVL11:
 236              	.LBE3:
 278:Generated_Source\PSoC4/cyfitter_cfg.c **** 		{
 237              		.loc 1 278 0 discriminator 3
 238 00c8 0134     		adds	r4, r4, #1
 239              	.LVL12:
 240 00ca E4B2     		uxtb	r4, r4
 241              	.LVL13:
 242              	.L9:
 278:Generated_Source\PSoC4/cyfitter_cfg.c **** 		{
 243              		.loc 1 278 0 is_stmt 0 discriminator 1
 244 00cc 012C     		cmp	r4, #1
 245 00ce EDD9     		bls	.L10
 282:Generated_Source\PSoC4/cyfitter_cfg.c **** 		}
 283:Generated_Source\PSoC4/cyfitter_cfg.c **** 
 284:Generated_Source\PSoC4/cyfitter_cfg.c **** 		/* HSIOM Starting address: CYDEV_HSIOM_BASE */
 285:Generated_Source\PSoC4/cyfitter_cfg.c **** 		CY_SET_REG32((void *)(CYDEV_HSIOM_BASE), 0x0000000Au);
 246              		.loc 1 285 0 is_stmt 1
 247 00d0 0A22     		movs	r2, #10
 248 00d2 184B     		ldr	r3, .L11+4
 249 00d4 1A60     		str	r2, [r3]
 286:Generated_Source\PSoC4/cyfitter_cfg.c **** 		CY_SET_REG32((void *)(CYREG_HSIOM_PORT_SEL3), 0x0000EE99u);
 250              		.loc 1 286 0
 251 00d6 184A     		ldr	r2, .L11+8
 252 00d8 184B     		ldr	r3, .L11+12
 253 00da 1A60     		str	r2, [r3]
 287:Generated_Source\PSoC4/cyfitter_cfg.c **** 		CY_SET_REG32((void *)(CYREG_HSIOM_PORT_SEL4), 0x0A000000u);
 254              		.loc 1 287 0
 255 00dc A022     		movs	r2, #160
 256 00de 1205     		lsls	r2, r2, #20
 257 00e0 174B     		ldr	r3, .L11+16
 258 00e2 1A60     		str	r2, [r3]
 288:Generated_Source\PSoC4/cyfitter_cfg.c **** 
ARM GAS  C:\Users\austc\AppData\Local\Temp\ccRKCqU4.s 			page 11


 289:Generated_Source\PSoC4/cyfitter_cfg.c **** 		/* UDB_PA_4 Starting address: CYDEV_UDB_PA4_BASE */
 290:Generated_Source\PSoC4/cyfitter_cfg.c **** 		CY_SET_REG32((void *)(CYDEV_UDB_PA4_BASE), 0x00990000u);
 259              		.loc 1 290 0
 260 00e4 9923     		movs	r3, #153
 261 00e6 1B04     		lsls	r3, r3, #16
 262 00e8 164A     		ldr	r2, .L11+20
 263 00ea 1360     		str	r3, [r2]
 291:Generated_Source\PSoC4/cyfitter_cfg.c **** 
 292:Generated_Source\PSoC4/cyfitter_cfg.c **** 		/* UDB_PA_5 Starting address: CYDEV_UDB_PA5_BASE */
 293:Generated_Source\PSoC4/cyfitter_cfg.c **** 		CY_SET_REG32((void *)(CYDEV_UDB_PA5_BASE), 0x00990000u);
 264              		.loc 1 293 0
 265 00ec 164A     		ldr	r2, .L11+24
 266 00ee 1360     		str	r3, [r2]
 294:Generated_Source\PSoC4/cyfitter_cfg.c **** 
 295:Generated_Source\PSoC4/cyfitter_cfg.c **** 		/* UDB_PA_7 Starting address: CYDEV_UDB_PA7_BASE */
 296:Generated_Source\PSoC4/cyfitter_cfg.c **** 		CY_SET_REG32((void *)(CYDEV_UDB_PA7_BASE), 0x00990000u);
 267              		.loc 1 296 0
 268 00f0 164A     		ldr	r2, .L11+28
 269 00f2 1360     		str	r3, [r2]
 297:Generated_Source\PSoC4/cyfitter_cfg.c **** 
 298:Generated_Source\PSoC4/cyfitter_cfg.c **** 		/* Enable digital routing */
 299:Generated_Source\PSoC4/cyfitter_cfg.c **** 		CY_SET_XTND_REG8((void *)CYREG_UDB_UDB_BANK_CTL, (uint8)(CY_GET_XTND_REG8((void *)CYREG_UDB_UDB_B
 270              		.loc 1 299 0
 271 00f4 164A     		ldr	r2, .L11+32
 272 00f6 1178     		ldrb	r1, [r2]
 273 00f8 0623     		movs	r3, #6
 274 00fa 0B43     		orrs	r3, r1
 275 00fc DBB2     		uxtb	r3, r3
 276 00fe 1370     		strb	r3, [r2]
 277              	.LBE2:
 300:Generated_Source\PSoC4/cyfitter_cfg.c **** 	}
 301:Generated_Source\PSoC4/cyfitter_cfg.c **** 
 302:Generated_Source\PSoC4/cyfitter_cfg.c **** 	/* Perform second pass device configuration. These items must be configured in specific order afte
 303:Generated_Source\PSoC4/cyfitter_cfg.c **** 	/* IOPINS0_0 Starting address: CYDEV_GPIO_PRT0_BASE */
 304:Generated_Source\PSoC4/cyfitter_cfg.c **** 	CY_SET_REG32((void *)(CYREG_GPIO_PRT0_PC), 0x00000001u);
 278              		.loc 1 304 0
 279 0100 0122     		movs	r2, #1
 280 0102 144B     		ldr	r3, .L11+36
 281 0104 1A60     		str	r2, [r3]
 305:Generated_Source\PSoC4/cyfitter_cfg.c **** 
 306:Generated_Source\PSoC4/cyfitter_cfg.c **** 	/* IOPINS0_3 Starting address: CYDEV_GPIO_PRT3_BASE */
 307:Generated_Source\PSoC4/cyfitter_cfg.c **** 	CY_SET_REG32((void *)(CYDEV_GPIO_PRT3_BASE), 0x00000002u);
 282              		.loc 1 307 0
 283 0106 0223     		movs	r3, #2
 284 0108 134A     		ldr	r2, .L11+40
 285 010a 1360     		str	r3, [r2]
 308:Generated_Source\PSoC4/cyfitter_cfg.c **** 	CY_SET_REG32((void *)(CYREG_GPIO_PRT3_PC), 0x00000DB1u);
 286              		.loc 1 308 0
 287 010c 1349     		ldr	r1, .L11+44
 288 010e 144A     		ldr	r2, .L11+48
 289 0110 1160     		str	r1, [r2]
 309:Generated_Source\PSoC4/cyfitter_cfg.c **** 	CY_SET_REG32((void *)(CYREG_GPIO_PRT3_PC2), 0x00000002u);
 290              		.loc 1 309 0
 291 0112 144A     		ldr	r2, .L11+52
 292 0114 1360     		str	r3, [r2]
 310:Generated_Source\PSoC4/cyfitter_cfg.c **** 
 311:Generated_Source\PSoC4/cyfitter_cfg.c **** 	/* IOPINS0_4 Starting address: CYDEV_GPIO_PRT4_BASE */
ARM GAS  C:\Users\austc\AppData\Local\Temp\ccRKCqU4.s 			page 12


 312:Generated_Source\PSoC4/cyfitter_cfg.c **** 	CY_SET_REG32((void *)(CYDEV_GPIO_PRT4_BASE), 0x00000040u);
 293              		.loc 1 312 0
 294 0116 4022     		movs	r2, #64
 295 0118 134B     		ldr	r3, .L11+56
 296 011a 1A60     		str	r2, [r3]
 313:Generated_Source\PSoC4/cyfitter_cfg.c **** 	CY_SET_REG32((void *)(CYREG_GPIO_PRT4_PC), 0x00180000u);
 297              		.loc 1 313 0
 298 011c C022     		movs	r2, #192
 299 011e 5203     		lsls	r2, r2, #13
 300 0120 124B     		ldr	r3, .L11+60
 301 0122 1A60     		str	r2, [r3]
 314:Generated_Source\PSoC4/cyfitter_cfg.c **** 
 315:Generated_Source\PSoC4/cyfitter_cfg.c **** 
 316:Generated_Source\PSoC4/cyfitter_cfg.c **** 	/* Setup clocks based on selections from Clock DWR */
 317:Generated_Source\PSoC4/cyfitter_cfg.c **** 	ClockSetup();
 302              		.loc 1 317 0
 303 0124 FFF76CFF 		bl	ClockSetup
 304              	.LVL14:
 318:Generated_Source\PSoC4/cyfitter_cfg.c **** 
 319:Generated_Source\PSoC4/cyfitter_cfg.c **** 	/* Perform basic analog initialization to defaults */
 320:Generated_Source\PSoC4/cyfitter_cfg.c **** 	AnalogSetDefault();
 305              		.loc 1 320 0
 306 0128 FFF7FEFF 		bl	AnalogSetDefault
 307              	.LVL15:
 321:Generated_Source\PSoC4/cyfitter_cfg.c **** 
 322:Generated_Source\PSoC4/cyfitter_cfg.c **** }
 308              		.loc 1 322 0
 309              		@ sp needed
 310              	.LVL16:
 311 012c 10BD     		pop	{r4, pc}
 312              	.L12:
 313 012e C046     		.align	2
 314              	.L11:
 315 0130 00000000 		.word	.LANCHOR0
 316 0134 00000240 		.word	1073872896
 317 0138 99EE0000 		.word	61081
 318 013c 00030240 		.word	1073873664
 319 0140 00040240 		.word	1073873920
 320 0144 40500F40 		.word	1074745408
 321 0148 50500F40 		.word	1074745424
 322 014c 70500F40 		.word	1074745456
 323 0150 00700F40 		.word	1074753536
 324 0154 08000440 		.word	1074003976
 325 0158 00030440 		.word	1074004736
 326 015c B10D0000 		.word	3505
 327 0160 08030440 		.word	1074004744
 328 0164 18030440 		.word	1074004760
 329 0168 00040440 		.word	1074004992
 330 016c 08040440 		.word	1074005000
 331              		.cfi_endproc
 332              	.LFE6:
 333              		.size	cyfitter_cfg, .-cyfitter_cfg
 334              		.section	.rodata
 335              		.align	2
 336              		.set	.LANCHOR0,. + 0
 337              		.type	cfg_memset_list.4948, %object
 338              		.size	cfg_memset_list.4948, 12
ARM GAS  C:\Users\austc\AppData\Local\Temp\ccRKCqU4.s 			page 13


 339              	cfg_memset_list.4948:
 340 0000 00300F40 		.word	1074737152
 341 0004 0008     		.short	2048
 342 0006 00400F40 		.4byte	1074741248
 343 000a 0008     		.short	2048
 344              		.text
 345              	.Letext0:
 346              		.file 2 "c:\\program files (x86)\\cypress\\psoc creator\\4.2\\psoc creator\\import\\gnu\\arm\\5.4.
 347              		.file 3 "Generated_Source\\PSoC4\\cytypes.h"
 348              		.file 4 "Generated_Source\\PSoC4\\CyLFClk.h"
 349              		.file 5 "Generated_Source\\PSoC4\\CyLib.h"
 350              		.section	.debug_info,"",%progbits
 351              	.Ldebug_info0:
 352 0000 DF020000 		.4byte	0x2df
 353 0004 0400     		.2byte	0x4
 354 0006 00000000 		.4byte	.Ldebug_abbrev0
 355 000a 04       		.byte	0x4
 356 000b 01       		.uleb128 0x1
 357 000c 1B010000 		.4byte	.LASF32
 358 0010 0C       		.byte	0xc
 359 0011 2B020000 		.4byte	.LASF33
 360 0015 51020000 		.4byte	.LASF34
 361 0019 00000000 		.4byte	.Ldebug_ranges0+0
 362 001d 00000000 		.4byte	0
 363 0021 00000000 		.4byte	.Ldebug_line0
 364 0025 02       		.uleb128 0x2
 365 0026 04       		.byte	0x4
 366 0027 05       		.byte	0x5
 367 0028 696E7400 		.ascii	"int\000"
 368 002c 03       		.uleb128 0x3
 369 002d 14000000 		.4byte	.LASF12
 370 0031 02       		.byte	0x2
 371 0032 D8       		.byte	0xd8
 372 0033 37000000 		.4byte	0x37
 373 0037 04       		.uleb128 0x4
 374 0038 04       		.byte	0x4
 375 0039 07       		.byte	0x7
 376 003a E2000000 		.4byte	.LASF0
 377 003e 04       		.uleb128 0x4
 378 003f 08       		.byte	0x8
 379 0040 05       		.byte	0x5
 380 0041 BF010000 		.4byte	.LASF1
 381 0045 04       		.uleb128 0x4
 382 0046 08       		.byte	0x8
 383 0047 04       		.byte	0x4
 384 0048 13020000 		.4byte	.LASF2
 385 004c 04       		.uleb128 0x4
 386 004d 01       		.byte	0x1
 387 004e 06       		.byte	0x6
 388 004f 1F020000 		.4byte	.LASF3
 389 0053 04       		.uleb128 0x4
 390 0054 01       		.byte	0x1
 391 0055 08       		.byte	0x8
 392 0056 AC000000 		.4byte	.LASF4
 393 005a 04       		.uleb128 0x4
 394 005b 02       		.byte	0x2
 395 005c 05       		.byte	0x5
ARM GAS  C:\Users\austc\AppData\Local\Temp\ccRKCqU4.s 			page 14


 396 005d D2010000 		.4byte	.LASF5
 397 0061 04       		.uleb128 0x4
 398 0062 02       		.byte	0x2
 399 0063 07       		.byte	0x7
 400 0064 56000000 		.4byte	.LASF6
 401 0068 04       		.uleb128 0x4
 402 0069 04       		.byte	0x4
 403 006a 05       		.byte	0x5
 404 006b 0A020000 		.4byte	.LASF7
 405 006f 04       		.uleb128 0x4
 406 0070 04       		.byte	0x4
 407 0071 07       		.byte	0x7
 408 0072 79000000 		.4byte	.LASF8
 409 0076 04       		.uleb128 0x4
 410 0077 08       		.byte	0x8
 411 0078 07       		.byte	0x7
 412 0079 04010000 		.4byte	.LASF9
 413 007d 04       		.uleb128 0x4
 414 007e 04       		.byte	0x4
 415 007f 07       		.byte	0x7
 416 0080 B6010000 		.4byte	.LASF10
 417 0084 05       		.uleb128 0x5
 418 0085 04       		.byte	0x4
 419 0086 04       		.uleb128 0x4
 420 0087 01       		.byte	0x1
 421 0088 08       		.byte	0x8
 422 0089 CD010000 		.4byte	.LASF11
 423 008d 06       		.uleb128 0x6
 424 008e 8B000000 		.4byte	.LASF13
 425 0092 03       		.byte	0x3
 426 0093 D201     		.2byte	0x1d2
 427 0095 53000000 		.4byte	0x53
 428 0099 06       		.uleb128 0x6
 429 009a D4000000 		.4byte	.LASF14
 430 009e 03       		.byte	0x3
 431 009f D301     		.2byte	0x1d3
 432 00a1 61000000 		.4byte	0x61
 433 00a5 06       		.uleb128 0x6
 434 00a6 DB000000 		.4byte	.LASF15
 435 00aa 03       		.byte	0x3
 436 00ab D401     		.2byte	0x1d4
 437 00ad 6F000000 		.4byte	0x6f
 438 00b1 04       		.uleb128 0x4
 439 00b2 04       		.byte	0x4
 440 00b3 04       		.byte	0x4
 441 00b4 69000000 		.4byte	.LASF16
 442 00b8 04       		.uleb128 0x4
 443 00b9 08       		.byte	0x8
 444 00ba 04       		.byte	0x4
 445 00bb C1000000 		.4byte	.LASF17
 446 00bf 06       		.uleb128 0x6
 447 00c0 74000000 		.4byte	.LASF18
 448 00c4 03       		.byte	0x3
 449 00c5 7C02     		.2byte	0x27c
 450 00c7 CB000000 		.4byte	0xcb
 451 00cb 07       		.uleb128 0x7
 452 00cc 8D000000 		.4byte	0x8d
ARM GAS  C:\Users\austc\AppData\Local\Temp\ccRKCqU4.s 			page 15


 453 00d0 06       		.uleb128 0x6
 454 00d1 0E000000 		.4byte	.LASF19
 455 00d5 03       		.byte	0x3
 456 00d6 7E02     		.2byte	0x27e
 457 00d8 DC000000 		.4byte	0xdc
 458 00dc 07       		.uleb128 0x7
 459 00dd A5000000 		.4byte	0xa5
 460 00e1 08       		.uleb128 0x8
 461 00e2 1B000000 		.4byte	.LASF35
 462 00e6 01       		.byte	0x1
 463 00e7 E6       		.byte	0xe6
 464 00e8 00000000 		.4byte	.LFB5
 465 00ec 20000000 		.4byte	.LFE5-.LFB5
 466 00f0 01       		.uleb128 0x1
 467 00f1 9C       		.byte	0x9c
 468 00f2 09       		.uleb128 0x9
 469 00f3 A2000000 		.4byte	.LASF20
 470 00f7 01       		.byte	0x1
 471 00f8 4C       		.byte	0x4c
 472 00f9 00000000 		.4byte	.LFB1
 473 00fd 0C000000 		.4byte	.LFE1-.LFB1
 474 0101 01       		.uleb128 0x1
 475 0102 9C       		.byte	0x9c
 476 0103 3F010000 		.4byte	0x13f
 477 0107 0A       		.uleb128 0xa
 478 0108 7300     		.ascii	"s\000"
 479 010a 01       		.byte	0x1
 480 010b 4C       		.byte	0x4c
 481 010c 84000000 		.4byte	0x84
 482 0110 00000000 		.4byte	.LLST0
 483 0114 0A       		.uleb128 0xa
 484 0115 6E00     		.ascii	"n\000"
 485 0117 01       		.byte	0x1
 486 0118 4C       		.byte	0x4c
 487 0119 2C000000 		.4byte	0x2c
 488 011d 21000000 		.4byte	.LLST1
 489 0121 0B       		.uleb128 0xb
 490 0122 0A000000 		.4byte	.LVL2
 491 0126 97020000 		.4byte	0x297
 492 012a 0C       		.uleb128 0xc
 493 012b 01       		.uleb128 0x1
 494 012c 50       		.byte	0x50
 495 012d 03       		.uleb128 0x3
 496 012e F3       		.byte	0xf3
 497 012f 01       		.uleb128 0x1
 498 0130 50       		.byte	0x50
 499 0131 0C       		.uleb128 0xc
 500 0132 01       		.uleb128 0x1
 501 0133 51       		.byte	0x51
 502 0134 01       		.uleb128 0x1
 503 0135 30       		.byte	0x30
 504 0136 0C       		.uleb128 0xc
 505 0137 01       		.uleb128 0x1
 506 0138 52       		.byte	0x52
 507 0139 03       		.uleb128 0x3
 508 013a F3       		.byte	0xf3
 509 013b 01       		.uleb128 0x1
ARM GAS  C:\Users\austc\AppData\Local\Temp\ccRKCqU4.s 			page 16


 510 013c 51       		.byte	0x51
 511 013d 00       		.byte	0
 512 013e 00       		.byte	0
 513 013f 09       		.uleb128 0x9
 514 0140 4B000000 		.4byte	.LASF21
 515 0144 01       		.byte	0x1
 516 0145 AA       		.byte	0xaa
 517 0146 00000000 		.4byte	.LFB4
 518 014a A4000000 		.4byte	.LFE4-.LFB4
 519 014e 01       		.uleb128 0x1
 520 014f 9C       		.byte	0x9c
 521 0150 B4010000 		.4byte	0x1b4
 522 0154 0D       		.uleb128 0xd
 523 0155 0C000000 		.4byte	.LVL3
 524 0159 A0020000 		.4byte	0x2a0
 525 015d 0E       		.uleb128 0xe
 526 015e 12000000 		.4byte	.LVL4
 527 0162 AB020000 		.4byte	0x2ab
 528 0166 74010000 		.4byte	0x174
 529 016a 0C       		.uleb128 0xc
 530 016b 01       		.uleb128 0x1
 531 016c 50       		.byte	0x50
 532 016d 05       		.uleb128 0x5
 533 016e 0C       		.byte	0xc
 534 016f 001BB700 		.4byte	0xb71b00
 535 0173 00       		.byte	0
 536 0174 0E       		.uleb128 0xe
 537 0175 18000000 		.4byte	.LVL5
 538 0179 B6020000 		.4byte	0x2b6
 539 017d 88010000 		.4byte	0x188
 540 0181 0C       		.uleb128 0xc
 541 0182 01       		.uleb128 0x1
 542 0183 50       		.byte	0x50
 543 0184 02       		.uleb128 0x2
 544 0185 08       		.byte	0x8
 545 0186 30       		.byte	0x30
 546 0187 00       		.byte	0
 547 0188 0D       		.uleb128 0xd
 548 0189 1C000000 		.4byte	.LVL6
 549 018d C1020000 		.4byte	0x2c1
 550 0191 0E       		.uleb128 0xe
 551 0192 60000000 		.4byte	.LVL7
 552 0196 CC020000 		.4byte	0x2cc
 553 019a A4010000 		.4byte	0x1a4
 554 019e 0C       		.uleb128 0xc
 555 019f 01       		.uleb128 0x1
 556 01a0 50       		.byte	0x50
 557 01a1 01       		.uleb128 0x1
 558 01a2 38       		.byte	0x38
 559 01a3 00       		.byte	0
 560 01a4 0B       		.uleb128 0xb
 561 01a5 66000000 		.4byte	.LVL8
 562 01a9 D7020000 		.4byte	0x2d7
 563 01ad 0C       		.uleb128 0xc
 564 01ae 01       		.uleb128 0x1
 565 01af 50       		.byte	0x50
 566 01b0 01       		.uleb128 0x1
ARM GAS  C:\Users\austc\AppData\Local\Temp\ccRKCqU4.s 			page 17


 567 01b1 38       		.byte	0x38
 568 01b2 00       		.byte	0
 569 01b3 00       		.byte	0
 570 01b4 0F       		.uleb128 0xf
 571 01b5 EF000000 		.4byte	.LASF36
 572 01b9 01       		.byte	0x1
 573 01ba 0101     		.2byte	0x101
 574 01bc A4000000 		.4byte	.LFB6
 575 01c0 CC000000 		.4byte	.LFE6-.LFB6
 576 01c4 01       		.uleb128 0x1
 577 01c5 9C       		.byte	0x9c
 578 01c6 97020000 		.4byte	0x297
 579 01ca 10       		.uleb128 0x10
 580 01cb A8000000 		.4byte	.LBB2
 581 01cf 58000000 		.4byte	.LBE2-.LBB2
 582 01d3 84020000 		.4byte	0x284
 583 01d7 11       		.uleb128 0x11
 584 01d8 06       		.byte	0x6
 585 01d9 01       		.byte	0x1
 586 01da 0801     		.2byte	0x108
 587 01dc FB010000 		.4byte	0x1fb
 588 01e0 12       		.uleb128 0x12
 589 01e1 FC000000 		.4byte	.LASF22
 590 01e5 01       		.byte	0x1
 591 01e6 0901     		.2byte	0x109
 592 01e8 84000000 		.4byte	0x84
 593 01ec 00       		.byte	0
 594 01ed 12       		.uleb128 0x12
 595 01ee 6F000000 		.4byte	.LASF23
 596 01f2 01       		.byte	0x1
 597 01f3 0A01     		.2byte	0x10a
 598 01f5 99000000 		.4byte	0x99
 599 01f9 04       		.byte	0x4
 600 01fa 00       		.byte	0
 601 01fb 06       		.uleb128 0x6
 602 01fc A9010000 		.4byte	.LASF24
 603 0200 01       		.byte	0x1
 604 0201 0B01     		.2byte	0x10b
 605 0203 D7010000 		.4byte	0x1d7
 606 0207 13       		.uleb128 0x13
 607 0208 17020000 		.4byte	0x217
 608 020c 17020000 		.4byte	0x217
 609 0210 14       		.uleb128 0x14
 610 0211 7D000000 		.4byte	0x7d
 611 0215 01       		.byte	0x1
 612 0216 00       		.byte	0
 613 0217 15       		.uleb128 0x15
 614 0218 FB010000 		.4byte	0x1fb
 615 021c 16       		.uleb128 0x16
 616 021d 3B000000 		.4byte	.LASF25
 617 0221 01       		.byte	0x1
 618 0222 0D01     		.2byte	0x10d
 619 0224 2E020000 		.4byte	0x22e
 620 0228 05       		.uleb128 0x5
 621 0229 03       		.byte	0x3
 622 022a 00000000 		.4byte	cfg_memset_list.4948
 623 022e 15       		.uleb128 0x15
ARM GAS  C:\Users\austc\AppData\Local\Temp\ccRKCqU4.s 			page 18


 624 022f 07020000 		.4byte	0x207
 625 0233 17       		.uleb128 0x17
 626 0234 6900     		.ascii	"i\000"
 627 0236 01       		.byte	0x1
 628 0237 1301     		.2byte	0x113
 629 0239 8D000000 		.4byte	0x8d
 630 023d 4D000000 		.4byte	.LLST2
 631 0241 18       		.uleb128 0x18
 632 0242 AC000000 		.4byte	.LBB3
 633 0246 1C000000 		.4byte	.LBE3-.LBB3
 634 024a 17       		.uleb128 0x17
 635 024b 6D7300   		.ascii	"ms\000"
 636 024e 01       		.byte	0x1
 637 024f 1801     		.2byte	0x118
 638 0251 59020000 		.4byte	0x259
 639 0255 77000000 		.4byte	.LLST3
 640 0259 19       		.uleb128 0x19
 641 025a 04       		.byte	0x4
 642 025b 17020000 		.4byte	0x217
 643 025f 0B       		.uleb128 0xb
 644 0260 C8000000 		.4byte	.LVL11
 645 0264 F2000000 		.4byte	0xf2
 646 0268 0C       		.uleb128 0xc
 647 0269 01       		.uleb128 0x1
 648 026a 51       		.byte	0x51
 649 026b 15       		.uleb128 0x15
 650 026c 74       		.byte	0x74
 651 026d 00       		.sleb128 0
 652 026e 31       		.byte	0x31
 653 026f 24       		.byte	0x24
 654 0270 74       		.byte	0x74
 655 0271 00       		.sleb128 0
 656 0272 22       		.byte	0x22
 657 0273 31       		.byte	0x31
 658 0274 24       		.byte	0x24
 659 0275 03       		.byte	0x3
 660 0276 04000000 		.4byte	.LANCHOR0+4
 661 027a 22       		.byte	0x22
 662 027b 94       		.byte	0x94
 663 027c 02       		.byte	0x2
 664 027d 0A       		.byte	0xa
 665 027e FFFF     		.2byte	0xffff
 666 0280 1A       		.byte	0x1a
 667 0281 00       		.byte	0
 668 0282 00       		.byte	0
 669 0283 00       		.byte	0
 670 0284 0D       		.uleb128 0xd
 671 0285 28010000 		.4byte	.LVL14
 672 0289 3F010000 		.4byte	0x13f
 673 028d 0D       		.uleb128 0xd
 674 028e 2C010000 		.4byte	.LVL15
 675 0292 E1000000 		.4byte	0xe1
 676 0296 00       		.byte	0
 677 0297 1A       		.uleb128 0x1a
 678 0298 BA000000 		.4byte	.LASF37
 679 029c BA000000 		.4byte	.LASF37
 680 02a0 1B       		.uleb128 0x1b
ARM GAS  C:\Users\austc\AppData\Local\Temp\ccRKCqU4.s 			page 19


 681 02a1 91000000 		.4byte	.LASF26
 682 02a5 91000000 		.4byte	.LASF26
 683 02a9 04       		.byte	0x4
 684 02aa 4E       		.byte	0x4e
 685 02ab 1B       		.uleb128 0x1b
 686 02ac 00000000 		.4byte	.LASF27
 687 02b0 00000000 		.4byte	.LASF27
 688 02b4 05       		.byte	0x5
 689 02b5 DC       		.byte	0xdc
 690 02b6 1B       		.uleb128 0x1b
 691 02b7 DC010000 		.4byte	.LASF28
 692 02bb DC010000 		.4byte	.LASF28
 693 02bf 05       		.byte	0x5
 694 02c0 6C       		.byte	0x6c
 695 02c1 1B       		.uleb128 0x1b
 696 02c2 F1010000 		.4byte	.LASF29
 697 02c6 F1010000 		.4byte	.LASF29
 698 02ca 05       		.byte	0x5
 699 02cb 5C       		.byte	0x5c
 700 02cc 1B       		.uleb128 0x1b
 701 02cd 2C000000 		.4byte	.LASF30
 702 02d1 2C000000 		.4byte	.LASF30
 703 02d5 05       		.byte	0x5
 704 02d6 BD       		.byte	0xbd
 705 02d7 1B       		.uleb128 0x1b
 706 02d8 C8000000 		.4byte	.LASF31
 707 02dc C8000000 		.4byte	.LASF31
 708 02e0 05       		.byte	0x5
 709 02e1 C3       		.byte	0xc3
 710 02e2 00       		.byte	0
 711              		.section	.debug_abbrev,"",%progbits
 712              	.Ldebug_abbrev0:
 713 0000 01       		.uleb128 0x1
 714 0001 11       		.uleb128 0x11
 715 0002 01       		.byte	0x1
 716 0003 25       		.uleb128 0x25
 717 0004 0E       		.uleb128 0xe
 718 0005 13       		.uleb128 0x13
 719 0006 0B       		.uleb128 0xb
 720 0007 03       		.uleb128 0x3
 721 0008 0E       		.uleb128 0xe
 722 0009 1B       		.uleb128 0x1b
 723 000a 0E       		.uleb128 0xe
 724 000b 55       		.uleb128 0x55
 725 000c 17       		.uleb128 0x17
 726 000d 11       		.uleb128 0x11
 727 000e 01       		.uleb128 0x1
 728 000f 10       		.uleb128 0x10
 729 0010 17       		.uleb128 0x17
 730 0011 00       		.byte	0
 731 0012 00       		.byte	0
 732 0013 02       		.uleb128 0x2
 733 0014 24       		.uleb128 0x24
 734 0015 00       		.byte	0
 735 0016 0B       		.uleb128 0xb
 736 0017 0B       		.uleb128 0xb
 737 0018 3E       		.uleb128 0x3e
ARM GAS  C:\Users\austc\AppData\Local\Temp\ccRKCqU4.s 			page 20


 738 0019 0B       		.uleb128 0xb
 739 001a 03       		.uleb128 0x3
 740 001b 08       		.uleb128 0x8
 741 001c 00       		.byte	0
 742 001d 00       		.byte	0
 743 001e 03       		.uleb128 0x3
 744 001f 16       		.uleb128 0x16
 745 0020 00       		.byte	0
 746 0021 03       		.uleb128 0x3
 747 0022 0E       		.uleb128 0xe
 748 0023 3A       		.uleb128 0x3a
 749 0024 0B       		.uleb128 0xb
 750 0025 3B       		.uleb128 0x3b
 751 0026 0B       		.uleb128 0xb
 752 0027 49       		.uleb128 0x49
 753 0028 13       		.uleb128 0x13
 754 0029 00       		.byte	0
 755 002a 00       		.byte	0
 756 002b 04       		.uleb128 0x4
 757 002c 24       		.uleb128 0x24
 758 002d 00       		.byte	0
 759 002e 0B       		.uleb128 0xb
 760 002f 0B       		.uleb128 0xb
 761 0030 3E       		.uleb128 0x3e
 762 0031 0B       		.uleb128 0xb
 763 0032 03       		.uleb128 0x3
 764 0033 0E       		.uleb128 0xe
 765 0034 00       		.byte	0
 766 0035 00       		.byte	0
 767 0036 05       		.uleb128 0x5
 768 0037 0F       		.uleb128 0xf
 769 0038 00       		.byte	0
 770 0039 0B       		.uleb128 0xb
 771 003a 0B       		.uleb128 0xb
 772 003b 00       		.byte	0
 773 003c 00       		.byte	0
 774 003d 06       		.uleb128 0x6
 775 003e 16       		.uleb128 0x16
 776 003f 00       		.byte	0
 777 0040 03       		.uleb128 0x3
 778 0041 0E       		.uleb128 0xe
 779 0042 3A       		.uleb128 0x3a
 780 0043 0B       		.uleb128 0xb
 781 0044 3B       		.uleb128 0x3b
 782 0045 05       		.uleb128 0x5
 783 0046 49       		.uleb128 0x49
 784 0047 13       		.uleb128 0x13
 785 0048 00       		.byte	0
 786 0049 00       		.byte	0
 787 004a 07       		.uleb128 0x7
 788 004b 35       		.uleb128 0x35
 789 004c 00       		.byte	0
 790 004d 49       		.uleb128 0x49
 791 004e 13       		.uleb128 0x13
 792 004f 00       		.byte	0
 793 0050 00       		.byte	0
 794 0051 08       		.uleb128 0x8
ARM GAS  C:\Users\austc\AppData\Local\Temp\ccRKCqU4.s 			page 21


 795 0052 2E       		.uleb128 0x2e
 796 0053 00       		.byte	0
 797 0054 03       		.uleb128 0x3
 798 0055 0E       		.uleb128 0xe
 799 0056 3A       		.uleb128 0x3a
 800 0057 0B       		.uleb128 0xb
 801 0058 3B       		.uleb128 0x3b
 802 0059 0B       		.uleb128 0xb
 803 005a 27       		.uleb128 0x27
 804 005b 19       		.uleb128 0x19
 805 005c 11       		.uleb128 0x11
 806 005d 01       		.uleb128 0x1
 807 005e 12       		.uleb128 0x12
 808 005f 06       		.uleb128 0x6
 809 0060 40       		.uleb128 0x40
 810 0061 18       		.uleb128 0x18
 811 0062 9742     		.uleb128 0x2117
 812 0064 19       		.uleb128 0x19
 813 0065 00       		.byte	0
 814 0066 00       		.byte	0
 815 0067 09       		.uleb128 0x9
 816 0068 2E       		.uleb128 0x2e
 817 0069 01       		.byte	0x1
 818 006a 03       		.uleb128 0x3
 819 006b 0E       		.uleb128 0xe
 820 006c 3A       		.uleb128 0x3a
 821 006d 0B       		.uleb128 0xb
 822 006e 3B       		.uleb128 0x3b
 823 006f 0B       		.uleb128 0xb
 824 0070 27       		.uleb128 0x27
 825 0071 19       		.uleb128 0x19
 826 0072 11       		.uleb128 0x11
 827 0073 01       		.uleb128 0x1
 828 0074 12       		.uleb128 0x12
 829 0075 06       		.uleb128 0x6
 830 0076 40       		.uleb128 0x40
 831 0077 18       		.uleb128 0x18
 832 0078 9742     		.uleb128 0x2117
 833 007a 19       		.uleb128 0x19
 834 007b 01       		.uleb128 0x1
 835 007c 13       		.uleb128 0x13
 836 007d 00       		.byte	0
 837 007e 00       		.byte	0
 838 007f 0A       		.uleb128 0xa
 839 0080 05       		.uleb128 0x5
 840 0081 00       		.byte	0
 841 0082 03       		.uleb128 0x3
 842 0083 08       		.uleb128 0x8
 843 0084 3A       		.uleb128 0x3a
 844 0085 0B       		.uleb128 0xb
 845 0086 3B       		.uleb128 0x3b
 846 0087 0B       		.uleb128 0xb
 847 0088 49       		.uleb128 0x49
 848 0089 13       		.uleb128 0x13
 849 008a 02       		.uleb128 0x2
 850 008b 17       		.uleb128 0x17
 851 008c 00       		.byte	0
ARM GAS  C:\Users\austc\AppData\Local\Temp\ccRKCqU4.s 			page 22


 852 008d 00       		.byte	0
 853 008e 0B       		.uleb128 0xb
 854 008f 898201   		.uleb128 0x4109
 855 0092 01       		.byte	0x1
 856 0093 11       		.uleb128 0x11
 857 0094 01       		.uleb128 0x1
 858 0095 31       		.uleb128 0x31
 859 0096 13       		.uleb128 0x13
 860 0097 00       		.byte	0
 861 0098 00       		.byte	0
 862 0099 0C       		.uleb128 0xc
 863 009a 8A8201   		.uleb128 0x410a
 864 009d 00       		.byte	0
 865 009e 02       		.uleb128 0x2
 866 009f 18       		.uleb128 0x18
 867 00a0 9142     		.uleb128 0x2111
 868 00a2 18       		.uleb128 0x18
 869 00a3 00       		.byte	0
 870 00a4 00       		.byte	0
 871 00a5 0D       		.uleb128 0xd
 872 00a6 898201   		.uleb128 0x4109
 873 00a9 00       		.byte	0
 874 00aa 11       		.uleb128 0x11
 875 00ab 01       		.uleb128 0x1
 876 00ac 31       		.uleb128 0x31
 877 00ad 13       		.uleb128 0x13
 878 00ae 00       		.byte	0
 879 00af 00       		.byte	0
 880 00b0 0E       		.uleb128 0xe
 881 00b1 898201   		.uleb128 0x4109
 882 00b4 01       		.byte	0x1
 883 00b5 11       		.uleb128 0x11
 884 00b6 01       		.uleb128 0x1
 885 00b7 31       		.uleb128 0x31
 886 00b8 13       		.uleb128 0x13
 887 00b9 01       		.uleb128 0x1
 888 00ba 13       		.uleb128 0x13
 889 00bb 00       		.byte	0
 890 00bc 00       		.byte	0
 891 00bd 0F       		.uleb128 0xf
 892 00be 2E       		.uleb128 0x2e
 893 00bf 01       		.byte	0x1
 894 00c0 3F       		.uleb128 0x3f
 895 00c1 19       		.uleb128 0x19
 896 00c2 03       		.uleb128 0x3
 897 00c3 0E       		.uleb128 0xe
 898 00c4 3A       		.uleb128 0x3a
 899 00c5 0B       		.uleb128 0xb
 900 00c6 3B       		.uleb128 0x3b
 901 00c7 05       		.uleb128 0x5
 902 00c8 27       		.uleb128 0x27
 903 00c9 19       		.uleb128 0x19
 904 00ca 11       		.uleb128 0x11
 905 00cb 01       		.uleb128 0x1
 906 00cc 12       		.uleb128 0x12
 907 00cd 06       		.uleb128 0x6
 908 00ce 40       		.uleb128 0x40
ARM GAS  C:\Users\austc\AppData\Local\Temp\ccRKCqU4.s 			page 23


 909 00cf 18       		.uleb128 0x18
 910 00d0 9742     		.uleb128 0x2117
 911 00d2 19       		.uleb128 0x19
 912 00d3 01       		.uleb128 0x1
 913 00d4 13       		.uleb128 0x13
 914 00d5 00       		.byte	0
 915 00d6 00       		.byte	0
 916 00d7 10       		.uleb128 0x10
 917 00d8 0B       		.uleb128 0xb
 918 00d9 01       		.byte	0x1
 919 00da 11       		.uleb128 0x11
 920 00db 01       		.uleb128 0x1
 921 00dc 12       		.uleb128 0x12
 922 00dd 06       		.uleb128 0x6
 923 00de 01       		.uleb128 0x1
 924 00df 13       		.uleb128 0x13
 925 00e0 00       		.byte	0
 926 00e1 00       		.byte	0
 927 00e2 11       		.uleb128 0x11
 928 00e3 13       		.uleb128 0x13
 929 00e4 01       		.byte	0x1
 930 00e5 0B       		.uleb128 0xb
 931 00e6 0B       		.uleb128 0xb
 932 00e7 3A       		.uleb128 0x3a
 933 00e8 0B       		.uleb128 0xb
 934 00e9 3B       		.uleb128 0x3b
 935 00ea 05       		.uleb128 0x5
 936 00eb 01       		.uleb128 0x1
 937 00ec 13       		.uleb128 0x13
 938 00ed 00       		.byte	0
 939 00ee 00       		.byte	0
 940 00ef 12       		.uleb128 0x12
 941 00f0 0D       		.uleb128 0xd
 942 00f1 00       		.byte	0
 943 00f2 03       		.uleb128 0x3
 944 00f3 0E       		.uleb128 0xe
 945 00f4 3A       		.uleb128 0x3a
 946 00f5 0B       		.uleb128 0xb
 947 00f6 3B       		.uleb128 0x3b
 948 00f7 05       		.uleb128 0x5
 949 00f8 49       		.uleb128 0x49
 950 00f9 13       		.uleb128 0x13
 951 00fa 38       		.uleb128 0x38
 952 00fb 0B       		.uleb128 0xb
 953 00fc 00       		.byte	0
 954 00fd 00       		.byte	0
 955 00fe 13       		.uleb128 0x13
 956 00ff 01       		.uleb128 0x1
 957 0100 01       		.byte	0x1
 958 0101 49       		.uleb128 0x49
 959 0102 13       		.uleb128 0x13
 960 0103 01       		.uleb128 0x1
 961 0104 13       		.uleb128 0x13
 962 0105 00       		.byte	0
 963 0106 00       		.byte	0
 964 0107 14       		.uleb128 0x14
 965 0108 21       		.uleb128 0x21
ARM GAS  C:\Users\austc\AppData\Local\Temp\ccRKCqU4.s 			page 24


 966 0109 00       		.byte	0
 967 010a 49       		.uleb128 0x49
 968 010b 13       		.uleb128 0x13
 969 010c 2F       		.uleb128 0x2f
 970 010d 0B       		.uleb128 0xb
 971 010e 00       		.byte	0
 972 010f 00       		.byte	0
 973 0110 15       		.uleb128 0x15
 974 0111 26       		.uleb128 0x26
 975 0112 00       		.byte	0
 976 0113 49       		.uleb128 0x49
 977 0114 13       		.uleb128 0x13
 978 0115 00       		.byte	0
 979 0116 00       		.byte	0
 980 0117 16       		.uleb128 0x16
 981 0118 34       		.uleb128 0x34
 982 0119 00       		.byte	0
 983 011a 03       		.uleb128 0x3
 984 011b 0E       		.uleb128 0xe
 985 011c 3A       		.uleb128 0x3a
 986 011d 0B       		.uleb128 0xb
 987 011e 3B       		.uleb128 0x3b
 988 011f 05       		.uleb128 0x5
 989 0120 49       		.uleb128 0x49
 990 0121 13       		.uleb128 0x13
 991 0122 02       		.uleb128 0x2
 992 0123 18       		.uleb128 0x18
 993 0124 00       		.byte	0
 994 0125 00       		.byte	0
 995 0126 17       		.uleb128 0x17
 996 0127 34       		.uleb128 0x34
 997 0128 00       		.byte	0
 998 0129 03       		.uleb128 0x3
 999 012a 08       		.uleb128 0x8
 1000 012b 3A       		.uleb128 0x3a
 1001 012c 0B       		.uleb128 0xb
 1002 012d 3B       		.uleb128 0x3b
 1003 012e 05       		.uleb128 0x5
 1004 012f 49       		.uleb128 0x49
 1005 0130 13       		.uleb128 0x13
 1006 0131 02       		.uleb128 0x2
 1007 0132 17       		.uleb128 0x17
 1008 0133 00       		.byte	0
 1009 0134 00       		.byte	0
 1010 0135 18       		.uleb128 0x18
 1011 0136 0B       		.uleb128 0xb
 1012 0137 01       		.byte	0x1
 1013 0138 11       		.uleb128 0x11
 1014 0139 01       		.uleb128 0x1
 1015 013a 12       		.uleb128 0x12
 1016 013b 06       		.uleb128 0x6
 1017 013c 00       		.byte	0
 1018 013d 00       		.byte	0
 1019 013e 19       		.uleb128 0x19
 1020 013f 0F       		.uleb128 0xf
 1021 0140 00       		.byte	0
 1022 0141 0B       		.uleb128 0xb
ARM GAS  C:\Users\austc\AppData\Local\Temp\ccRKCqU4.s 			page 25


 1023 0142 0B       		.uleb128 0xb
 1024 0143 49       		.uleb128 0x49
 1025 0144 13       		.uleb128 0x13
 1026 0145 00       		.byte	0
 1027 0146 00       		.byte	0
 1028 0147 1A       		.uleb128 0x1a
 1029 0148 2E       		.uleb128 0x2e
 1030 0149 00       		.byte	0
 1031 014a 3F       		.uleb128 0x3f
 1032 014b 19       		.uleb128 0x19
 1033 014c 3C       		.uleb128 0x3c
 1034 014d 19       		.uleb128 0x19
 1035 014e 6E       		.uleb128 0x6e
 1036 014f 0E       		.uleb128 0xe
 1037 0150 03       		.uleb128 0x3
 1038 0151 0E       		.uleb128 0xe
 1039 0152 00       		.byte	0
 1040 0153 00       		.byte	0
 1041 0154 1B       		.uleb128 0x1b
 1042 0155 2E       		.uleb128 0x2e
 1043 0156 00       		.byte	0
 1044 0157 3F       		.uleb128 0x3f
 1045 0158 19       		.uleb128 0x19
 1046 0159 3C       		.uleb128 0x3c
 1047 015a 19       		.uleb128 0x19
 1048 015b 6E       		.uleb128 0x6e
 1049 015c 0E       		.uleb128 0xe
 1050 015d 03       		.uleb128 0x3
 1051 015e 0E       		.uleb128 0xe
 1052 015f 3A       		.uleb128 0x3a
 1053 0160 0B       		.uleb128 0xb
 1054 0161 3B       		.uleb128 0x3b
 1055 0162 0B       		.uleb128 0xb
 1056 0163 00       		.byte	0
 1057 0164 00       		.byte	0
 1058 0165 00       		.byte	0
 1059              		.section	.debug_loc,"",%progbits
 1060              	.Ldebug_loc0:
 1061              	.LLST0:
 1062 0000 00000000 		.4byte	.LVL0
 1063 0004 09000000 		.4byte	.LVL2-1
 1064 0008 0100     		.2byte	0x1
 1065 000a 50       		.byte	0x50
 1066 000b 09000000 		.4byte	.LVL2-1
 1067 000f 0C000000 		.4byte	.LFE1
 1068 0013 0400     		.2byte	0x4
 1069 0015 F3       		.byte	0xf3
 1070 0016 01       		.uleb128 0x1
 1071 0017 50       		.byte	0x50
 1072 0018 9F       		.byte	0x9f
 1073 0019 00000000 		.4byte	0
 1074 001d 00000000 		.4byte	0
 1075              	.LLST1:
 1076 0021 00000000 		.4byte	.LVL0
 1077 0025 06000000 		.4byte	.LVL1
 1078 0029 0100     		.2byte	0x1
 1079 002b 51       		.byte	0x51
ARM GAS  C:\Users\austc\AppData\Local\Temp\ccRKCqU4.s 			page 26


 1080 002c 06000000 		.4byte	.LVL1
 1081 0030 09000000 		.4byte	.LVL2-1
 1082 0034 0100     		.2byte	0x1
 1083 0036 52       		.byte	0x52
 1084 0037 09000000 		.4byte	.LVL2-1
 1085 003b 0C000000 		.4byte	.LFE1
 1086 003f 0400     		.2byte	0x4
 1087 0041 F3       		.byte	0xf3
 1088 0042 01       		.uleb128 0x1
 1089 0043 51       		.byte	0x51
 1090 0044 9F       		.byte	0x9f
 1091 0045 00000000 		.4byte	0
 1092 0049 00000000 		.4byte	0
 1093              	.LLST2:
 1094 004d A8000000 		.4byte	.LVL9
 1095 0051 AC000000 		.4byte	.LVL10
 1096 0055 0200     		.2byte	0x2
 1097 0057 30       		.byte	0x30
 1098 0058 9F       		.byte	0x9f
 1099 0059 AC000000 		.4byte	.LVL10
 1100 005d CA000000 		.4byte	.LVL12
 1101 0061 0100     		.2byte	0x1
 1102 0063 54       		.byte	0x54
 1103 0064 CC000000 		.4byte	.LVL13
 1104 0068 2C010000 		.4byte	.LVL16
 1105 006c 0100     		.2byte	0x1
 1106 006e 54       		.byte	0x54
 1107 006f 00000000 		.4byte	0
 1108 0073 00000000 		.4byte	0
 1109              	.LLST3:
 1110 0077 AC000000 		.4byte	.LVL10
 1111 007b CA000000 		.4byte	.LVL12
 1112 007f 0B00     		.2byte	0xb
 1113 0081 74       		.byte	0x74
 1114 0082 00       		.sleb128 0
 1115 0083 36       		.byte	0x36
 1116 0084 1E       		.byte	0x1e
 1117 0085 03       		.byte	0x3
 1118 0086 00000000 		.4byte	cfg_memset_list.4948
 1119 008a 22       		.byte	0x22
 1120 008b 9F       		.byte	0x9f
 1121 008c CA000000 		.4byte	.LVL12
 1122 0090 CC000000 		.4byte	.LVL13
 1123 0094 0B00     		.2byte	0xb
 1124 0096 74       		.byte	0x74
 1125 0097 7F       		.sleb128 -1
 1126 0098 36       		.byte	0x36
 1127 0099 1E       		.byte	0x1e
 1128 009a 03       		.byte	0x3
 1129 009b 00000000 		.4byte	cfg_memset_list.4948
 1130 009f 22       		.byte	0x22
 1131 00a0 9F       		.byte	0x9f
 1132 00a1 00000000 		.4byte	0
 1133 00a5 00000000 		.4byte	0
 1134              		.section	.debug_aranges,"",%progbits
 1135 0000 34000000 		.4byte	0x34
 1136 0004 0200     		.2byte	0x2
ARM GAS  C:\Users\austc\AppData\Local\Temp\ccRKCqU4.s 			page 27


 1137 0006 00000000 		.4byte	.Ldebug_info0
 1138 000a 04       		.byte	0x4
 1139 000b 00       		.byte	0
 1140 000c 0000     		.2byte	0
 1141 000e 0000     		.2byte	0
 1142 0010 00000000 		.4byte	.LFB5
 1143 0014 20000000 		.4byte	.LFE5-.LFB5
 1144 0018 00000000 		.4byte	.LFB1
 1145 001c 0C000000 		.4byte	.LFE1-.LFB1
 1146 0020 00000000 		.4byte	.LFB4
 1147 0024 A4000000 		.4byte	.LFE4-.LFB4
 1148 0028 A4000000 		.4byte	.LFB6
 1149 002c CC000000 		.4byte	.LFE6-.LFB6
 1150 0030 00000000 		.4byte	0
 1151 0034 00000000 		.4byte	0
 1152              		.section	.debug_ranges,"",%progbits
 1153              	.Ldebug_ranges0:
 1154 0000 00000000 		.4byte	.LFB5
 1155 0004 20000000 		.4byte	.LFE5
 1156 0008 00000000 		.4byte	.LFB1
 1157 000c 0C000000 		.4byte	.LFE1
 1158 0010 00000000 		.4byte	.LFB4
 1159 0014 A4000000 		.4byte	.LFE4
 1160 0018 A4000000 		.4byte	.LFB6
 1161 001c 70010000 		.4byte	.LFE6
 1162 0020 00000000 		.4byte	0
 1163 0024 00000000 		.4byte	0
 1164              		.section	.debug_line,"",%progbits
 1165              	.Ldebug_line0:
 1166 0000 5A010000 		.section	.debug_str,"MS",%progbits,1
 1166      0200E300 
 1166      00000201 
 1166      FB0E0D00 
 1166      01010101 
 1167              	.LASF27:
 1168 0000 43794465 		.ascii	"CyDelayCycles\000"
 1168      6C617943 
 1168      79636C65 
 1168      7300
 1169              	.LASF19:
 1170 000e 72656733 		.ascii	"reg32\000"
 1170      3200
 1171              	.LASF12:
 1172 0014 73697A65 		.ascii	"size_t\000"
 1172      5F7400
 1173              	.LASF35:
 1174 001b 416E616C 		.ascii	"AnalogSetDefault\000"
 1174      6F675365 
 1174      74446566 
 1174      61756C74 
 1174      00
 1175              	.LASF30:
 1176 002c 4379496E 		.ascii	"CyIntSetVector\000"
 1176      74536574 
 1176      56656374 
 1176      6F7200
 1177              	.LASF25:
ARM GAS  C:\Users\austc\AppData\Local\Temp\ccRKCqU4.s 			page 28


 1178 003b 6366675F 		.ascii	"cfg_memset_list\000"
 1178      6D656D73 
 1178      65745F6C 
 1178      69737400 
 1179              	.LASF21:
 1180 004b 436C6F63 		.ascii	"ClockSetup\000"
 1180      6B536574 
 1180      757000
 1181              	.LASF6:
 1182 0056 73686F72 		.ascii	"short unsigned int\000"
 1182      7420756E 
 1182      7369676E 
 1182      65642069 
 1182      6E7400
 1183              	.LASF16:
 1184 0069 666C6F61 		.ascii	"float\000"
 1184      7400
 1185              	.LASF23:
 1186 006f 73697A65 		.ascii	"size\000"
 1186      00
 1187              	.LASF18:
 1188 0074 72656738 		.ascii	"reg8\000"
 1188      00
 1189              	.LASF8:
 1190 0079 6C6F6E67 		.ascii	"long unsigned int\000"
 1190      20756E73 
 1190      69676E65 
 1190      6420696E 
 1190      7400
 1191              	.LASF13:
 1192 008b 75696E74 		.ascii	"uint8\000"
 1192      3800
 1193              	.LASF26:
 1194 0091 43795379 		.ascii	"CySysClkWcoStart\000"
 1194      73436C6B 
 1194      57636F53 
 1194      74617274 
 1194      00
 1195              	.LASF20:
 1196 00a2 43594D45 		.ascii	"CYMEMZERO\000"
 1196      4D5A4552 
 1196      4F00
 1197              	.LASF4:
 1198 00ac 756E7369 		.ascii	"unsigned char\000"
 1198      676E6564 
 1198      20636861 
 1198      7200
 1199              	.LASF37:
 1200 00ba 6D656D73 		.ascii	"memset\000"
 1200      657400
 1201              	.LASF17:
 1202 00c1 646F7562 		.ascii	"double\000"
 1202      6C6500
 1203              	.LASF31:
 1204 00c8 4379496E 		.ascii	"CyIntEnable\000"
 1204      74456E61 
 1204      626C6500 
ARM GAS  C:\Users\austc\AppData\Local\Temp\ccRKCqU4.s 			page 29


 1205              	.LASF14:
 1206 00d4 75696E74 		.ascii	"uint16\000"
 1206      313600
 1207              	.LASF15:
 1208 00db 75696E74 		.ascii	"uint32\000"
 1208      333200
 1209              	.LASF0:
 1210 00e2 756E7369 		.ascii	"unsigned int\000"
 1210      676E6564 
 1210      20696E74 
 1210      00
 1211              	.LASF36:
 1212 00ef 63796669 		.ascii	"cyfitter_cfg\000"
 1212      74746572 
 1212      5F636667 
 1212      00
 1213              	.LASF22:
 1214 00fc 61646472 		.ascii	"address\000"
 1214      65737300 
 1215              	.LASF9:
 1216 0104 6C6F6E67 		.ascii	"long long unsigned int\000"
 1216      206C6F6E 
 1216      6720756E 
 1216      7369676E 
 1216      65642069 
 1217              	.LASF32:
 1218 011b 474E5520 		.ascii	"GNU C11 5.4.1 20160609 (release) [ARM/embedded-5-br"
 1218      43313120 
 1218      352E342E 
 1218      31203230 
 1218      31363036 
 1219 014e 616E6368 		.ascii	"anch revision 237715] -mcpu=cortex-m0 -mthumb -g -O"
 1219      20726576 
 1219      6973696F 
 1219      6E203233 
 1219      37373135 
 1220 0181 67202D66 		.ascii	"g -ffunction-sections -ffat-lto-objects\000"
 1220      66756E63 
 1220      74696F6E 
 1220      2D736563 
 1220      74696F6E 
 1221              	.LASF24:
 1222 01a9 6366675F 		.ascii	"cfg_memset_t\000"
 1222      6D656D73 
 1222      65745F74 
 1222      00
 1223              	.LASF10:
 1224 01b6 73697A65 		.ascii	"sizetype\000"
 1224      74797065 
 1224      00
 1225              	.LASF1:
 1226 01bf 6C6F6E67 		.ascii	"long long int\000"
 1226      206C6F6E 
 1226      6720696E 
 1226      7400
 1227              	.LASF11:
 1228 01cd 63686172 		.ascii	"char\000"
ARM GAS  C:\Users\austc\AppData\Local\Temp\ccRKCqU4.s 			page 30


 1228      00
 1229              	.LASF5:
 1230 01d2 73686F72 		.ascii	"short int\000"
 1230      7420696E 
 1230      7400
 1231              	.LASF28:
 1232 01dc 43795379 		.ascii	"CySysClkWriteImoFreq\000"
 1232      73436C6B 
 1232      57726974 
 1232      65496D6F 
 1232      46726571 
 1233              	.LASF29:
 1234 01f1 43795379 		.ascii	"CySysClkImoEnableWcoLock\000"
 1234      73436C6B 
 1234      496D6F45 
 1234      6E61626C 
 1234      6557636F 
 1235              	.LASF7:
 1236 020a 6C6F6E67 		.ascii	"long int\000"
 1236      20696E74 
 1236      00
 1237              	.LASF2:
 1238 0213 6C6F6E67 		.ascii	"long double\000"
 1238      20646F75 
 1238      626C6500 
 1239              	.LASF3:
 1240 021f 7369676E 		.ascii	"signed char\000"
 1240      65642063 
 1240      68617200 
 1241              	.LASF33:
 1242 022b 47656E65 		.ascii	"Generated_Source\\PSoC4\\cyfitter_cfg.c\000"
 1242      72617465 
 1242      645F536F 
 1242      75726365 
 1242      5C50536F 
 1243              	.LASF34:
 1244 0251 433A5C55 		.ascii	"C:\\Users\\austc\\OneDrive\\Documents\\GitHub\\Elec"
 1244      73657273 
 1244      5C617573 
 1244      74635C4F 
 1244      6E654472 
 1245 027e 74726F6E 		.ascii	"tronics2018-19\\Psoc Arm\\CAN_Full_P4_Example02.cyd"
 1245      69637332 
 1245      3031382D 
 1245      31395C50 
 1245      736F6320 
 1246 02af 736E00   		.ascii	"sn\000"
 1247              		.ident	"GCC: (GNU Tools for ARM Embedded Processors) 5.4.1 20160609 (release) [ARM/embedded-5-bran
