Archive member included to satisfy reference by file (symbol)

.\CortexM0\ARM_GCC_541\Debug\Dev Board.a(CyLib.o)
                              .\CortexM0\ARM_GCC_541\Debug\cyfitter_cfg.o (CyIntEnable)
.\CortexM0\ARM_GCC_541\Debug\Dev Board.a(CyLFClk.o)
                              .\CortexM0\ARM_GCC_541\Debug\cyfitter_cfg.o (CySysClkWcoStart)
.\CortexM0\ARM_GCC_541\Debug\Dev Board.a(Pin_Limit_1.o)
                              .\CortexM0\ARM_GCC_541\Debug\main.o (Pin_Limit_1_ClearInterrupt)
.\CortexM0\ARM_GCC_541\Debug\Dev Board.a(PWM_Motor.o)
                              .\CortexM0\ARM_GCC_541\Debug\main.o (PWM_Motor_Stop)
.\CortexM0\ARM_GCC_541\Debug\Dev Board.a(Pin_Direction.o)
                              .\CortexM0\ARM_GCC_541\Debug\main.o (Pin_Direction_Write)
.\CortexM0\ARM_GCC_541\Debug\Dev Board.a(QuadDec.o)
                              .\CortexM0\ARM_GCC_541\Debug\main.o (QuadDec_GetCounter)
.\CortexM0\ARM_GCC_541\Debug\Dev Board.a(QuadDec_Cnt16.o)
                              .\CortexM0\ARM_GCC_541\Debug\Dev Board.a(QuadDec.o) (QuadDec_Cnt16_Stop)
.\CortexM0\ARM_GCC_541\Debug\Dev Board.a(Status_Reg_Switches.o)
                              .\CortexM0\ARM_GCC_541\Debug\main.o (Status_Reg_Switches_Read)
.\CortexM0\ARM_GCC_541\Debug\Dev Board.a(ADC_SAR_Seq_1.o)
                              .\CortexM0\ARM_GCC_541\Debug\main.o (ADC_SAR_Seq_1_Start)
.\CortexM0\ARM_GCC_541\Debug\Dev Board.a(ADC_SAR_Seq_1_INT.o)
                              .\CortexM0\ARM_GCC_541\Debug\Dev Board.a(ADC_SAR_Seq_1.o) (ADC_SAR_Seq_1_ISR)
.\CortexM0\ARM_GCC_541\Debug\Dev Board.a(CAN.o)
                              .\CortexM0\ARM_GCC_541\Debug\main.o (CAN_Start)
.\CortexM0\ARM_GCC_541\Debug\Dev Board.a(CAN_INT.o)
                              .\CortexM0\ARM_GCC_541\Debug\Dev Board.a(CAN.o) (CAN_ISR)
.\CortexM0\ARM_GCC_541\Debug\Dev Board.a(CAN_TX_RX_func.o)
                              .\CortexM0\ARM_GCC_541\Debug\main.o (CAN_SendMsg)
.\CortexM0\ARM_GCC_541\Debug\Dev Board.a(UART.o)
                              .\CortexM0\ARM_GCC_541\Debug\main.o (UART_Start)
.\CortexM0\ARM_GCC_541\Debug\Dev Board.a(UART_UART.o)
                              .\CortexM0\ARM_GCC_541\Debug\Dev Board.a(UART.o) (UART_UartInit)
.\CortexM0\ARM_GCC_541\Debug\Dev Board.a(Can_addr.o)
                              .\CortexM0\ARM_GCC_541\Debug\main.o (Can_addr_Read)
.\CortexM0\ARM_GCC_541\Debug\Dev Board.a(CyBootAsmGnu.o)
                              .\CortexM0\ARM_GCC_541\Debug\cyfitter_cfg.o (CyDelayCycles)
.\CortexM0\ARM_GCC_541\Debug\Dev Board.a(CyFlash.o)
                              .\CortexM0\ARM_GCC_541\Debug\Dev Board.a(CyLib.o) (CySysFlashSetWaitCycles)
.\CortexM0\ARM_GCC_541\Debug\Dev Board.a(UART_SPI_UART.o)
                              .\CortexM0\ARM_GCC_541\Debug\Dev Board.a(UART_UART.o) (UART_SpiUartReadRxData)
c:/program files (x86)/cypress/psoc creator/4.2/psoc creator/import/gnu/arm/5.4.1/bin/../lib/gcc/arm-none-eabi/5.4.1/armv6-m\libgcc.a(_udivsi3.o)
                              .\CortexM0\ARM_GCC_541\Debug\Dev Board.a(CyLib.o) (__aeabi_uidiv)
c:/program files (x86)/cypress/psoc creator/4.2/psoc creator/import/gnu/arm/5.4.1/bin/../lib/gcc/arm-none-eabi/5.4.1/armv6-m\libgcc.a(_divsi3.o)
                              .\CortexM0\ARM_GCC_541\Debug\Dev Board.a(CyLib.o) (__aeabi_idiv)
c:/program files (x86)/cypress/psoc creator/4.2/psoc creator/import/gnu/arm/5.4.1/bin/../lib/gcc/arm-none-eabi/5.4.1/armv6-m\libgcc.a(_dvmd_tls.o)
                              c:/program files (x86)/cypress/psoc creator/4.2/psoc creator/import/gnu/arm/5.4.1/bin/../lib/gcc/arm-none-eabi/5.4.1/armv6-m\libgcc.a(_udivsi3.o) (__aeabi_idiv0)
c:/program files (x86)/cypress/psoc creator/4.2/psoc creator/import/gnu/arm/5.4.1/bin/../lib/gcc/arm-none-eabi/5.4.1/armv6-m\libgcc.a(_aeabi_ldivmod.o)
                              .\CortexM0\ARM_GCC_541\Debug\Dev Board.a(ADC_SAR_Seq_1.o) (__aeabi_ldivmod)
c:/program files (x86)/cypress/psoc creator/4.2/psoc creator/import/gnu/arm/5.4.1/bin/../lib/gcc/arm-none-eabi/5.4.1/armv6-m\libgcc.a(_muldi3.o)
                              .\CortexM0\ARM_GCC_541\Debug\Dev Board.a(ADC_SAR_Seq_1.o) (__aeabi_lmul)
c:/program files (x86)/cypress/psoc creator/4.2/psoc creator/import/gnu/arm/5.4.1/bin/../lib/gcc/arm-none-eabi/5.4.1/armv6-m\libgcc.a(bpabi.o)
                              c:/program files (x86)/cypress/psoc creator/4.2/psoc creator/import/gnu/arm/5.4.1/bin/../lib/gcc/arm-none-eabi/5.4.1/armv6-m\libgcc.a(_aeabi_ldivmod.o) (__gnu_ldivmod_helper)
c:/program files (x86)/cypress/psoc creator/4.2/psoc creator/import/gnu/arm/5.4.1/bin/../lib/gcc/arm-none-eabi/5.4.1/armv6-m\libgcc.a(divsf3.o)
                              .\CortexM0\ARM_GCC_541\Debug\Dev Board.a(ADC_SAR_Seq_1.o) (__aeabi_fdiv)
c:/program files (x86)/cypress/psoc creator/4.2/psoc creator/import/gnu/arm/5.4.1/bin/../lib/gcc/arm-none-eabi/5.4.1/armv6-m\libgcc.a(mulsf3.o)
[...]
Memory Configuration

Name             Origin             Length             Attributes
rom              0x00000000         0x00040000         xr
ram              0x20000000         0x00008000         xrw
*default*        0x00000000         0xffffffff

Linker script and memory map

LOAD c:/program files (x86)/cypress/psoc creator/4.2/psoc creator/import/gnu/arm/5.4.1/bin/../lib/gcc/arm-none-eabi/5.4.1/armv6-m/crti.o
LOAD c:/program files (x86)/cypress/psoc creator/4.2/psoc creator/import/gnu/arm/5.4.1/bin/../lib/gcc/arm-none-eabi/5.4.1/armv6-m/crtbegin.o
LOAD c:/program files (x86)/cypress/psoc creator/4.2/psoc creator/import/gnu/arm/5.4.1/bin/../lib/gcc/arm-none-eabi/5.4.1/../../../../arm-none-eabi/lib/armv6-m/crt0.o
START GROUP
LOAD .\CortexM0\ARM_GCC_541\Debug\main.o
LOAD .\CortexM0\ARM_GCC_541\Debug\cyfitter_cfg.o
LOAD .\CortexM0\ARM_GCC_541\Debug\cymetadata.o
LOAD .\CortexM0\ARM_GCC_541\Debug\Cm0Start.o
LOAD .\CortexM0\ARM_GCC_541\Debug\Dev Board.a
END GROUP
START GROUP
LOAD c:/program files (x86)/cypress/psoc creator/4.2/psoc creator/import/gnu/arm/5.4.1/bin/../lib/gcc/arm-none-eabi/5.4.1/armv6-m\libgcc.a
LOAD c:/program files (x86)/cypress/psoc creator/4.2/psoc creator/import/gnu/arm/5.4.1/bin/../lib/gcc/arm-none-eabi/5.4.1/../../../../arm-none-eabi/lib/armv6-m\libg_nano.a
LOAD c:/program files (x86)/cypress/psoc creator/4.2/psoc creator/import/gnu/arm/5.4.1/bin/../lib/gcc/arm-none-eabi/5.4.1/../../../../arm-none-eabi/lib/armv6-m\libc_nano.a
END GROUP
START GROUP
LOAD c:/program files (x86)/cypress/psoc creator/4.2/psoc creator/import/gnu/arm/5.4.1/bin/../lib/gcc/arm-none-eabi/5.4.1/armv6-m\libgcc.a
LOAD c:/program files (x86)/cypress/psoc creator/4.2/psoc creator/import/gnu/arm/5.4.1/bin/../lib/gcc/arm-none-eabi/5.4.1/../../../../arm-none-eabi/lib/armv6-m\libc_nano.a
END GROUP
LOAD c:/program files (x86)/cypress/psoc creator/4.2/psoc creator/import/gnu/arm/5.4.1/bin/../lib/gcc/arm-none-eabi/5.4.1/armv6-m/crtend.o
LOAD c:/program files (x86)/cypress/psoc creator/4.2/psoc creator/import/gnu/arm/5.4.1/bin/../lib/gcc/arm-none-eabi/5.4.1/armv6-m/crtn.o
START GROUP
LOAD c:/program files (x86)/cypress/psoc creator/4.2/psoc creator/import/gnu/arm/5.4.1/bin/../lib/gcc/arm-none-eabi/5.4.1/armv6-m\libgcc.a
LOAD c:/program files (x86)/cypress/psoc creator/4.2/psoc creator/import/gnu/arm/5.4.1/bin/../lib/gcc/arm-none-eabi/5.4.1/../../../../arm-none-eabi/lib/armv6-m\libc.a
LOAD c:/program files (x86)/cypress/psoc creator/4.2/psoc creator/import/gnu/arm/5.4.1/bin/../lib/gcc/arm-none-eabi/5.4.1/../../../../arm-none-eabi/lib/armv6-m\libnosys.a
END GROUP
                0x00000000                CY_APPL_ORIGIN = 0x0
                0x00000100                CY_FLASH_ROW_SIZE = 0x100
                0x00000001                CY_APPL_NUM = 0x1
                0x00000001                CY_APPL_MAX = 0x1
                0x00000040                CY_METADATA_SIZE = 0x40
                0x00000000                CY_APPL_LOADABLE = 0x0
                0x00000000                CY_CHECKSUM_EXCLUDE_SIZE = ALIGN (0x0, CY_FLASH_ROW_SIZE)
                0x00000000                CY_APP_FOR_STACK_AND_COPIER = 0x0
                [!provide]                PROVIDE (__cy_heap_start, _end)
                0x00000001                PROVIDE (__cy_region_num, ((__cy_regions_end - __cy_regions) / 0x10))
                0x20008000                PROVIDE (__cy_stack, (ORIGIN (ram) + LENGTH (ram)))
                [!provide]                PROVIDE (__cy_heap_end, (__cy_stack - 0x800))

.cybootloader   0x00000000        0x0
 *(.cybootloader)
                0x00000000                appl1_start = CY_APPL_ORIGIN?CY_APPL_ORIGIN:ALIGN (CY_FLASH_ROW_SIZE)
                0x0001ff00                appl2_start = (appl1_start + ALIGN ((((LENGTH (rom) - appl1_start) - (0x2 * CY_FLASH_ROW_SIZE)) / 0x2), CY_FLASH_ROW_SIZE))
                0x00000000                appl_start = (CY_APPL_NUM == 0x1)?appl1_start:appl2_start
                0x00000001                cy_project_type_bootloader = (appl_start == 0x0)?0x1:0x0
                0x00000000                cy_project_type_app_for_stack_and_copier = (CY_APP_FOR_STACK_AND_COPIER == 0x1)?0x1:0x0

.text           0x00000000     0x2506
 CREATE_OBJECT_SYMBOLS
                0x00000000                PROVIDE (__cy_interrupt_vector, RomVectors)
 *(.romvectors)
 .romvectors    0x00000000       0x10 .\CortexM0\ARM_GCC_541\Debug\Cm0Start.o
                0x00000000                RomVectors
                0x00000001                ASSERT ((. != __cy_interrupt_vector), No interrupt vector)
                0x00000001                ASSERT (CY_APPL_ORIGIN?(SIZEOF (.cybootloader) <= CY_APPL_ORIGIN):0x1, Wrong image location)
                0x00000010                PROVIDE (__cy_reset, Reset)
 *(.text.Reset)
 .text.Reset    0x00000010        0x8 .\CortexM0\ARM_GCC_541\Debug\Cm0Start.o
                0x00000010                Reset
                0x00000001                ASSERT ((. != __cy_reset), No reset code)
 *(.psocinit)
 .psocinit      0x00000018      0x29c .\CortexM0\ARM_GCC_541\Debug\cyfitter_cfg.o
                0x00000128                cyfitter_cfg
                0x000002b4                . = MAX (., 0x100)
 *(.text .text.* .gnu.linkonce.t.*)
 .text          0x000002b4       0x60 c:/program files (x86)/cypress/psoc creator/4.2/psoc creator/import/gnu/arm/5.4.1/bin/../lib/gcc/arm-none-eabi/5.4.1/armv6-m/crtbegin.o
 .text.ISR_CAN  0x00000314       0x24 .\CortexM0\ARM_GCC_541\Debug\main.o
                0x00000314                ISR_CAN
 .text.initialize_can_addr
                0x00000338       0x54 .\CortexM0\ARM_GCC_541\Debug\main.o
                0x00000338                initialize_can_addr
 .text.set_CAN_ID
                0x0000038c       0x1c .\CortexM0\ARM_GCC_541\Debug\main.o
                0x0000038c                set_CAN_ID
 .text.initialize
                0x000003a8       0x44 .\CortexM0\ARM_GCC_541\Debug\main.o
                0x000003a8                initialize
 .text.CAN_Send_Model
                0x000003ec       0x48 .\CortexM0\ARM_GCC_541\Debug\main.o
                0x000003ec                CAN_Send_Model
 .text.main     0x00000434       0x54 .\CortexM0\ARM_GCC_541\Debug\main.o
                0x00000434                main
 .text.cfg_write_bytes32
                0x00000488       0x34 .\CortexM0\ARM_GCC_541\Debug\cyfitter_cfg.o
 .text.CYMEMZERO
                0x000004bc        0xc .\CortexM0\ARM_GCC_541\Debug\cyfitter_cfg.o
 .text.SetAnalogRoutingPumps
                0x000004c8       0x20 .\CortexM0\ARM_GCC_541\Debug\cyfitter_cfg.o
                0x000004c8                SetAnalogRoutingPumps
 .text.AnalogSetDefault
                0x000004e8       0x44 .\CortexM0\ARM_GCC_541\Debug\cyfitter_cfg.o
 .text.IntDefaultHandler
                0x0000052c       0x10 .\CortexM0\ARM_GCC_541\Debug\Cm0Start.o
                0x0000052c                IntDefaultHandler
 .text._sbrk    0x0000053c       0x30 .\CortexM0\ARM_GCC_541\Debug\Cm0Start.o
                0x0000053c                _sbrk
 .text.Start_c  0x0000056c       0x48 .\CortexM0\ARM_GCC_541\Debug\Cm0Start.o
                0x0000056c                Start_c
 .text.initialize_psoc
                0x000005b4       0x4c .\CortexM0\ARM_GCC_541\Debug\Cm0Start.o
                0x000005b4                initialize_psoc
 .text.CySysClkImoDisableWcoLock
                0x00000600       0x14 .\CortexM0\ARM_GCC_541\Debug\Dev Board.a(CyLib.o)
                0x00000600                CySysClkImoDisableWcoLock
 .text.CySysClkImoGetWcoLock
                0x00000614       0x14 .\CortexM0\ARM_GCC_541\Debug\Dev Board.a(CyLib.o)
                0x00000614                CySysClkImoGetWcoLock
 .text.CySysClkImoEnableUsbLock
                0x00000628       0xf4 .\CortexM0\ARM_GCC_541\Debug\Dev Board.a(CyLib.o)
                0x00000628                CySysClkImoEnableUsbLock
 .text.CySysClkImoDisableUsbLock
                0x0000071c       0x90 .\CortexM0\ARM_GCC_541\Debug\Dev Board.a(CyLib.o)
                0x0000071c                CySysClkImoDisableUsbLock
 .text.CySysClkImoGetUsbLock
                0x000007ac       0x14 .\CortexM0\ARM_GCC_541\Debug\Dev Board.a(CyLib.o)
                0x000007ac                CySysClkImoGetUsbLock
 .text.CyIntEnable
                0x000007c0       0x14 .\CortexM0\ARM_GCC_541\Debug\Dev Board.a(CyLib.o)
                0x000007c0                CyIntEnable
 .text.CyIntDisable
                0x000007d4       0x14 .\CortexM0\ARM_GCC_541\Debug\Dev Board.a(CyLib.o)
                0x000007d4                CyIntDisable
 .text.CyHalt   0x000007e8        0x4 .\CortexM0\ARM_GCC_541\Debug\Dev Board.a(CyLib.o)
                0x000007e8                CyHalt
 .text.CyIntSetVector
                0x000007ec       0x24 .\CortexM0\ARM_GCC_541\Debug\Dev Board.a(CyLib.o)
                0x000007ec                CyIntSetVector
 .text.CyIntSetPriority
                0x00000810       0x4c .\CortexM0\ARM_GCC_541\Debug\Dev Board.a(CyLib.o)
                0x00000810                CyIntSetPriority
 .text.CyDelay  0x0000085c       0x30 .\CortexM0\ARM_GCC_541\Debug\Dev Board.a(CyLib.o)
                0x0000085c                CyDelay
 .text.CySysClkImoEnableWcoLock
                0x0000088c       0xfc .\CortexM0\ARM_GCC_541\Debug\Dev Board.a(CyLib.o)
                0x0000088c                CySysClkImoEnableWcoLock
 .text.CyDelayUs
                0x00000988       0x14 .\CortexM0\ARM_GCC_541\Debug\Dev Board.a(CyLib.o)
                0x00000988                CyDelayUs
 .text.CySysClkWriteImoFreq
                0x0000099c      0x1bc .\CortexM0\ARM_GCC_541\Debug\Dev Board.a(CyLib.o)
                0x0000099c                CySysClkWriteImoFreq
 .text.CySysWdtLocked
                0x00000b58       0x14 .\CortexM0\ARM_GCC_541\Debug\Dev Board.a(CyLFClk.o)
 .text.CySysClkWcoStart
                0x00000b6c       0x40 .\CortexM0\ARM_GCC_541\Debug\Dev Board.a(CyLFClk.o)
                0x00000b6c                CySysClkWcoStart
 .text.CySysClkWcoEnabled
                0x00000bac       0x14 .\CortexM0\ARM_GCC_541\Debug\Dev Board.a(CyLFClk.o)
                0x00000bac                CySysClkWcoEnabled
 .text.CySysWdtLock
                0x00000bc0       0x1c .\CortexM0\ARM_GCC_541\Debug\Dev Board.a(CyLFClk.o)
                0x00000bc0                CySysWdtLock
 .text.CySysWdtUnlock
                0x00000bdc       0x30 .\CortexM0\ARM_GCC_541\Debug\Dev Board.a(CyLFClk.o)
                0x00000bdc                CySysWdtUnlock
 .text.CySysWdtClearInterrupt
                0x00000c0c       0x4c .\CortexM0\ARM_GCC_541\Debug\Dev Board.a(CyLFClk.o)
                0x00000c0c                CySysWdtClearInterrupt
 .text.CySysWdtIsr
                0x00000c58       0xa4 .\CortexM0\ARM_GCC_541\Debug\Dev Board.a(CyLFClk.o)
                0x00000c58                CySysWdtIsr
 .text.PWM_Motor_WriteCounter
                0x00000cfc       0x10 .\CortexM0\ARM_GCC_541\Debug\Dev Board.a(PWM_Motor.o)
                0x00000cfc                PWM_Motor_WriteCounter
 .text.PWM_Motor_WritePeriod
                0x00000d0c       0x10 .\CortexM0\ARM_GCC_541\Debug\Dev Board.a(PWM_Motor.o)
                0x00000d0c                PWM_Motor_WritePeriod
 .text.PWM_Motor_WriteCompare
                0x00000d1c       0x10 .\CortexM0\ARM_GCC_541\Debug\Dev Board.a(PWM_Motor.o)
                0x00000d1c                PWM_Motor_WriteCompare
 .text.PWM_Motor_TriggerCommand
                0x00000d2c       0x1c .\CortexM0\ARM_GCC_541\Debug\Dev Board.a(PWM_Motor.o)
                0x00000d2c                PWM_Motor_TriggerCommand
 .text.PWM_Motor_Enable
                0x00000d48       0x24 .\CortexM0\ARM_GCC_541\Debug\Dev Board.a(PWM_Motor.o)
                0x00000d48                PWM_Motor_Enable
 .text.PWM_Motor_SetInterruptMode
                0x00000d6c        0xc .\CortexM0\ARM_GCC_541\Debug\Dev Board.a(PWM_Motor.o)
                0x00000d6c                PWM_Motor_SetInterruptMode
 .text.PWM_Motor_Init
                0x00000d78       0x48 .\CortexM0\ARM_GCC_541\Debug\Dev Board.a(PWM_Motor.o)
                0x00000d78                PWM_Motor_Init
 .text.PWM_Motor_Start
                0x00000dc0       0x20 .\CortexM0\ARM_GCC_541\Debug\Dev Board.a(PWM_Motor.o)
                0x00000dc0                PWM_Motor_Start
 .text.QuadDec_GetEvents
                0x00000de0       0x10 .\CortexM0\ARM_GCC_541\Debug\Dev Board.a(QuadDec.o)
                0x00000de0                QuadDec_GetEvents
 .text.QuadDec_SetInterruptMask
                0x00000df0        0xc .\CortexM0\ARM_GCC_541\Debug\Dev Board.a(QuadDec.o)
                0x00000df0                QuadDec_SetInterruptMask
 .text.QuadDec_Enable
                0x00000dfc       0x28 .\CortexM0\ARM_GCC_541\Debug\Dev Board.a(QuadDec.o)
                0x00000dfc                QuadDec_Enable
 .text.QuadDec_Start
                0x00000e24       0x28 .\CortexM0\ARM_GCC_541\Debug\Dev Board.a(QuadDec.o)
                0x00000e24                QuadDec_Start
 .text.QuadDec_Cnt16_Enable
                0x00000e4c       0x14 .\CortexM0\ARM_GCC_541\Debug\Dev Board.a(QuadDec_Cnt16.o)
                0x00000e4c                QuadDec_Cnt16_Enable
 .text.QuadDec_Cnt16_SetInterruptMode
                0x00000e60        0xc .\CortexM0\ARM_GCC_541\Debug\Dev Board.a(QuadDec_Cnt16.o)
                0x00000e60                QuadDec_Cnt16_SetInterruptMode
 .text.QuadDec_Cnt16_ReadStatusRegister
                0x00000e6c        0xc .\CortexM0\ARM_GCC_541\Debug\Dev Board.a(QuadDec_Cnt16.o)
                0x00000e6c                QuadDec_Cnt16_ReadStatusRegister
 .text.QuadDec_Cnt16_WriteCounter
                0x00000e78        0xc .\CortexM0\ARM_GCC_541\Debug\Dev Board.a(QuadDec_Cnt16.o)
                0x00000e78                QuadDec_Cnt16_WriteCounter
 .text.QuadDec_Cnt16_ReadCapture
                0x00000e84        0xc .\CortexM0\ARM_GCC_541\Debug\Dev Board.a(QuadDec_Cnt16.o)
                0x00000e84                QuadDec_Cnt16_ReadCapture
 .text.QuadDec_Cnt16_WritePeriod
                0x00000e90        0xc .\CortexM0\ARM_GCC_541\Debug\Dev Board.a(QuadDec_Cnt16.o)
                0x00000e90                QuadDec_Cnt16_WritePeriod
 .text.QuadDec_Cnt16_WriteCompare
                0x00000e9c        0xc .\CortexM0\ARM_GCC_541\Debug\Dev Board.a(QuadDec_Cnt16.o)
                0x00000e9c                QuadDec_Cnt16_WriteCompare
 .text.QuadDec_Cnt16_ClearFIFO
                0x00000ea8       0x14 .\CortexM0\ARM_GCC_541\Debug\Dev Board.a(QuadDec_Cnt16.o)
                0x00000ea8                QuadDec_Cnt16_ClearFIFO
 .text.QuadDec_Cnt16_Init
                0x00000ebc       0x58 .\CortexM0\ARM_GCC_541\Debug\Dev Board.a(QuadDec_Cnt16.o)
                0x00000ebc                QuadDec_Cnt16_Init
 .text.QuadDec_Cnt16_Start
                0x00000f14       0x20 .\CortexM0\ARM_GCC_541\Debug\Dev Board.a(QuadDec_Cnt16.o)
                0x00000f14                QuadDec_Cnt16_Start
 .text.ADC_SAR_Seq_1_Init
                0x00000f34      0x184 .\CortexM0\ARM_GCC_541\Debug\Dev Board.a(ADC_SAR_Seq_1.o)
                0x00000f34                ADC_SAR_Seq_1_Init
 .text.ADC_SAR_Seq_1_Enable
                0x000010b8       0x30 .\CortexM0\ARM_GCC_541\Debug\Dev Board.a(ADC_SAR_Seq_1.o)
                0x000010b8                ADC_SAR_Seq_1_Enable
 .text.ADC_SAR_Seq_1_Start
                0x000010e8       0x20 .\CortexM0\ARM_GCC_541\Debug\Dev Board.a(ADC_SAR_Seq_1.o)
                0x000010e8                ADC_SAR_Seq_1_Start
 .text.ADC_SAR_Seq_1_StartConvert
                0x00001108       0x14 .\CortexM0\ARM_GCC_541\Debug\Dev Board.a(ADC_SAR_Seq_1.o)
                0x00001108                ADC_SAR_Seq_1_StartConvert
 .text.ADC_SAR_Seq_1_ISR
                0x0000111c        0xc .\CortexM0\ARM_GCC_541\Debug\Dev Board.a(ADC_SAR_Seq_1_INT.o)
                0x0000111c                ADC_SAR_Seq_1_ISR
 .text.CAN_GlobalIntEnable
                0x00001128       0x1c .\CortexM0\ARM_GCC_541\Debug\Dev Board.a(CAN.o)
                0x00001128                CAN_GlobalIntEnable
 .text.CAN_Enable
                0x00001144       0x48 .\CortexM0\ARM_GCC_541\Debug\Dev Board.a(CAN.o)
                0x00001144                CAN_Enable
 .text.CAN_SetPreScaler
                0x0000118c       0x38 .\CortexM0\ARM_GCC_541\Debug\Dev Board.a(CAN.o)
                0x0000118c                CAN_SetPreScaler
 .text.CAN_SetArbiter
                0x000011c4       0x40 .\CortexM0\ARM_GCC_541\Debug\Dev Board.a(CAN.o)
                0x000011c4                CAN_SetArbiter
 .text.CAN_SetTsegSample
                0x00001204       0xa0 .\CortexM0\ARM_GCC_541\Debug\Dev Board.a(CAN.o)
                0x00001204                CAN_SetTsegSample
 .text.CAN_SetRestartType
                0x000012a4       0x38 .\CortexM0\ARM_GCC_541\Debug\Dev Board.a(CAN.o)
                0x000012a4                CAN_SetRestartType
 .text.CAN_SetEdgeMode
                0x000012dc       0x38 .\CortexM0\ARM_GCC_541\Debug\Dev Board.a(CAN.o)
                0x000012dc                CAN_SetEdgeMode
 .text.CAN_SetIrqMask
                0x00001314       0x1c .\CortexM0\ARM_GCC_541\Debug\Dev Board.a(CAN.o)
                0x00001314                CAN_SetIrqMask
 .text.CAN_RxBufConfig
                0x00001330       0x98 .\CortexM0\ARM_GCC_541\Debug\Dev Board.a(CAN.o)
                0x00001330                CAN_RxBufConfig
 .text.CAN_TxBufConfig
                0x000013c8       0x58 .\CortexM0\ARM_GCC_541\Debug\Dev Board.a(CAN.o)
                0x000013c8                CAN_TxBufConfig
 .text.CAN_RxTxBuffersConfig
                0x00001420       0x54 .\CortexM0\ARM_GCC_541\Debug\Dev Board.a(CAN.o)
                0x00001420                CAN_RxTxBuffersConfig
 .text.CAN_SetSwapDataEndianness
                0x00001474       0x40 .\CortexM0\ARM_GCC_541\Debug\Dev Board.a(CAN.o)
                0x00001474                CAN_SetSwapDataEndianness
 .text.CAN_Init
                0x000014b4       0xe4 .\CortexM0\ARM_GCC_541\Debug\Dev Board.a(CAN.o)
                0x000014b4                CAN_Init
 .text.CAN_Start
                0x00001598       0x28 .\CortexM0\ARM_GCC_541\Debug\Dev Board.a(CAN.o)
                0x00001598                CAN_Start
 .text.CAN_MsgRXIsr
                0x000015c0       0x48 .\CortexM0\ARM_GCC_541\Debug\Dev Board.a(CAN_INT.o)
                0x000015c0                CAN_MsgRXIsr
 .text.CAN_ISR  0x00001608       0x14 .\CortexM0\ARM_GCC_541\Debug\Dev Board.a(CAN_INT.o)
                0x00001608                CAN_ISR
 .text.CAN_SendMsg
                0x0000161c      0x154 .\CortexM0\ARM_GCC_541\Debug\Dev Board.a(CAN_TX_RX_func.o)
                0x0000161c                CAN_SendMsg
 .text.CAN_ReceiveMsg
                0x00001770       0x1c .\CortexM0\ARM_GCC_541\Debug\Dev Board.a(CAN_TX_RX_func.o)
                0x00001770                CAN_ReceiveMsg
 .text.UART_ScbModePostEnable
                0x0000178c        0x8 .\CortexM0\ARM_GCC_541\Debug\Dev Board.a(UART.o)
 .text.UART_Init
                0x00001794        0x8 .\CortexM0\ARM_GCC_541\Debug\Dev Board.a(UART.o)
                0x00001794                UART_Init
 .text.UART_Enable
                0x0000179c       0x18 .\CortexM0\ARM_GCC_541\Debug\Dev Board.a(UART.o)
                0x0000179c                UART_Enable
 .text.UART_Start
                0x000017b4       0x20 .\CortexM0\ARM_GCC_541\Debug\Dev Board.a(UART.o)
                0x000017b4                UART_Start
 .text.UART_UartInit
                0x000017d4       0xa8 .\CortexM0\ARM_GCC_541\Debug\Dev Board.a(UART_UART.o)
                0x000017d4                UART_UartInit
 .text.UART_UartPostEnable
                0x0000187c       0x24 .\CortexM0\ARM_GCC_541\Debug\Dev Board.a(UART_UART.o)
                0x0000187c                UART_UartPostEnable
 .text.UART_UartPutString
                0x000018a0       0x18 .\CortexM0\ARM_GCC_541\Debug\Dev Board.a(UART_UART.o)
                0x000018a0                UART_UartPutString
 .text.Can_addr_Read
                0x000018b8        0xc .\CortexM0\ARM_GCC_541\Debug\Dev Board.a(Can_addr.o)
                0x000018b8                Can_addr_Read
 *fill*         0x000018c4        0x4 
 .text          0x000018c8       0x20 .\CortexM0\ARM_GCC_541\Debug\Dev Board.a(CyBootAsmGnu.o)
                0x000018c8                CyDelayCycles
                0x000018da                CyEnterCriticalSection
                0x000018e2                CyExitCriticalSection
 .text.CySysFlashSetWaitCycles
                0x000018e8       0x54 .\CortexM0\ARM_GCC_541\Debug\Dev Board.a(CyFlash.o)
                0x000018e8                CySysFlashSetWaitCycles
 .text.UART_SpiUartWriteTxData
                0x0000193c       0x1c .\CortexM0\ARM_GCC_541\Debug\Dev Board.a(UART_SPI_UART.o)
                0x0000193c                UART_SpiUartWriteTxData
 .text          0x00001958      0x114 c:/program files (x86)/cypress/psoc creator/4.2/psoc creator/import/gnu/arm/5.4.1/bin/../lib/gcc/arm-none-eabi/5.4.1/armv6-m\libgcc.a(_udivsi3.o)
                0x00001958                __aeabi_uidiv
                0x00001958                __udivsi3
                0x00001a64                __aeabi_uidivmod
 .text          0x00001a6c      0x1d4 c:/program files (x86)/cypress/psoc creator/4.2/psoc creator/import/gnu/arm/5.4.1/bin/../lib/gcc/arm-none-eabi/5.4.1/armv6-m\libgcc.a(_divsi3.o)
                0x00001a6c                __divsi3
                0x00001a6c                __aeabi_idiv
                0x00001c38                __aeabi_idivmod
 .text          0x00001c40        0x4 c:/program files (x86)/cypress/psoc creator/4.2/psoc creator/import/gnu/arm/5.4.1/bin/../lib/gcc/arm-none-eabi/5.4.1/armv6-m\libgcc.a(_dvmd_tls.o)
                0x00001c40                __aeabi_idiv0
                0x00001c40                __aeabi_ldiv0
 .text.__errno  0x00001c44        0xc c:/program files (x86)/cypress/psoc creator/4.2/psoc creator/import/gnu/arm/5.4.1/bin/../lib/gcc/arm-none-eabi/5.4.1/../../../../arm-none-eabi/lib/armv6-m\libg_nano.a(lib_a-errno.o)
                0x00001c44                __errno
 .text.__libc_init_array
                0x00001c50       0x4c c:/program files (x86)/cypress/psoc creator/4.2/psoc creator/import/gnu/arm/5.4.1/bin/../lib/gcc/arm-none-eabi/5.4.1/../../../../arm-none-eabi/lib/armv6-m\libg_nano.a(lib_a-init.o)
                0x00001c50                __libc_init_array
 .text.memcpy   0x00001c9c       0x12 c:/program files (x86)/cypress/psoc creator/4.2/psoc creator/import/gnu/arm/5.4.1/bin/../lib/gcc/arm-none-eabi/5.4.1/../../../../arm-none-eabi/lib/armv6-m\libg_nano.a(lib_a-memcpy-stub.o)
                0x00001c9c                memcpy
 .text.memset   0x00001cae       0x10 c:/program files (x86)/cypress/psoc creator/4.2/psoc creator/import/gnu/arm/5.4.1/bin/../lib/gcc/arm-none-eabi/5.4.1/../../../../arm-none-eabi/lib/armv6-m\libg_nano.a(lib_a-memset.o)
                0x00001cae                memset
 *fill*         0x00001cbe        0x2 
 .text.sprintf  0x00001cc0       0x44 c:/program files (x86)/cypress/psoc creator/4.2/psoc creator/import/gnu/arm/5.4.1/bin/../lib/gcc/arm-none-eabi/5.4.1/../../../../arm-none-eabi/lib/armv6-m\libg_nano.a(lib_a-sprintf.o)
                0x00001cc0                siprintf
                0x00001cc0                sprintf
 .text.__ssputs_r
                0x00001d04       0xc4 c:/program files (x86)/cypress/psoc creator/4.2/psoc creator/import/gnu/arm/5.4.1/bin/../lib/gcc/arm-none-eabi/5.4.1/../../../../arm-none-eabi/lib/armv6-m\libg_nano.a(lib_a-nano-svfprintf.o)
                0x00001d04                __ssputs_r
 .text._svfprintf_r
                0x00001dc8      0x1fc c:/program files (x86)/cypress/psoc creator/4.2/psoc creator/import/gnu/arm/5.4.1/bin/../lib/gcc/arm-none-eabi/5.4.1/../../../../arm-none-eabi/lib/armv6-m\libg_nano.a(lib_a-nano-svfprintf.o)
                0x00001dc8                _svfiprintf_r
                0x00001dc8                _svfprintf_r
 .text._printf_common
                0x00001fc4       0xdc c:/program files (x86)/cypress/psoc creator/4.2/psoc creator/import/gnu/arm/5.4.1/bin/../lib/gcc/arm-none-eabi/5.4.1/../../../../arm-none-eabi/lib/armv6-m\libg_nano.a(lib_a-nano-vfprintf_i.o)
                0x00001fc4                _printf_common
 .text._printf_i
                0x000020a0      0x244 c:/program files (x86)/cypress/psoc creator/4.2/psoc creator/import/gnu/arm/5.4.1/bin/../lib/gcc/arm-none-eabi/5.4.1/../../../../arm-none-eabi/lib/armv6-m\libg_nano.a(lib_a-nano-vfprintf_i.o)
                0x000020a0                _printf_i
 .text.memchr   0x000022e4       0x16 c:/program files (x86)/cypress/psoc creator/4.2/psoc creator/import/gnu/arm/5.4.1/bin/../lib/gcc/arm-none-eabi/5.4.1/../../../../arm-none-eabi/lib/armv6-m\libg_nano.a(lib_a-memchr-stub.o)
                0x000022e4                memchr
 .text.memmove  0x000022fa       0x2a c:/program files (x86)/cypress/psoc creator/4.2/psoc creator/import/gnu/arm/5.4.1/bin/../lib/gcc/arm-none-eabi/5.4.1/../../../../arm-none-eabi/lib/armv6-m\libg_nano.a(lib_a-memmove.o)
                0x000022fa                memmove
 .text._free_r  0x00002324       0x98 c:/program files (x86)/cypress/psoc creator/4.2/psoc creator/import/gnu/arm/5.4.1/bin/../lib/gcc/arm-none-eabi/5.4.1/../../../../arm-none-eabi/lib/armv6-m\libg_nano.a(lib_a-nano-freer.o)
                0x00002324                _free_r
 .text._malloc_r
                0x000023bc       0xc0 c:/program files (x86)/cypress/psoc creator/4.2/psoc creator/import/gnu/arm/5.4.1/bin/../lib/gcc/arm-none-eabi/5.4.1/../../../../arm-none-eabi/lib/armv6-m\libg_nano.a(lib_a-nano-mallocr.o)
                0x000023bc                _malloc_r
 .text._realloc_r
                0x0000247c       0x4c c:/program files (x86)/cypress/psoc creator/4.2/psoc creator/import/gnu/arm/5.4.1/bin/../lib/gcc/arm-none-eabi/5.4.1/../../../../arm-none-eabi/lib/armv6-m\libg_nano.a(lib_a-nano-reallocr.o)
                0x0000247c                _realloc_r
 .text._sbrk_r  0x000024c8       0x24 c:/program files (x86)/cypress/psoc creator/4.2/psoc creator/import/gnu/arm/5.4.1/bin/../lib/gcc/arm-none-eabi/5.4.1/../../../../arm-none-eabi/lib/armv6-m\libg_nano.a(lib_a-sbrkr.o)
                0x000024c8                _sbrk_r
 .text.__malloc_lock
                0x000024ec        0x2 c:/program files (x86)/cypress/psoc creator/4.2/psoc creator/import/gnu/arm/5.4.1/bin/../lib/gcc/arm-none-eabi/5.4.1/../../../../arm-none-eabi/lib/armv6-m\libg_nano.a(lib_a-mlock.o)
                0x000024ec                __malloc_lock
 .text.__malloc_unlock
                0x000024ee        0x2 c:/program files (x86)/cypress/psoc creator/4.2/psoc creator/import/gnu/arm/5.4.1/bin/../lib/gcc/arm-none-eabi/5.4.1/../../../../arm-none-eabi/lib/armv6-m\libg_nano.a(lib_a-mlock.o)
                0x000024ee                __malloc_unlock
 .text._malloc_usable_size_r
                0x000024f0       0x16 c:/program files (x86)/cypress/psoc creator/4.2/psoc creator/import/gnu/arm/5.4.1/bin/../lib/gcc/arm-none-eabi/5.4.1/../../../../arm-none-eabi/lib/armv6-m\libg_nano.a(lib_a-nano-msizer.o)
                0x000024f0                _malloc_usable_size_r
 *(.plt)
 *(.gnu.warning)
 *(.glue_7t)
 .glue_7t       0x00002506        0x0 linker stubs
 *(.glue_7)
 .glue_7        0x00002506        0x0 linker stubs
 *(.vfp11_veneer)
 .vfp11_veneer  0x00002506        0x0 linker stubs
 *(.bootloader)
 *(.ARM.extab* .gnu.linkonce.armextab.*)
 *(.gcc_except_table)

.v4_bx          0x00002508        0x0
 .v4_bx         0x00002508        0x0 linker stubs

.iplt           0x00002508        0x0
 .iplt          0x00002508        0x0 c:/program files (x86)/cypress/psoc creator/4.2/psoc creator/import/gnu/arm/5.4.1/bin/../lib/gcc/arm-none-eabi/5.4.1/armv6-m/crtbegin.o

.eh_frame_hdr
 *(.eh_frame_hdr)

.eh_frame       0x00002508        0x4
 *(.eh_frame)
 .eh_frame      0x00002508        0x0 c:/program files (x86)/cypress/psoc creator/4.2/psoc creator/import/gnu/arm/5.4.1/bin/../lib/gcc/arm-none-eabi/5.4.1/armv6-m/crtbegin.o
 .eh_frame      0x00002508        0x4 c:/program files (x86)/cypress/psoc creator/4.2/psoc creator/import/gnu/arm/5.4.1/bin/../lib/gcc/arm-none-eabi/5.4.1/armv6-m/crtend.o
                [!provide]                PROVIDE (__exidx_start, .)

.ARM.exidx
 *(.ARM.exidx* .gnu.linkonce.armexidx.*)
                0x0000250c                __exidx_end = .

.rodata         0x0000250c      0x6a4
 *(.rodata .rodata.* .gnu.linkonce.r.*)
 .rodata        0x0000250c       0x40 .\CortexM0\ARM_GCC_541\Debug\main.o
 .rodata.str1.4
                0x0000254c       0xb4 .\CortexM0\ARM_GCC_541\Debug\main.o
                                 0xb1 (size before relaxing)
 .rodata        0x00002600      0x390 .\CortexM0\ARM_GCC_541\Debug\cyfitter_cfg.o
 .rodata        0x00002990       0x47 .\CortexM0\ARM_GCC_541\Debug\Dev Board.a(CyLib.o)
                0x00002990                cyImoFreqMhz2Reg
                0x000029c0                cyImoFreqMhz2DpllOffset
 *fill*         0x000029d7        0x1 
 .rodata        0x000029d8        0xa .\CortexM0\ARM_GCC_541\Debug\Dev Board.a(ADC_SAR_Seq_1.o)
 *fill*         0x000029e2        0x2 
 .rodata        0x000029e4      0x160 .\CortexM0\ARM_GCC_541\Debug\Dev Board.a(CAN.o)
 .rodata.str1.1
                0x00002b44        0x2 c:/program files (x86)/cypress/psoc creator/4.2/psoc creator/import/gnu/arm/5.4.1/bin/../lib/gcc/arm-none-eabi/5.4.1/../../../../arm-none-eabi/lib/armv6-m\libg_nano.a(lib_a-impure.o)
 .rodata.str1.1
                0x00002b46       0x11 c:/program files (x86)/cypress/psoc creator/4.2/psoc creator/import/gnu/arm/5.4.1/bin/../lib/gcc/arm-none-eabi/5.4.1/../../../../arm-none-eabi/lib/armv6-m\libg_nano.a(lib_a-nano-svfprintf.o)
 .rodata.str1.1
                0x00002b57       0x22 c:/program files (x86)/cypress/psoc creator/4.2/psoc creator/import/gnu/arm/5.4.1/bin/../lib/gcc/arm-none-eabi/5.4.1/../../../../arm-none-eabi/lib/armv6-m\libg_nano.a(lib_a-nano-vfprintf_i.o)
                0x00002b7c                . = ALIGN (0x4)
 *fill*         0x00002b79        0x3 
 *(.init)
 .init          0x00002b7c        0x4 c:/program files (x86)/cypress/psoc creator/4.2/psoc creator/import/gnu/arm/5.4.1/bin/../lib/gcc/arm-none-eabi/5.4.1/armv6-m/crti.o
                0x00002b7c                _init
 .init          0x00002b80        0x8 c:/program files (x86)/cypress/psoc creator/4.2/psoc creator/import/gnu/arm/5.4.1/bin/../lib/gcc/arm-none-eabi/5.4.1/armv6-m/crtn.o
                0x00002b88                . = ALIGN (0x4)
                0x00002b88                __preinit_array_start = .
 *(.preinit_array)
                0x00002b88                __preinit_array_end = .
                0x00002b88                . = ALIGN (0x4)
                0x00002b88                __init_array_start = .
 *(SORT(.init_array.*))
 *(.init_array)
 .init_array    0x00002b88        0x4 c:/program files (x86)/cypress/psoc creator/4.2/psoc creator/import/gnu/arm/5.4.1/bin/../lib/gcc/arm-none-eabi/5.4.1/armv6-m/crtbegin.o
 .init_array    0x00002b8c        0x4 .\CortexM0\ARM_GCC_541\Debug\Cm0Start.o
                0x00002b90                __init_array_end = .
                0x00002b90                . = ALIGN (0x4)
 *(.fini)
 .fini          0x00002b90        0x4 c:/program files (x86)/cypress/psoc creator/4.2/psoc creator/import/gnu/arm/5.4.1/bin/../lib/gcc/arm-none-eabi/5.4.1/armv6-m/crti.o
                0x00002b90                _fini
 .fini          0x00002b94        0x8 c:/program files (x86)/cypress/psoc creator/4.2/psoc creator/import/gnu/arm/5.4.1/bin/../lib/gcc/arm-none-eabi/5.4.1/armv6-m/crtn.o
                0x00002b9c                . = ALIGN (0x4)
                0x00002b9c                __fini_array_start = .
 *(.fini_array)
 .fini_array    0x00002b9c        0x4 c:/program files (x86)/cypress/psoc creator/4.2/psoc creator/import/gnu/arm/5.4.1/bin/../lib/gcc/arm-none-eabi/5.4.1/armv6-m/crtbegin.o
 *(SORT(.fini_array.*))
                0x00002ba0                __fini_array_end = .
                0x00002ba0                . = ALIGN (0x4)
 *crtbegin.o(.ctors)
 *(EXCLUDE_FILE(*crtend.o) .ctors)
 *(SORT(.ctors.*))
 *crtend.o(.ctors)
                0x00002ba0                . = ALIGN (0x4)
 *crtbegin.o(.dtors)
 *(EXCLUDE_FILE(*crtend.o) .dtors)
 *(SORT(.dtors.*))
 *crtend.o(.dtors)
                0x00002ba0                . = ALIGN (0x4)
                0x00002ba0                __cy_regions = .
                0x00002ba0        0x4 LONG 0x2bb0 __cy_region_init_ram
                0x00002ba4        0x4 LONG 0x200000c0 __cy_region_start_data
                0x00002ba8        0x4 LONG 0x90 __cy_region_init_size_ram
                0x00002bac        0x4 LONG 0x100 __cy_region_zero_size_ram
                0x00002bb0                __cy_regions_end = .
                0x00002bb0                . = ALIGN (0x8)
                0x00002bb0                _etext = .

.cy_checksum_exclude
                0x00002bb0        0x0
 *(.cy_checksum_exclude)

.ramvectors     0x20000000       0xc0
                0x20000000                __cy_region_start_ram = .
 *(.ramvectors)
 .ramvectors    0x20000000       0xc0 .\CortexM0\ARM_GCC_541\Debug\Cm0Start.o
                0x20000000                CyRamVectors

.noinit
 *(.noinit)

.data           0x200000c0       0x90 load address 0x00002bb0
                0x200000c0                __cy_region_start_data = .
 *(.jcr)
 .jcr           0x200000c0        0x0 c:/program files (x86)/cypress/psoc creator/4.2/psoc creator/import/gnu/arm/5.4.1/bin/../lib/gcc/arm-none-eabi/5.4.1/armv6-m/crtbegin.o
 .jcr           0x200000c0        0x4 c:/program files (x86)/cypress/psoc creator/4.2/psoc creator/import/gnu/arm/5.4.1/bin/../lib/gcc/arm-none-eabi/5.4.1/armv6-m/crtend.o
 *(.got.plt)
 *(.got)
 *(.shdata)
 *(.data .data.* .gnu.linkonce.d.*)
 .data          0x200000c4        0x1 .\CortexM0\ARM_GCC_541\Debug\main.o
                0x200000c4                uart_debug
 *fill*         0x200000c5        0x3 
 .data          0x200000c8        0x4 .\CortexM0\ARM_GCC_541\Debug\Cm0Start.o
 .data          0x200000cc       0x14 .\CortexM0\ARM_GCC_541\Debug\Dev Board.a(CyLib.o)
                0x200000cc                CySysClkPumpConfig
                0x200000d0                cydelay32kMs
                0x200000d4                cydelayFreqKhz
                0x200000d8                cydelayFreqMhz
                0x200000dc                cydelayFreqHz
 .data          0x200000e0        0x8 .\CortexM0\ARM_GCC_541\Debug\Dev Board.a(CyLFClk.o)
 .data.impure_data
                0x200000e8       0x60 c:/program files (x86)/cypress/psoc creator/4.2/psoc creator/import/gnu/arm/5.4.1/bin/../lib/gcc/arm-none-eabi/5.4.1/../../../../arm-none-eabi/lib/armv6-m\libg_nano.a(lib_a-impure.o)
 .data._impure_ptr
                0x20000148        0x4 c:/program files (x86)/cypress/psoc creator/4.2/psoc creator/import/gnu/arm/5.4.1/bin/../lib/gcc/arm-none-eabi/5.4.1/../../../../arm-none-eabi/lib/armv6-m\libg_nano.a(lib_a-impure.o)
                0x20000148                _impure_ptr
                0x20000150                . = ALIGN (0x8)
 *fill*         0x2000014c        0x4 
 *(.ram)
                0x20000150                _edata = .

.igot.plt       0x20000150        0x0 load address 0x00002c40
 .igot.plt      0x20000150        0x0 c:/program files (x86)/cypress/psoc creator/4.2/psoc creator/import/gnu/arm/5.4.1/bin/../lib/gcc/arm-none-eabi/5.4.1/armv6-m/crtbegin.o

.bss            0x20000150      0x100 load address 0x00002c40
                0x20000150                PROVIDE (__bss_start__, .)
 *(.shbss)
 *(.bss .bss.* .gnu.linkonce.b.*)
 .bss           0x20000150       0x1c c:/program files (x86)/cypress/psoc creator/4.2/psoc creator/import/gnu/arm/5.4.1/bin/../lib/gcc/arm-none-eabi/5.4.1/armv6-m/crtbegin.o
 .bss           0x2000016c       0x14 .\CortexM0\ARM_GCC_541\Debug\main.o
                0x2000016c                isrFlag
                0x2000016d                emergency
                0x20000170                message_id
                0x20000174                i
                0x20000178                lastp
                0x2000017c                mailbox
 .bss           0x20000180       0x20 .\CortexM0\ARM_GCC_541\Debug\Dev Board.a(CyLib.o)
                0x20000180                CySysClkImoTrim4
                0x20000184                CySysClkImoTrim5
                0x2000019c                CySysTickInitVar
 .bss           0x200001a0       0x28 .\CortexM0\ARM_GCC_541\Debug\Dev Board.a(CyLFClk.o)
 .bss           0x200001c8        0x1 .\CortexM0\ARM_GCC_541\Debug\Dev Board.a(PWM_Motor.o)
                0x200001c8                PWM_Motor_initVar
 .bss           0x200001c9        0x1 .\CortexM0\ARM_GCC_541\Debug\Dev Board.a(QuadDec.o)
                0x200001c9                QuadDec_initVar
 .bss           0x200001ca        0x1 .\CortexM0\ARM_GCC_541\Debug\Dev Board.a(QuadDec_Cnt16.o)
                0x200001ca                QuadDec_Cnt16_initVar
 .bss           0x200001cb        0x1 .\CortexM0\ARM_GCC_541\Debug\Dev Board.a(ADC_SAR_Seq_1.o)
                0x200001cb                ADC_SAR_Seq_1_initVar
 .bss           0x200001cc        0x1 .\CortexM0\ARM_GCC_541\Debug\Dev Board.a(CAN.o)
                0x200001cc                CAN_initVar
 *fill*         0x200001cd        0x1 
 .bss           0x200001ce        0x4 .\CortexM0\ARM_GCC_541\Debug\Dev Board.a(UART.o)
                0x200001ce                UART_initVar
                0x200001d0                UART_IntrTxMask
 *fill*         0x200001d2        0x2 
 .bss.__malloc_sbrk_start
                0x200001d4        0x4 c:/program files (x86)/cypress/psoc creator/4.2/psoc creator/import/gnu/arm/5.4.1/bin/../lib/gcc/arm-none-eabi/5.4.1/../../../../arm-none-eabi/lib/armv6-m\libg_nano.a(lib_a-nano-mallocr.o)
                0x200001d4                __malloc_sbrk_start
 .bss.__malloc_free_list
                0x200001d8        0x4 c:/program files (x86)/cypress/psoc creator/4.2/psoc creator/import/gnu/arm/5.4.1/bin/../lib/gcc/arm-none-eabi/5.4.1/../../../../arm-none-eabi/lib/armv6-m\libg_nano.a(lib_a-nano-mallocr.o)
                0x200001d8                __malloc_free_list
 *(COMMON)
 COMMON         0x200001dc       0x64 .\CortexM0\ARM_GCC_541\Debug\main.o
                0x200001dc                kd
                0x200001e0                txData
                0x20000214                message
                0x20000224                GEAR_RATIO
                0x20000228                CAN_TIMEOUT
                0x2000022c                pwm_compare
                0x20000230                ki
                0x20000234                data
                0x2000023c                kp
 COMMON         0x20000240        0xc .\CortexM0\ARM_GCC_541\Debug\Dev Board.a(ADC_SAR_Seq_1.o)
                0x20000240                ADC_SAR_Seq_1_offset
                0x20000244                ADC_SAR_Seq_1_countsPer10Volt
 COMMON         0x2000024c        0x4 c:/program files (x86)/cypress/psoc creator/4.2/psoc creator/import/gnu/arm/5.4.1/bin/../lib/gcc/arm-none-eabi/5.4.1/../../../../arm-none-eabi/lib/armv6-m\libg_nano.a(lib_a-reent.o)
                0x2000024c                errno
                0x20000250                . = ALIGN (0x8)
 *(.ram.b)
                0x20000250                _end = .
                0x20000250                __end = .
                0x20000250                PROVIDE (end, .)
                0x20000250                PROVIDE (__bss_end__, .)
                0x00002bb0                __cy_region_init_ram = LOADADDR (.data)
                0x00000090                __cy_region_init_size_ram = (_edata - ADDR (.data))
                0x00000100                __cy_region_zero_size_ram = (_end - _edata)

.heap           0x20000250       0x80 load address 0x00002c40
                0x20000250                . = _end
                0x200002d0                . = (. + 0x80)
 *fill*         0x20000250       0x80 
                0x200002d0                __cy_heap_limit = .

.stack          0x20007800      0x800
                0x20007800                __cy_stack_limit = .
                0x20008000                . = (. + 0x800)
 *fill*         0x20007800      0x800 
                0x00000001                ASSERT ((__cy_stack_limit >= __cy_heap_limit), region RAM overflowed with stack)
                0x00000000                cy_checksum_exclude_size = (CY_APPL_LOADABLE == 0x1)?SIZEOF (.cy_checksum_exclude):0x0
                0x00000001                ASSERT ((cy_checksum_exclude_size <= CY_CHECKSUM_EXCLUDE_SIZE), CY_BOOT: Section .cy_checksum_exclude size exceedes specified limit.)
                0x0003ffc0                cyloadermeta_start = (cy_project_type_bootloader || cy_project_type_app_for_stack_and_copier)?(LENGTH (rom) - CY_METADATA_SIZE):0xf0000000

.cyloadermeta
 *(.cyloadermeta)
                0x0003ffc0                cyloadablemeta_start = cy_project_type_app_for_stack_and_copier?((LENGTH (rom) - CY_FLASH_ROW_SIZE) - CY_METADATA_SIZE):((LENGTH (rom) - (CY_FLASH_ROW_SIZE * (CY_APPL_NUM - 0x1))) - CY_METADATA_SIZE)

.cyloadablemeta
 *(.cyloadablemeta)

.cyflashprotect
                0x90400000       0x80
 *(.cyflashprotect)
 .cyflashprotect
                0x90400000       0x80 .\CortexM0\ARM_GCC_541\Debug\cymetadata.o
                0x90400000                cy_meta_flashprotect

.cymeta         0x90500000        0xc
 *(.cymeta)
 .cymeta        0x90500000        0xc .\CortexM0\ARM_GCC_541\Debug\cymetadata.o
                0x90500000                cy_metadata

.cychipprotect  0x90600000        0x1
 *(.cychipprotect)
 .cychipprotect
                0x90600000        0x1 .\CortexM0\ARM_GCC_541\Debug\cymetadata.o
                0x90600000                cy_meta_chipprotect

.rel.dyn        0x00002c40        0x0 load address 0x90600004
 .rel.iplt      0x00002c40        0x0 c:/program files (x86)/cypress/psoc creator/4.2/psoc creator/import/gnu/arm/5.4.1/bin/../lib/gcc/arm-none-eabi/5.4.1/armv6-m/crtbegin.o

.stab
 *(.stab)

.stabstr
 *(.stabstr)

.debug
 *(.debug)

.line
 *(.line)

.debug_srcinfo
 *(.debug_srcinfo)

.debug_sfnames
 *(.debug_sfnames)

.debug_aranges  0x00000000      0xc28
 *(.debug_aranges)
 .debug_aranges
                0x00000000       0x88 .\CortexM0\ARM_GCC_541\Debug\main.o
 .debug_aranges
                0x00000088       0x48 .\CortexM0\ARM_GCC_541\Debug\cyfitter_cfg.o
 .debug_aranges
                0x000000d0       0x18 .\CortexM0\ARM_GCC_541\Debug\cymetadata.o
 .debug_aranges
                0x000000e8       0x48 .\CortexM0\ARM_GCC_541\Debug\Cm0Start.o
 .debug_aranges
                0x00000130      0x260 .\CortexM0\ARM_GCC_541\Debug\Dev Board.a(CyLib.o)
 .debug_aranges
                0x00000390      0x188 .\CortexM0\ARM_GCC_541\Debug\Dev Board.a(CyLFClk.o)
 .debug_aranges
                0x00000518       0x48 .\CortexM0\ARM_GCC_541\Debug\Dev Board.a(Pin_Limit_1.o)
 .debug_aranges
                0x00000560      0x158 .\CortexM0\ARM_GCC_541\Debug\Dev Board.a(PWM_Motor.o)
 .debug_aranges
                0x000006b8       0x48 .\CortexM0\ARM_GCC_541\Debug\Dev Board.a(Pin_Direction.o)
 .debug_aranges
                0x00000700       0x60 .\CortexM0\ARM_GCC_541\Debug\Dev Board.a(QuadDec.o)
 .debug_aranges
                0x00000760       0x98 .\CortexM0\ARM_GCC_541\Debug\Dev Board.a(QuadDec_Cnt16.o)
 .debug_aranges
                0x000007f8       0x40 .\CortexM0\ARM_GCC_541\Debug\Dev Board.a(Status_Reg_Switches.o)
 .debug_aranges
                0x00000838       0xa8 .\CortexM0\ARM_GCC_541\Debug\Dev Board.a(ADC_SAR_Seq_1.o)
 .debug_aranges
                0x000008e0       0x20 .\CortexM0\ARM_GCC_541\Debug\Dev Board.a(ADC_SAR_Seq_1_INT.o)
 .debug_aranges
                0x00000900       0xe8 .\CortexM0\ARM_GCC_541\Debug\Dev Board.a(CAN.o)
 .debug_aranges
                0x000009e8       0x28 .\CortexM0\ARM_GCC_541\Debug\Dev Board.a(CAN_INT.o)
 .debug_aranges
                0x00000a10       0x30 .\CortexM0\ARM_GCC_541\Debug\Dev Board.a(CAN_TX_RX_func.o)
 .debug_aranges
                0x00000a40       0x58 .\CortexM0\ARM_GCC_541\Debug\Dev Board.a(UART.o)
 .debug_aranges
                0x00000a98       0x90 .\CortexM0\ARM_GCC_541\Debug\Dev Board.a(UART_UART.o)
 .debug_aranges
                0x00000b28       0x40 .\CortexM0\ARM_GCC_541\Debug\Dev Board.a(Can_addr.o)
 .debug_aranges
                0x00000b68       0x20 .\CortexM0\ARM_GCC_541\Debug\Dev Board.a(CyBootAsmGnu.o)
 .debug_aranges
                0x00000b88       0x40 .\CortexM0\ARM_GCC_541\Debug\Dev Board.a(CyFlash.o)
 .debug_aranges
                0x00000bc8       0x60 .\CortexM0\ARM_GCC_541\Debug\Dev Board.a(UART_SPI_UART.o)

.debug_pubnames
 *(.debug_pubnames)

.debug_info     0x00000000     0x7112
 *(.debug_info .gnu.linkonce.wi.*)
 .debug_info    0x00000000      0x906 .\CortexM0\ARM_GCC_541\Debug\main.o
 .debug_info    0x00000906      0x450 .\CortexM0\ARM_GCC_541\Debug\cyfitter_cfg.o
 .debug_info    0x00000d56       0xf8 .\CortexM0\ARM_GCC_541\Debug\cymetadata.o
 .debug_info    0x00000e4e      0x3a2 .\CortexM0\ARM_GCC_541\Debug\Cm0Start.o
 .debug_info    0x000011f0     0x179d .\CortexM0\ARM_GCC_541\Debug\Dev Board.a(CyLib.o)
 .debug_info    0x0000298d     0x1058 .\CortexM0\ARM_GCC_541\Debug\Dev Board.a(CyLFClk.o)
 .debug_info    0x000039e5      0x19d .\CortexM0\ARM_GCC_541\Debug\Dev Board.a(Pin_Limit_1.o)
 .debug_info    0x00003b82      0x90a .\CortexM0\ARM_GCC_541\Debug\Dev Board.a(PWM_Motor.o)
 .debug_info    0x0000448c      0x19d .\CortexM0\ARM_GCC_541\Debug\Dev Board.a(Pin_Direction.o)
 .debug_info    0x00004629      0x2d4 .\CortexM0\ARM_GCC_541\Debug\Dev Board.a(QuadDec.o)
 .debug_info    0x000048fd      0x345 .\CortexM0\ARM_GCC_541\Debug\Dev Board.a(QuadDec_Cnt16.o)
 .debug_info    0x00004c42      0x17f .\CortexM0\ARM_GCC_541\Debug\Dev Board.a(Status_Reg_Switches.o)
 .debug_info    0x00004dc1      0x5a5 .\CortexM0\ARM_GCC_541\Debug\Dev Board.a(ADC_SAR_Seq_1.o)
 .debug_info    0x00005366       0xcb .\CortexM0\ARM_GCC_541\Debug\Dev Board.a(ADC_SAR_Seq_1_INT.o)
 .debug_info    0x00005431      0x9c6 .\CortexM0\ARM_GCC_541\Debug\Dev Board.a(CAN.o)
 .debug_info    0x00005df7      0x21a .\CortexM0\ARM_GCC_541\Debug\Dev Board.a(CAN_INT.o)
 .debug_info    0x00006011      0x37e .\CortexM0\ARM_GCC_541\Debug\Dev Board.a(CAN_TX_RX_func.o)
 .debug_info    0x0000638f      0x23a .\CortexM0\ARM_GCC_541\Debug\Dev Board.a(UART.o)
 .debug_info    0x000065c9      0x3b5 .\CortexM0\ARM_GCC_541\Debug\Dev Board.a(UART_UART.o)
 .debug_info    0x0000697e      0x17f .\CortexM0\ARM_GCC_541\Debug\Dev Board.a(Can_addr.o)
 .debug_info    0x00006afd       0xa3 .\CortexM0\ARM_GCC_541\Debug\Dev Board.a(CyBootAsmGnu.o)
 .debug_info    0x00006ba0      0x352 .\CortexM0\ARM_GCC_541\Debug\Dev Board.a(CyFlash.o)
 .debug_info    0x00006ef2      0x220 .\CortexM0\ARM_GCC_541\Debug\Dev Board.a(UART_SPI_UART.o)

.debug_abbrev   0x00000000     0x1be2
 *(.debug_abbrev)
 .debug_abbrev  0x00000000      0x212 .\CortexM0\ARM_GCC_541\Debug\main.o
 .debug_abbrev  0x00000212      0x1d8 .\CortexM0\ARM_GCC_541\Debug\cyfitter_cfg.o
 .debug_abbrev  0x000003ea       0x5d .\CortexM0\ARM_GCC_541\Debug\cymetadata.o
 .debug_abbrev  0x00000447      0x1d7 .\CortexM0\ARM_GCC_541\Debug\Cm0Start.o
 .debug_abbrev  0x0000061e      0x270 .\CortexM0\ARM_GCC_541\Debug\Dev Board.a(CyLib.o)
 .debug_abbrev  0x0000088e      0x248 .\CortexM0\ARM_GCC_541\Debug\Dev Board.a(CyLFClk.o)
 .debug_abbrev  0x00000ad6       0xc8 .\CortexM0\ARM_GCC_541\Debug\Dev Board.a(Pin_Limit_1.o)
 .debug_abbrev  0x00000b9e      0x119 .\CortexM0\ARM_GCC_541\Debug\Dev Board.a(PWM_Motor.o)
 .debug_abbrev  0x00000cb7       0xc8 .\CortexM0\ARM_GCC_541\Debug\Dev Board.a(Pin_Direction.o)
 .debug_abbrev  0x00000d7f      0x151 .\CortexM0\ARM_GCC_541\Debug\Dev Board.a(QuadDec.o)
 .debug_abbrev  0x00000ed0      0x117 .\CortexM0\ARM_GCC_541\Debug\Dev Board.a(QuadDec_Cnt16.o)
 .debug_abbrev  0x00000fe7       0xac .\CortexM0\ARM_GCC_541\Debug\Dev Board.a(Status_Reg_Switches.o)
 .debug_abbrev  0x00001093      0x19e .\CortexM0\ARM_GCC_541\Debug\Dev Board.a(ADC_SAR_Seq_1.o)
 .debug_abbrev  0x00001231       0x65 .\CortexM0\ARM_GCC_541\Debug\Dev Board.a(ADC_SAR_Seq_1_INT.o)
 .debug_abbrev  0x00001296      0x186 .\CortexM0\ARM_GCC_541\Debug\Dev Board.a(CAN.o)
 .debug_abbrev  0x0000141c       0xd5 .\CortexM0\ARM_GCC_541\Debug\Dev Board.a(CAN_INT.o)
 .debug_abbrev  0x000014f1      0x159 .\CortexM0\ARM_GCC_541\Debug\Dev Board.a(CAN_TX_RX_func.o)
 .debug_abbrev  0x0000164a       0xd5 .\CortexM0\ARM_GCC_541\Debug\Dev Board.a(UART.o)
 .debug_abbrev  0x0000171f      0x132 .\CortexM0\ARM_GCC_541\Debug\Dev Board.a(UART_UART.o)
 .debug_abbrev  0x00001851       0xac .\CortexM0\ARM_GCC_541\Debug\Dev Board.a(Can_addr.o)
 .debug_abbrev  0x000018fd       0x14 .\CortexM0\ARM_GCC_541\Debug\Dev Board.a(CyBootAsmGnu.o)
 .debug_abbrev  0x00001911      0x182 .\CortexM0\ARM_GCC_541\Debug\Dev Board.a(CyFlash.o)
 .debug_abbrev  0x00001a93      0x14f .\CortexM0\ARM_GCC_541\Debug\Dev Board.a(UART_SPI_UART.o)

.debug_line     0x00000000     0x2e1a
 *(.debug_line)
 .debug_line    0x00000000      0x2b4 .\CortexM0\ARM_GCC_541\Debug\main.o
 .debug_line    0x000002b4      0x1c0 .\CortexM0\ARM_GCC_541\Debug\cyfitter_cfg.o
 .debug_line    0x00000474      0x141 .\CortexM0\ARM_GCC_541\Debug\cymetadata.o
 .debug_line    0x000005b5      0x236 .\CortexM0\ARM_GCC_541\Debug\Cm0Start.o
 .debug_line    0x000007eb      0x8cc .\CortexM0\ARM_GCC_541\Debug\Dev Board.a(CyLib.o)
 .debug_line    0x000010b7      0x5d1 .\CortexM0\ARM_GCC_541\Debug\Dev Board.a(CyLFClk.o)
 .debug_line    0x00001688       0xc3 .\CortexM0\ARM_GCC_541\Debug\Dev Board.a(Pin_Limit_1.o)
 .debug_line    0x0000174b      0x382 .\CortexM0\ARM_GCC_541\Debug\Dev Board.a(PWM_Motor.o)
 .debug_line    0x00001acd       0xc5 .\CortexM0\ARM_GCC_541\Debug\Dev Board.a(Pin_Direction.o)
 .debug_line    0x00001b92      0x123 .\CortexM0\ARM_GCC_541\Debug\Dev Board.a(QuadDec.o)
 .debug_line    0x00001cb5      0x196 .\CortexM0\ARM_GCC_541\Debug\Dev Board.a(QuadDec_Cnt16.o)
 .debug_line    0x00001e4b       0xc2 .\CortexM0\ARM_GCC_541\Debug\Dev Board.a(Status_Reg_Switches.o)
 .debug_line    0x00001f0d      0x29c .\CortexM0\ARM_GCC_541\Debug\Dev Board.a(ADC_SAR_Seq_1.o)
 .debug_line    0x000021a9       0x6c .\CortexM0\ARM_GCC_541\Debug\Dev Board.a(ADC_SAR_Seq_1_INT.o)
 .debug_line    0x00002215      0x3e7 .\CortexM0\ARM_GCC_541\Debug\Dev Board.a(CAN.o)
 .debug_line    0x000025fc       0x9f .\CortexM0\ARM_GCC_541\Debug\Dev Board.a(CAN_INT.o)
 .debug_line    0x0000269b       0xfc .\CortexM0\ARM_GCC_541\Debug\Dev Board.a(CAN_TX_RX_func.o)
 .debug_line    0x00002797      0x108 .\CortexM0\ARM_GCC_541\Debug\Dev Board.a(UART.o)
 .debug_line    0x0000289f      0x1cf .\CortexM0\ARM_GCC_541\Debug\Dev Board.a(UART_UART.o)
 .debug_line    0x00002a6e       0xb7 .\CortexM0\ARM_GCC_541\Debug\Dev Board.a(Can_addr.o)
 .debug_line    0x00002b25       0x68 .\CortexM0\ARM_GCC_541\Debug\Dev Board.a(CyBootAsmGnu.o)
 .debug_line    0x00002b8d      0x173 .\CortexM0\ARM_GCC_541\Debug\Dev Board.a(CyFlash.o)
 .debug_line    0x00002d00      0x11a .\CortexM0\ARM_GCC_541\Debug\Dev Board.a(UART_SPI_UART.o)

.debug_frame    0x00000000     0x230c
 *(.debug_frame)
 .debug_frame   0x00000000      0x17c .\CortexM0\ARM_GCC_541\Debug\main.o
 .debug_frame   0x0000017c       0xb8 .\CortexM0\ARM_GCC_541\Debug\cyfitter_cfg.o
 .debug_frame   0x00000234       0xbc .\CortexM0\ARM_GCC_541\Debug\Cm0Start.o
 .debug_frame   0x000002f0      0x700 .\CortexM0\ARM_GCC_541\Debug\Dev Board.a(CyLib.o)
 .debug_frame   0x000009f0      0x4a4 .\CortexM0\ARM_GCC_541\Debug\Dev Board.a(CyLFClk.o)
 .debug_frame   0x00000e94       0x70 .\CortexM0\ARM_GCC_541\Debug\Dev Board.a(Pin_Limit_1.o)
 .debug_frame   0x00000f04      0x3a0 .\CortexM0\ARM_GCC_541\Debug\Dev Board.a(PWM_Motor.o)
 .debug_frame   0x000012a4       0x70 .\CortexM0\ARM_GCC_541\Debug\Dev Board.a(Pin_Direction.o)
 .debug_frame   0x00001314       0xdc .\CortexM0\ARM_GCC_541\Debug\Dev Board.a(QuadDec.o)
 .debug_frame   0x000013f0      0x134 .\CortexM0\ARM_GCC_541\Debug\Dev Board.a(QuadDec_Cnt16.o)
 .debug_frame   0x00001524       0x78 .\CortexM0\ARM_GCC_541\Debug\Dev Board.a(Status_Reg_Switches.o)
 .debug_frame   0x0000159c      0x1b0 .\CortexM0\ARM_GCC_541\Debug\Dev Board.a(ADC_SAR_Seq_1.o)
 .debug_frame   0x0000174c       0x20 .\CortexM0\ARM_GCC_541\Debug\Dev Board.a(ADC_SAR_Seq_1_INT.o)
 .debug_frame   0x0000176c      0x238 .\CortexM0\ARM_GCC_541\Debug\Dev Board.a(CAN.o)
 .debug_frame   0x000019a4       0x4c .\CortexM0\ARM_GCC_541\Debug\Dev Board.a(CAN_INT.o)
 .debug_frame   0x000019f0       0x60 .\CortexM0\ARM_GCC_541\Debug\Dev Board.a(CAN_TX_RX_func.o)
 .debug_frame   0x00001a50       0xd8 .\CortexM0\ARM_GCC_541\Debug\Dev Board.a(UART.o)
 .debug_frame   0x00001b28      0x144 .\CortexM0\ARM_GCC_541\Debug\Dev Board.a(UART_UART.o)
 .debug_frame   0x00001c6c       0x78 .\CortexM0\ARM_GCC_541\Debug\Dev Board.a(Can_addr.o)
 .debug_frame   0x00001ce4       0x90 .\CortexM0\ARM_GCC_541\Debug\Dev Board.a(CyFlash.o)
 .debug_frame   0x00001d74       0xb0 .\CortexM0\ARM_GCC_541\Debug\Dev Board.a(UART_SPI_UART.o)
 .debug_frame   0x00001e24       0x20 c:/program files (x86)/cypress/psoc creator/4.2/psoc creator/import/gnu/arm/5.4.1/bin/../lib/gcc/arm-none-eabi/5.4.1/armv6-m\libgcc.a(_udivsi3.o)
 .debug_frame   0x00001e44       0x20 c:/program files (x86)/cypress/psoc creator/4.2/psoc creator/import/gnu/arm/5.4.1/bin/../lib/gcc/arm-none-eabi/5.4.1/armv6-m\libgcc.a(_divsi3.o)
 .debug_frame   0x00001e64       0x34 c:/program files (x86)/cypress/psoc creator/4.2/psoc creator/import/gnu/arm/5.4.1/bin/../lib/gcc/arm-none-eabi/5.4.1/armv6-m\libgcc.a(_muldi3.o)
 .debug_frame   0x00001e98       0x30 c:/program files (x86)/cypress/psoc creator/4.2/psoc creator/import/gnu/arm/5.4.1/bin/../lib/gcc/arm-none-eabi/5.4.1/armv6-m\libgcc.a(bpabi.o)
 .debug_frame   0x00001ec8       0x3c c:/program files (x86)/cypress/psoc creator/4.2/psoc creator/import/gnu/arm/5.4.1/bin/../lib/gcc/arm-none-eabi/5.4.1/armv6-m\libgcc.a(divsf3.o)
 .debug_frame   0x00001f04       0x38 c:/program files (x86)/cypress/psoc creator/4.2/psoc creator/import/gnu/arm/5.4.1/bin/../lib/gcc/arm-none-eabi/5.4.1/armv6-m\libgcc.a(mulsf3.o)
 .debug_frame   0x00001f3c       0x2c c:/program files (x86)/cypress/psoc creator/4.2/psoc creator/import/gnu/arm/5.4.1/bin/../lib/gcc/arm-none-eabi/5.4.1/armv6-m\libgcc.a(floatsisf.o)
 .debug_frame   0x00001f68       0x3c c:/program files (x86)/cypress/psoc creator/4.2/psoc creator/import/gnu/arm/5.4.1/bin/../lib/gcc/arm-none-eabi/5.4.1/armv6-m\libgcc.a(_divdi3.o)
 .debug_frame   0x00001fa4       0x20 c:/program files (x86)/cypress/psoc creator/4.2/psoc creator/import/gnu/arm/5.4.1/bin/../lib/gcc/arm-none-eabi/5.4.1/../../../../arm-none-eabi/lib/armv6-m\libg_nano.a(lib_a-errno.o)
 .debug_frame   0x00001fc4       0x28 c:/program files (x86)/cypress/psoc creator/4.2/psoc creator/import/gnu/arm/5.4.1/bin/../lib/gcc/arm-none-eabi/5.4.1/../../../../arm-none-eabi/lib/armv6-m\libg_nano.a(lib_a-exit.o)
 .debug_frame   0x00001fec       0x2c c:/program files (x86)/cypress/psoc creator/4.2/psoc creator/import/gnu/arm/5.4.1/bin/../lib/gcc/arm-none-eabi/5.4.1/../../../../arm-none-eabi/lib/armv6-m\libg_nano.a(lib_a-init.o)
 .debug_frame   0x00002018       0x28 c:/program files (x86)/cypress/psoc creator/4.2/psoc creator/import/gnu/arm/5.4.1/bin/../lib/gcc/arm-none-eabi/5.4.1/../../../../arm-none-eabi/lib/armv6-m\libg_nano.a(lib_a-memcpy-stub.o)
 .debug_frame   0x00002040       0x20 c:/program files (x86)/cypress/psoc creator/4.2/psoc creator/import/gnu/arm/5.4.1/bin/../lib/gcc/arm-none-eabi/5.4.1/../../../../arm-none-eabi/lib/armv6-m\libg_nano.a(lib_a-memset.o)
 .debug_frame   0x00002060       0x50 c:/program files (x86)/cypress/psoc creator/4.2/psoc creator/import/gnu/arm/5.4.1/bin/../lib/gcc/arm-none-eabi/5.4.1/../../../../arm-none-eabi/lib/armv6-m\libg_nano.a(lib_a-sprintf.o)
 .debug_frame   0x000020b0       0x74 c:/program files (x86)/cypress/psoc creator/4.2/psoc creator/import/gnu/arm/5.4.1/bin/../lib/gcc/arm-none-eabi/5.4.1/../../../../arm-none-eabi/lib/armv6-m\libg_nano.a(lib_a-nano-svfprintf.o)
 .debug_frame   0x00002124       0x54 c:/program files (x86)/cypress/psoc creator/4.2/psoc creator/import/gnu/arm/5.4.1/bin/../lib/gcc/arm-none-eabi/5.4.1/../../../../arm-none-eabi/lib/armv6-m\libg_nano.a(lib_a-nano-vfprintf_i.o)
 .debug_frame   0x00002178       0x20 c:/program files (x86)/cypress/psoc creator/4.2/psoc creator/import/gnu/arm/5.4.1/bin/../lib/gcc/arm-none-eabi/5.4.1/../../../../arm-none-eabi/lib/armv6-m\libg_nano.a(lib_a-memchr-stub.o)
 .debug_frame   0x00002198       0x28 c:/program files (x86)/cypress/psoc creator/4.2/psoc creator/import/gnu/arm/5.4.1/bin/../lib/gcc/arm-none-eabi/5.4.1/../../../../arm-none-eabi/lib/armv6-m\libg_nano.a(lib_a-memmove.o)
 .debug_frame   0x000021c0       0x2c c:/program files (x86)/cypress/psoc creator/4.2/psoc creator/import/gnu/arm/5.4.1/bin/../lib/gcc/arm-none-eabi/5.4.1/../../../../arm-none-eabi/lib/armv6-m\libg_nano.a(lib_a-nano-freer.o)
 .debug_frame   0x000021ec       0x2c c:/program files (x86)/cypress/psoc creator/4.2/psoc creator/import/gnu/arm/5.4.1/bin/../lib/gcc/arm-none-eabi/5.4.1/../../../../arm-none-eabi/lib/armv6-m\libg_nano.a(lib_a-nano-mallocr.o)
 .debug_frame   0x00002218       0x30 c:/program files (x86)/cypress/psoc creator/4.2/psoc creator/import/gnu/arm/5.4.1/bin/../lib/gcc/arm-none-eabi/5.4.1/../../../../arm-none-eabi/lib/armv6-m\libg_nano.a(lib_a-nano-reallocr.o)
 .debug_frame   0x00002248       0x2c c:/program files (x86)/cypress/psoc creator/4.2/psoc creator/import/gnu/arm/5.4.1/bin/../lib/gcc/arm-none-eabi/5.4.1/../../../../arm-none-eabi/lib/armv6-m\libg_nano.a(lib_a-sbrkr.o)
 .debug_frame   0x00002274       0x30 c:/program files (x86)/cypress/psoc creator/4.2/psoc creator/import/gnu/arm/5.4.1/bin/../lib/gcc/arm-none-eabi/5.4.1/../../../../arm-none-eabi/lib/armv6-m\libg_nano.a(lib_a-mlock.o)
 .debug_frame   0x000022a4       0x20 c:/program files (x86)/cypress/psoc creator/4.2/psoc creator/import/gnu/arm/5.4.1/bin/../lib/gcc/arm-none-eabi/5.4.1/../../../../arm-none-eabi/lib/armv6-m\libg_nano.a(lib_a-nano-msizer.o)
 .debug_frame   0x000022c4       0x48 c:/program files (x86)/cypress/psoc creator/4.2/psoc creator/import/gnu/arm/5.4.1/bin/../lib/gcc/arm-none-eabi/5.4.1/../../../../arm-none-eabi/lib/armv6-m\libg_nano.a(lib_a-reent.o)

.debug_str      0x00000000     0x2bba
 *(.debug_str)
 .debug_str     0x00000000      0x47c .\CortexM0\ARM_GCC_541\Debug\main.o
                                0x4d1 (size before relaxing)
 .debug_str     0x0000047c      0x162 .\CortexM0\ARM_GCC_541\Debug\cyfitter_cfg.o
                                0x348 (size before relaxing)
 .debug_str     0x000005de       0x63 .\CortexM0\ARM_GCC_541\Debug\cymetadata.o
                                0x1db (size before relaxing)
 .debug_str     0x00000641      0x13a .\CortexM0\ARM_GCC_541\Debug\Cm0Start.o
                                0x314 (size before relaxing)
 .debug_str     0x0000077b      0x8e5 .\CortexM0\ARM_GCC_541\Debug\Dev Board.a(CyLib.o)
                                0xb51 (size before relaxing)
 .debug_str     0x00001060      0x6cd .\CortexM0\ARM_GCC_541\Debug\Dev Board.a(CyLFClk.o)
                                0x930 (size before relaxing)
 .debug_str     0x0000172d       0xba .\CortexM0\ARM_GCC_541\Debug\Dev Board.a(Pin_Limit_1.o)
                                0x273 (size before relaxing)
 .debug_str     0x000017e7      0x450 .\CortexM0\ARM_GCC_541\Debug\Dev Board.a(PWM_Motor.o)
                                0x66c (size before relaxing)
 .debug_str     0x00001c37       0xab .\CortexM0\ARM_GCC_541\Debug\Dev Board.a(Pin_Direction.o)
                                0x281 (size before relaxing)
 .debug_str     0x00001ce2      0x114 .\CortexM0\ARM_GCC_541\Debug\Dev Board.a(QuadDec.o)
                                0x330 (size before relaxing)
 .debug_str     0x00001df6      0x1cb .\CortexM0\ARM_GCC_541\Debug\Dev Board.a(QuadDec_Cnt16.o)
                                0x403 (size before relaxing)
 .debug_str     0x00001fc1       0xb1 .\CortexM0\ARM_GCC_541\Debug\Dev Board.a(Status_Reg_Switches.o)
                                0x2a4 (size before relaxing)
 .debug_str     0x00002072      0x29f .\CortexM0\ARM_GCC_541\Debug\Dev Board.a(ADC_SAR_Seq_1.o)
                                0x4db (size before relaxing)
 .debug_str     0x00002311       0x49 .\CortexM0\ARM_GCC_541\Debug\Dev Board.a(ADC_SAR_Seq_1_INT.o)
                                0x1e4 (size before relaxing)
 .debug_str     0x0000235a      0x2e6 .\CortexM0\ARM_GCC_541\Debug\Dev Board.a(CAN.o)
                                0x549 (size before relaxing)
 .debug_str     0x00002640       0x53 .\CortexM0\ARM_GCC_541\Debug\Dev Board.a(CAN_INT.o)
                                0x25f (size before relaxing)
 .debug_str     0x00002693       0x56 .\CortexM0\ARM_GCC_541\Debug\Dev Board.a(CAN_TX_RX_func.o)
                                0x2dc (size before relaxing)
 .debug_str     0x000026e9       0xf7 .\CortexM0\ARM_GCC_541\Debug\Dev Board.a(UART.o)
                                0x2aa (size before relaxing)
 .debug_str     0x000027e0      0x1d2 .\CortexM0\ARM_GCC_541\Debug\Dev Board.a(UART_UART.o)
                                0x3db (size before relaxing)
 .debug_str     0x000029b2       0x7a .\CortexM0\ARM_GCC_541\Debug\Dev Board.a(Can_addr.o)
                                0x262 (size before relaxing)
 .debug_str     0x00002a2c       0xb2 .\CortexM0\ARM_GCC_541\Debug\Dev Board.a(CyFlash.o)
                                0x2c3 (size before relaxing)
 .debug_str     0x00002ade       0xdc .\CortexM0\ARM_GCC_541\Debug\Dev Board.a(UART_SPI_UART.o)
                                0x2e1 (size before relaxing)

.debug_loc      0x00000000     0x471a
 *(.debug_loc)
 .debug_loc     0x00000000      0x13d .\CortexM0\ARM_GCC_541\Debug\main.o
 .debug_loc     0x0000013d      0x136 .\CortexM0\ARM_GCC_541\Debug\cyfitter_cfg.o
 .debug_loc     0x00000273      0x14f .\CortexM0\ARM_GCC_541\Debug\Cm0Start.o
 .debug_loc     0x000003c2     0x182f .\CortexM0\ARM_GCC_541\Debug\Dev Board.a(CyLib.o)
 .debug_loc     0x00001bf1      0xdb7 .\CortexM0\ARM_GCC_541\Debug\Dev Board.a(CyLFClk.o)
 .debug_loc     0x000029a8       0xa2 .\CortexM0\ARM_GCC_541\Debug\Dev Board.a(Pin_Limit_1.o)
 .debug_loc     0x00002a4a      0x547 .\CortexM0\ARM_GCC_541\Debug\Dev Board.a(PWM_Motor.o)
 .debug_loc     0x00002f91       0xa2 .\CortexM0\ARM_GCC_541\Debug\Dev Board.a(Pin_Direction.o)
 .debug_loc     0x00003033       0xa0 .\CortexM0\ARM_GCC_541\Debug\Dev Board.a(QuadDec.o)
 .debug_loc     0x000030d3       0x3d .\CortexM0\ARM_GCC_541\Debug\Dev Board.a(QuadDec_Cnt16.o)
 .debug_loc     0x00003110       0x44 .\CortexM0\ARM_GCC_541\Debug\Dev Board.a(Status_Reg_Switches.o)
 .debug_loc     0x00003154      0x4ba .\CortexM0\ARM_GCC_541\Debug\Dev Board.a(ADC_SAR_Seq_1.o)
 .debug_loc     0x0000360e      0xa5e .\CortexM0\ARM_GCC_541\Debug\Dev Board.a(CAN.o)
 .debug_loc     0x0000406c       0x54 .\CortexM0\ARM_GCC_541\Debug\Dev Board.a(CAN_INT.o)
 .debug_loc     0x000040c0      0x17f .\CortexM0\ARM_GCC_541\Debug\Dev Board.a(CAN_TX_RX_func.o)
 .debug_loc     0x0000423f       0x7e .\CortexM0\ARM_GCC_541\Debug\Dev Board.a(UART.o)
 .debug_loc     0x000042bd      0x223 .\CortexM0\ARM_GCC_541\Debug\Dev Board.a(UART_UART.o)
 .debug_loc     0x000044e0       0x44 .\CortexM0\ARM_GCC_541\Debug\Dev Board.a(Can_addr.o)
 .debug_loc     0x00004524      0x160 .\CortexM0\ARM_GCC_541\Debug\Dev Board.a(CyFlash.o)
 .debug_loc     0x00004684       0x96 .\CortexM0\ARM_GCC_541\Debug\Dev Board.a(UART_SPI_UART.o)

.debug_macinfo
 *(.debug_macinfo)

.debug_ranges   0x00000000      0xaa0
 *(.debug_ranges)
 .debug_ranges  0x00000000       0x78 .\CortexM0\ARM_GCC_541\Debug\main.o
 .debug_ranges  0x00000078       0x38 .\CortexM0\ARM_GCC_541\Debug\cyfitter_cfg.o
 .debug_ranges  0x000000b0       0x38 .\CortexM0\ARM_GCC_541\Debug\Cm0Start.o
 .debug_ranges  0x000000e8      0x250 .\CortexM0\ARM_GCC_541\Debug\Dev Board.a(CyLib.o)
 .debug_ranges  0x00000338      0x178 .\CortexM0\ARM_GCC_541\Debug\Dev Board.a(CyLFClk.o)
 .debug_ranges  0x000004b0       0x38 .\CortexM0\ARM_GCC_541\Debug\Dev Board.a(Pin_Limit_1.o)
 .debug_ranges  0x000004e8      0x148 .\CortexM0\ARM_GCC_541\Debug\Dev Board.a(PWM_Motor.o)
 .debug_ranges  0x00000630       0x38 .\CortexM0\ARM_GCC_541\Debug\Dev Board.a(Pin_Direction.o)
 .debug_ranges  0x00000668       0x50 .\CortexM0\ARM_GCC_541\Debug\Dev Board.a(QuadDec.o)
 .debug_ranges  0x000006b8       0x88 .\CortexM0\ARM_GCC_541\Debug\Dev Board.a(QuadDec_Cnt16.o)
 .debug_ranges  0x00000740       0x30 .\CortexM0\ARM_GCC_541\Debug\Dev Board.a(Status_Reg_Switches.o)
 .debug_ranges  0x00000770       0x98 .\CortexM0\ARM_GCC_541\Debug\Dev Board.a(ADC_SAR_Seq_1.o)
 .debug_ranges  0x00000808       0x10 .\CortexM0\ARM_GCC_541\Debug\Dev Board.a(ADC_SAR_Seq_1_INT.o)
 .debug_ranges  0x00000818       0xd8 .\CortexM0\ARM_GCC_541\Debug\Dev Board.a(CAN.o)
 .debug_ranges  0x000008f0       0x18 .\CortexM0\ARM_GCC_541\Debug\Dev Board.a(CAN_INT.o)
 .debug_ranges  0x00000908       0x20 .\CortexM0\ARM_GCC_541\Debug\Dev Board.a(CAN_TX_RX_func.o)
 .debug_ranges  0x00000928       0x48 .\CortexM0\ARM_GCC_541\Debug\Dev Board.a(UART.o)
 .debug_ranges  0x00000970       0x80 .\CortexM0\ARM_GCC_541\Debug\Dev Board.a(UART_UART.o)
 .debug_ranges  0x000009f0       0x30 .\CortexM0\ARM_GCC_541\Debug\Dev Board.a(Can_addr.o)
 .debug_ranges  0x00000a20       0x30 .\CortexM0\ARM_GCC_541\Debug\Dev Board.a(CyFlash.o)
 .debug_ranges  0x00000a50       0x50 .\CortexM0\ARM_GCC_541\Debug\Dev Board.a(UART_SPI_UART.o)

.comment        0x00000000       0x6e
 .comment       0x00000000       0x6e .\CortexM0\ARM_GCC_541\Debug\main.o
                                 0x6f (size before relaxing)
 .comment       0x0000006e       0x6f .\CortexM0\ARM_GCC_541\Debug\cyfitter_cfg.o
 .comment       0x0000006e       0x6f .\CortexM0\ARM_GCC_541\Debug\cymetadata.o
 .comment       0x0000006e       0x6f .\CortexM0\ARM_GCC_541\Debug\Cm0Start.o
 .comment       0x0000006e       0x6f .\CortexM0\ARM_GCC_541\Debug\Dev Board.a(CyLib.o)
 .comment       0x0000006e       0x6f .\CortexM0\ARM_GCC_541\Debug\Dev Board.a(CyLFClk.o)
 .comment       0x0000006e       0x6f .\CortexM0\ARM_GCC_541\Debug\Dev Board.a(Pin_Limit_1.o)
 .comment       0x0000006e       0x6f .\CortexM0\ARM_GCC_541\Debug\Dev Board.a(PWM_Motor.o)
 .comment       0x0000006e       0x6f .\CortexM0\ARM_GCC_541\Debug\Dev Board.a(Pin_Direction.o)
 .comment       0x0000006e       0x6f .\CortexM0\ARM_GCC_541\Debug\Dev Board.a(QuadDec.o)
 .comment       0x0000006e       0x6f .\CortexM0\ARM_GCC_541\Debug\Dev Board.a(QuadDec_Cnt16.o)
 .comment       0x0000006e       0x6f .\CortexM0\ARM_GCC_541\Debug\Dev Board.a(Status_Reg_Switches.o)
 .comment       0x0000006e       0x6f .\CortexM0\ARM_GCC_541\Debug\Dev Board.a(ADC_SAR_Seq_1.o)
 .comment       0x0000006e       0x6f .\CortexM0\ARM_GCC_541\Debug\Dev Board.a(ADC_SAR_Seq_1_INT.o)
 .comment       0x0000006e       0x6f .\CortexM0\ARM_GCC_541\Debug\Dev Board.a(CAN.o)
 .comment       0x0000006e       0x6f .\CortexM0\ARM_GCC_541\Debug\Dev Board.a(CAN_INT.o)
 .comment       0x0000006e       0x6f .\CortexM0\ARM_GCC_541\Debug\Dev Board.a(CAN_TX_RX_func.o)
 .comment       0x0000006e       0x6f .\CortexM0\ARM_GCC_541\Debug\Dev Board.a(UART.o)
 .comment       0x0000006e       0x6f .\CortexM0\ARM_GCC_541\Debug\Dev Board.a(UART_UART.o)
 .comment       0x0000006e       0x6f .\CortexM0\ARM_GCC_541\Debug\Dev Board.a(Can_addr.o)
 .comment       0x0000006e       0x6f .\CortexM0\ARM_GCC_541\Debug\Dev Board.a(CyFlash.o)
 .comment       0x0000006e       0x6f .\CortexM0\ARM_GCC_541\Debug\Dev Board.a(UART_SPI_UART.o)

.debug_weaknames
 *(.debug_weaknames)

.debug_funcnames
 *(.debug_funcnames)

.debug_typenames
 *(.debug_typenames)

.debug_varnames
 *(.debug_varnames)

.note.gnu.arm.ident
 *(.note.gnu.arm.ident)

.ARM.attributes
                0x00000000       0x28
 *(.ARM.attributes)
 .ARM.attributes
                0x00000000       0x1e c:/program files (x86)/cypress/psoc creator/4.2/psoc creator/import/gnu/arm/5.4.1/bin/../lib/gcc/arm-none-eabi/5.4.1/armv6-m/crti.o
 .ARM.attributes
                0x0000001e       0x2c c:/program files (x86)/cypress/psoc creator/4.2/psoc creator/import/gnu/arm/5.4.1/bin/../lib/gcc/arm-none-eabi/5.4.1/armv6-m/crtbegin.o
 .ARM.attributes
                0x0000004a       0x1b c:/program files (x86)/cypress/psoc creator/4.2/psoc creator/import/gnu/arm/5.4.1/bin/../lib/gcc/arm-none-eabi/5.4.1/../../../../arm-none-eabi/lib/armv6-m/crt0.o
 .ARM.attributes
                0x00000065       0x31 .\CortexM0\ARM_GCC_541\Debug\main.o
 .ARM.attributes
                0x00000096       0x31 .\CortexM0\ARM_GCC_541\Debug\cyfitter_cfg.o
 .ARM.attributes
                0x000000c7       0x31 .\CortexM0\ARM_GCC_541\Debug\cymetadata.o
 .ARM.attributes
                0x000000f8       0x31 .\CortexM0\ARM_GCC_541\Debug\Cm0Start.o
 .ARM.attributes
                0x00000129       0x31 .\CortexM0\ARM_GCC_541\Debug\Dev Board.a(CyLib.o)
 .ARM.attributes
                0x0000015a       0x31 .\CortexM0\ARM_GCC_541\Debug\Dev Board.a(CyLFClk.o)
 .ARM.attributes
                0x0000018b       0x31 .\CortexM0\ARM_GCC_541\Debug\Dev Board.a(Pin_Limit_1.o)
 .ARM.attributes
                0x000001bc       0x31 .\CortexM0\ARM_GCC_541\Debug\Dev Board.a(PWM_Motor.o)
 .ARM.attributes
                0x000001ed       0x31 .\CortexM0\ARM_GCC_541\Debug\Dev Board.a(Pin_Direction.o)
 .ARM.attributes
                0x0000021e       0x31 .\CortexM0\ARM_GCC_541\Debug\Dev Board.a(QuadDec.o)
 .ARM.attributes
                0x0000024f       0x31 .\CortexM0\ARM_GCC_541\Debug\Dev Board.a(QuadDec_Cnt16.o)
 .ARM.attributes
                0x00000280       0x31 .\CortexM0\ARM_GCC_541\Debug\Dev Board.a(Status_Reg_Switches.o)
 .ARM.attributes
                0x000002b1       0x31 .\CortexM0\ARM_GCC_541\Debug\Dev Board.a(ADC_SAR_Seq_1.o)
 .ARM.attributes
                0x000002e2       0x31 .\CortexM0\ARM_GCC_541\Debug\Dev Board.a(ADC_SAR_Seq_1_INT.o)
 .ARM.attributes
                0x00000313       0x31 .\CortexM0\ARM_GCC_541\Debug\Dev Board.a(CAN.o)
 .ARM.attributes
                0x00000344       0x31 .\CortexM0\ARM_GCC_541\Debug\Dev Board.a(CAN_INT.o)
 .ARM.attributes
                0x00000375       0x31 .\CortexM0\ARM_GCC_541\Debug\Dev Board.a(CAN_TX_RX_func.o)
 .ARM.attributes
                0x000003a6       0x31 .\CortexM0\ARM_GCC_541\Debug\Dev Board.a(UART.o)
 .ARM.attributes
                0x000003d7       0x31 .\CortexM0\ARM_GCC_541\Debug\Dev Board.a(UART_UART.o)
 .ARM.attributes
                0x00000408       0x31 .\CortexM0\ARM_GCC_541\Debug\Dev Board.a(Can_addr.o)
 .ARM.attributes
                0x00000439       0x21 .\CortexM0\ARM_GCC_541\Debug\Dev Board.a(CyBootAsmGnu.o)
 .ARM.attributes
                0x0000045a       0x31 .\CortexM0\ARM_GCC_541\Debug\Dev Board.a(CyFlash.o)
 .ARM.attributes
                0x0000048b       0x31 .\CortexM0\ARM_GCC_541\Debug\Dev Board.a(UART_SPI_UART.o)
 .ARM.attributes
                0x000004bc       0x1e c:/program files (x86)/cypress/psoc creator/4.2/psoc creator/import/gnu/arm/5.4.1/bin/../lib/gcc/arm-none-eabi/5.4.1/armv6-m\libgcc.a(_udivsi3.o)
 .ARM.attributes
                0x000004da       0x1e c:/program files (x86)/cypress/psoc creator/4.2/psoc creator/import/gnu/arm/5.4.1/bin/../lib/gcc/arm-none-eabi/5.4.1/armv6-m\libgcc.a(_divsi3.o)
 .ARM.attributes
                0x000004f8       0x1e c:/program files (x86)/cypress/psoc creator/4.2/psoc creator/import/gnu/arm/5.4.1/bin/../lib/gcc/arm-none-eabi/5.4.1/armv6-m\libgcc.a(_dvmd_tls.o)
 .ARM.attributes
                0x00000516       0x1e c:/program files (x86)/cypress/psoc creator/4.2/psoc creator/import/gnu/arm/5.4.1/bin/../lib/gcc/arm-none-eabi/5.4.1/armv6-m\libgcc.a(_aeabi_ldivmod.o)
 .ARM.attributes
                0x00000534       0x2c c:/program files (x86)/cypress/psoc creator/4.2/psoc creator/import/gnu/arm/5.4.1/bin/../lib/gcc/arm-none-eabi/5.4.1/armv6-m\libgcc.a(_muldi3.o)
 .ARM.attributes
                0x00000560       0x2c c:/program files (x86)/cypress/psoc creator/4.2/psoc creator/import/gnu/arm/5.4.1/bin/../lib/gcc/arm-none-eabi/5.4.1/armv6-m\libgcc.a(bpabi.o)
 .ARM.attributes
                0x0000058c       0x2c c:/program files (x86)/cypress/psoc creator/4.2/psoc creator/import/gnu/arm/5.4.1/bin/../lib/gcc/arm-none-eabi/5.4.1/armv6-m\libgcc.a(divsf3.o)
 .ARM.attributes
                0x000005b8       0x2c c:/program files (x86)/cypress/psoc creator/4.2/psoc creator/import/gnu/arm/5.4.1/bin/../lib/gcc/arm-none-eabi/5.4.1/armv6-m\libgcc.a(mulsf3.o)
 .ARM.attributes
                0x000005e4       0x2c c:/program files (x86)/cypress/psoc creator/4.2/psoc creator/import/gnu/arm/5.4.1/bin/../lib/gcc/arm-none-eabi/5.4.1/armv6-m\libgcc.a(floatsisf.o)
 .ARM.attributes
                0x00000610       0x1e c:/program files (x86)/cypress/psoc creator/4.2/psoc creator/import/gnu/arm/5.4.1/bin/../lib/gcc/arm-none-eabi/5.4.1/armv6-m\libgcc.a(_clzsi2.o)
 .ARM.attributes
                0x0000062e       0x2c c:/program files (x86)/cypress/psoc creator/4.2/psoc creator/import/gnu/arm/5.4.1/bin/../lib/gcc/arm-none-eabi/5.4.1/armv6-m\libgcc.a(_divdi3.o)
 .ARM.attributes
                0x0000065a       0x1e c:/program files (x86)/cypress/psoc creator/4.2/psoc creator/import/gnu/arm/5.4.1/bin/../lib/gcc/arm-none-eabi/5.4.1/armv6-m\libgcc.a(_clzdi2.o)
 .ARM.attributes
                0x00000678       0x2c c:/program files (x86)/cypress/psoc creator/4.2/psoc creator/import/gnu/arm/5.4.1/bin/../lib/gcc/arm-none-eabi/5.4.1/../../../../arm-none-eabi/lib/armv6-m\libg_nano.a(lib_a-errno.o)
 .ARM.attributes
                0x000006a4       0x2c c:/program files (x86)/cypress/psoc creator/4.2/psoc creator/import/gnu/arm/5.4.1/bin/../lib/gcc/arm-none-eabi/5.4.1/../../../../arm-none-eabi/lib/armv6-m\libg_nano.a(lib_a-exit.o)
 .ARM.attributes
                0x000006d0       0x2c c:/program files (x86)/cypress/psoc creator/4.2/psoc creator/import/gnu/arm/5.4.1/bin/../lib/gcc/arm-none-eabi/5.4.1/../../../../arm-none-eabi/lib/armv6-m\libg_nano.a(lib_a-impure.o)
 .ARM.attributes
                0x000006fc       0x2c c:/program files (x86)/cypress/psoc creator/4.2/psoc creator/import/gnu/arm/5.4.1/bin/../lib/gcc/arm-none-eabi/5.4.1/../../../../arm-none-eabi/lib/armv6-m\libg_nano.a(lib_a-init.o)
 .ARM.attributes
                0x00000728       0x2c c:/program files (x86)/cypress/psoc creator/4.2/psoc creator/import/gnu/arm/5.4.1/bin/../lib/gcc/arm-none-eabi/5.4.1/../../../../arm-none-eabi/lib/armv6-m\libg_nano.a(lib_a-memcpy-stub.o)
 .ARM.attributes
                0x00000754       0x2c c:/program files (x86)/cypress/psoc creator/4.2/psoc creator/import/gnu/arm/5.4.1/bin/../lib/gcc/arm-none-eabi/5.4.1/../../../../arm-none-eabi/lib/armv6-m\libg_nano.a(lib_a-memset.o)
 .ARM.attributes
                0x00000780       0x2c c:/program files (x86)/cypress/psoc creator/4.2/psoc creator/import/gnu/arm/5.4.1/bin/../lib/gcc/arm-none-eabi/5.4.1/../../../../arm-none-eabi/lib/armv6-m\libg_nano.a(lib_a-sprintf.o)
 .ARM.attributes
                0x000007ac       0x2c c:/program files (x86)/cypress/psoc creator/4.2/psoc creator/import/gnu/arm/5.4.1/bin/../lib/gcc/arm-none-eabi/5.4.1/../../../../arm-none-eabi/lib/armv6-m\libg_nano.a(lib_a-nano-svfprintf.o)
 .ARM.attributes
                0x000007d8       0x2c c:/program files (x86)/cypress/psoc creator/4.2/psoc creator/import/gnu/arm/5.4.1/bin/../lib/gcc/arm-none-eabi/5.4.1/../../../../arm-none-eabi/lib/armv6-m\libg_nano.a(lib_a-nano-vfprintf_i.o)
 .ARM.attributes
                0x00000804       0x2c c:/program files (x86)/cypress/psoc creator/4.2/psoc creator/import/gnu/arm/5.4.1/bin/../lib/gcc/arm-none-eabi/5.4.1/../../../../arm-none-eabi/lib/armv6-m\libg_nano.a(lib_a-memchr-stub.o)
 .ARM.attributes
                0x00000830       0x2c c:/program files (x86)/cypress/psoc creator/4.2/psoc creator/import/gnu/arm/5.4.1/bin/../lib/gcc/arm-none-eabi/5.4.1/../../../../arm-none-eabi/lib/armv6-m\libg_nano.a(lib_a-memmove.o)
 .ARM.attributes
                0x0000085c       0x2c c:/program files (x86)/cypress/psoc creator/4.2/psoc creator/import/gnu/arm/5.4.1/bin/../lib/gcc/arm-none-eabi/5.4.1/../../../../arm-none-eabi/lib/armv6-m\libg_nano.a(lib_a-nano-freer.o)
 .ARM.attributes
                0x00000888       0x2c c:/program files (x86)/cypress/psoc creator/4.2/psoc creator/import/gnu/arm/5.4.1/bin/../lib/gcc/arm-none-eabi/5.4.1/../../../../arm-none-eabi/lib/armv6-m\libg_nano.a(lib_a-nano-mallocr.o)
 .ARM.attributes
                0x000008b4       0x2c c:/program files (x86)/cypress/psoc creator/4.2/psoc creator/import/gnu/arm/5.4.1/bin/../lib/gcc/arm-none-eabi/5.4.1/../../../../arm-none-eabi/lib/armv6-m\libg_nano.a(lib_a-nano-reallocr.o)
 .ARM.attributes
                0x000008e0       0x2c c:/program files (x86)/cypress/psoc creator/4.2/psoc creator/import/gnu/arm/5.4.1/bin/../lib/gcc/arm-none-eabi/5.4.1/../../../../arm-none-eabi/lib/armv6-m\libg_nano.a(lib_a-sbrkr.o)
 .ARM.attributes
                0x0000090c       0x2c c:/program files (x86)/cypress/psoc creator/4.2/psoc creator/import/gnu/arm/5.4.1/bin/../lib/gcc/arm-none-eabi/5.4.1/../../../../arm-none-eabi/lib/armv6-m\libg_nano.a(lib_a-mlock.o)
 .ARM.attributes
                0x00000938       0x2c c:/program files (x86)/cypress/psoc creator/4.2/psoc creator/import/gnu/arm/5.4.1/bin/../lib/gcc/arm-none-eabi/5.4.1/../../../../arm-none-eabi/lib/armv6-m\libg_nano.a(lib_a-nano-msizer.o)
 .ARM.attributes
                0x00000964       0x2c c:/program files (x86)/cypress/psoc creator/4.2/psoc creator/import/gnu/arm/5.4.1/bin/../lib/gcc/arm-none-eabi/5.4.1/../../../../arm-none-eabi/lib/armv6-m\libg_nano.a(lib_a-reent.o)
 .ARM.attributes
                0x00000990       0x2c c:/program files (x86)/cypress/psoc creator/4.2/psoc creator/import/gnu/arm/5.4.1/bin/../lib/gcc/arm-none-eabi/5.4.1/armv6-m/crtend.o
 .ARM.attributes
                0x000009bc       0x1e c:/program files (x86)/cypress/psoc creator/4.2/psoc creator/import/gnu/arm/5.4.1/bin/../lib/gcc/arm-none-eabi/5.4.1/armv6-m/crtn.o

/DISCARD/
 *(.note.GNU-stack)
OUTPUT(C:\Users\austc\OneDrive\Documents\GitHub\Electronics2018-19\Psoc Arm\Dev Board.cydsn\CortexM0\ARM_GCC_541\Debug\Dev Board.elf elf32-littlearm)
