ARM GAS  C:\Users\austc\AppData\Local\Temp\ccITERrX.s 			page 1


   1              		.syntax unified
   2              		.cpu cortex-m0
   3              		.fpu softvfp
   4              		.eabi_attribute 20, 1
   5              		.eabi_attribute 21, 1
   6              		.eabi_attribute 23, 3
   7              		.eabi_attribute 24, 1
   8              		.eabi_attribute 25, 1
   9              		.eabi_attribute 26, 1
  10              		.eabi_attribute 30, 1
  11              		.eabi_attribute 34, 0
  12              		.eabi_attribute 18, 4
  13              		.thumb
  14              		.syntax unified
  15              		.file	"cyfitter_cfg.c"
  16              		.text
  17              	.Ltext0:
  18              		.cfi_sections	.debug_frame
  19              		.section	.text.AnalogSetDefault,"ax",%progbits
  20              		.align	2
  21              		.code	16
  22              		.thumb_func
  23              		.type	AnalogSetDefault, %function
  24              	AnalogSetDefault:
  25              	.LFB5:
  26              		.file 1 "Generated_Source\\PSoC4\\cyfitter_cfg.c"
   1:Generated_Source\PSoC4/cyfitter_cfg.c **** 
   2:Generated_Source\PSoC4/cyfitter_cfg.c **** /*******************************************************************************
   3:Generated_Source\PSoC4/cyfitter_cfg.c **** * File Name: cyfitter_cfg.c
   4:Generated_Source\PSoC4/cyfitter_cfg.c **** * 
   5:Generated_Source\PSoC4/cyfitter_cfg.c **** * PSoC Creator  4.2
   6:Generated_Source\PSoC4/cyfitter_cfg.c **** *
   7:Generated_Source\PSoC4/cyfitter_cfg.c **** * Description:
   8:Generated_Source\PSoC4/cyfitter_cfg.c **** * This file contains device initialization code.
   9:Generated_Source\PSoC4/cyfitter_cfg.c **** * Except for the user defined sections in CyClockStartupError(), this file should not be modified.
  10:Generated_Source\PSoC4/cyfitter_cfg.c **** * This file is automatically generated by PSoC Creator.
  11:Generated_Source\PSoC4/cyfitter_cfg.c **** *
  12:Generated_Source\PSoC4/cyfitter_cfg.c **** ********************************************************************************
  13:Generated_Source\PSoC4/cyfitter_cfg.c **** * Copyright (c) 2007-2018 Cypress Semiconductor.  All rights reserved.
  14:Generated_Source\PSoC4/cyfitter_cfg.c **** * You may use this file only in accordance with the license, terms, conditions, 
  15:Generated_Source\PSoC4/cyfitter_cfg.c **** * disclaimers, and limitations in the end user license agreement accompanying 
  16:Generated_Source\PSoC4/cyfitter_cfg.c **** * the software package with which this file was provided.
  17:Generated_Source\PSoC4/cyfitter_cfg.c **** ********************************************************************************/
  18:Generated_Source\PSoC4/cyfitter_cfg.c **** 
  19:Generated_Source\PSoC4/cyfitter_cfg.c **** #include <string.h>
  20:Generated_Source\PSoC4/cyfitter_cfg.c **** #include "cytypes.h"
  21:Generated_Source\PSoC4/cyfitter_cfg.c **** #include "cydevice_trm.h"
  22:Generated_Source\PSoC4/cyfitter_cfg.c **** #include "cyfitter.h"
  23:Generated_Source\PSoC4/cyfitter_cfg.c **** #include "CyLib.h"
  24:Generated_Source\PSoC4/cyfitter_cfg.c **** #include "CyLFClk.h"
  25:Generated_Source\PSoC4/cyfitter_cfg.c **** #include "cyfitter_cfg.h"
  26:Generated_Source\PSoC4/cyfitter_cfg.c **** #include "cyapicallbacks.h"
  27:Generated_Source\PSoC4/cyfitter_cfg.c **** 
  28:Generated_Source\PSoC4/cyfitter_cfg.c **** 
  29:Generated_Source\PSoC4/cyfitter_cfg.c **** #if defined(__GNUC__) || defined(__ARMCC_VERSION)
  30:Generated_Source\PSoC4/cyfitter_cfg.c ****     #define CYPACKED 
  31:Generated_Source\PSoC4/cyfitter_cfg.c ****     #define CYPACKED_ATTR __attribute__ ((packed))
ARM GAS  C:\Users\austc\AppData\Local\Temp\ccITERrX.s 			page 2


  32:Generated_Source\PSoC4/cyfitter_cfg.c ****     #define CYALIGNED __attribute__ ((aligned))
  33:Generated_Source\PSoC4/cyfitter_cfg.c ****     #define CY_CFG_UNUSED __attribute__ ((unused))
  34:Generated_Source\PSoC4/cyfitter_cfg.c ****     #ifndef CY_CFG_SECTION
  35:Generated_Source\PSoC4/cyfitter_cfg.c ****         #define CY_CFG_SECTION __attribute__ ((section(".psocinit")))
  36:Generated_Source\PSoC4/cyfitter_cfg.c ****     #endif
  37:Generated_Source\PSoC4/cyfitter_cfg.c ****     
  38:Generated_Source\PSoC4/cyfitter_cfg.c ****     #if defined(__ARMCC_VERSION)
  39:Generated_Source\PSoC4/cyfitter_cfg.c ****         #define CY_CFG_MEMORY_BARRIER() __memory_changed()
  40:Generated_Source\PSoC4/cyfitter_cfg.c ****     #else
  41:Generated_Source\PSoC4/cyfitter_cfg.c ****         #define CY_CFG_MEMORY_BARRIER() __sync_synchronize()
  42:Generated_Source\PSoC4/cyfitter_cfg.c ****     #endif
  43:Generated_Source\PSoC4/cyfitter_cfg.c ****     
  44:Generated_Source\PSoC4/cyfitter_cfg.c **** #elif defined(__ICCARM__)
  45:Generated_Source\PSoC4/cyfitter_cfg.c ****     #include <intrinsics.h>
  46:Generated_Source\PSoC4/cyfitter_cfg.c **** 
  47:Generated_Source\PSoC4/cyfitter_cfg.c ****     #define CYPACKED __packed
  48:Generated_Source\PSoC4/cyfitter_cfg.c ****     #define CYPACKED_ATTR 
  49:Generated_Source\PSoC4/cyfitter_cfg.c ****     #define CYALIGNED _Pragma("data_alignment=4")
  50:Generated_Source\PSoC4/cyfitter_cfg.c ****     #define CY_CFG_UNUSED _Pragma("diag_suppress=Pe177")
  51:Generated_Source\PSoC4/cyfitter_cfg.c ****     #define CY_CFG_SECTION _Pragma("location=\".psocinit\"")
  52:Generated_Source\PSoC4/cyfitter_cfg.c ****     
  53:Generated_Source\PSoC4/cyfitter_cfg.c ****     #define CY_CFG_MEMORY_BARRIER() __DMB()
  54:Generated_Source\PSoC4/cyfitter_cfg.c ****     
  55:Generated_Source\PSoC4/cyfitter_cfg.c **** #else
  56:Generated_Source\PSoC4/cyfitter_cfg.c ****     #error Unsupported toolchain
  57:Generated_Source\PSoC4/cyfitter_cfg.c **** #endif
  58:Generated_Source\PSoC4/cyfitter_cfg.c **** 
  59:Generated_Source\PSoC4/cyfitter_cfg.c **** #ifndef CYCODE
  60:Generated_Source\PSoC4/cyfitter_cfg.c ****     #define CYCODE
  61:Generated_Source\PSoC4/cyfitter_cfg.c **** #endif
  62:Generated_Source\PSoC4/cyfitter_cfg.c **** #ifndef CYDATA
  63:Generated_Source\PSoC4/cyfitter_cfg.c ****     #define CYDATA
  64:Generated_Source\PSoC4/cyfitter_cfg.c **** #endif
  65:Generated_Source\PSoC4/cyfitter_cfg.c **** #ifndef CYFAR
  66:Generated_Source\PSoC4/cyfitter_cfg.c ****     #define CYFAR
  67:Generated_Source\PSoC4/cyfitter_cfg.c **** #endif
  68:Generated_Source\PSoC4/cyfitter_cfg.c **** #ifndef CYXDATA
  69:Generated_Source\PSoC4/cyfitter_cfg.c ****     #define CYXDATA
  70:Generated_Source\PSoC4/cyfitter_cfg.c **** #endif
  71:Generated_Source\PSoC4/cyfitter_cfg.c **** 
  72:Generated_Source\PSoC4/cyfitter_cfg.c **** 
  73:Generated_Source\PSoC4/cyfitter_cfg.c **** CY_CFG_UNUSED
  74:Generated_Source\PSoC4/cyfitter_cfg.c **** static void CYMEMZERO(void *s, size_t n);
  75:Generated_Source\PSoC4/cyfitter_cfg.c **** CY_CFG_UNUSED
  76:Generated_Source\PSoC4/cyfitter_cfg.c **** static void CYMEMZERO(void *s, size_t n)
  77:Generated_Source\PSoC4/cyfitter_cfg.c **** {
  78:Generated_Source\PSoC4/cyfitter_cfg.c **** 	(void)memset(s, 0, n);
  79:Generated_Source\PSoC4/cyfitter_cfg.c **** }
  80:Generated_Source\PSoC4/cyfitter_cfg.c **** CY_CFG_UNUSED
  81:Generated_Source\PSoC4/cyfitter_cfg.c **** static void CYCONFIGCPY(void *dest, const void *src, size_t n);
  82:Generated_Source\PSoC4/cyfitter_cfg.c **** CY_CFG_UNUSED
  83:Generated_Source\PSoC4/cyfitter_cfg.c **** static void CYCONFIGCPY(void *dest, const void *src, size_t n)
  84:Generated_Source\PSoC4/cyfitter_cfg.c **** {
  85:Generated_Source\PSoC4/cyfitter_cfg.c **** 	(void)memcpy(dest, src, n);
  86:Generated_Source\PSoC4/cyfitter_cfg.c **** }
  87:Generated_Source\PSoC4/cyfitter_cfg.c **** CY_CFG_UNUSED
  88:Generated_Source\PSoC4/cyfitter_cfg.c **** static void CYCONFIGCPYCODE(void *dest, const void *src, size_t n);
ARM GAS  C:\Users\austc\AppData\Local\Temp\ccITERrX.s 			page 3


  89:Generated_Source\PSoC4/cyfitter_cfg.c **** CY_CFG_UNUSED
  90:Generated_Source\PSoC4/cyfitter_cfg.c **** static void CYCONFIGCPYCODE(void *dest, const void *src, size_t n)
  91:Generated_Source\PSoC4/cyfitter_cfg.c **** {
  92:Generated_Source\PSoC4/cyfitter_cfg.c **** 	(void)memcpy(dest, src, n);
  93:Generated_Source\PSoC4/cyfitter_cfg.c **** }
  94:Generated_Source\PSoC4/cyfitter_cfg.c **** 
  95:Generated_Source\PSoC4/cyfitter_cfg.c **** 
  96:Generated_Source\PSoC4/cyfitter_cfg.c **** 
  97:Generated_Source\PSoC4/cyfitter_cfg.c **** 
  98:Generated_Source\PSoC4/cyfitter_cfg.c **** /* Clock startup error codes                                                   */
  99:Generated_Source\PSoC4/cyfitter_cfg.c **** #define CYCLOCKSTART_NO_ERROR    0u
 100:Generated_Source\PSoC4/cyfitter_cfg.c **** #define CYCLOCKSTART_XTAL_ERROR  1u
 101:Generated_Source\PSoC4/cyfitter_cfg.c **** #define CYCLOCKSTART_32KHZ_ERROR 2u
 102:Generated_Source\PSoC4/cyfitter_cfg.c **** #define CYCLOCKSTART_PLL_ERROR   3u
 103:Generated_Source\PSoC4/cyfitter_cfg.c **** #define CYCLOCKSTART_FLL_ERROR   4u
 104:Generated_Source\PSoC4/cyfitter_cfg.c **** #define CYCLOCKSTART_WCO_ERROR   5u
 105:Generated_Source\PSoC4/cyfitter_cfg.c **** 
 106:Generated_Source\PSoC4/cyfitter_cfg.c **** 
 107:Generated_Source\PSoC4/cyfitter_cfg.c **** #ifdef CY_NEED_CYCLOCKSTARTUPERROR
 108:Generated_Source\PSoC4/cyfitter_cfg.c **** /*******************************************************************************
 109:Generated_Source\PSoC4/cyfitter_cfg.c **** * Function Name: CyClockStartupError
 110:Generated_Source\PSoC4/cyfitter_cfg.c **** ********************************************************************************
 111:Generated_Source\PSoC4/cyfitter_cfg.c **** * Summary:
 112:Generated_Source\PSoC4/cyfitter_cfg.c **** *  If an error is encountered during clock configuration (crystal startup error,
 113:Generated_Source\PSoC4/cyfitter_cfg.c **** *  PLL lock error, etc.), the system will end up here.  Unless reimplemented by
 114:Generated_Source\PSoC4/cyfitter_cfg.c **** *  the customer, this function will stop in an infinite loop.
 115:Generated_Source\PSoC4/cyfitter_cfg.c **** *
 116:Generated_Source\PSoC4/cyfitter_cfg.c **** * Parameters:
 117:Generated_Source\PSoC4/cyfitter_cfg.c **** *   void
 118:Generated_Source\PSoC4/cyfitter_cfg.c **** *
 119:Generated_Source\PSoC4/cyfitter_cfg.c **** * Return:
 120:Generated_Source\PSoC4/cyfitter_cfg.c **** *   void
 121:Generated_Source\PSoC4/cyfitter_cfg.c **** *
 122:Generated_Source\PSoC4/cyfitter_cfg.c **** *******************************************************************************/
 123:Generated_Source\PSoC4/cyfitter_cfg.c **** CY_CFG_UNUSED
 124:Generated_Source\PSoC4/cyfitter_cfg.c **** static void CyClockStartupError(uint8 errorCode);
 125:Generated_Source\PSoC4/cyfitter_cfg.c **** CY_CFG_UNUSED
 126:Generated_Source\PSoC4/cyfitter_cfg.c **** static void CyClockStartupError(uint8 errorCode)
 127:Generated_Source\PSoC4/cyfitter_cfg.c **** {
 128:Generated_Source\PSoC4/cyfitter_cfg.c ****     /* To remove the compiler warning if errorCode not used.                */
 129:Generated_Source\PSoC4/cyfitter_cfg.c ****     errorCode = errorCode;
 130:Generated_Source\PSoC4/cyfitter_cfg.c **** 
 131:Generated_Source\PSoC4/cyfitter_cfg.c ****     /* If we have a clock startup error (bad MHz crystal, PLL lock, etc.),  */
 132:Generated_Source\PSoC4/cyfitter_cfg.c ****     /* we will end up here to allow the customer to implement something to  */
 133:Generated_Source\PSoC4/cyfitter_cfg.c ****     /* deal with the clock condition.                                       */
 134:Generated_Source\PSoC4/cyfitter_cfg.c **** 
 135:Generated_Source\PSoC4/cyfitter_cfg.c **** #ifdef CY_CFG_CLOCK_STARTUP_ERROR_CALLBACK
 136:Generated_Source\PSoC4/cyfitter_cfg.c ****     CY_CFG_Clock_Startup_ErrorCallback();
 137:Generated_Source\PSoC4/cyfitter_cfg.c **** #else
 138:Generated_Source\PSoC4/cyfitter_cfg.c ****     /*  If not using CY_CFG_CLOCK_STARTUP_ERROR_CALLBACK, place your clock startup code here. */
 139:Generated_Source\PSoC4/cyfitter_cfg.c ****     /* `#START CyClockStartupError` */
 140:Generated_Source\PSoC4/cyfitter_cfg.c **** 
 141:Generated_Source\PSoC4/cyfitter_cfg.c **** 
 142:Generated_Source\PSoC4/cyfitter_cfg.c **** 
 143:Generated_Source\PSoC4/cyfitter_cfg.c ****     /* `#END` */
 144:Generated_Source\PSoC4/cyfitter_cfg.c **** 
 145:Generated_Source\PSoC4/cyfitter_cfg.c ****     while(1) {}
ARM GAS  C:\Users\austc\AppData\Local\Temp\ccITERrX.s 			page 4


 146:Generated_Source\PSoC4/cyfitter_cfg.c **** #endif /* CY_CFG_CLOCK_STARTUP_ERROR_CALLBACK */
 147:Generated_Source\PSoC4/cyfitter_cfg.c **** }
 148:Generated_Source\PSoC4/cyfitter_cfg.c **** #endif
 149:Generated_Source\PSoC4/cyfitter_cfg.c **** 
 150:Generated_Source\PSoC4/cyfitter_cfg.c **** 
 151:Generated_Source\PSoC4/cyfitter_cfg.c **** 
 152:Generated_Source\PSoC4/cyfitter_cfg.c **** /*******************************************************************************
 153:Generated_Source\PSoC4/cyfitter_cfg.c **** * Function Name: ClockSetup
 154:Generated_Source\PSoC4/cyfitter_cfg.c **** ********************************************************************************
 155:Generated_Source\PSoC4/cyfitter_cfg.c **** *
 156:Generated_Source\PSoC4/cyfitter_cfg.c **** * Summary:
 157:Generated_Source\PSoC4/cyfitter_cfg.c **** *   Performs the initialization of all of the clocks in the device based on the
 158:Generated_Source\PSoC4/cyfitter_cfg.c **** *   settings in the Clock tab of the DWR.  This includes enabling the requested
 159:Generated_Source\PSoC4/cyfitter_cfg.c **** *   clocks and setting the necessary dividers to produce the desired frequency. 
 160:Generated_Source\PSoC4/cyfitter_cfg.c **** *
 161:Generated_Source\PSoC4/cyfitter_cfg.c **** * Parameters:
 162:Generated_Source\PSoC4/cyfitter_cfg.c **** *   void
 163:Generated_Source\PSoC4/cyfitter_cfg.c **** *
 164:Generated_Source\PSoC4/cyfitter_cfg.c **** * Return:
 165:Generated_Source\PSoC4/cyfitter_cfg.c **** *   void
 166:Generated_Source\PSoC4/cyfitter_cfg.c **** *
 167:Generated_Source\PSoC4/cyfitter_cfg.c **** *******************************************************************************/
 168:Generated_Source\PSoC4/cyfitter_cfg.c **** static void ClockSetup(void);
 169:Generated_Source\PSoC4/cyfitter_cfg.c **** CY_CFG_SECTION
 170:Generated_Source\PSoC4/cyfitter_cfg.c **** static void ClockSetup(void)
 171:Generated_Source\PSoC4/cyfitter_cfg.c **** {
 172:Generated_Source\PSoC4/cyfitter_cfg.c **** 
 173:Generated_Source\PSoC4/cyfitter_cfg.c **** 	/* Set Flash Cycles based on max possible frequency in case a glitch occurs during ClockSetup(). *
 174:Generated_Source\PSoC4/cyfitter_cfg.c **** 	CY_SET_REG32((void CYXDATA *)(CYREG_CPUSS_FLASH_CTL), (0x0012u));
 175:Generated_Source\PSoC4/cyfitter_cfg.c **** 
 176:Generated_Source\PSoC4/cyfitter_cfg.c **** 	/* Start the WCO */
 177:Generated_Source\PSoC4/cyfitter_cfg.c **** 	CySysClkWcoStart();
 178:Generated_Source\PSoC4/cyfitter_cfg.c **** 	CyDelayCycles(12000000u); /* WCO may take up to 500ms to start */
 179:Generated_Source\PSoC4/cyfitter_cfg.c **** 
 180:Generated_Source\PSoC4/cyfitter_cfg.c **** 	/* Setup and trim IMO based on desired frequency. */
 181:Generated_Source\PSoC4/cyfitter_cfg.c **** 	CySysClkWriteImoFreq(24u);
 182:Generated_Source\PSoC4/cyfitter_cfg.c **** 	CySysClkImoEnableWcoLock();
 183:Generated_Source\PSoC4/cyfitter_cfg.c **** 	/* CYDEV_CLK_ILO_CONFIG Starting address: CYDEV_CLK_ILO_CONFIG */
 184:Generated_Source\PSoC4/cyfitter_cfg.c **** 	CY_SET_REG32((void *)(CYREG_CLK_ILO_CONFIG), 0x80000006u);
 185:Generated_Source\PSoC4/cyfitter_cfg.c **** 
 186:Generated_Source\PSoC4/cyfitter_cfg.c **** 	/* CYDEV_WDT_CONFIG Starting address: CYDEV_WDT_CONFIG */
 187:Generated_Source\PSoC4/cyfitter_cfg.c **** 	CY_SET_REG32((void *)(CYREG_WDT_CONFIG), 0x40000000u);
 188:Generated_Source\PSoC4/cyfitter_cfg.c **** 
 189:Generated_Source\PSoC4/cyfitter_cfg.c **** 
 190:Generated_Source\PSoC4/cyfitter_cfg.c **** 	/* Setup phase aligned clocks */
 191:Generated_Source\PSoC4/cyfitter_cfg.c **** 	CY_SET_REG32((void *)CYREG_PERI_DIV_16_CTL0, 0x00000000u);
 192:Generated_Source\PSoC4/cyfitter_cfg.c **** 	CY_SET_REG32((void *)CYREG_PERI_DIV_CMD, 0x8000FF40u);
 193:Generated_Source\PSoC4/cyfitter_cfg.c **** 	CY_SET_REG32((void *)CYREG_PERI_DIV_16_CTL1, 0x00001000u);
 194:Generated_Source\PSoC4/cyfitter_cfg.c **** 	CY_SET_REG32((void *)CYREG_PERI_DIV_CMD, 0x8000FF41u);
 195:Generated_Source\PSoC4/cyfitter_cfg.c **** 
 196:Generated_Source\PSoC4/cyfitter_cfg.c **** 	/* CYDEV_CLK_IMO_CONFIG Starting address: CYDEV_CLK_IMO_CONFIG */
 197:Generated_Source\PSoC4/cyfitter_cfg.c **** 	CY_SET_REG32((void *)(CYREG_CLK_IMO_CONFIG), 0x80000000u);
 198:Generated_Source\PSoC4/cyfitter_cfg.c **** 
 199:Generated_Source\PSoC4/cyfitter_cfg.c **** 	/* CYDEV_CLK_SELECT Starting address: CYDEV_CLK_SELECT */
 200:Generated_Source\PSoC4/cyfitter_cfg.c **** 	CY_SET_REG32((void *)(CYREG_CLK_SELECT), 0x00000000u);
 201:Generated_Source\PSoC4/cyfitter_cfg.c **** 
 202:Generated_Source\PSoC4/cyfitter_cfg.c **** 	/* CYDEV_PERI_PCLK_CTL3 Starting address: CYDEV_PERI_PCLK_CTL3 */
ARM GAS  C:\Users\austc\AppData\Local\Temp\ccITERrX.s 			page 5


 203:Generated_Source\PSoC4/cyfitter_cfg.c **** 	CY_SET_REG32((void *)(CYREG_PERI_PCLK_CTL3), 0x00000041u);
 204:Generated_Source\PSoC4/cyfitter_cfg.c **** 
 205:Generated_Source\PSoC4/cyfitter_cfg.c **** 	(void)CyIntSetVector(8u, &CySysWdtIsr);
 206:Generated_Source\PSoC4/cyfitter_cfg.c **** 	CyIntEnable(8u);
 207:Generated_Source\PSoC4/cyfitter_cfg.c **** 	CY_SET_REG32((void *)(CYREG_WDT_CONFIG), 0x40000000u);
 208:Generated_Source\PSoC4/cyfitter_cfg.c **** 	/* Set Flash Cycles based on newly configured 24.00MHz HFCLK. */
 209:Generated_Source\PSoC4/cyfitter_cfg.c **** 	CY_SET_REG32((void CYXDATA *)(CYREG_CPUSS_FLASH_CTL), (0x0011u));
 210:Generated_Source\PSoC4/cyfitter_cfg.c **** }
 211:Generated_Source\PSoC4/cyfitter_cfg.c **** 
 212:Generated_Source\PSoC4/cyfitter_cfg.c **** 
 213:Generated_Source\PSoC4/cyfitter_cfg.c **** /* Analog API Functions */
 214:Generated_Source\PSoC4/cyfitter_cfg.c **** 
 215:Generated_Source\PSoC4/cyfitter_cfg.c **** 
 216:Generated_Source\PSoC4/cyfitter_cfg.c **** /*******************************************************************************
 217:Generated_Source\PSoC4/cyfitter_cfg.c **** * Function Name: AnalogSetDefault
 218:Generated_Source\PSoC4/cyfitter_cfg.c **** ********************************************************************************
 219:Generated_Source\PSoC4/cyfitter_cfg.c **** *
 220:Generated_Source\PSoC4/cyfitter_cfg.c **** * Summary:
 221:Generated_Source\PSoC4/cyfitter_cfg.c **** *  Sets up the analog portions of the chip to default values based on chip
 222:Generated_Source\PSoC4/cyfitter_cfg.c **** *  configuration options from the project.
 223:Generated_Source\PSoC4/cyfitter_cfg.c **** *
 224:Generated_Source\PSoC4/cyfitter_cfg.c **** * Parameters:
 225:Generated_Source\PSoC4/cyfitter_cfg.c **** *  void
 226:Generated_Source\PSoC4/cyfitter_cfg.c **** *
 227:Generated_Source\PSoC4/cyfitter_cfg.c **** * Return:
 228:Generated_Source\PSoC4/cyfitter_cfg.c **** *  void
 229:Generated_Source\PSoC4/cyfitter_cfg.c **** *
 230:Generated_Source\PSoC4/cyfitter_cfg.c **** *******************************************************************************/
 231:Generated_Source\PSoC4/cyfitter_cfg.c **** static void AnalogSetDefault(void);
 232:Generated_Source\PSoC4/cyfitter_cfg.c **** static void AnalogSetDefault(void)
 233:Generated_Source\PSoC4/cyfitter_cfg.c **** {
  27              		.loc 1 233 0
  28              		.cfi_startproc
  29              		@ args = 0, pretend = 0, frame = 0
  30              		@ frame_needed = 0, uses_anonymous_args = 0
  31              		@ link register save eliminated.
 234:Generated_Source\PSoC4/cyfitter_cfg.c **** 	CY_SET_XTND_REG32((void CYFAR *)CYREG_CTBM0_DFT_CTRL, 0x00000003u);
  32              		.loc 1 234 0
  33 0000 0323     		movs	r3, #3
  34 0002 044A     		ldr	r2, .L2
  35 0004 1360     		str	r3, [r2]
 235:Generated_Source\PSoC4/cyfitter_cfg.c **** 	CY_SET_XTND_REG32((void CYFAR *)CYREG_CTBM1_DFT_CTRL, 0x00000003u);
  36              		.loc 1 235 0
  37 0006 044A     		ldr	r2, .L2+4
  38 0008 1360     		str	r3, [r2]
 236:Generated_Source\PSoC4/cyfitter_cfg.c **** 	CY_SET_XTND_REG32((void CYFAR *)CYREG_PASS_DSAB_DSAB_CTRL, 0x00000000u);
  39              		.loc 1 236 0
  40 000a 0022     		movs	r2, #0
  41 000c 034B     		ldr	r3, .L2+8
  42 000e 1A60     		str	r2, [r3]
 237:Generated_Source\PSoC4/cyfitter_cfg.c **** }
  43              		.loc 1 237 0
  44              		@ sp needed
  45 0010 7047     		bx	lr
  46              	.L3:
  47 0012 C046     		.align	2
  48              	.L2:
ARM GAS  C:\Users\austc\AppData\Local\Temp\ccITERrX.s 			page 6


  49 0014 30003040 		.word	1076887600
  50 0018 30003140 		.word	1076953136
  51 001c 000E3F40 		.word	1077874176
  52              		.cfi_endproc
  53              	.LFE5:
  54              		.size	AnalogSetDefault, .-AnalogSetDefault
  55              		.section	.text.CYMEMZERO,"ax",%progbits
  56              		.align	2
  57              		.code	16
  58              		.thumb_func
  59              		.type	CYMEMZERO, %function
  60              	CYMEMZERO:
  61              	.LFB1:
  77:Generated_Source\PSoC4/cyfitter_cfg.c **** 	(void)memset(s, 0, n);
  62              		.loc 1 77 0
  63              		.cfi_startproc
  64              		@ args = 0, pretend = 0, frame = 0
  65              		@ frame_needed = 0, uses_anonymous_args = 0
  66              	.LVL0:
  67 0000 10B5     		push	{r4, lr}
  68              		.cfi_def_cfa_offset 8
  69              		.cfi_offset 4, -8
  70              		.cfi_offset 14, -4
  71 0002 0A00     		movs	r2, r1
  78:Generated_Source\PSoC4/cyfitter_cfg.c **** }
  72              		.loc 1 78 0
  73 0004 0021     		movs	r1, #0
  74              	.LVL1:
  75 0006 FFF7FEFF 		bl	memset
  76              	.LVL2:
  79:Generated_Source\PSoC4/cyfitter_cfg.c **** CY_CFG_UNUSED
  77              		.loc 1 79 0
  78              		@ sp needed
  79 000a 10BD     		pop	{r4, pc}
  80              		.cfi_endproc
  81              	.LFE1:
  82              		.size	CYMEMZERO, .-CYMEMZERO
  83              		.section	.psocinit,"ax",%progbits
  84              		.align	2
  85              		.code	16
  86              		.thumb_func
  87              		.type	ClockSetup, %function
  88              	ClockSetup:
  89              	.LFB4:
 171:Generated_Source\PSoC4/cyfitter_cfg.c **** 
  90              		.loc 1 171 0
  91              		.cfi_startproc
  92              		@ args = 0, pretend = 0, frame = 0
  93              		@ frame_needed = 0, uses_anonymous_args = 0
  94 0000 70B5     		push	{r4, r5, r6, lr}
  95              		.cfi_def_cfa_offset 16
  96              		.cfi_offset 4, -16
  97              		.cfi_offset 5, -12
  98              		.cfi_offset 6, -8
  99              		.cfi_offset 14, -4
 174:Generated_Source\PSoC4/cyfitter_cfg.c **** 
 100              		.loc 1 174 0
ARM GAS  C:\Users\austc\AppData\Local\Temp\ccITERrX.s 			page 7


 101 0002 1A4C     		ldr	r4, .L6
 102 0004 1223     		movs	r3, #18
 103 0006 2360     		str	r3, [r4]
 177:Generated_Source\PSoC4/cyfitter_cfg.c **** 	CyDelayCycles(12000000u); /* WCO may take up to 500ms to start */
 104              		.loc 1 177 0
 105 0008 FFF7FEFF 		bl	CySysClkWcoStart
 106              	.LVL3:
 178:Generated_Source\PSoC4/cyfitter_cfg.c **** 
 107              		.loc 1 178 0
 108 000c 1848     		ldr	r0, .L6+4
 109 000e FFF7FEFF 		bl	CyDelayCycles
 110              	.LVL4:
 181:Generated_Source\PSoC4/cyfitter_cfg.c **** 	CySysClkImoEnableWcoLock();
 111              		.loc 1 181 0
 112 0012 1820     		movs	r0, #24
 113 0014 FFF7FEFF 		bl	CySysClkWriteImoFreq
 114              	.LVL5:
 182:Generated_Source\PSoC4/cyfitter_cfg.c **** 	/* CYDEV_CLK_ILO_CONFIG Starting address: CYDEV_CLK_ILO_CONFIG */
 115              		.loc 1 182 0
 116 0018 FFF7FEFF 		bl	CySysClkImoEnableWcoLock
 117              	.LVL6:
 184:Generated_Source\PSoC4/cyfitter_cfg.c **** 
 118              		.loc 1 184 0
 119 001c 154A     		ldr	r2, .L6+8
 120 001e 164B     		ldr	r3, .L6+12
 121 0020 1A60     		str	r2, [r3]
 187:Generated_Source\PSoC4/cyfitter_cfg.c **** 
 122              		.loc 1 187 0
 123 0022 164D     		ldr	r5, .L6+16
 124 0024 8026     		movs	r6, #128
 125 0026 F605     		lsls	r6, r6, #23
 126 0028 2E60     		str	r6, [r5]
 191:Generated_Source\PSoC4/cyfitter_cfg.c **** 	CY_SET_REG32((void *)CYREG_PERI_DIV_CMD, 0x8000FF40u);
 127              		.loc 1 191 0
 128 002a 0023     		movs	r3, #0
 129 002c 144A     		ldr	r2, .L6+20
 130 002e 1360     		str	r3, [r2]
 192:Generated_Source\PSoC4/cyfitter_cfg.c **** 	CY_SET_REG32((void *)CYREG_PERI_DIV_16_CTL1, 0x00001000u);
 131              		.loc 1 192 0
 132 0030 144A     		ldr	r2, .L6+24
 133 0032 1549     		ldr	r1, .L6+28
 134 0034 1160     		str	r1, [r2]
 193:Generated_Source\PSoC4/cyfitter_cfg.c **** 	CY_SET_REG32((void *)CYREG_PERI_DIV_CMD, 0x8000FF41u);
 135              		.loc 1 193 0
 136 0036 8020     		movs	r0, #128
 137 0038 4001     		lsls	r0, r0, #5
 138 003a 1449     		ldr	r1, .L6+32
 139 003c 0860     		str	r0, [r1]
 194:Generated_Source\PSoC4/cyfitter_cfg.c **** 
 140              		.loc 1 194 0
 141 003e 1449     		ldr	r1, .L6+36
 142 0040 1160     		str	r1, [r2]
 197:Generated_Source\PSoC4/cyfitter_cfg.c **** 
 143              		.loc 1 197 0
 144 0042 8021     		movs	r1, #128
 145 0044 0906     		lsls	r1, r1, #24
 146 0046 134A     		ldr	r2, .L6+40
ARM GAS  C:\Users\austc\AppData\Local\Temp\ccITERrX.s 			page 8


 147 0048 1160     		str	r1, [r2]
 200:Generated_Source\PSoC4/cyfitter_cfg.c **** 
 148              		.loc 1 200 0
 149 004a 134A     		ldr	r2, .L6+44
 150 004c 1360     		str	r3, [r2]
 203:Generated_Source\PSoC4/cyfitter_cfg.c **** 
 151              		.loc 1 203 0
 152 004e 4122     		movs	r2, #65
 153 0050 124B     		ldr	r3, .L6+48
 154 0052 1A60     		str	r2, [r3]
 205:Generated_Source\PSoC4/cyfitter_cfg.c **** 	CyIntEnable(8u);
 155              		.loc 1 205 0
 156 0054 1249     		ldr	r1, .L6+52
 157 0056 0820     		movs	r0, #8
 158 0058 FFF7FEFF 		bl	CyIntSetVector
 159              	.LVL7:
 206:Generated_Source\PSoC4/cyfitter_cfg.c **** 	CY_SET_REG32((void *)(CYREG_WDT_CONFIG), 0x40000000u);
 160              		.loc 1 206 0
 161 005c 0820     		movs	r0, #8
 162 005e FFF7FEFF 		bl	CyIntEnable
 163              	.LVL8:
 207:Generated_Source\PSoC4/cyfitter_cfg.c **** 	/* Set Flash Cycles based on newly configured 24.00MHz HFCLK. */
 164              		.loc 1 207 0
 165 0062 2E60     		str	r6, [r5]
 209:Generated_Source\PSoC4/cyfitter_cfg.c **** }
 166              		.loc 1 209 0
 167 0064 1123     		movs	r3, #17
 168 0066 2360     		str	r3, [r4]
 210:Generated_Source\PSoC4/cyfitter_cfg.c **** 
 169              		.loc 1 210 0
 170              		@ sp needed
 171 0068 70BD     		pop	{r4, r5, r6, pc}
 172              	.L7:
 173 006a C046     		.align	2
 174              	.L6:
 175 006c 30001040 		.word	1074790448
 176 0070 001BB700 		.word	12000000
 177 0074 06000080 		.word	-2147483642
 178 0078 04010B40 		.word	1074462980
 179 007c 0C020B40 		.word	1074463244
 180 0080 00030140 		.word	1073808128
 181 0084 00000140 		.word	1073807360
 182 0088 40FF0080 		.word	-2147418304
 183 008c 04030140 		.word	1073808132
 184 0090 41FF0080 		.word	-2147418303
 185 0094 08010B40 		.word	1074462984
 186 0098 00010B40 		.word	1074462976
 187 009c 0C010140 		.word	1073807628
 188 00a0 00000000 		.word	CySysWdtIsr
 189              		.cfi_endproc
 190              	.LFE4:
 191              		.size	ClockSetup, .-ClockSetup
 192              		.align	2
 193              		.global	cyfitter_cfg
 194              		.code	16
 195              		.thumb_func
 196              		.type	cyfitter_cfg, %function
ARM GAS  C:\Users\austc\AppData\Local\Temp\ccITERrX.s 			page 9


 197              	cyfitter_cfg:
 198              	.LFB6:
 238:Generated_Source\PSoC4/cyfitter_cfg.c **** 
 239:Generated_Source\PSoC4/cyfitter_cfg.c **** 
 240:Generated_Source\PSoC4/cyfitter_cfg.c **** 
 241:Generated_Source\PSoC4/cyfitter_cfg.c **** 
 242:Generated_Source\PSoC4/cyfitter_cfg.c **** /*******************************************************************************
 243:Generated_Source\PSoC4/cyfitter_cfg.c **** * Function Name: cyfitter_cfg
 244:Generated_Source\PSoC4/cyfitter_cfg.c **** ********************************************************************************
 245:Generated_Source\PSoC4/cyfitter_cfg.c **** * Summary:
 246:Generated_Source\PSoC4/cyfitter_cfg.c **** *  This function is called by the start-up code for the selected device. It
 247:Generated_Source\PSoC4/cyfitter_cfg.c **** *  performs all of the necessary device configuration based on the design
 248:Generated_Source\PSoC4/cyfitter_cfg.c **** *  settings.  This includes settings from the Design Wide Resources (DWR) such
 249:Generated_Source\PSoC4/cyfitter_cfg.c **** *  as Clocks and Pins as well as any component configuration that is necessary.
 250:Generated_Source\PSoC4/cyfitter_cfg.c **** *
 251:Generated_Source\PSoC4/cyfitter_cfg.c **** * Parameters:
 252:Generated_Source\PSoC4/cyfitter_cfg.c **** *   void
 253:Generated_Source\PSoC4/cyfitter_cfg.c **** *
 254:Generated_Source\PSoC4/cyfitter_cfg.c **** * Return:
 255:Generated_Source\PSoC4/cyfitter_cfg.c **** *   void
 256:Generated_Source\PSoC4/cyfitter_cfg.c **** *
 257:Generated_Source\PSoC4/cyfitter_cfg.c **** *******************************************************************************/
 258:Generated_Source\PSoC4/cyfitter_cfg.c **** CY_CFG_SECTION
 259:Generated_Source\PSoC4/cyfitter_cfg.c **** void cyfitter_cfg(void)
 260:Generated_Source\PSoC4/cyfitter_cfg.c **** {
 199              		.loc 1 260 0
 200              		.cfi_startproc
 201              		@ args = 0, pretend = 0, frame = 0
 202              		@ frame_needed = 0, uses_anonymous_args = 0
 203 00a4 10B5     		push	{r4, lr}
 204              		.cfi_def_cfa_offset 8
 205              		.cfi_offset 4, -8
 206              		.cfi_offset 14, -4
 261:Generated_Source\PSoC4/cyfitter_cfg.c **** 	/* Disable interrupts by default. Let user enable if/when they want. */
 262:Generated_Source\PSoC4/cyfitter_cfg.c **** 	CyGlobalIntDisable;
 207              		.loc 1 262 0
 208              		.syntax divided
 209              	@ 262 "Generated_Source\PSoC4\cyfitter_cfg.c" 1
 210 00a6 72B6     		CPSID   i
 211              	@ 0 "" 2
 212              	.LVL9:
 213              		.thumb
 214              		.syntax unified
 215              	.LBB2:
 263:Generated_Source\PSoC4/cyfitter_cfg.c **** 
 264:Generated_Source\PSoC4/cyfitter_cfg.c **** 	{
 265:Generated_Source\PSoC4/cyfitter_cfg.c **** 
 266:Generated_Source\PSoC4/cyfitter_cfg.c **** 		CYPACKED typedef struct {
 267:Generated_Source\PSoC4/cyfitter_cfg.c **** 			void CYFAR *address;
 268:Generated_Source\PSoC4/cyfitter_cfg.c **** 			uint16 size;
 269:Generated_Source\PSoC4/cyfitter_cfg.c **** 		} CYPACKED_ATTR cfg_memset_t;
 270:Generated_Source\PSoC4/cyfitter_cfg.c **** 
 271:Generated_Source\PSoC4/cyfitter_cfg.c **** 		static const cfg_memset_t CYCODE cfg_memset_list[] = {
 272:Generated_Source\PSoC4/cyfitter_cfg.c **** 			/* address, size */
 273:Generated_Source\PSoC4/cyfitter_cfg.c **** 			{(void CYFAR *)(CYDEV_UDB_P0_U0_BASE), 2048u},
 274:Generated_Source\PSoC4/cyfitter_cfg.c **** 			{(void CYFAR *)(CYDEV_UDB_DSI0_BASE), 2048u},
 275:Generated_Source\PSoC4/cyfitter_cfg.c **** 		};
ARM GAS  C:\Users\austc\AppData\Local\Temp\ccITERrX.s 			page 10


 276:Generated_Source\PSoC4/cyfitter_cfg.c **** 
 277:Generated_Source\PSoC4/cyfitter_cfg.c **** 		uint8 CYDATA i;
 278:Generated_Source\PSoC4/cyfitter_cfg.c **** 
 279:Generated_Source\PSoC4/cyfitter_cfg.c **** 		/* Zero out critical memory blocks before beginning configuration */
 280:Generated_Source\PSoC4/cyfitter_cfg.c **** 		for (i = 0u; i < (sizeof(cfg_memset_list)/sizeof(cfg_memset_list[0])); i++)
 216              		.loc 1 280 0
 217 00a8 0024     		movs	r4, #0
 218 00aa 0FE0     		b	.L9
 219              	.LVL10:
 220              	.L10:
 221              	.LBB3:
 281:Generated_Source\PSoC4/cyfitter_cfg.c **** 		{
 282:Generated_Source\PSoC4/cyfitter_cfg.c **** 			const cfg_memset_t CYCODE * CYDATA ms = &cfg_memset_list[i];
 283:Generated_Source\PSoC4/cyfitter_cfg.c **** 			CYMEMZERO(ms->address, (size_t)(uint32)(ms->size));
 222              		.loc 1 283 0 discriminator 3
 223 00ac 1A48     		ldr	r0, .L11
 224 00ae 6200     		lsls	r2, r4, #1
 225 00b0 1319     		adds	r3, r2, r4
 226 00b2 5900     		lsls	r1, r3, #1
 227 00b4 0B00     		movs	r3, r1
 228 00b6 4118     		adds	r1, r0, r1
 229 00b8 8988     		ldrh	r1, [r1, #4]
 230 00ba 1A5A     		ldrh	r2, [r3, r0]
 231 00bc C318     		adds	r3, r0, r3
 232 00be 5888     		ldrh	r0, [r3, #2]
 233 00c0 0004     		lsls	r0, r0, #16
 234 00c2 1043     		orrs	r0, r2
 235 00c4 FFF7FEFF 		bl	CYMEMZERO
 236              	.LVL11:
 237              	.LBE3:
 280:Generated_Source\PSoC4/cyfitter_cfg.c **** 		{
 238              		.loc 1 280 0 discriminator 3
 239 00c8 0134     		adds	r4, r4, #1
 240              	.LVL12:
 241 00ca E4B2     		uxtb	r4, r4
 242              	.LVL13:
 243              	.L9:
 280:Generated_Source\PSoC4/cyfitter_cfg.c **** 		{
 244              		.loc 1 280 0 is_stmt 0 discriminator 1
 245 00cc 012C     		cmp	r4, #1
 246 00ce EDD9     		bls	.L10
 284:Generated_Source\PSoC4/cyfitter_cfg.c **** 		}
 285:Generated_Source\PSoC4/cyfitter_cfg.c **** 
 286:Generated_Source\PSoC4/cyfitter_cfg.c **** 		/* HSIOM Starting address: CYDEV_HSIOM_BASE */
 287:Generated_Source\PSoC4/cyfitter_cfg.c **** 		CY_SET_REG32((void *)(CYDEV_HSIOM_BASE), 0x000000AAu);
 247              		.loc 1 287 0 is_stmt 1
 248 00d0 AA22     		movs	r2, #170
 249 00d2 124B     		ldr	r3, .L11+4
 250 00d4 1A60     		str	r2, [r3]
 288:Generated_Source\PSoC4/cyfitter_cfg.c **** 		CY_SET_REG32((void *)(CYREG_HSIOM_PORT_SEL3), 0x0000EE99u);
 251              		.loc 1 288 0
 252 00d6 124A     		ldr	r2, .L11+8
 253 00d8 124B     		ldr	r3, .L11+12
 254 00da 1A60     		str	r2, [r3]
 289:Generated_Source\PSoC4/cyfitter_cfg.c **** 
 290:Generated_Source\PSoC4/cyfitter_cfg.c **** 		/* UDB_PA_4 Starting address: CYDEV_UDB_PA4_BASE */
 291:Generated_Source\PSoC4/cyfitter_cfg.c **** 		CY_SET_REG32((void *)(CYDEV_UDB_PA4_BASE), 0x00990000u);
ARM GAS  C:\Users\austc\AppData\Local\Temp\ccITERrX.s 			page 11


 255              		.loc 1 291 0
 256 00dc 9923     		movs	r3, #153
 257 00de 1B04     		lsls	r3, r3, #16
 258 00e0 114A     		ldr	r2, .L11+16
 259 00e2 1360     		str	r3, [r2]
 292:Generated_Source\PSoC4/cyfitter_cfg.c **** 
 293:Generated_Source\PSoC4/cyfitter_cfg.c **** 		/* UDB_PA_7 Starting address: CYDEV_UDB_PA7_BASE */
 294:Generated_Source\PSoC4/cyfitter_cfg.c **** 		CY_SET_REG32((void *)(CYDEV_UDB_PA7_BASE), 0x00990000u);
 260              		.loc 1 294 0
 261 00e4 114A     		ldr	r2, .L11+20
 262 00e6 1360     		str	r3, [r2]
 295:Generated_Source\PSoC4/cyfitter_cfg.c **** 
 296:Generated_Source\PSoC4/cyfitter_cfg.c **** 		/* Enable digital routing */
 297:Generated_Source\PSoC4/cyfitter_cfg.c **** 		CY_SET_XTND_REG8((void *)CYREG_UDB_UDB_BANK_CTL, (uint8)(CY_GET_XTND_REG8((void *)CYREG_UDB_UDB_B
 263              		.loc 1 297 0
 264 00e8 114A     		ldr	r2, .L11+24
 265 00ea 1178     		ldrb	r1, [r2]
 266 00ec 0623     		movs	r3, #6
 267 00ee 0B43     		orrs	r3, r1
 268 00f0 DBB2     		uxtb	r3, r3
 269 00f2 1370     		strb	r3, [r2]
 270              	.LBE2:
 298:Generated_Source\PSoC4/cyfitter_cfg.c **** 	}
 299:Generated_Source\PSoC4/cyfitter_cfg.c **** 
 300:Generated_Source\PSoC4/cyfitter_cfg.c **** 	/* Perform second pass device configuration. These items must be configured in specific order afte
 301:Generated_Source\PSoC4/cyfitter_cfg.c **** 	/* IOPINS0_0 Starting address: CYDEV_GPIO_PRT0_BASE */
 302:Generated_Source\PSoC4/cyfitter_cfg.c **** 	CY_SET_REG32((void *)(CYDEV_GPIO_PRT0_BASE), 0x00000002u);
 271              		.loc 1 302 0
 272 00f4 0223     		movs	r3, #2
 273 00f6 0F4A     		ldr	r2, .L11+28
 274 00f8 1360     		str	r3, [r2]
 303:Generated_Source\PSoC4/cyfitter_cfg.c **** 	CY_SET_REG32((void *)(CYREG_GPIO_PRT0_PC), 0x00000031u);
 275              		.loc 1 303 0
 276 00fa 3121     		movs	r1, #49
 277 00fc 0E4A     		ldr	r2, .L11+32
 278 00fe 1160     		str	r1, [r2]
 304:Generated_Source\PSoC4/cyfitter_cfg.c **** 
 305:Generated_Source\PSoC4/cyfitter_cfg.c **** 	/* IOPINS0_3 Starting address: CYDEV_GPIO_PRT3_BASE */
 306:Generated_Source\PSoC4/cyfitter_cfg.c **** 	CY_SET_REG32((void *)(CYDEV_GPIO_PRT3_BASE), 0x00000002u);
 279              		.loc 1 306 0
 280 0100 0E4A     		ldr	r2, .L11+36
 281 0102 1360     		str	r3, [r2]
 307:Generated_Source\PSoC4/cyfitter_cfg.c **** 	CY_SET_REG32((void *)(CYREG_GPIO_PRT3_PC), 0x00000DB1u);
 282              		.loc 1 307 0
 283 0104 0E49     		ldr	r1, .L11+40
 284 0106 0F4A     		ldr	r2, .L11+44
 285 0108 1160     		str	r1, [r2]
 308:Generated_Source\PSoC4/cyfitter_cfg.c **** 	CY_SET_REG32((void *)(CYREG_GPIO_PRT3_PC2), 0x00000002u);
 286              		.loc 1 308 0
 287 010a 0F4A     		ldr	r2, .L11+48
 288 010c 1360     		str	r3, [r2]
 309:Generated_Source\PSoC4/cyfitter_cfg.c **** 
 310:Generated_Source\PSoC4/cyfitter_cfg.c **** 
 311:Generated_Source\PSoC4/cyfitter_cfg.c **** 	/* Setup clocks based on selections from Clock DWR */
 312:Generated_Source\PSoC4/cyfitter_cfg.c **** 	ClockSetup();
 289              		.loc 1 312 0
 290 010e FFF777FF 		bl	ClockSetup
ARM GAS  C:\Users\austc\AppData\Local\Temp\ccITERrX.s 			page 12


 291              	.LVL14:
 313:Generated_Source\PSoC4/cyfitter_cfg.c **** 
 314:Generated_Source\PSoC4/cyfitter_cfg.c **** 	/* Perform basic analog initialization to defaults */
 315:Generated_Source\PSoC4/cyfitter_cfg.c **** 	AnalogSetDefault();
 292              		.loc 1 315 0
 293 0112 FFF7FEFF 		bl	AnalogSetDefault
 294              	.LVL15:
 316:Generated_Source\PSoC4/cyfitter_cfg.c **** 
 317:Generated_Source\PSoC4/cyfitter_cfg.c **** }
 295              		.loc 1 317 0
 296              		@ sp needed
 297              	.LVL16:
 298 0116 10BD     		pop	{r4, pc}
 299              	.L12:
 300              		.align	2
 301              	.L11:
 302 0118 00000000 		.word	.LANCHOR0
 303 011c 00000240 		.word	1073872896
 304 0120 99EE0000 		.word	61081
 305 0124 00030240 		.word	1073873664
 306 0128 40500F40 		.word	1074745408
 307 012c 70500F40 		.word	1074745456
 308 0130 00700F40 		.word	1074753536
 309 0134 00000440 		.word	1074003968
 310 0138 08000440 		.word	1074003976
 311 013c 00030440 		.word	1074004736
 312 0140 B10D0000 		.word	3505
 313 0144 08030440 		.word	1074004744
 314 0148 18030440 		.word	1074004760
 315              		.cfi_endproc
 316              	.LFE6:
 317              		.size	cyfitter_cfg, .-cyfitter_cfg
 318              		.section	.rodata
 319              		.align	2
 320              		.set	.LANCHOR0,. + 0
 321              		.type	cfg_memset_list.4948, %object
 322              		.size	cfg_memset_list.4948, 12
 323              	cfg_memset_list.4948:
 324 0000 00300F40 		.word	1074737152
 325 0004 0008     		.short	2048
 326 0006 00400F40 		.4byte	1074741248
 327 000a 0008     		.short	2048
 328              		.text
 329              	.Letext0:
 330              		.file 2 "c:\\program files (x86)\\cypress\\psoc creator\\4.2\\psoc creator\\import\\gnu\\arm\\5.4.
 331              		.file 3 "Generated_Source\\PSoC4\\cytypes.h"
 332              		.file 4 "Generated_Source\\PSoC4\\CyLFClk.h"
 333              		.file 5 "Generated_Source\\PSoC4\\CyLib.h"
 334              		.section	.debug_info,"",%progbits
 335              	.Ldebug_info0:
 336 0000 DE020000 		.4byte	0x2de
 337 0004 0400     		.2byte	0x4
 338 0006 00000000 		.4byte	.Ldebug_abbrev0
 339 000a 04       		.byte	0x4
 340 000b 01       		.uleb128 0x1
 341 000c 1B010000 		.4byte	.LASF32
 342 0010 0C       		.byte	0xc
ARM GAS  C:\Users\austc\AppData\Local\Temp\ccITERrX.s 			page 13


 343 0011 8C020000 		.4byte	.LASF33
 344 0015 D2010000 		.4byte	.LASF34
 345 0019 00000000 		.4byte	.Ldebug_ranges0+0
 346 001d 00000000 		.4byte	0
 347 0021 00000000 		.4byte	.Ldebug_line0
 348 0025 02       		.uleb128 0x2
 349 0026 04       		.byte	0x4
 350 0027 05       		.byte	0x5
 351 0028 696E7400 		.ascii	"int\000"
 352 002c 03       		.uleb128 0x3
 353 002d 14000000 		.4byte	.LASF12
 354 0031 02       		.byte	0x2
 355 0032 D8       		.byte	0xd8
 356 0033 37000000 		.4byte	0x37
 357 0037 04       		.uleb128 0x4
 358 0038 04       		.byte	0x4
 359 0039 07       		.byte	0x7
 360 003a E2000000 		.4byte	.LASF0
 361 003e 04       		.uleb128 0x4
 362 003f 08       		.byte	0x8
 363 0040 05       		.byte	0x5
 364 0041 BF010000 		.4byte	.LASF1
 365 0045 04       		.uleb128 0x4
 366 0046 08       		.byte	0x8
 367 0047 04       		.byte	0x4
 368 0048 74020000 		.4byte	.LASF2
 369 004c 04       		.uleb128 0x4
 370 004d 01       		.byte	0x1
 371 004e 06       		.byte	0x6
 372 004f 80020000 		.4byte	.LASF3
 373 0053 04       		.uleb128 0x4
 374 0054 01       		.byte	0x1
 375 0055 08       		.byte	0x8
 376 0056 AC000000 		.4byte	.LASF4
 377 005a 04       		.uleb128 0x4
 378 005b 02       		.byte	0x2
 379 005c 05       		.byte	0x5
 380 005d 33020000 		.4byte	.LASF5
 381 0061 04       		.uleb128 0x4
 382 0062 02       		.byte	0x2
 383 0063 07       		.byte	0x7
 384 0064 56000000 		.4byte	.LASF6
 385 0068 04       		.uleb128 0x4
 386 0069 04       		.byte	0x4
 387 006a 05       		.byte	0x5
 388 006b 6B020000 		.4byte	.LASF7
 389 006f 04       		.uleb128 0x4
 390 0070 04       		.byte	0x4
 391 0071 07       		.byte	0x7
 392 0072 79000000 		.4byte	.LASF8
 393 0076 04       		.uleb128 0x4
 394 0077 08       		.byte	0x8
 395 0078 07       		.byte	0x7
 396 0079 04010000 		.4byte	.LASF9
 397 007d 04       		.uleb128 0x4
 398 007e 04       		.byte	0x4
 399 007f 07       		.byte	0x7
ARM GAS  C:\Users\austc\AppData\Local\Temp\ccITERrX.s 			page 14


 400 0080 B6010000 		.4byte	.LASF10
 401 0084 05       		.uleb128 0x5
 402 0085 04       		.byte	0x4
 403 0086 04       		.uleb128 0x4
 404 0087 01       		.byte	0x1
 405 0088 08       		.byte	0x8
 406 0089 CD010000 		.4byte	.LASF11
 407 008d 06       		.uleb128 0x6
 408 008e 8B000000 		.4byte	.LASF13
 409 0092 03       		.byte	0x3
 410 0093 D201     		.2byte	0x1d2
 411 0095 53000000 		.4byte	0x53
 412 0099 06       		.uleb128 0x6
 413 009a D4000000 		.4byte	.LASF14
 414 009e 03       		.byte	0x3
 415 009f D301     		.2byte	0x1d3
 416 00a1 61000000 		.4byte	0x61
 417 00a5 06       		.uleb128 0x6
 418 00a6 DB000000 		.4byte	.LASF15
 419 00aa 03       		.byte	0x3
 420 00ab D401     		.2byte	0x1d4
 421 00ad 6F000000 		.4byte	0x6f
 422 00b1 04       		.uleb128 0x4
 423 00b2 04       		.byte	0x4
 424 00b3 04       		.byte	0x4
 425 00b4 69000000 		.4byte	.LASF16
 426 00b8 04       		.uleb128 0x4
 427 00b9 08       		.byte	0x8
 428 00ba 04       		.byte	0x4
 429 00bb C1000000 		.4byte	.LASF17
 430 00bf 06       		.uleb128 0x6
 431 00c0 74000000 		.4byte	.LASF18
 432 00c4 03       		.byte	0x3
 433 00c5 7C02     		.2byte	0x27c
 434 00c7 CB000000 		.4byte	0xcb
 435 00cb 07       		.uleb128 0x7
 436 00cc 8D000000 		.4byte	0x8d
 437 00d0 06       		.uleb128 0x6
 438 00d1 0E000000 		.4byte	.LASF19
 439 00d5 03       		.byte	0x3
 440 00d6 7E02     		.2byte	0x27e
 441 00d8 DC000000 		.4byte	0xdc
 442 00dc 07       		.uleb128 0x7
 443 00dd A5000000 		.4byte	0xa5
 444 00e1 08       		.uleb128 0x8
 445 00e2 1B000000 		.4byte	.LASF35
 446 00e6 01       		.byte	0x1
 447 00e7 E8       		.byte	0xe8
 448 00e8 00000000 		.4byte	.LFB5
 449 00ec 20000000 		.4byte	.LFE5-.LFB5
 450 00f0 01       		.uleb128 0x1
 451 00f1 9C       		.byte	0x9c
 452 00f2 09       		.uleb128 0x9
 453 00f3 A2000000 		.4byte	.LASF20
 454 00f7 01       		.byte	0x1
 455 00f8 4C       		.byte	0x4c
 456 00f9 00000000 		.4byte	.LFB1
ARM GAS  C:\Users\austc\AppData\Local\Temp\ccITERrX.s 			page 15


 457 00fd 0C000000 		.4byte	.LFE1-.LFB1
 458 0101 01       		.uleb128 0x1
 459 0102 9C       		.byte	0x9c
 460 0103 3F010000 		.4byte	0x13f
 461 0107 0A       		.uleb128 0xa
 462 0108 7300     		.ascii	"s\000"
 463 010a 01       		.byte	0x1
 464 010b 4C       		.byte	0x4c
 465 010c 84000000 		.4byte	0x84
 466 0110 00000000 		.4byte	.LLST0
 467 0114 0A       		.uleb128 0xa
 468 0115 6E00     		.ascii	"n\000"
 469 0117 01       		.byte	0x1
 470 0118 4C       		.byte	0x4c
 471 0119 2C000000 		.4byte	0x2c
 472 011d 21000000 		.4byte	.LLST1
 473 0121 0B       		.uleb128 0xb
 474 0122 0A000000 		.4byte	.LVL2
 475 0126 96020000 		.4byte	0x296
 476 012a 0C       		.uleb128 0xc
 477 012b 01       		.uleb128 0x1
 478 012c 50       		.byte	0x50
 479 012d 03       		.uleb128 0x3
 480 012e F3       		.byte	0xf3
 481 012f 01       		.uleb128 0x1
 482 0130 50       		.byte	0x50
 483 0131 0C       		.uleb128 0xc
 484 0132 01       		.uleb128 0x1
 485 0133 51       		.byte	0x51
 486 0134 01       		.uleb128 0x1
 487 0135 30       		.byte	0x30
 488 0136 0C       		.uleb128 0xc
 489 0137 01       		.uleb128 0x1
 490 0138 52       		.byte	0x52
 491 0139 03       		.uleb128 0x3
 492 013a F3       		.byte	0xf3
 493 013b 01       		.uleb128 0x1
 494 013c 51       		.byte	0x51
 495 013d 00       		.byte	0
 496 013e 00       		.byte	0
 497 013f 09       		.uleb128 0x9
 498 0140 4B000000 		.4byte	.LASF21
 499 0144 01       		.byte	0x1
 500 0145 AA       		.byte	0xaa
 501 0146 00000000 		.4byte	.LFB4
 502 014a A4000000 		.4byte	.LFE4-.LFB4
 503 014e 01       		.uleb128 0x1
 504 014f 9C       		.byte	0x9c
 505 0150 B3010000 		.4byte	0x1b3
 506 0154 0D       		.uleb128 0xd
 507 0155 0C000000 		.4byte	.LVL3
 508 0159 9F020000 		.4byte	0x29f
 509 015d 0E       		.uleb128 0xe
 510 015e 12000000 		.4byte	.LVL4
 511 0162 AA020000 		.4byte	0x2aa
 512 0166 74010000 		.4byte	0x174
 513 016a 0C       		.uleb128 0xc
ARM GAS  C:\Users\austc\AppData\Local\Temp\ccITERrX.s 			page 16


 514 016b 01       		.uleb128 0x1
 515 016c 50       		.byte	0x50
 516 016d 05       		.uleb128 0x5
 517 016e 0C       		.byte	0xc
 518 016f 001BB700 		.4byte	0xb71b00
 519 0173 00       		.byte	0
 520 0174 0E       		.uleb128 0xe
 521 0175 18000000 		.4byte	.LVL5
 522 0179 B5020000 		.4byte	0x2b5
 523 017d 87010000 		.4byte	0x187
 524 0181 0C       		.uleb128 0xc
 525 0182 01       		.uleb128 0x1
 526 0183 50       		.byte	0x50
 527 0184 01       		.uleb128 0x1
 528 0185 48       		.byte	0x48
 529 0186 00       		.byte	0
 530 0187 0D       		.uleb128 0xd
 531 0188 1C000000 		.4byte	.LVL6
 532 018c C0020000 		.4byte	0x2c0
 533 0190 0E       		.uleb128 0xe
 534 0191 5C000000 		.4byte	.LVL7
 535 0195 CB020000 		.4byte	0x2cb
 536 0199 A3010000 		.4byte	0x1a3
 537 019d 0C       		.uleb128 0xc
 538 019e 01       		.uleb128 0x1
 539 019f 50       		.byte	0x50
 540 01a0 01       		.uleb128 0x1
 541 01a1 38       		.byte	0x38
 542 01a2 00       		.byte	0
 543 01a3 0B       		.uleb128 0xb
 544 01a4 62000000 		.4byte	.LVL8
 545 01a8 D6020000 		.4byte	0x2d6
 546 01ac 0C       		.uleb128 0xc
 547 01ad 01       		.uleb128 0x1
 548 01ae 50       		.byte	0x50
 549 01af 01       		.uleb128 0x1
 550 01b0 38       		.byte	0x38
 551 01b1 00       		.byte	0
 552 01b2 00       		.byte	0
 553 01b3 0F       		.uleb128 0xf
 554 01b4 EF000000 		.4byte	.LASF36
 555 01b8 01       		.byte	0x1
 556 01b9 0301     		.2byte	0x103
 557 01bb A4000000 		.4byte	.LFB6
 558 01bf A8000000 		.4byte	.LFE6-.LFB6
 559 01c3 01       		.uleb128 0x1
 560 01c4 9C       		.byte	0x9c
 561 01c5 96020000 		.4byte	0x296
 562 01c9 10       		.uleb128 0x10
 563 01ca A8000000 		.4byte	.LBB2
 564 01ce 4C000000 		.4byte	.LBE2-.LBB2
 565 01d2 83020000 		.4byte	0x283
 566 01d6 11       		.uleb128 0x11
 567 01d7 06       		.byte	0x6
 568 01d8 01       		.byte	0x1
 569 01d9 0A01     		.2byte	0x10a
 570 01db FA010000 		.4byte	0x1fa
ARM GAS  C:\Users\austc\AppData\Local\Temp\ccITERrX.s 			page 17


 571 01df 12       		.uleb128 0x12
 572 01e0 FC000000 		.4byte	.LASF22
 573 01e4 01       		.byte	0x1
 574 01e5 0B01     		.2byte	0x10b
 575 01e7 84000000 		.4byte	0x84
 576 01eb 00       		.byte	0
 577 01ec 12       		.uleb128 0x12
 578 01ed 6F000000 		.4byte	.LASF23
 579 01f1 01       		.byte	0x1
 580 01f2 0C01     		.2byte	0x10c
 581 01f4 99000000 		.4byte	0x99
 582 01f8 04       		.byte	0x4
 583 01f9 00       		.byte	0
 584 01fa 06       		.uleb128 0x6
 585 01fb A9010000 		.4byte	.LASF24
 586 01ff 01       		.byte	0x1
 587 0200 0D01     		.2byte	0x10d
 588 0202 D6010000 		.4byte	0x1d6
 589 0206 13       		.uleb128 0x13
 590 0207 16020000 		.4byte	0x216
 591 020b 16020000 		.4byte	0x216
 592 020f 14       		.uleb128 0x14
 593 0210 7D000000 		.4byte	0x7d
 594 0214 01       		.byte	0x1
 595 0215 00       		.byte	0
 596 0216 15       		.uleb128 0x15
 597 0217 FA010000 		.4byte	0x1fa
 598 021b 16       		.uleb128 0x16
 599 021c 3B000000 		.4byte	.LASF25
 600 0220 01       		.byte	0x1
 601 0221 0F01     		.2byte	0x10f
 602 0223 2D020000 		.4byte	0x22d
 603 0227 05       		.uleb128 0x5
 604 0228 03       		.byte	0x3
 605 0229 00000000 		.4byte	cfg_memset_list.4948
 606 022d 15       		.uleb128 0x15
 607 022e 06020000 		.4byte	0x206
 608 0232 17       		.uleb128 0x17
 609 0233 6900     		.ascii	"i\000"
 610 0235 01       		.byte	0x1
 611 0236 1501     		.2byte	0x115
 612 0238 8D000000 		.4byte	0x8d
 613 023c 4D000000 		.4byte	.LLST2
 614 0240 18       		.uleb128 0x18
 615 0241 AC000000 		.4byte	.LBB3
 616 0245 1C000000 		.4byte	.LBE3-.LBB3
 617 0249 17       		.uleb128 0x17
 618 024a 6D7300   		.ascii	"ms\000"
 619 024d 01       		.byte	0x1
 620 024e 1A01     		.2byte	0x11a
 621 0250 58020000 		.4byte	0x258
 622 0254 77000000 		.4byte	.LLST3
 623 0258 19       		.uleb128 0x19
 624 0259 04       		.byte	0x4
 625 025a 16020000 		.4byte	0x216
 626 025e 0B       		.uleb128 0xb
 627 025f C8000000 		.4byte	.LVL11
ARM GAS  C:\Users\austc\AppData\Local\Temp\ccITERrX.s 			page 18


 628 0263 F2000000 		.4byte	0xf2
 629 0267 0C       		.uleb128 0xc
 630 0268 01       		.uleb128 0x1
 631 0269 51       		.byte	0x51
 632 026a 15       		.uleb128 0x15
 633 026b 74       		.byte	0x74
 634 026c 00       		.sleb128 0
 635 026d 31       		.byte	0x31
 636 026e 24       		.byte	0x24
 637 026f 74       		.byte	0x74
 638 0270 00       		.sleb128 0
 639 0271 22       		.byte	0x22
 640 0272 31       		.byte	0x31
 641 0273 24       		.byte	0x24
 642 0274 03       		.byte	0x3
 643 0275 04000000 		.4byte	.LANCHOR0+4
 644 0279 22       		.byte	0x22
 645 027a 94       		.byte	0x94
 646 027b 02       		.byte	0x2
 647 027c 0A       		.byte	0xa
 648 027d FFFF     		.2byte	0xffff
 649 027f 1A       		.byte	0x1a
 650 0280 00       		.byte	0
 651 0281 00       		.byte	0
 652 0282 00       		.byte	0
 653 0283 0D       		.uleb128 0xd
 654 0284 12010000 		.4byte	.LVL14
 655 0288 3F010000 		.4byte	0x13f
 656 028c 0D       		.uleb128 0xd
 657 028d 16010000 		.4byte	.LVL15
 658 0291 E1000000 		.4byte	0xe1
 659 0295 00       		.byte	0
 660 0296 1A       		.uleb128 0x1a
 661 0297 BA000000 		.4byte	.LASF37
 662 029b BA000000 		.4byte	.LASF37
 663 029f 1B       		.uleb128 0x1b
 664 02a0 91000000 		.4byte	.LASF26
 665 02a4 91000000 		.4byte	.LASF26
 666 02a8 04       		.byte	0x4
 667 02a9 4E       		.byte	0x4e
 668 02aa 1B       		.uleb128 0x1b
 669 02ab 00000000 		.4byte	.LASF27
 670 02af 00000000 		.4byte	.LASF27
 671 02b3 05       		.byte	0x5
 672 02b4 DC       		.byte	0xdc
 673 02b5 1B       		.uleb128 0x1b
 674 02b6 3D020000 		.4byte	.LASF28
 675 02ba 3D020000 		.4byte	.LASF28
 676 02be 05       		.byte	0x5
 677 02bf 6C       		.byte	0x6c
 678 02c0 1B       		.uleb128 0x1b
 679 02c1 52020000 		.4byte	.LASF29
 680 02c5 52020000 		.4byte	.LASF29
 681 02c9 05       		.byte	0x5
 682 02ca 5C       		.byte	0x5c
 683 02cb 1B       		.uleb128 0x1b
 684 02cc 2C000000 		.4byte	.LASF30
ARM GAS  C:\Users\austc\AppData\Local\Temp\ccITERrX.s 			page 19


 685 02d0 2C000000 		.4byte	.LASF30
 686 02d4 05       		.byte	0x5
 687 02d5 BD       		.byte	0xbd
 688 02d6 1B       		.uleb128 0x1b
 689 02d7 C8000000 		.4byte	.LASF31
 690 02db C8000000 		.4byte	.LASF31
 691 02df 05       		.byte	0x5
 692 02e0 C3       		.byte	0xc3
 693 02e1 00       		.byte	0
 694              		.section	.debug_abbrev,"",%progbits
 695              	.Ldebug_abbrev0:
 696 0000 01       		.uleb128 0x1
 697 0001 11       		.uleb128 0x11
 698 0002 01       		.byte	0x1
 699 0003 25       		.uleb128 0x25
 700 0004 0E       		.uleb128 0xe
 701 0005 13       		.uleb128 0x13
 702 0006 0B       		.uleb128 0xb
 703 0007 03       		.uleb128 0x3
 704 0008 0E       		.uleb128 0xe
 705 0009 1B       		.uleb128 0x1b
 706 000a 0E       		.uleb128 0xe
 707 000b 55       		.uleb128 0x55
 708 000c 17       		.uleb128 0x17
 709 000d 11       		.uleb128 0x11
 710 000e 01       		.uleb128 0x1
 711 000f 10       		.uleb128 0x10
 712 0010 17       		.uleb128 0x17
 713 0011 00       		.byte	0
 714 0012 00       		.byte	0
 715 0013 02       		.uleb128 0x2
 716 0014 24       		.uleb128 0x24
 717 0015 00       		.byte	0
 718 0016 0B       		.uleb128 0xb
 719 0017 0B       		.uleb128 0xb
 720 0018 3E       		.uleb128 0x3e
 721 0019 0B       		.uleb128 0xb
 722 001a 03       		.uleb128 0x3
 723 001b 08       		.uleb128 0x8
 724 001c 00       		.byte	0
 725 001d 00       		.byte	0
 726 001e 03       		.uleb128 0x3
 727 001f 16       		.uleb128 0x16
 728 0020 00       		.byte	0
 729 0021 03       		.uleb128 0x3
 730 0022 0E       		.uleb128 0xe
 731 0023 3A       		.uleb128 0x3a
 732 0024 0B       		.uleb128 0xb
 733 0025 3B       		.uleb128 0x3b
 734 0026 0B       		.uleb128 0xb
 735 0027 49       		.uleb128 0x49
 736 0028 13       		.uleb128 0x13
 737 0029 00       		.byte	0
 738 002a 00       		.byte	0
 739 002b 04       		.uleb128 0x4
 740 002c 24       		.uleb128 0x24
 741 002d 00       		.byte	0
ARM GAS  C:\Users\austc\AppData\Local\Temp\ccITERrX.s 			page 20


 742 002e 0B       		.uleb128 0xb
 743 002f 0B       		.uleb128 0xb
 744 0030 3E       		.uleb128 0x3e
 745 0031 0B       		.uleb128 0xb
 746 0032 03       		.uleb128 0x3
 747 0033 0E       		.uleb128 0xe
 748 0034 00       		.byte	0
 749 0035 00       		.byte	0
 750 0036 05       		.uleb128 0x5
 751 0037 0F       		.uleb128 0xf
 752 0038 00       		.byte	0
 753 0039 0B       		.uleb128 0xb
 754 003a 0B       		.uleb128 0xb
 755 003b 00       		.byte	0
 756 003c 00       		.byte	0
 757 003d 06       		.uleb128 0x6
 758 003e 16       		.uleb128 0x16
 759 003f 00       		.byte	0
 760 0040 03       		.uleb128 0x3
 761 0041 0E       		.uleb128 0xe
 762 0042 3A       		.uleb128 0x3a
 763 0043 0B       		.uleb128 0xb
 764 0044 3B       		.uleb128 0x3b
 765 0045 05       		.uleb128 0x5
 766 0046 49       		.uleb128 0x49
 767 0047 13       		.uleb128 0x13
 768 0048 00       		.byte	0
 769 0049 00       		.byte	0
 770 004a 07       		.uleb128 0x7
 771 004b 35       		.uleb128 0x35
 772 004c 00       		.byte	0
 773 004d 49       		.uleb128 0x49
 774 004e 13       		.uleb128 0x13
 775 004f 00       		.byte	0
 776 0050 00       		.byte	0
 777 0051 08       		.uleb128 0x8
 778 0052 2E       		.uleb128 0x2e
 779 0053 00       		.byte	0
 780 0054 03       		.uleb128 0x3
 781 0055 0E       		.uleb128 0xe
 782 0056 3A       		.uleb128 0x3a
 783 0057 0B       		.uleb128 0xb
 784 0058 3B       		.uleb128 0x3b
 785 0059 0B       		.uleb128 0xb
 786 005a 27       		.uleb128 0x27
 787 005b 19       		.uleb128 0x19
 788 005c 11       		.uleb128 0x11
 789 005d 01       		.uleb128 0x1
 790 005e 12       		.uleb128 0x12
 791 005f 06       		.uleb128 0x6
 792 0060 40       		.uleb128 0x40
 793 0061 18       		.uleb128 0x18
 794 0062 9742     		.uleb128 0x2117
 795 0064 19       		.uleb128 0x19
 796 0065 00       		.byte	0
 797 0066 00       		.byte	0
 798 0067 09       		.uleb128 0x9
ARM GAS  C:\Users\austc\AppData\Local\Temp\ccITERrX.s 			page 21


 799 0068 2E       		.uleb128 0x2e
 800 0069 01       		.byte	0x1
 801 006a 03       		.uleb128 0x3
 802 006b 0E       		.uleb128 0xe
 803 006c 3A       		.uleb128 0x3a
 804 006d 0B       		.uleb128 0xb
 805 006e 3B       		.uleb128 0x3b
 806 006f 0B       		.uleb128 0xb
 807 0070 27       		.uleb128 0x27
 808 0071 19       		.uleb128 0x19
 809 0072 11       		.uleb128 0x11
 810 0073 01       		.uleb128 0x1
 811 0074 12       		.uleb128 0x12
 812 0075 06       		.uleb128 0x6
 813 0076 40       		.uleb128 0x40
 814 0077 18       		.uleb128 0x18
 815 0078 9742     		.uleb128 0x2117
 816 007a 19       		.uleb128 0x19
 817 007b 01       		.uleb128 0x1
 818 007c 13       		.uleb128 0x13
 819 007d 00       		.byte	0
 820 007e 00       		.byte	0
 821 007f 0A       		.uleb128 0xa
 822 0080 05       		.uleb128 0x5
 823 0081 00       		.byte	0
 824 0082 03       		.uleb128 0x3
 825 0083 08       		.uleb128 0x8
 826 0084 3A       		.uleb128 0x3a
 827 0085 0B       		.uleb128 0xb
 828 0086 3B       		.uleb128 0x3b
 829 0087 0B       		.uleb128 0xb
 830 0088 49       		.uleb128 0x49
 831 0089 13       		.uleb128 0x13
 832 008a 02       		.uleb128 0x2
 833 008b 17       		.uleb128 0x17
 834 008c 00       		.byte	0
 835 008d 00       		.byte	0
 836 008e 0B       		.uleb128 0xb
 837 008f 898201   		.uleb128 0x4109
 838 0092 01       		.byte	0x1
 839 0093 11       		.uleb128 0x11
 840 0094 01       		.uleb128 0x1
 841 0095 31       		.uleb128 0x31
 842 0096 13       		.uleb128 0x13
 843 0097 00       		.byte	0
 844 0098 00       		.byte	0
 845 0099 0C       		.uleb128 0xc
 846 009a 8A8201   		.uleb128 0x410a
 847 009d 00       		.byte	0
 848 009e 02       		.uleb128 0x2
 849 009f 18       		.uleb128 0x18
 850 00a0 9142     		.uleb128 0x2111
 851 00a2 18       		.uleb128 0x18
 852 00a3 00       		.byte	0
 853 00a4 00       		.byte	0
 854 00a5 0D       		.uleb128 0xd
 855 00a6 898201   		.uleb128 0x4109
ARM GAS  C:\Users\austc\AppData\Local\Temp\ccITERrX.s 			page 22


 856 00a9 00       		.byte	0
 857 00aa 11       		.uleb128 0x11
 858 00ab 01       		.uleb128 0x1
 859 00ac 31       		.uleb128 0x31
 860 00ad 13       		.uleb128 0x13
 861 00ae 00       		.byte	0
 862 00af 00       		.byte	0
 863 00b0 0E       		.uleb128 0xe
 864 00b1 898201   		.uleb128 0x4109
 865 00b4 01       		.byte	0x1
 866 00b5 11       		.uleb128 0x11
 867 00b6 01       		.uleb128 0x1
 868 00b7 31       		.uleb128 0x31
 869 00b8 13       		.uleb128 0x13
 870 00b9 01       		.uleb128 0x1
 871 00ba 13       		.uleb128 0x13
 872 00bb 00       		.byte	0
 873 00bc 00       		.byte	0
 874 00bd 0F       		.uleb128 0xf
 875 00be 2E       		.uleb128 0x2e
 876 00bf 01       		.byte	0x1
 877 00c0 3F       		.uleb128 0x3f
 878 00c1 19       		.uleb128 0x19
 879 00c2 03       		.uleb128 0x3
 880 00c3 0E       		.uleb128 0xe
 881 00c4 3A       		.uleb128 0x3a
 882 00c5 0B       		.uleb128 0xb
 883 00c6 3B       		.uleb128 0x3b
 884 00c7 05       		.uleb128 0x5
 885 00c8 27       		.uleb128 0x27
 886 00c9 19       		.uleb128 0x19
 887 00ca 11       		.uleb128 0x11
 888 00cb 01       		.uleb128 0x1
 889 00cc 12       		.uleb128 0x12
 890 00cd 06       		.uleb128 0x6
 891 00ce 40       		.uleb128 0x40
 892 00cf 18       		.uleb128 0x18
 893 00d0 9742     		.uleb128 0x2117
 894 00d2 19       		.uleb128 0x19
 895 00d3 01       		.uleb128 0x1
 896 00d4 13       		.uleb128 0x13
 897 00d5 00       		.byte	0
 898 00d6 00       		.byte	0
 899 00d7 10       		.uleb128 0x10
 900 00d8 0B       		.uleb128 0xb
 901 00d9 01       		.byte	0x1
 902 00da 11       		.uleb128 0x11
 903 00db 01       		.uleb128 0x1
 904 00dc 12       		.uleb128 0x12
 905 00dd 06       		.uleb128 0x6
 906 00de 01       		.uleb128 0x1
 907 00df 13       		.uleb128 0x13
 908 00e0 00       		.byte	0
 909 00e1 00       		.byte	0
 910 00e2 11       		.uleb128 0x11
 911 00e3 13       		.uleb128 0x13
 912 00e4 01       		.byte	0x1
ARM GAS  C:\Users\austc\AppData\Local\Temp\ccITERrX.s 			page 23


 913 00e5 0B       		.uleb128 0xb
 914 00e6 0B       		.uleb128 0xb
 915 00e7 3A       		.uleb128 0x3a
 916 00e8 0B       		.uleb128 0xb
 917 00e9 3B       		.uleb128 0x3b
 918 00ea 05       		.uleb128 0x5
 919 00eb 01       		.uleb128 0x1
 920 00ec 13       		.uleb128 0x13
 921 00ed 00       		.byte	0
 922 00ee 00       		.byte	0
 923 00ef 12       		.uleb128 0x12
 924 00f0 0D       		.uleb128 0xd
 925 00f1 00       		.byte	0
 926 00f2 03       		.uleb128 0x3
 927 00f3 0E       		.uleb128 0xe
 928 00f4 3A       		.uleb128 0x3a
 929 00f5 0B       		.uleb128 0xb
 930 00f6 3B       		.uleb128 0x3b
 931 00f7 05       		.uleb128 0x5
 932 00f8 49       		.uleb128 0x49
 933 00f9 13       		.uleb128 0x13
 934 00fa 38       		.uleb128 0x38
 935 00fb 0B       		.uleb128 0xb
 936 00fc 00       		.byte	0
 937 00fd 00       		.byte	0
 938 00fe 13       		.uleb128 0x13
 939 00ff 01       		.uleb128 0x1
 940 0100 01       		.byte	0x1
 941 0101 49       		.uleb128 0x49
 942 0102 13       		.uleb128 0x13
 943 0103 01       		.uleb128 0x1
 944 0104 13       		.uleb128 0x13
 945 0105 00       		.byte	0
 946 0106 00       		.byte	0
 947 0107 14       		.uleb128 0x14
 948 0108 21       		.uleb128 0x21
 949 0109 00       		.byte	0
 950 010a 49       		.uleb128 0x49
 951 010b 13       		.uleb128 0x13
 952 010c 2F       		.uleb128 0x2f
 953 010d 0B       		.uleb128 0xb
 954 010e 00       		.byte	0
 955 010f 00       		.byte	0
 956 0110 15       		.uleb128 0x15
 957 0111 26       		.uleb128 0x26
 958 0112 00       		.byte	0
 959 0113 49       		.uleb128 0x49
 960 0114 13       		.uleb128 0x13
 961 0115 00       		.byte	0
 962 0116 00       		.byte	0
 963 0117 16       		.uleb128 0x16
 964 0118 34       		.uleb128 0x34
 965 0119 00       		.byte	0
 966 011a 03       		.uleb128 0x3
 967 011b 0E       		.uleb128 0xe
 968 011c 3A       		.uleb128 0x3a
 969 011d 0B       		.uleb128 0xb
ARM GAS  C:\Users\austc\AppData\Local\Temp\ccITERrX.s 			page 24


 970 011e 3B       		.uleb128 0x3b
 971 011f 05       		.uleb128 0x5
 972 0120 49       		.uleb128 0x49
 973 0121 13       		.uleb128 0x13
 974 0122 02       		.uleb128 0x2
 975 0123 18       		.uleb128 0x18
 976 0124 00       		.byte	0
 977 0125 00       		.byte	0
 978 0126 17       		.uleb128 0x17
 979 0127 34       		.uleb128 0x34
 980 0128 00       		.byte	0
 981 0129 03       		.uleb128 0x3
 982 012a 08       		.uleb128 0x8
 983 012b 3A       		.uleb128 0x3a
 984 012c 0B       		.uleb128 0xb
 985 012d 3B       		.uleb128 0x3b
 986 012e 05       		.uleb128 0x5
 987 012f 49       		.uleb128 0x49
 988 0130 13       		.uleb128 0x13
 989 0131 02       		.uleb128 0x2
 990 0132 17       		.uleb128 0x17
 991 0133 00       		.byte	0
 992 0134 00       		.byte	0
 993 0135 18       		.uleb128 0x18
 994 0136 0B       		.uleb128 0xb
 995 0137 01       		.byte	0x1
 996 0138 11       		.uleb128 0x11
 997 0139 01       		.uleb128 0x1
 998 013a 12       		.uleb128 0x12
 999 013b 06       		.uleb128 0x6
 1000 013c 00       		.byte	0
 1001 013d 00       		.byte	0
 1002 013e 19       		.uleb128 0x19
 1003 013f 0F       		.uleb128 0xf
 1004 0140 00       		.byte	0
 1005 0141 0B       		.uleb128 0xb
 1006 0142 0B       		.uleb128 0xb
 1007 0143 49       		.uleb128 0x49
 1008 0144 13       		.uleb128 0x13
 1009 0145 00       		.byte	0
 1010 0146 00       		.byte	0
 1011 0147 1A       		.uleb128 0x1a
 1012 0148 2E       		.uleb128 0x2e
 1013 0149 00       		.byte	0
 1014 014a 3F       		.uleb128 0x3f
 1015 014b 19       		.uleb128 0x19
 1016 014c 3C       		.uleb128 0x3c
 1017 014d 19       		.uleb128 0x19
 1018 014e 6E       		.uleb128 0x6e
 1019 014f 0E       		.uleb128 0xe
 1020 0150 03       		.uleb128 0x3
 1021 0151 0E       		.uleb128 0xe
 1022 0152 00       		.byte	0
 1023 0153 00       		.byte	0
 1024 0154 1B       		.uleb128 0x1b
 1025 0155 2E       		.uleb128 0x2e
 1026 0156 00       		.byte	0
ARM GAS  C:\Users\austc\AppData\Local\Temp\ccITERrX.s 			page 25


 1027 0157 3F       		.uleb128 0x3f
 1028 0158 19       		.uleb128 0x19
 1029 0159 3C       		.uleb128 0x3c
 1030 015a 19       		.uleb128 0x19
 1031 015b 6E       		.uleb128 0x6e
 1032 015c 0E       		.uleb128 0xe
 1033 015d 03       		.uleb128 0x3
 1034 015e 0E       		.uleb128 0xe
 1035 015f 3A       		.uleb128 0x3a
 1036 0160 0B       		.uleb128 0xb
 1037 0161 3B       		.uleb128 0x3b
 1038 0162 0B       		.uleb128 0xb
 1039 0163 00       		.byte	0
 1040 0164 00       		.byte	0
 1041 0165 00       		.byte	0
 1042              		.section	.debug_loc,"",%progbits
 1043              	.Ldebug_loc0:
 1044              	.LLST0:
 1045 0000 00000000 		.4byte	.LVL0
 1046 0004 09000000 		.4byte	.LVL2-1
 1047 0008 0100     		.2byte	0x1
 1048 000a 50       		.byte	0x50
 1049 000b 09000000 		.4byte	.LVL2-1
 1050 000f 0C000000 		.4byte	.LFE1
 1051 0013 0400     		.2byte	0x4
 1052 0015 F3       		.byte	0xf3
 1053 0016 01       		.uleb128 0x1
 1054 0017 50       		.byte	0x50
 1055 0018 9F       		.byte	0x9f
 1056 0019 00000000 		.4byte	0
 1057 001d 00000000 		.4byte	0
 1058              	.LLST1:
 1059 0021 00000000 		.4byte	.LVL0
 1060 0025 06000000 		.4byte	.LVL1
 1061 0029 0100     		.2byte	0x1
 1062 002b 51       		.byte	0x51
 1063 002c 06000000 		.4byte	.LVL1
 1064 0030 09000000 		.4byte	.LVL2-1
 1065 0034 0100     		.2byte	0x1
 1066 0036 52       		.byte	0x52
 1067 0037 09000000 		.4byte	.LVL2-1
 1068 003b 0C000000 		.4byte	.LFE1
 1069 003f 0400     		.2byte	0x4
 1070 0041 F3       		.byte	0xf3
 1071 0042 01       		.uleb128 0x1
 1072 0043 51       		.byte	0x51
 1073 0044 9F       		.byte	0x9f
 1074 0045 00000000 		.4byte	0
 1075 0049 00000000 		.4byte	0
 1076              	.LLST2:
 1077 004d A8000000 		.4byte	.LVL9
 1078 0051 AC000000 		.4byte	.LVL10
 1079 0055 0200     		.2byte	0x2
 1080 0057 30       		.byte	0x30
 1081 0058 9F       		.byte	0x9f
 1082 0059 AC000000 		.4byte	.LVL10
 1083 005d CA000000 		.4byte	.LVL12
ARM GAS  C:\Users\austc\AppData\Local\Temp\ccITERrX.s 			page 26


 1084 0061 0100     		.2byte	0x1
 1085 0063 54       		.byte	0x54
 1086 0064 CC000000 		.4byte	.LVL13
 1087 0068 16010000 		.4byte	.LVL16
 1088 006c 0100     		.2byte	0x1
 1089 006e 54       		.byte	0x54
 1090 006f 00000000 		.4byte	0
 1091 0073 00000000 		.4byte	0
 1092              	.LLST3:
 1093 0077 AC000000 		.4byte	.LVL10
 1094 007b CA000000 		.4byte	.LVL12
 1095 007f 0B00     		.2byte	0xb
 1096 0081 74       		.byte	0x74
 1097 0082 00       		.sleb128 0
 1098 0083 36       		.byte	0x36
 1099 0084 1E       		.byte	0x1e
 1100 0085 03       		.byte	0x3
 1101 0086 00000000 		.4byte	cfg_memset_list.4948
 1102 008a 22       		.byte	0x22
 1103 008b 9F       		.byte	0x9f
 1104 008c CA000000 		.4byte	.LVL12
 1105 0090 CC000000 		.4byte	.LVL13
 1106 0094 0B00     		.2byte	0xb
 1107 0096 74       		.byte	0x74
 1108 0097 7F       		.sleb128 -1
 1109 0098 36       		.byte	0x36
 1110 0099 1E       		.byte	0x1e
 1111 009a 03       		.byte	0x3
 1112 009b 00000000 		.4byte	cfg_memset_list.4948
 1113 009f 22       		.byte	0x22
 1114 00a0 9F       		.byte	0x9f
 1115 00a1 00000000 		.4byte	0
 1116 00a5 00000000 		.4byte	0
 1117              		.section	.debug_aranges,"",%progbits
 1118 0000 34000000 		.4byte	0x34
 1119 0004 0200     		.2byte	0x2
 1120 0006 00000000 		.4byte	.Ldebug_info0
 1121 000a 04       		.byte	0x4
 1122 000b 00       		.byte	0
 1123 000c 0000     		.2byte	0
 1124 000e 0000     		.2byte	0
 1125 0010 00000000 		.4byte	.LFB5
 1126 0014 20000000 		.4byte	.LFE5-.LFB5
 1127 0018 00000000 		.4byte	.LFB1
 1128 001c 0C000000 		.4byte	.LFE1-.LFB1
 1129 0020 00000000 		.4byte	.LFB4
 1130 0024 A4000000 		.4byte	.LFE4-.LFB4
 1131 0028 A4000000 		.4byte	.LFB6
 1132 002c A8000000 		.4byte	.LFE6-.LFB6
 1133 0030 00000000 		.4byte	0
 1134 0034 00000000 		.4byte	0
 1135              		.section	.debug_ranges,"",%progbits
 1136              	.Ldebug_ranges0:
 1137 0000 00000000 		.4byte	.LFB5
 1138 0004 20000000 		.4byte	.LFE5
 1139 0008 00000000 		.4byte	.LFB1
 1140 000c 0C000000 		.4byte	.LFE1
ARM GAS  C:\Users\austc\AppData\Local\Temp\ccITERrX.s 			page 27


 1141 0010 00000000 		.4byte	.LFB4
 1142 0014 A4000000 		.4byte	.LFE4
 1143 0018 A4000000 		.4byte	.LFB6
 1144 001c 4C010000 		.4byte	.LFE6
 1145 0020 00000000 		.4byte	0
 1146 0024 00000000 		.4byte	0
 1147              		.section	.debug_line,"",%progbits
 1148              	.Ldebug_line0:
 1149 0000 58010000 		.section	.debug_str,"MS",%progbits,1
 1149      0200E300 
 1149      00000201 
 1149      FB0E0D00 
 1149      01010101 
 1150              	.LASF27:
 1151 0000 43794465 		.ascii	"CyDelayCycles\000"
 1151      6C617943 
 1151      79636C65 
 1151      7300
 1152              	.LASF19:
 1153 000e 72656733 		.ascii	"reg32\000"
 1153      3200
 1154              	.LASF12:
 1155 0014 73697A65 		.ascii	"size_t\000"
 1155      5F7400
 1156              	.LASF35:
 1157 001b 416E616C 		.ascii	"AnalogSetDefault\000"
 1157      6F675365 
 1157      74446566 
 1157      61756C74 
 1157      00
 1158              	.LASF30:
 1159 002c 4379496E 		.ascii	"CyIntSetVector\000"
 1159      74536574 
 1159      56656374 
 1159      6F7200
 1160              	.LASF25:
 1161 003b 6366675F 		.ascii	"cfg_memset_list\000"
 1161      6D656D73 
 1161      65745F6C 
 1161      69737400 
 1162              	.LASF21:
 1163 004b 436C6F63 		.ascii	"ClockSetup\000"
 1163      6B536574 
 1163      757000
 1164              	.LASF6:
 1165 0056 73686F72 		.ascii	"short unsigned int\000"
 1165      7420756E 
 1165      7369676E 
 1165      65642069 
 1165      6E7400
 1166              	.LASF16:
 1167 0069 666C6F61 		.ascii	"float\000"
 1167      7400
 1168              	.LASF23:
 1169 006f 73697A65 		.ascii	"size\000"
 1169      00
 1170              	.LASF18:
ARM GAS  C:\Users\austc\AppData\Local\Temp\ccITERrX.s 			page 28


 1171 0074 72656738 		.ascii	"reg8\000"
 1171      00
 1172              	.LASF8:
 1173 0079 6C6F6E67 		.ascii	"long unsigned int\000"
 1173      20756E73 
 1173      69676E65 
 1173      6420696E 
 1173      7400
 1174              	.LASF13:
 1175 008b 75696E74 		.ascii	"uint8\000"
 1175      3800
 1176              	.LASF26:
 1177 0091 43795379 		.ascii	"CySysClkWcoStart\000"
 1177      73436C6B 
 1177      57636F53 
 1177      74617274 
 1177      00
 1178              	.LASF20:
 1179 00a2 43594D45 		.ascii	"CYMEMZERO\000"
 1179      4D5A4552 
 1179      4F00
 1180              	.LASF4:
 1181 00ac 756E7369 		.ascii	"unsigned char\000"
 1181      676E6564 
 1181      20636861 
 1181      7200
 1182              	.LASF37:
 1183 00ba 6D656D73 		.ascii	"memset\000"
 1183      657400
 1184              	.LASF17:
 1185 00c1 646F7562 		.ascii	"double\000"
 1185      6C6500
 1186              	.LASF31:
 1187 00c8 4379496E 		.ascii	"CyIntEnable\000"
 1187      74456E61 
 1187      626C6500 
 1188              	.LASF14:
 1189 00d4 75696E74 		.ascii	"uint16\000"
 1189      313600
 1190              	.LASF15:
 1191 00db 75696E74 		.ascii	"uint32\000"
 1191      333200
 1192              	.LASF0:
 1193 00e2 756E7369 		.ascii	"unsigned int\000"
 1193      676E6564 
 1193      20696E74 
 1193      00
 1194              	.LASF36:
 1195 00ef 63796669 		.ascii	"cyfitter_cfg\000"
 1195      74746572 
 1195      5F636667 
 1195      00
 1196              	.LASF22:
 1197 00fc 61646472 		.ascii	"address\000"
 1197      65737300 
 1198              	.LASF9:
 1199 0104 6C6F6E67 		.ascii	"long long unsigned int\000"
ARM GAS  C:\Users\austc\AppData\Local\Temp\ccITERrX.s 			page 29


 1199      206C6F6E 
 1199      6720756E 
 1199      7369676E 
 1199      65642069 
 1200              	.LASF32:
 1201 011b 474E5520 		.ascii	"GNU C11 5.4.1 20160609 (release) [ARM/embedded-5-br"
 1201      43313120 
 1201      352E342E 
 1201      31203230 
 1201      31363036 
 1202 014e 616E6368 		.ascii	"anch revision 237715] -mcpu=cortex-m0 -mthumb -g -O"
 1202      20726576 
 1202      6973696F 
 1202      6E203233 
 1202      37373135 
 1203 0181 67202D66 		.ascii	"g -ffunction-sections -ffat-lto-objects\000"
 1203      66756E63 
 1203      74696F6E 
 1203      2D736563 
 1203      74696F6E 
 1204              	.LASF24:
 1205 01a9 6366675F 		.ascii	"cfg_memset_t\000"
 1205      6D656D73 
 1205      65745F74 
 1205      00
 1206              	.LASF10:
 1207 01b6 73697A65 		.ascii	"sizetype\000"
 1207      74797065 
 1207      00
 1208              	.LASF1:
 1209 01bf 6C6F6E67 		.ascii	"long long int\000"
 1209      206C6F6E 
 1209      6720696E 
 1209      7400
 1210              	.LASF11:
 1211 01cd 63686172 		.ascii	"char\000"
 1211      00
 1212              	.LASF34:
 1213 01d2 433A5C55 		.ascii	"C:\\Users\\austc\\OneDrive\\Documents\\GitHub\\Elec"
 1213      73657273 
 1213      5C617573 
 1213      74635C4F 
 1213      6E654472 
 1214 01ff 74726F6E 		.ascii	"tronics2018-19\\Psoc Arm\\CAN_Full_P4_Example01.cyd"
 1214      69637332 
 1214      3031382D 
 1214      31395C50 
 1214      736F6320 
 1215 0230 736E00   		.ascii	"sn\000"
 1216              	.LASF5:
 1217 0233 73686F72 		.ascii	"short int\000"
 1217      7420696E 
 1217      7400
 1218              	.LASF28:
 1219 023d 43795379 		.ascii	"CySysClkWriteImoFreq\000"
 1219      73436C6B 
 1219      57726974 
ARM GAS  C:\Users\austc\AppData\Local\Temp\ccITERrX.s 			page 30


 1219      65496D6F 
 1219      46726571 
 1220              	.LASF29:
 1221 0252 43795379 		.ascii	"CySysClkImoEnableWcoLock\000"
 1221      73436C6B 
 1221      496D6F45 
 1221      6E61626C 
 1221      6557636F 
 1222              	.LASF7:
 1223 026b 6C6F6E67 		.ascii	"long int\000"
 1223      20696E74 
 1223      00
 1224              	.LASF2:
 1225 0274 6C6F6E67 		.ascii	"long double\000"
 1225      20646F75 
 1225      626C6500 
 1226              	.LASF3:
 1227 0280 7369676E 		.ascii	"signed char\000"
 1227      65642063 
 1227      68617200 
 1228              	.LASF33:
 1229 028c 47656E65 		.ascii	"Generated_Source\\PSoC4\\cyfitter_cfg.c\000"
 1229      72617465 
 1229      645F536F 
 1229      75726365 
 1229      5C50536F 
 1230              		.ident	"GCC: (GNU Tools for ARM Embedded Processors) 5.4.1 20160609 (release) [ARM/embedded-5-bran
