Archive member included to satisfy reference by file (symbol)

.\CortexM0\ARM_GCC_541\Debug\Motor Board Rev1.a(CyLib.o)
                              .\CortexM0\ARM_GCC_541\Debug\cyfitter_cfg.o (CyIntEnable)
.\CortexM0\ARM_GCC_541\Debug\Motor Board Rev1.a(CyLFClk.o)
                              .\CortexM0\ARM_GCC_541\Debug\Motor Board Rev1.a(CyLib.o) (CySysClkWcoEnabled)
.\CortexM0\ARM_GCC_541\Debug\Motor Board Rev1.a(PWM_Motor.o)
                              .\CortexM0\ARM_GCC_541\Debug\main.o (PWM_Motor_Stop)
.\CortexM0\ARM_GCC_541\Debug\Motor Board Rev1.a(Pin_Direction.o)
                              .\CortexM0\ARM_GCC_541\Debug\main.o (Pin_Direction_Write)
.\CortexM0\ARM_GCC_541\Debug\Motor Board Rev1.a(isr_Limit_1.o)
                              .\CortexM0\ARM_GCC_541\Debug\main.o (isr_Limit_1_StartEx)
.\CortexM0\ARM_GCC_541\Debug\Motor Board Rev1.a(QuadDec.o)
                              .\CortexM0\ARM_GCC_541\Debug\main.o (QuadDec_GetCounter)
.\CortexM0\ARM_GCC_541\Debug\Motor Board Rev1.a(QuadDec_Cnt16.o)
                              .\CortexM0\ARM_GCC_541\Debug\Motor Board Rev1.a(QuadDec.o) (QuadDec_Cnt16_Stop)
.\CortexM0\ARM_GCC_541\Debug\Motor Board Rev1.a(Status_Reg_Switches.o)
                              .\CortexM0\ARM_GCC_541\Debug\main.o (Status_Reg_Switches_Read)
.\CortexM0\ARM_GCC_541\Debug\Motor Board Rev1.a(CAN.o)
                              .\CortexM0\ARM_GCC_541\Debug\main.o (CAN_GlobalIntEnable)
.\CortexM0\ARM_GCC_541\Debug\Motor Board Rev1.a(CAN_INT.o)
                              .\CortexM0\ARM_GCC_541\Debug\Motor Board Rev1.a(CAN.o) (CAN_ISR)
.\CortexM0\ARM_GCC_541\Debug\Motor Board Rev1.a(CAN_TX_RX_func.o)
                              .\CortexM0\ARM_GCC_541\Debug\main.o (CAN_SendMsg)
.\CortexM0\ARM_GCC_541\Debug\Motor Board Rev1.a(UART.o)
                              .\CortexM0\ARM_GCC_541\Debug\main.o (UART_Start)
.\CortexM0\ARM_GCC_541\Debug\Motor Board Rev1.a(UART_UART.o)
                              .\CortexM0\ARM_GCC_541\Debug\Motor Board Rev1.a(UART.o) (UART_UartInit)
.\CortexM0\ARM_GCC_541\Debug\Motor Board Rev1.a(Pin_Test.o)
                              .\CortexM0\ARM_GCC_541\Debug\main.o (Pin_Test_Write)
.\CortexM0\ARM_GCC_541\Debug\Motor Board Rev1.a(Can_addr.o)
                              .\CortexM0\ARM_GCC_541\Debug\main.o (Can_addr_Read)
.\CortexM0\ARM_GCC_541\Debug\Motor Board Rev1.a(Timer_1.o)
                              .\CortexM0\ARM_GCC_541\Debug\main.o (Timer_1_ReadStatusRegister)
.\CortexM0\ARM_GCC_541\Debug\Motor Board Rev1.a(isr_period.o)
                              .\CortexM0\ARM_GCC_541\Debug\main.o (isr_period_StartEx)
.\CortexM0\ARM_GCC_541\Debug\Motor Board Rev1.a(CyBootAsmGnu.o)
                              .\CortexM0\ARM_GCC_541\Debug\Motor Board Rev1.a(CyLib.o) (CyDelayCycles)
.\CortexM0\ARM_GCC_541\Debug\Motor Board Rev1.a(CyFlash.o)
                              .\CortexM0\ARM_GCC_541\Debug\Motor Board Rev1.a(CyLib.o) (CySysFlashSetWaitCycles)
.\CortexM0\ARM_GCC_541\Debug\Motor Board Rev1.a(cyutils.o)
                              .\CortexM0\ARM_GCC_541\Debug\Motor Board Rev1.a(Timer_1.o) (CySetReg24)
.\CortexM0\ARM_GCC_541\Debug\Motor Board Rev1.a(UART_SPI_UART.o)
                              .\CortexM0\ARM_GCC_541\Debug\Motor Board Rev1.a(UART_UART.o) (UART_SpiUartReadRxData)
c:/program files (x86)/cypress/psoc creator/4.2/psoc creator/import/gnu/arm/5.4.1/bin/../lib/gcc/arm-none-eabi/5.4.1/armv6-m\libgcc.a(_udivsi3.o)
                              .\CortexM0\ARM_GCC_541\Debug\Motor Board Rev1.a(CyLib.o) (__aeabi_uidiv)
c:/program files (x86)/cypress/psoc creator/4.2/psoc creator/import/gnu/arm/5.4.1/bin/../lib/gcc/arm-none-eabi/5.4.1/armv6-m\libgcc.a(_divsi3.o)
                              .\CortexM0\ARM_GCC_541\Debug\main.o (__aeabi_idiv)
c:/program files (x86)/cypress/psoc creator/4.2/psoc creator/import/gnu/arm/5.4.1/bin/../lib/gcc/arm-none-eabi/5.4.1/armv6-m\libgcc.a(_dvmd_tls.o)
                              c:/program files (x86)/cypress/psoc creator/4.2/psoc creator/import/gnu/arm/5.4.1/bin/../lib/gcc/arm-none-eabi/5.4.1/armv6-m\libgcc.a(_udivsi3.o) (__aeabi_idiv0)
c:/program files (x86)/cypress/psoc creator/4.2/psoc creator/import/gnu/arm/5.4.1/bin/../lib/gcc/arm-none-eabi/5.4.1/armv6-m\libgcc.a(muldf3.o)
                              .\CortexM0\ARM_GCC_541\Debug\main.o (__aeabi_dmul)
c:/program files (x86)/cypress/psoc creator/4.2/psoc creator/import/gnu/arm/5.4.1/bin/../lib/gcc/arm-none-eabi/5.4.1/armv6-m\libgcc.a(fixdfsi.o)
                              .\CortexM0\ARM_GCC_541\Debug\main.o (__aeabi_d2iz)
c:/program files (x86)/cypress/psoc creator/4.2/psoc creator/import/gnu/arm/5.4.1/bin/../lib/gcc/arm-none-eabi/5.4.1/armv6-m\libgcc.a(floatsidf.o)
                              .\CortexM0\ARM_GCC_541\Debug\main.o (__aeabi_i2d)
c:/program files (x86)/cypress/psoc creator/4.2/psoc creator/import/gnu/arm/5.4.1/bin/../lib/gcc/arm-none-eabi/5.4.1/armv6-m\libgcc.a(_clzsi2.o)
[...]
Memory Configuration

Name             Origin             Length             Attributes
rom              0x00000000         0x00040000         xr
ram              0x20000000         0x00008000         xrw
*default*        0x00000000         0xffffffff

Linker script and memory map

LOAD c:/program files (x86)/cypress/psoc creator/4.2/psoc creator/import/gnu/arm/5.4.1/bin/../lib/gcc/arm-none-eabi/5.4.1/armv6-m/crti.o
LOAD c:/program files (x86)/cypress/psoc creator/4.2/psoc creator/import/gnu/arm/5.4.1/bin/../lib/gcc/arm-none-eabi/5.4.1/armv6-m/crtbegin.o
LOAD c:/program files (x86)/cypress/psoc creator/4.2/psoc creator/import/gnu/arm/5.4.1/bin/../lib/gcc/arm-none-eabi/5.4.1/../../../../arm-none-eabi/lib/armv6-m/crt0.o
START GROUP
LOAD .\CortexM0\ARM_GCC_541\Debug\main.o
LOAD .\CortexM0\ARM_GCC_541\Debug\cyfitter_cfg.o
LOAD .\CortexM0\ARM_GCC_541\Debug\cymetadata.o
LOAD .\CortexM0\ARM_GCC_541\Debug\Cm0Start.o
LOAD .\CortexM0\ARM_GCC_541\Debug\Motor Board Rev1.a
END GROUP
START GROUP
LOAD c:/program files (x86)/cypress/psoc creator/4.2/psoc creator/import/gnu/arm/5.4.1/bin/../lib/gcc/arm-none-eabi/5.4.1/armv6-m\libgcc.a
LOAD c:/program files (x86)/cypress/psoc creator/4.2/psoc creator/import/gnu/arm/5.4.1/bin/../lib/gcc/arm-none-eabi/5.4.1/../../../../arm-none-eabi/lib/armv6-m\libg_nano.a
LOAD c:/program files (x86)/cypress/psoc creator/4.2/psoc creator/import/gnu/arm/5.4.1/bin/../lib/gcc/arm-none-eabi/5.4.1/../../../../arm-none-eabi/lib/armv6-m\libc_nano.a
END GROUP
START GROUP
LOAD c:/program files (x86)/cypress/psoc creator/4.2/psoc creator/import/gnu/arm/5.4.1/bin/../lib/gcc/arm-none-eabi/5.4.1/armv6-m\libgcc.a
LOAD c:/program files (x86)/cypress/psoc creator/4.2/psoc creator/import/gnu/arm/5.4.1/bin/../lib/gcc/arm-none-eabi/5.4.1/../../../../arm-none-eabi/lib/armv6-m\libc_nano.a
END GROUP
LOAD c:/program files (x86)/cypress/psoc creator/4.2/psoc creator/import/gnu/arm/5.4.1/bin/../lib/gcc/arm-none-eabi/5.4.1/armv6-m/crtend.o
LOAD c:/program files (x86)/cypress/psoc creator/4.2/psoc creator/import/gnu/arm/5.4.1/bin/../lib/gcc/arm-none-eabi/5.4.1/armv6-m/crtn.o
START GROUP
LOAD c:/program files (x86)/cypress/psoc creator/4.2/psoc creator/import/gnu/arm/5.4.1/bin/../lib/gcc/arm-none-eabi/5.4.1/armv6-m\libgcc.a
LOAD c:/program files (x86)/cypress/psoc creator/4.2/psoc creator/import/gnu/arm/5.4.1/bin/../lib/gcc/arm-none-eabi/5.4.1/../../../../arm-none-eabi/lib/armv6-m\libc.a
LOAD c:/program files (x86)/cypress/psoc creator/4.2/psoc creator/import/gnu/arm/5.4.1/bin/../lib/gcc/arm-none-eabi/5.4.1/../../../../arm-none-eabi/lib/armv6-m\libnosys.a
END GROUP
                0x00000000                CY_APPL_ORIGIN = 0x0
                0x00000100                CY_FLASH_ROW_SIZE = 0x100
                0x00000001                CY_APPL_NUM = 0x1
                0x00000001                CY_APPL_MAX = 0x1
                0x00000040                CY_METADATA_SIZE = 0x40
                0x00000000                CY_APPL_LOADABLE = 0x0
                0x00000000                CY_CHECKSUM_EXCLUDE_SIZE = ALIGN (0x0, CY_FLASH_ROW_SIZE)
                0x00000000                CY_APP_FOR_STACK_AND_COPIER = 0x0
                [!provide]                PROVIDE (__cy_heap_start, _end)
                0x00000001                PROVIDE (__cy_region_num, ((__cy_regions_end - __cy_regions) / 0x10))
                0x20008000                PROVIDE (__cy_stack, (ORIGIN (ram) + LENGTH (ram)))
                [!provide]                PROVIDE (__cy_heap_end, (__cy_stack - 0x800))

.cybootloader   0x00000000        0x0
 *(.cybootloader)
                0x00000000                appl1_start = CY_APPL_ORIGIN?CY_APPL_ORIGIN:ALIGN (CY_FLASH_ROW_SIZE)
                0x0001ff00                appl2_start = (appl1_start + ALIGN ((((LENGTH (rom) - appl1_start) - (0x2 * CY_FLASH_ROW_SIZE)) / 0x2), CY_FLASH_ROW_SIZE))
                0x00000000                appl_start = (CY_APPL_NUM == 0x1)?appl1_start:appl2_start
                0x00000001                cy_project_type_bootloader = (appl_start == 0x0)?0x1:0x0
                0x00000000                cy_project_type_app_for_stack_and_copier = (CY_APP_FOR_STACK_AND_COPIER == 0x1)?0x1:0x0

.text           0x00000000     0x32ae
 CREATE_OBJECT_SYMBOLS
                0x00000000                PROVIDE (__cy_interrupt_vector, RomVectors)
 *(.romvectors)
 .romvectors    0x00000000       0x10 .\CortexM0\ARM_GCC_541\Debug\Cm0Start.o
                0x00000000                RomVectors
                0x00000001                ASSERT ((. != __cy_interrupt_vector), No interrupt vector)
                0x00000001                ASSERT (CY_APPL_ORIGIN?(SIZEOF (.cybootloader) <= CY_APPL_ORIGIN):0x1, Wrong image location)
                0x00000010                PROVIDE (__cy_reset, Reset)
 *(.text.Reset)
 .text.Reset    0x00000010        0x8 .\CortexM0\ARM_GCC_541\Debug\Cm0Start.o
                0x00000010                Reset
                0x00000001                ASSERT ((. != __cy_reset), No reset code)
 *(.psocinit)
 .psocinit      0x00000018      0x2a8 .\CortexM0\ARM_GCC_541\Debug\cyfitter_cfg.o
                0x00000130                cyfitter_cfg
                0x000002c0                . = MAX (., 0x100)
 *(.text .text.* .gnu.linkonce.t.*)
 .text          0x000002c0       0x60 c:/program files (x86)/cypress/psoc creator/4.2/psoc creator/import/gnu/arm/5.4.1/bin/../lib/gcc/arm-none-eabi/5.4.1/armv6-m/crtbegin.o
 .text.ISR_CAN  0x00000320      0x1e4 .\CortexM0\ARM_GCC_541\Debug\main.o
                0x00000320                ISR_CAN
 .text.initialize
                0x00000504       0x6c .\CortexM0\ARM_GCC_541\Debug\main.o
                0x00000504                initialize
 .text.set_CAN_ID
                0x00000570       0x1c .\CortexM0\ARM_GCC_541\Debug\main.o
                0x00000570                set_CAN_ID
 .text.initialize_can_addr
                0x0000058c      0x184 .\CortexM0\ARM_GCC_541\Debug\main.o
                0x0000058c                initialize_can_addr
 .text.set_PWM  0x00000710       0x64 .\CortexM0\ARM_GCC_541\Debug\main.o
                0x00000710                set_PWM
 .text.Period_Reset_Handler
                0x00000774       0x44 .\CortexM0\ARM_GCC_541\Debug\main.o
                0x00000774                Period_Reset_Handler
 .text.Pin_Limit_Handler
                0x000007b8       0x3c .\CortexM0\ARM_GCC_541\Debug\main.o
                0x000007b8                Pin_Limit_Handler
 .text.CAN_Send_Encoder
                0x000007f4       0x68 .\CortexM0\ARM_GCC_541\Debug\main.o
                0x000007f4                CAN_Send_Encoder
 .text.CAN_Send_Model
                0x0000085c       0x4c .\CortexM0\ARM_GCC_541\Debug\main.o
                0x0000085c                CAN_Send_Model
 .text.CAN_Send_Error
                0x000008a8       0x54 .\CortexM0\ARM_GCC_541\Debug\main.o
                0x000008a8                CAN_Send_Error
 .text.degrees_to_tick
                0x000008fc       0x48 .\CortexM0\ARM_GCC_541\Debug\main.o
                0x000008fc                degrees_to_tick
 .text.position_PID
                0x00000944       0xbc .\CortexM0\ARM_GCC_541\Debug\main.o
                0x00000944                position_PID
 .text.set_Position
                0x00000a00       0x7c .\CortexM0\ARM_GCC_541\Debug\main.o
                0x00000a00                set_Position
 .text.main     0x00000a7c      0x228 .\CortexM0\ARM_GCC_541\Debug\main.o
                0x00000a7c                main
 .text.cfg_write_bytes32
                0x00000ca4       0x34 .\CortexM0\ARM_GCC_541\Debug\cyfitter_cfg.o
 .text.AnalogSetDefault
                0x00000cd8       0x20 .\CortexM0\ARM_GCC_541\Debug\cyfitter_cfg.o
 .text.CYMEMZERO
                0x00000cf8        0xc .\CortexM0\ARM_GCC_541\Debug\cyfitter_cfg.o
 .text.IntDefaultHandler
                0x00000d04       0x10 .\CortexM0\ARM_GCC_541\Debug\Cm0Start.o
                0x00000d04                IntDefaultHandler
 .text._sbrk    0x00000d14       0x30 .\CortexM0\ARM_GCC_541\Debug\Cm0Start.o
                0x00000d14                _sbrk
 .text.Start_c  0x00000d44       0x48 .\CortexM0\ARM_GCC_541\Debug\Cm0Start.o
                0x00000d44                Start_c
 .text.initialize_psoc
                0x00000d8c       0x4c .\CortexM0\ARM_GCC_541\Debug\Cm0Start.o
                0x00000d8c                initialize_psoc
 .text.CySysClkImoDisableWcoLock
                0x00000dd8       0x14 .\CortexM0\ARM_GCC_541\Debug\Motor Board Rev1.a(CyLib.o)
                0x00000dd8                CySysClkImoDisableWcoLock
 .text.CySysClkImoGetWcoLock
                0x00000dec       0x14 .\CortexM0\ARM_GCC_541\Debug\Motor Board Rev1.a(CyLib.o)
                0x00000dec                CySysClkImoGetWcoLock
 .text.CySysClkImoEnableUsbLock
                0x00000e00       0xf4 .\CortexM0\ARM_GCC_541\Debug\Motor Board Rev1.a(CyLib.o)
                0x00000e00                CySysClkImoEnableUsbLock
 .text.CySysClkImoDisableUsbLock
                0x00000ef4       0x90 .\CortexM0\ARM_GCC_541\Debug\Motor Board Rev1.a(CyLib.o)
                0x00000ef4                CySysClkImoDisableUsbLock
 .text.CySysClkImoGetUsbLock
                0x00000f84       0x14 .\CortexM0\ARM_GCC_541\Debug\Motor Board Rev1.a(CyLib.o)
                0x00000f84                CySysClkImoGetUsbLock
 .text.CyIntEnable
                0x00000f98       0x14 .\CortexM0\ARM_GCC_541\Debug\Motor Board Rev1.a(CyLib.o)
                0x00000f98                CyIntEnable
 .text.CyIntDisable
                0x00000fac       0x14 .\CortexM0\ARM_GCC_541\Debug\Motor Board Rev1.a(CyLib.o)
                0x00000fac                CyIntDisable
 .text.CyHalt   0x00000fc0        0x4 .\CortexM0\ARM_GCC_541\Debug\Motor Board Rev1.a(CyLib.o)
                0x00000fc0                CyHalt
 .text.CyIntSetVector
                0x00000fc4       0x24 .\CortexM0\ARM_GCC_541\Debug\Motor Board Rev1.a(CyLib.o)
                0x00000fc4                CyIntSetVector
 .text.CyIntSetPriority
                0x00000fe8       0x4c .\CortexM0\ARM_GCC_541\Debug\Motor Board Rev1.a(CyLib.o)
                0x00000fe8                CyIntSetPriority
 .text.CyDelay  0x00001034       0x30 .\CortexM0\ARM_GCC_541\Debug\Motor Board Rev1.a(CyLib.o)
                0x00001034                CyDelay
 .text.CySysClkImoEnableWcoLock
                0x00001064       0xfc .\CortexM0\ARM_GCC_541\Debug\Motor Board Rev1.a(CyLib.o)
                0x00001064                CySysClkImoEnableWcoLock
 .text.CyDelayUs
                0x00001160       0x14 .\CortexM0\ARM_GCC_541\Debug\Motor Board Rev1.a(CyLib.o)
                0x00001160                CyDelayUs
 .text.CySysClkWriteImoFreq
                0x00001174      0x1bc .\CortexM0\ARM_GCC_541\Debug\Motor Board Rev1.a(CyLib.o)
                0x00001174                CySysClkWriteImoFreq
 .text.CySysWdtLocked
                0x00001330       0x14 .\CortexM0\ARM_GCC_541\Debug\Motor Board Rev1.a(CyLFClk.o)
 .text.CySysClkWcoEnabled
                0x00001344       0x14 .\CortexM0\ARM_GCC_541\Debug\Motor Board Rev1.a(CyLFClk.o)
                0x00001344                CySysClkWcoEnabled
 .text.CySysWdtLock
                0x00001358       0x1c .\CortexM0\ARM_GCC_541\Debug\Motor Board Rev1.a(CyLFClk.o)
                0x00001358                CySysWdtLock
 .text.CySysWdtUnlock
                0x00001374       0x30 .\CortexM0\ARM_GCC_541\Debug\Motor Board Rev1.a(CyLFClk.o)
                0x00001374                CySysWdtUnlock
 .text.CySysWdtClearInterrupt
                0x000013a4       0x4c .\CortexM0\ARM_GCC_541\Debug\Motor Board Rev1.a(CyLFClk.o)
                0x000013a4                CySysWdtClearInterrupt
 .text.CySysWdtIsr
                0x000013f0       0xa4 .\CortexM0\ARM_GCC_541\Debug\Motor Board Rev1.a(CyLFClk.o)
                0x000013f0                CySysWdtIsr
 .text.PWM_Motor_WriteCounter
                0x00001494       0x10 .\CortexM0\ARM_GCC_541\Debug\Motor Board Rev1.a(PWM_Motor.o)
                0x00001494                PWM_Motor_WriteCounter
 .text.PWM_Motor_WritePeriod
                0x000014a4       0x10 .\CortexM0\ARM_GCC_541\Debug\Motor Board Rev1.a(PWM_Motor.o)
                0x000014a4                PWM_Motor_WritePeriod
 .text.PWM_Motor_WriteCompare
                0x000014b4       0x10 .\CortexM0\ARM_GCC_541\Debug\Motor Board Rev1.a(PWM_Motor.o)
                0x000014b4                PWM_Motor_WriteCompare
 .text.PWM_Motor_TriggerCommand
                0x000014c4       0x1c .\CortexM0\ARM_GCC_541\Debug\Motor Board Rev1.a(PWM_Motor.o)
                0x000014c4                PWM_Motor_TriggerCommand
 .text.PWM_Motor_Enable
                0x000014e0       0x24 .\CortexM0\ARM_GCC_541\Debug\Motor Board Rev1.a(PWM_Motor.o)
                0x000014e0                PWM_Motor_Enable
 .text.PWM_Motor_SetInterruptMode
                0x00001504        0xc .\CortexM0\ARM_GCC_541\Debug\Motor Board Rev1.a(PWM_Motor.o)
                0x00001504                PWM_Motor_SetInterruptMode
 .text.PWM_Motor_Init
                0x00001510       0x44 .\CortexM0\ARM_GCC_541\Debug\Motor Board Rev1.a(PWM_Motor.o)
                0x00001510                PWM_Motor_Init
 .text.PWM_Motor_Start
                0x00001554       0x20 .\CortexM0\ARM_GCC_541\Debug\Motor Board Rev1.a(PWM_Motor.o)
                0x00001554                PWM_Motor_Start
 .text.Pin_Direction_Write
                0x00001574       0x18 .\CortexM0\ARM_GCC_541\Debug\Motor Board Rev1.a(Pin_Direction.o)
                0x00001574                Pin_Direction_Write
 .text.isr_Limit_1_SetVector
                0x0000158c        0xc .\CortexM0\ARM_GCC_541\Debug\Motor Board Rev1.a(isr_Limit_1.o)
                0x0000158c                isr_Limit_1_SetVector
 .text.isr_Limit_1_SetPriority
                0x00001598       0x20 .\CortexM0\ARM_GCC_541\Debug\Motor Board Rev1.a(isr_Limit_1.o)
                0x00001598                isr_Limit_1_SetPriority
 .text.isr_Limit_1_Enable
                0x000015b8        0xc .\CortexM0\ARM_GCC_541\Debug\Motor Board Rev1.a(isr_Limit_1.o)
                0x000015b8                isr_Limit_1_Enable
 .text.isr_Limit_1_Disable
                0x000015c4        0xc .\CortexM0\ARM_GCC_541\Debug\Motor Board Rev1.a(isr_Limit_1.o)
                0x000015c4                isr_Limit_1_Disable
 .text.isr_Limit_1_StartEx
                0x000015d0       0x1c .\CortexM0\ARM_GCC_541\Debug\Motor Board Rev1.a(isr_Limit_1.o)
                0x000015d0                isr_Limit_1_StartEx
 .text.QuadDec_GetCounter
                0x000015ec       0x14 .\CortexM0\ARM_GCC_541\Debug\Motor Board Rev1.a(QuadDec.o)
                0x000015ec                QuadDec_GetCounter
 .text.QuadDec_SetCounter
                0x00001600       0x24 .\CortexM0\ARM_GCC_541\Debug\Motor Board Rev1.a(QuadDec.o)
                0x00001600                QuadDec_SetCounter
 .text.QuadDec_GetEvents
                0x00001624       0x10 .\CortexM0\ARM_GCC_541\Debug\Motor Board Rev1.a(QuadDec.o)
                0x00001624                QuadDec_GetEvents
 .text.QuadDec_SetInterruptMask
                0x00001634        0xc .\CortexM0\ARM_GCC_541\Debug\Motor Board Rev1.a(QuadDec.o)
                0x00001634                QuadDec_SetInterruptMask
 .text.QuadDec_Enable
                0x00001640       0x28 .\CortexM0\ARM_GCC_541\Debug\Motor Board Rev1.a(QuadDec.o)
                0x00001640                QuadDec_Enable
 .text.QuadDec_Start
                0x00001668       0x28 .\CortexM0\ARM_GCC_541\Debug\Motor Board Rev1.a(QuadDec.o)
                0x00001668                QuadDec_Start
 .text.QuadDec_Cnt16_Enable
                0x00001690       0x14 .\CortexM0\ARM_GCC_541\Debug\Motor Board Rev1.a(QuadDec_Cnt16.o)
                0x00001690                QuadDec_Cnt16_Enable
 .text.QuadDec_Cnt16_SetInterruptMode
                0x000016a4        0xc .\CortexM0\ARM_GCC_541\Debug\Motor Board Rev1.a(QuadDec_Cnt16.o)
                0x000016a4                QuadDec_Cnt16_SetInterruptMode
 .text.QuadDec_Cnt16_ReadStatusRegister
                0x000016b0        0xc .\CortexM0\ARM_GCC_541\Debug\Motor Board Rev1.a(QuadDec_Cnt16.o)
                0x000016b0                QuadDec_Cnt16_ReadStatusRegister
 .text.QuadDec_Cnt16_WriteCounter
                0x000016bc        0xc .\CortexM0\ARM_GCC_541\Debug\Motor Board Rev1.a(QuadDec_Cnt16.o)
                0x000016bc                QuadDec_Cnt16_WriteCounter
 .text.QuadDec_Cnt16_ReadCounter
                0x000016c8       0x14 .\CortexM0\ARM_GCC_541\Debug\Motor Board Rev1.a(QuadDec_Cnt16.o)
                0x000016c8                QuadDec_Cnt16_ReadCounter
 .text.QuadDec_Cnt16_ReadCapture
                0x000016dc        0xc .\CortexM0\ARM_GCC_541\Debug\Motor Board Rev1.a(QuadDec_Cnt16.o)
                0x000016dc                QuadDec_Cnt16_ReadCapture
 .text.QuadDec_Cnt16_WritePeriod
                0x000016e8        0xc .\CortexM0\ARM_GCC_541\Debug\Motor Board Rev1.a(QuadDec_Cnt16.o)
                0x000016e8                QuadDec_Cnt16_WritePeriod
 .text.QuadDec_Cnt16_WriteCompare
                0x000016f4        0xc .\CortexM0\ARM_GCC_541\Debug\Motor Board Rev1.a(QuadDec_Cnt16.o)
                0x000016f4                QuadDec_Cnt16_WriteCompare
 .text.QuadDec_Cnt16_ClearFIFO
                0x00001700       0x14 .\CortexM0\ARM_GCC_541\Debug\Motor Board Rev1.a(QuadDec_Cnt16.o)
                0x00001700                QuadDec_Cnt16_ClearFIFO
 .text.QuadDec_Cnt16_Init
                0x00001714       0x58 .\CortexM0\ARM_GCC_541\Debug\Motor Board Rev1.a(QuadDec_Cnt16.o)
                0x00001714                QuadDec_Cnt16_Init
 .text.QuadDec_Cnt16_Start
                0x0000176c       0x20 .\CortexM0\ARM_GCC_541\Debug\Motor Board Rev1.a(QuadDec_Cnt16.o)
                0x0000176c                QuadDec_Cnt16_Start
 .text.Status_Reg_Switches_Read
                0x0000178c        0xc .\CortexM0\ARM_GCC_541\Debug\Motor Board Rev1.a(Status_Reg_Switches.o)
                0x0000178c                Status_Reg_Switches_Read
 .text.Status_Reg_Switches_InterruptEnable
                0x00001798       0x1c .\CortexM0\ARM_GCC_541\Debug\Motor Board Rev1.a(Status_Reg_Switches.o)
                0x00001798                Status_Reg_Switches_InterruptEnable
 .text.CAN_GlobalIntEnable
                0x000017b4       0x1c .\CortexM0\ARM_GCC_541\Debug\Motor Board Rev1.a(CAN.o)
                0x000017b4                CAN_GlobalIntEnable
 .text.CAN_Enable
                0x000017d0       0x48 .\CortexM0\ARM_GCC_541\Debug\Motor Board Rev1.a(CAN.o)
                0x000017d0                CAN_Enable
 .text.CAN_SetPreScaler
                0x00001818       0x38 .\CortexM0\ARM_GCC_541\Debug\Motor Board Rev1.a(CAN.o)
                0x00001818                CAN_SetPreScaler
 .text.CAN_SetArbiter
                0x00001850       0x40 .\CortexM0\ARM_GCC_541\Debug\Motor Board Rev1.a(CAN.o)
                0x00001850                CAN_SetArbiter
 .text.CAN_SetTsegSample
                0x00001890       0xa0 .\CortexM0\ARM_GCC_541\Debug\Motor Board Rev1.a(CAN.o)
                0x00001890                CAN_SetTsegSample
 .text.CAN_SetRestartType
                0x00001930       0x38 .\CortexM0\ARM_GCC_541\Debug\Motor Board Rev1.a(CAN.o)
                0x00001930                CAN_SetRestartType
 .text.CAN_SetEdgeMode
                0x00001968       0x38 .\CortexM0\ARM_GCC_541\Debug\Motor Board Rev1.a(CAN.o)
                0x00001968                CAN_SetEdgeMode
 .text.CAN_SetIrqMask
                0x000019a0       0x1c .\CortexM0\ARM_GCC_541\Debug\Motor Board Rev1.a(CAN.o)
                0x000019a0                CAN_SetIrqMask
 .text.CAN_RxBufConfig
                0x000019bc       0x98 .\CortexM0\ARM_GCC_541\Debug\Motor Board Rev1.a(CAN.o)
                0x000019bc                CAN_RxBufConfig
 .text.CAN_TxBufConfig
                0x00001a54       0x58 .\CortexM0\ARM_GCC_541\Debug\Motor Board Rev1.a(CAN.o)
                0x00001a54                CAN_TxBufConfig
 .text.CAN_RxTxBuffersConfig
                0x00001aac       0x54 .\CortexM0\ARM_GCC_541\Debug\Motor Board Rev1.a(CAN.o)
                0x00001aac                CAN_RxTxBuffersConfig
 .text.CAN_SetSwapDataEndianness
                0x00001b00       0x40 .\CortexM0\ARM_GCC_541\Debug\Motor Board Rev1.a(CAN.o)
                0x00001b00                CAN_SetSwapDataEndianness
 .text.CAN_Init
                0x00001b40       0xe8 .\CortexM0\ARM_GCC_541\Debug\Motor Board Rev1.a(CAN.o)
                0x00001b40                CAN_Init
 .text.CAN_Start
                0x00001c28       0x28 .\CortexM0\ARM_GCC_541\Debug\Motor Board Rev1.a(CAN.o)
                0x00001c28                CAN_Start
 .text.CAN_ISR  0x00001c50        0x4 .\CortexM0\ARM_GCC_541\Debug\Motor Board Rev1.a(CAN_INT.o)
                0x00001c50                CAN_ISR
 .text.CAN_SendMsg
                0x00001c54      0x154 .\CortexM0\ARM_GCC_541\Debug\Motor Board Rev1.a(CAN_TX_RX_func.o)
                0x00001c54                CAN_SendMsg
 .text.UART_ScbModePostEnable
                0x00001da8        0x8 .\CortexM0\ARM_GCC_541\Debug\Motor Board Rev1.a(UART.o)
 .text.UART_Init
                0x00001db0        0x8 .\CortexM0\ARM_GCC_541\Debug\Motor Board Rev1.a(UART.o)
                0x00001db0                UART_Init
 .text.UART_Enable
                0x00001db8       0x18 .\CortexM0\ARM_GCC_541\Debug\Motor Board Rev1.a(UART.o)
                0x00001db8                UART_Enable
 .text.UART_Start
                0x00001dd0       0x20 .\CortexM0\ARM_GCC_541\Debug\Motor Board Rev1.a(UART.o)
                0x00001dd0                UART_Start
 .text.UART_UartInit
                0x00001df0       0xa8 .\CortexM0\ARM_GCC_541\Debug\Motor Board Rev1.a(UART_UART.o)
                0x00001df0                UART_UartInit
 .text.UART_UartPostEnable
                0x00001e98       0x24 .\CortexM0\ARM_GCC_541\Debug\Motor Board Rev1.a(UART_UART.o)
                0x00001e98                UART_UartPostEnable
 .text.UART_UartPutString
                0x00001ebc       0x18 .\CortexM0\ARM_GCC_541\Debug\Motor Board Rev1.a(UART_UART.o)
                0x00001ebc                UART_UartPutString
 .text.Pin_Test_Write
                0x00001ed4       0x18 .\CortexM0\ARM_GCC_541\Debug\Motor Board Rev1.a(Pin_Test.o)
                0x00001ed4                Pin_Test_Write
 .text.Can_addr_Read
                0x00001eec        0xc .\CortexM0\ARM_GCC_541\Debug\Motor Board Rev1.a(Can_addr.o)
                0x00001eec                Can_addr_Read
 .text.Timer_1_Enable
                0x00001ef8       0x14 .\CortexM0\ARM_GCC_541\Debug\Motor Board Rev1.a(Timer_1.o)
                0x00001ef8                Timer_1_Enable
 .text.Timer_1_SetInterruptMode
                0x00001f0c        0xc .\CortexM0\ARM_GCC_541\Debug\Motor Board Rev1.a(Timer_1.o)
                0x00001f0c                Timer_1_SetInterruptMode
 .text.Timer_1_ReadStatusRegister
                0x00001f18        0xc .\CortexM0\ARM_GCC_541\Debug\Motor Board Rev1.a(Timer_1.o)
                0x00001f18                Timer_1_ReadStatusRegister
 .text.Timer_1_WritePeriod
                0x00001f24       0x10 .\CortexM0\ARM_GCC_541\Debug\Motor Board Rev1.a(Timer_1.o)
                0x00001f24                Timer_1_WritePeriod
 .text.Timer_1_ReadCapture
                0x00001f34       0x10 .\CortexM0\ARM_GCC_541\Debug\Motor Board Rev1.a(Timer_1.o)
                0x00001f34                Timer_1_ReadCapture
 .text.Timer_1_WriteCounter
                0x00001f44       0x10 .\CortexM0\ARM_GCC_541\Debug\Motor Board Rev1.a(Timer_1.o)
                0x00001f44                Timer_1_WriteCounter
 .text.Timer_1_ClearFIFO
                0x00001f54       0x14 .\CortexM0\ARM_GCC_541\Debug\Motor Board Rev1.a(Timer_1.o)
                0x00001f54                Timer_1_ClearFIFO
 .text.Timer_1_Init
                0x00001f68       0x38 .\CortexM0\ARM_GCC_541\Debug\Motor Board Rev1.a(Timer_1.o)
                0x00001f68                Timer_1_Init
 .text.Timer_1_Start
                0x00001fa0       0x20 .\CortexM0\ARM_GCC_541\Debug\Motor Board Rev1.a(Timer_1.o)
                0x00001fa0                Timer_1_Start
 .text.isr_period_SetVector
                0x00001fc0        0xc .\CortexM0\ARM_GCC_541\Debug\Motor Board Rev1.a(isr_period.o)
                0x00001fc0                isr_period_SetVector
 .text.isr_period_SetPriority
                0x00001fcc       0x24 .\CortexM0\ARM_GCC_541\Debug\Motor Board Rev1.a(isr_period.o)
                0x00001fcc                isr_period_SetPriority
 .text.isr_period_Enable
                0x00001ff0        0xc .\CortexM0\ARM_GCC_541\Debug\Motor Board Rev1.a(isr_period.o)
                0x00001ff0                isr_period_Enable
 .text.isr_period_Disable
                0x00001ffc        0xc .\CortexM0\ARM_GCC_541\Debug\Motor Board Rev1.a(isr_period.o)
                0x00001ffc                isr_period_Disable
 .text.isr_period_StartEx
                0x00002008       0x1c .\CortexM0\ARM_GCC_541\Debug\Motor Board Rev1.a(isr_period.o)
                0x00002008                isr_period_StartEx
 *fill*         0x00002024        0x4 
 .text          0x00002028       0x20 .\CortexM0\ARM_GCC_541\Debug\Motor Board Rev1.a(CyBootAsmGnu.o)
                0x00002028                CyDelayCycles
                0x0000203a                CyEnterCriticalSection
                0x00002042                CyExitCriticalSection
 .text.CySysFlashSetWaitCycles
                0x00002048       0x54 .\CortexM0\ARM_GCC_541\Debug\Motor Board Rev1.a(CyFlash.o)
                0x00002048                CySysFlashSetWaitCycles
 .text.CySetReg24
                0x0000209c       0x14 .\CortexM0\ARM_GCC_541\Debug\Motor Board Rev1.a(cyutils.o)
                0x0000209c                CySetReg24
 .text.CyGetReg24
                0x000020b0       0x14 .\CortexM0\ARM_GCC_541\Debug\Motor Board Rev1.a(cyutils.o)
                0x000020b0                CyGetReg24
 .text.UART_SpiUartWriteTxData
                0x000020c4       0x1c .\CortexM0\ARM_GCC_541\Debug\Motor Board Rev1.a(UART_SPI_UART.o)
                0x000020c4                UART_SpiUartWriteTxData
 .text          0x000020e0      0x114 c:/program files (x86)/cypress/psoc creator/4.2/psoc creator/import/gnu/arm/5.4.1/bin/../lib/gcc/arm-none-eabi/5.4.1/armv6-m\libgcc.a(_udivsi3.o)
                0x000020e0                __aeabi_uidiv
                0x000020e0                __udivsi3
                0x000021ec                __aeabi_uidivmod
 .text          0x000021f4      0x1d4 c:/program files (x86)/cypress/psoc creator/4.2/psoc creator/import/gnu/arm/5.4.1/bin/../lib/gcc/arm-none-eabi/5.4.1/armv6-m\libgcc.a(_divsi3.o)
                0x000021f4                __divsi3
                0x000021f4                __aeabi_idiv
                0x000023c0                __aeabi_idivmod
 .text          0x000023c8        0x4 c:/program files (x86)/cypress/psoc creator/4.2/psoc creator/import/gnu/arm/5.4.1/bin/../lib/gcc/arm-none-eabi/5.4.1/armv6-m\libgcc.a(_dvmd_tls.o)
                0x000023c8                __aeabi_idiv0
                0x000023c8                __aeabi_ldiv0
 .text          0x000023cc      0x4f4 c:/program files (x86)/cypress/psoc creator/4.2/psoc creator/import/gnu/arm/5.4.1/bin/../lib/gcc/arm-none-eabi/5.4.1/armv6-m\libgcc.a(muldf3.o)
                0x000023cc                __aeabi_dmul
 .text          0x000028c0       0x6c c:/program files (x86)/cypress/psoc creator/4.2/psoc creator/import/gnu/arm/5.4.1/bin/../lib/gcc/arm-none-eabi/5.4.1/armv6-m\libgcc.a(fixdfsi.o)
                0x000028c0                __aeabi_d2iz
 .text          0x0000292c       0x84 c:/program files (x86)/cypress/psoc creator/4.2/psoc creator/import/gnu/arm/5.4.1/bin/../lib/gcc/arm-none-eabi/5.4.1/armv6-m\libgcc.a(floatsidf.o)
                0x0000292c                __aeabi_i2d
 .text          0x000029b0       0x3c c:/program files (x86)/cypress/psoc creator/4.2/psoc creator/import/gnu/arm/5.4.1/bin/../lib/gcc/arm-none-eabi/5.4.1/armv6-m\libgcc.a(_clzsi2.o)
                0x000029b0                __clzsi2
 .text.__errno  0x000029ec        0xc c:/program files (x86)/cypress/psoc creator/4.2/psoc creator/import/gnu/arm/5.4.1/bin/../lib/gcc/arm-none-eabi/5.4.1/../../../../arm-none-eabi/lib/armv6-m\libg_nano.a(lib_a-errno.o)
                0x000029ec                __errno
 .text.__libc_init_array
                0x000029f8       0x4c c:/program files (x86)/cypress/psoc creator/4.2/psoc creator/import/gnu/arm/5.4.1/bin/../lib/gcc/arm-none-eabi/5.4.1/../../../../arm-none-eabi/lib/armv6-m\libg_nano.a(lib_a-init.o)
                0x000029f8                __libc_init_array
 .text.memcpy   0x00002a44       0x12 c:/program files (x86)/cypress/psoc creator/4.2/psoc creator/import/gnu/arm/5.4.1/bin/../lib/gcc/arm-none-eabi/5.4.1/../../../../arm-none-eabi/lib/armv6-m\libg_nano.a(lib_a-memcpy-stub.o)
                0x00002a44                memcpy
 .text.memset   0x00002a56       0x10 c:/program files (x86)/cypress/psoc creator/4.2/psoc creator/import/gnu/arm/5.4.1/bin/../lib/gcc/arm-none-eabi/5.4.1/../../../../arm-none-eabi/lib/armv6-m\libg_nano.a(lib_a-memset.o)
                0x00002a56                memset
 *fill*         0x00002a66        0x2 
 .text.sprintf  0x00002a68       0x44 c:/program files (x86)/cypress/psoc creator/4.2/psoc creator/import/gnu/arm/5.4.1/bin/../lib/gcc/arm-none-eabi/5.4.1/../../../../arm-none-eabi/lib/armv6-m\libg_nano.a(lib_a-sprintf.o)
                0x00002a68                siprintf
                0x00002a68                sprintf
 .text.__ssputs_r
                0x00002aac       0xc4 c:/program files (x86)/cypress/psoc creator/4.2/psoc creator/import/gnu/arm/5.4.1/bin/../lib/gcc/arm-none-eabi/5.4.1/../../../../arm-none-eabi/lib/armv6-m\libg_nano.a(lib_a-nano-svfprintf.o)
                0x00002aac                __ssputs_r
 .text._svfprintf_r
                0x00002b70      0x1fc c:/program files (x86)/cypress/psoc creator/4.2/psoc creator/import/gnu/arm/5.4.1/bin/../lib/gcc/arm-none-eabi/5.4.1/../../../../arm-none-eabi/lib/armv6-m\libg_nano.a(lib_a-nano-svfprintf.o)
                0x00002b70                _svfiprintf_r
                0x00002b70                _svfprintf_r
 .text._printf_common
                0x00002d6c       0xdc c:/program files (x86)/cypress/psoc creator/4.2/psoc creator/import/gnu/arm/5.4.1/bin/../lib/gcc/arm-none-eabi/5.4.1/../../../../arm-none-eabi/lib/armv6-m\libg_nano.a(lib_a-nano-vfprintf_i.o)
                0x00002d6c                _printf_common
 .text._printf_i
                0x00002e48      0x244 c:/program files (x86)/cypress/psoc creator/4.2/psoc creator/import/gnu/arm/5.4.1/bin/../lib/gcc/arm-none-eabi/5.4.1/../../../../arm-none-eabi/lib/armv6-m\libg_nano.a(lib_a-nano-vfprintf_i.o)
                0x00002e48                _printf_i
 .text.memchr   0x0000308c       0x16 c:/program files (x86)/cypress/psoc creator/4.2/psoc creator/import/gnu/arm/5.4.1/bin/../lib/gcc/arm-none-eabi/5.4.1/../../../../arm-none-eabi/lib/armv6-m\libg_nano.a(lib_a-memchr-stub.o)
                0x0000308c                memchr
 .text.memmove  0x000030a2       0x2a c:/program files (x86)/cypress/psoc creator/4.2/psoc creator/import/gnu/arm/5.4.1/bin/../lib/gcc/arm-none-eabi/5.4.1/../../../../arm-none-eabi/lib/armv6-m\libg_nano.a(lib_a-memmove.o)
                0x000030a2                memmove
 .text._free_r  0x000030cc       0x98 c:/program files (x86)/cypress/psoc creator/4.2/psoc creator/import/gnu/arm/5.4.1/bin/../lib/gcc/arm-none-eabi/5.4.1/../../../../arm-none-eabi/lib/armv6-m\libg_nano.a(lib_a-nano-freer.o)
                0x000030cc                _free_r
 .text._malloc_r
                0x00003164       0xc0 c:/program files (x86)/cypress/psoc creator/4.2/psoc creator/import/gnu/arm/5.4.1/bin/../lib/gcc/arm-none-eabi/5.4.1/../../../../arm-none-eabi/lib/armv6-m\libg_nano.a(lib_a-nano-mallocr.o)
                0x00003164                _malloc_r
 .text._realloc_r
                0x00003224       0x4c c:/program files (x86)/cypress/psoc creator/4.2/psoc creator/import/gnu/arm/5.4.1/bin/../lib/gcc/arm-none-eabi/5.4.1/../../../../arm-none-eabi/lib/armv6-m\libg_nano.a(lib_a-nano-reallocr.o)
                0x00003224                _realloc_r
 .text._sbrk_r  0x00003270       0x24 c:/program files (x86)/cypress/psoc creator/4.2/psoc creator/import/gnu/arm/5.4.1/bin/../lib/gcc/arm-none-eabi/5.4.1/../../../../arm-none-eabi/lib/armv6-m\libg_nano.a(lib_a-sbrkr.o)
                0x00003270                _sbrk_r
 .text.__malloc_lock
                0x00003294        0x2 c:/program files (x86)/cypress/psoc creator/4.2/psoc creator/import/gnu/arm/5.4.1/bin/../lib/gcc/arm-none-eabi/5.4.1/../../../../arm-none-eabi/lib/armv6-m\libg_nano.a(lib_a-mlock.o)
                0x00003294                __malloc_lock
 .text.__malloc_unlock
                0x00003296        0x2 c:/program files (x86)/cypress/psoc creator/4.2/psoc creator/import/gnu/arm/5.4.1/bin/../lib/gcc/arm-none-eabi/5.4.1/../../../../arm-none-eabi/lib/armv6-m\libg_nano.a(lib_a-mlock.o)
                0x00003296                __malloc_unlock
 .text._malloc_usable_size_r
                0x00003298       0x16 c:/program files (x86)/cypress/psoc creator/4.2/psoc creator/import/gnu/arm/5.4.1/bin/../lib/gcc/arm-none-eabi/5.4.1/../../../../arm-none-eabi/lib/armv6-m\libg_nano.a(lib_a-nano-msizer.o)
                0x00003298                _malloc_usable_size_r
 *(.plt)
 *(.gnu.warning)
 *(.glue_7t)
 .glue_7t       0x000032ae        0x0 linker stubs
 *(.glue_7)
 .glue_7        0x000032ae        0x0 linker stubs
 *(.vfp11_veneer)
 .vfp11_veneer  0x000032ae        0x0 linker stubs
 *(.bootloader)
 *(.ARM.extab* .gnu.linkonce.armextab.*)
 *(.gcc_except_table)

.v4_bx          0x000032b0        0x0
 .v4_bx         0x000032b0        0x0 linker stubs

.iplt           0x000032b0        0x0
 .iplt          0x000032b0        0x0 c:/program files (x86)/cypress/psoc creator/4.2/psoc creator/import/gnu/arm/5.4.1/bin/../lib/gcc/arm-none-eabi/5.4.1/armv6-m/crtbegin.o

.eh_frame_hdr
 *(.eh_frame_hdr)

.eh_frame       0x000032b0        0x4
 *(.eh_frame)
 .eh_frame      0x000032b0        0x0 c:/program files (x86)/cypress/psoc creator/4.2/psoc creator/import/gnu/arm/5.4.1/bin/../lib/gcc/arm-none-eabi/5.4.1/armv6-m/crtbegin.o
 .eh_frame      0x000032b0        0x4 c:/program files (x86)/cypress/psoc creator/4.2/psoc creator/import/gnu/arm/5.4.1/bin/../lib/gcc/arm-none-eabi/5.4.1/armv6-m/crtend.o
                [!provide]                PROVIDE (__exidx_start, .)

.ARM.exidx
 *(.ARM.exidx* .gnu.linkonce.armexidx.*)
                0x000032b4                __exidx_end = .

.rodata         0x000032b4      0x964
 *(.rodata .rodata.* .gnu.linkonce.r.*)
 .rodata        0x000032b4       0x1c .\CortexM0\ARM_GCC_541\Debug\main.o
 .rodata.str1.4
                0x000032d0      0x28c .\CortexM0\ARM_GCC_541\Debug\main.o
 .rodata        0x0000355c      0x468 .\CortexM0\ARM_GCC_541\Debug\cyfitter_cfg.o
 .rodata        0x000039c4       0x47 .\CortexM0\ARM_GCC_541\Debug\Motor Board Rev1.a(CyLib.o)
                0x000039c4                cyImoFreqMhz2Reg
                0x000039f4                cyImoFreqMhz2DpllOffset
 *fill*         0x00003a0b        0x1 
 .rodata        0x00003a0c      0x160 .\CortexM0\ARM_GCC_541\Debug\Motor Board Rev1.a(CAN.o)
 .rodata        0x00003b6c       0x40 c:/program files (x86)/cypress/psoc creator/4.2/psoc creator/import/gnu/arm/5.4.1/bin/../lib/gcc/arm-none-eabi/5.4.1/armv6-m\libgcc.a(muldf3.o)
 .rodata.str1.1
                0x00003bac        0x2 c:/program files (x86)/cypress/psoc creator/4.2/psoc creator/import/gnu/arm/5.4.1/bin/../lib/gcc/arm-none-eabi/5.4.1/../../../../arm-none-eabi/lib/armv6-m\libg_nano.a(lib_a-impure.o)
 .rodata.str1.1
                0x00003bae       0x11 c:/program files (x86)/cypress/psoc creator/4.2/psoc creator/import/gnu/arm/5.4.1/bin/../lib/gcc/arm-none-eabi/5.4.1/../../../../arm-none-eabi/lib/armv6-m\libg_nano.a(lib_a-nano-svfprintf.o)
 .rodata.str1.1
                0x00003bbf       0x22 c:/program files (x86)/cypress/psoc creator/4.2/psoc creator/import/gnu/arm/5.4.1/bin/../lib/gcc/arm-none-eabi/5.4.1/../../../../arm-none-eabi/lib/armv6-m\libg_nano.a(lib_a-nano-vfprintf_i.o)
                0x00003be4                . = ALIGN (0x4)
 *fill*         0x00003be1        0x3 
 *(.init)
 .init          0x00003be4        0x4 c:/program files (x86)/cypress/psoc creator/4.2/psoc creator/import/gnu/arm/5.4.1/bin/../lib/gcc/arm-none-eabi/5.4.1/armv6-m/crti.o
                0x00003be4                _init
 .init          0x00003be8        0x8 c:/program files (x86)/cypress/psoc creator/4.2/psoc creator/import/gnu/arm/5.4.1/bin/../lib/gcc/arm-none-eabi/5.4.1/armv6-m/crtn.o
                0x00003bf0                . = ALIGN (0x4)
                0x00003bf0                __preinit_array_start = .
 *(.preinit_array)
                0x00003bf0                __preinit_array_end = .
                0x00003bf0                . = ALIGN (0x4)
                0x00003bf0                __init_array_start = .
 *(SORT(.init_array.*))
 *(.init_array)
 .init_array    0x00003bf0        0x4 c:/program files (x86)/cypress/psoc creator/4.2/psoc creator/import/gnu/arm/5.4.1/bin/../lib/gcc/arm-none-eabi/5.4.1/armv6-m/crtbegin.o
 .init_array    0x00003bf4        0x4 .\CortexM0\ARM_GCC_541\Debug\Cm0Start.o
                0x00003bf8                __init_array_end = .
                0x00003bf8                . = ALIGN (0x4)
 *(.fini)
 .fini          0x00003bf8        0x4 c:/program files (x86)/cypress/psoc creator/4.2/psoc creator/import/gnu/arm/5.4.1/bin/../lib/gcc/arm-none-eabi/5.4.1/armv6-m/crti.o
                0x00003bf8                _fini
 .fini          0x00003bfc        0x8 c:/program files (x86)/cypress/psoc creator/4.2/psoc creator/import/gnu/arm/5.4.1/bin/../lib/gcc/arm-none-eabi/5.4.1/armv6-m/crtn.o
                0x00003c04                . = ALIGN (0x4)
                0x00003c04                __fini_array_start = .
 *(.fini_array)
 .fini_array    0x00003c04        0x4 c:/program files (x86)/cypress/psoc creator/4.2/psoc creator/import/gnu/arm/5.4.1/bin/../lib/gcc/arm-none-eabi/5.4.1/armv6-m/crtbegin.o
 *(SORT(.fini_array.*))
                0x00003c08                __fini_array_end = .
                0x00003c08                . = ALIGN (0x4)
 *crtbegin.o(.ctors)
 *(EXCLUDE_FILE(*crtend.o) .ctors)
 *(SORT(.ctors.*))
 *crtend.o(.ctors)
                0x00003c08                . = ALIGN (0x4)
 *crtbegin.o(.dtors)
 *(EXCLUDE_FILE(*crtend.o) .dtors)
 *(SORT(.dtors.*))
 *crtend.o(.dtors)
                0x00003c08                . = ALIGN (0x4)
                0x00003c08                __cy_regions = .
                0x00003c08        0x4 LONG 0x3c18 __cy_region_init_ram
                0x00003c0c        0x4 LONG 0x200000c0 __cy_region_start_data
                0x00003c10        0x4 LONG 0x98 __cy_region_init_size_ram
                0x00003c14        0x4 LONG 0x160 __cy_region_zero_size_ram
                0x00003c18                __cy_regions_end = .
                0x00003c18                . = ALIGN (0x8)
                0x00003c18                _etext = .

.cy_checksum_exclude
                0x00003c18        0x0
 *(.cy_checksum_exclude)

.ramvectors     0x20000000       0xc0
                0x20000000                __cy_region_start_ram = .
 *(.ramvectors)
 .ramvectors    0x20000000       0xc0 .\CortexM0\ARM_GCC_541\Debug\Cm0Start.o
                0x20000000                CyRamVectors

.noinit
 *(.noinit)

.data           0x200000c0       0x98 load address 0x00003c18
                0x200000c0                __cy_region_start_data = .
 *(.jcr)
 .jcr           0x200000c0        0x0 c:/program files (x86)/cypress/psoc creator/4.2/psoc creator/import/gnu/arm/5.4.1/bin/../lib/gcc/arm-none-eabi/5.4.1/armv6-m/crtbegin.o
 .jcr           0x200000c0        0x4 c:/program files (x86)/cypress/psoc creator/4.2/psoc creator/import/gnu/arm/5.4.1/bin/../lib/gcc/arm-none-eabi/5.4.1/armv6-m/crtend.o
 *(.got.plt)
 *(.got)
 *(.shdata)
 *(.data .data.* .gnu.linkonce.d.*)
 .data          0x200000c4       0x10 .\CortexM0\ARM_GCC_541\Debug\main.o
                0x200000c4                uart_debug
                0x200000c8                CAN_RX_MAILBOX_0_SHIFT
                0x200000cc                CAN_RX_MAILBOX_0
                0x200000ce                mode
                0x200000d0                CAN_RX_MAILBOX_1_SHIFT
                0x200000d2                flipEncoder
                0x200000d3                send_data
 .data          0x200000d4        0x4 .\CortexM0\ARM_GCC_541\Debug\Cm0Start.o
 .data          0x200000d8       0x14 .\CortexM0\ARM_GCC_541\Debug\Motor Board Rev1.a(CyLib.o)
                0x200000d8                CySysClkPumpConfig
                0x200000dc                cydelay32kMs
                0x200000e0                cydelayFreqKhz
                0x200000e4                cydelayFreqMhz
                0x200000e8                cydelayFreqHz
 .data          0x200000ec        0x8 .\CortexM0\ARM_GCC_541\Debug\Motor Board Rev1.a(CyLFClk.o)
 .data.impure_data
                0x200000f4       0x60 c:/program files (x86)/cypress/psoc creator/4.2/psoc creator/import/gnu/arm/5.4.1/bin/../lib/gcc/arm-none-eabi/5.4.1/../../../../arm-none-eabi/lib/armv6-m\libg_nano.a(lib_a-impure.o)
 .data._impure_ptr
                0x20000154        0x4 c:/program files (x86)/cypress/psoc creator/4.2/psoc creator/import/gnu/arm/5.4.1/bin/../lib/gcc/arm-none-eabi/5.4.1/../../../../arm-none-eabi/lib/armv6-m\libg_nano.a(lib_a-impure.o)
                0x20000154                _impure_ptr
                0x20000158                . = ALIGN (0x8)
 *(.ram)
                0x20000158                _edata = .

.igot.plt       0x20000158        0x0 load address 0x00003cb0
 .igot.plt      0x20000158        0x0 c:/program files (x86)/cypress/psoc creator/4.2/psoc creator/import/gnu/arm/5.4.1/bin/../lib/gcc/arm-none-eabi/5.4.1/armv6-m/crtbegin.o

.bss            0x20000158      0x160 load address 0x00003cb0
                0x20000158                PROVIDE (__bss_start__, .)
 *(.shbss)
 *(.bss .bss.* .gnu.linkonce.b.*)
 .bss           0x20000158       0x1c c:/program files (x86)/cypress/psoc creator/4.2/psoc creator/import/gnu/arm/5.4.1/bin/../lib/gcc/arm-none-eabi/5.4.1/armv6-m/crtbegin.o
 .bss           0x20000174       0x20 .\CortexM0\ARM_GCC_541\Debug\main.o
                0x20000174                complete
                0x20000175                model_req
                0x20000176                CAN_RX_MAILBOX_1
                0x20000178                emergency
                0x2000017c                message_id
                0x20000180                disable_limit
                0x20000181                invalidate
                0x20000184                i
                0x20000188                lastp
                0x2000018c                maxV
                0x2000018d                drive
                0x20000190                mailbox
 .bss           0x20000194       0x20 .\CortexM0\ARM_GCC_541\Debug\Motor Board Rev1.a(CyLib.o)
                0x20000194                CySysClkImoTrim4
                0x20000198                CySysClkImoTrim5
                0x200001b0                CySysTickInitVar
 .bss           0x200001b4       0x28 .\CortexM0\ARM_GCC_541\Debug\Motor Board Rev1.a(CyLFClk.o)
 .bss           0x200001dc        0x1 .\CortexM0\ARM_GCC_541\Debug\Motor Board Rev1.a(PWM_Motor.o)
                0x200001dc                PWM_Motor_initVar
 .bss           0x200001dd        0x1 .\CortexM0\ARM_GCC_541\Debug\Motor Board Rev1.a(QuadDec.o)
                0x200001dd                QuadDec_initVar
 .bss           0x200001de        0x1 .\CortexM0\ARM_GCC_541\Debug\Motor Board Rev1.a(QuadDec_Cnt16.o)
                0x200001de                QuadDec_Cnt16_initVar
 .bss           0x200001df        0x1 .\CortexM0\ARM_GCC_541\Debug\Motor Board Rev1.a(CAN.o)
                0x200001df                CAN_initVar
 .bss           0x200001e0        0x4 .\CortexM0\ARM_GCC_541\Debug\Motor Board Rev1.a(UART.o)
                0x200001e0                UART_initVar
                0x200001e2                UART_IntrTxMask
 .bss           0x200001e4        0x1 .\CortexM0\ARM_GCC_541\Debug\Motor Board Rev1.a(Timer_1.o)
                0x200001e4                Timer_1_initVar
 *fill*         0x200001e5        0x3 
 .bss.__malloc_sbrk_start
                0x200001e8        0x4 c:/program files (x86)/cypress/psoc creator/4.2/psoc creator/import/gnu/arm/5.4.1/bin/../lib/gcc/arm-none-eabi/5.4.1/../../../../arm-none-eabi/lib/armv6-m\libg_nano.a(lib_a-nano-mallocr.o)
                0x200001e8                __malloc_sbrk_start
 .bss.__malloc_free_list
                0x200001ec        0x4 c:/program files (x86)/cypress/psoc creator/4.2/psoc creator/import/gnu/arm/5.4.1/bin/../lib/gcc/arm-none-eabi/5.4.1/../../../../arm-none-eabi/lib/armv6-m\libg_nano.a(lib_a-nano-mallocr.o)
                0x200001ec                __malloc_free_list
 *(COMMON)
 COMMON         0x200001f0       0xbe .\CortexM0\ARM_GCC_541\Debug\main.o
                0x200001f0                kd
                0x200001f4                invalid_arg
                0x200001f8                txData
                0x2000025c                Can_rx_angle
                0x20000264                message
                0x20000274                GEAR_RATIO
                0x20000278                CAN_TIMEOUT
                0x2000027c                pwm_compare
                0x20000280                ki
                0x20000284                data
                0x20000290                ratio
                0x20000298                final_angle
                0x2000029c                stall
                0x200002a0                command_failed
                0x200002a4                kp
                0x200002a8                Can_rx_pwm
 *fill*         0x200002ae        0x2 
 COMMON         0x200002b0        0x4 c:/program files (x86)/cypress/psoc creator/4.2/psoc creator/import/gnu/arm/5.4.1/bin/../lib/gcc/arm-none-eabi/5.4.1/../../../../arm-none-eabi/lib/armv6-m\libg_nano.a(lib_a-reent.o)
                0x200002b0                errno
                0x200002b8                . = ALIGN (0x8)
 *fill*         0x200002b4        0x4 
 *(.ram.b)
                0x200002b8                _end = .
                0x200002b8                __end = .
                0x200002b8                PROVIDE (end, .)
                0x200002b8                PROVIDE (__bss_end__, .)
                0x00003c18                __cy_region_init_ram = LOADADDR (.data)
                0x00000098                __cy_region_init_size_ram = (_edata - ADDR (.data))
                0x00000160                __cy_region_zero_size_ram = (_end - _edata)

.heap           0x200002b8       0x80 load address 0x00003cb0
                0x200002b8                . = _end
                0x20000338                . = (. + 0x80)
 *fill*         0x200002b8       0x80 
                0x20000338                __cy_heap_limit = .

.stack          0x20007800      0x800
                0x20007800                __cy_stack_limit = .
                0x20008000                . = (. + 0x800)
 *fill*         0x20007800      0x800 
                0x00000001                ASSERT ((__cy_stack_limit >= __cy_heap_limit), region RAM overflowed with stack)
                0x00000000                cy_checksum_exclude_size = (CY_APPL_LOADABLE == 0x1)?SIZEOF (.cy_checksum_exclude):0x0
                0x00000001                ASSERT ((cy_checksum_exclude_size <= CY_CHECKSUM_EXCLUDE_SIZE), CY_BOOT: Section .cy_checksum_exclude size exceedes specified limit.)
                0x0003ffc0                cyloadermeta_start = (cy_project_type_bootloader || cy_project_type_app_for_stack_and_copier)?(LENGTH (rom) - CY_METADATA_SIZE):0xf0000000

.cyloadermeta
 *(.cyloadermeta)
                0x0003ffc0                cyloadablemeta_start = cy_project_type_app_for_stack_and_copier?((LENGTH (rom) - CY_FLASH_ROW_SIZE) - CY_METADATA_SIZE):((LENGTH (rom) - (CY_FLASH_ROW_SIZE * (CY_APPL_NUM - 0x1))) - CY_METADATA_SIZE)

.cyloadablemeta
 *(.cyloadablemeta)

.cyflashprotect
                0x90400000       0x80
 *(.cyflashprotect)
 .cyflashprotect
                0x90400000       0x80 .\CortexM0\ARM_GCC_541\Debug\cymetadata.o
                0x90400000                cy_meta_flashprotect

.cymeta         0x90500000        0xc
 *(.cymeta)
 .cymeta        0x90500000        0xc .\CortexM0\ARM_GCC_541\Debug\cymetadata.o
                0x90500000                cy_metadata

.cychipprotect  0x90600000        0x1
 *(.cychipprotect)
 .cychipprotect
                0x90600000        0x1 .\CortexM0\ARM_GCC_541\Debug\cymetadata.o
                0x90600000                cy_meta_chipprotect

.rel.dyn        0x00003cb0        0x0 load address 0x90600004
 .rel.iplt      0x00003cb0        0x0 c:/program files (x86)/cypress/psoc creator/4.2/psoc creator/import/gnu/arm/5.4.1/bin/../lib/gcc/arm-none-eabi/5.4.1/armv6-m/crtbegin.o

.stab
 *(.stab)

.stabstr
 *(.stabstr)

.debug
 *(.debug)

.line
 *(.line)

.debug_srcinfo
 *(.debug_srcinfo)

.debug_sfnames
 *(.debug_sfnames)

.debug_aranges  0x00000000      0xd90
 *(.debug_aranges)
 .debug_aranges
                0x00000000       0xa0 .\CortexM0\ARM_GCC_541\Debug\main.o
 .debug_aranges
                0x000000a0       0x40 .\CortexM0\ARM_GCC_541\Debug\cyfitter_cfg.o
 .debug_aranges
                0x000000e0       0x18 .\CortexM0\ARM_GCC_541\Debug\cymetadata.o
 .debug_aranges
                0x000000f8       0x48 .\CortexM0\ARM_GCC_541\Debug\Cm0Start.o
 .debug_aranges
                0x00000140      0x260 .\CortexM0\ARM_GCC_541\Debug\Motor Board Rev1.a(CyLib.o)
 .debug_aranges
                0x000003a0      0x188 .\CortexM0\ARM_GCC_541\Debug\Motor Board Rev1.a(CyLFClk.o)
 .debug_aranges
                0x00000528      0x158 .\CortexM0\ARM_GCC_541\Debug\Motor Board Rev1.a(PWM_Motor.o)
 .debug_aranges
                0x00000680       0x48 .\CortexM0\ARM_GCC_541\Debug\Motor Board Rev1.a(Pin_Direction.o)
 .debug_aranges
                0x000006c8       0x80 .\CortexM0\ARM_GCC_541\Debug\Motor Board Rev1.a(isr_Limit_1.o)
 .debug_aranges
                0x00000748       0x60 .\CortexM0\ARM_GCC_541\Debug\Motor Board Rev1.a(QuadDec.o)
 .debug_aranges
                0x000007a8       0x98 .\CortexM0\ARM_GCC_541\Debug\Motor Board Rev1.a(QuadDec_Cnt16.o)
 .debug_aranges
                0x00000840       0x40 .\CortexM0\ARM_GCC_541\Debug\Motor Board Rev1.a(Status_Reg_Switches.o)
 .debug_aranges
                0x00000880       0xe8 .\CortexM0\ARM_GCC_541\Debug\Motor Board Rev1.a(CAN.o)
 .debug_aranges
                0x00000968       0x20 .\CortexM0\ARM_GCC_541\Debug\Motor Board Rev1.a(CAN_INT.o)
 .debug_aranges
                0x00000988       0xa0 .\CortexM0\ARM_GCC_541\Debug\Motor Board Rev1.a(CAN_TX_RX_func.o)
 .debug_aranges
                0x00000a28       0x58 .\CortexM0\ARM_GCC_541\Debug\Motor Board Rev1.a(UART.o)
 .debug_aranges
                0x00000a80       0x90 .\CortexM0\ARM_GCC_541\Debug\Motor Board Rev1.a(UART_UART.o)
 .debug_aranges
                0x00000b10       0x48 .\CortexM0\ARM_GCC_541\Debug\Motor Board Rev1.a(Pin_Test.o)
 .debug_aranges
                0x00000b58       0x40 .\CortexM0\ARM_GCC_541\Debug\Motor Board Rev1.a(Can_addr.o)
 .debug_aranges
                0x00000b98       0x90 .\CortexM0\ARM_GCC_541\Debug\Motor Board Rev1.a(Timer_1.o)
 .debug_aranges
                0x00000c28       0x80 .\CortexM0\ARM_GCC_541\Debug\Motor Board Rev1.a(isr_period.o)
 .debug_aranges
                0x00000ca8       0x20 .\CortexM0\ARM_GCC_541\Debug\Motor Board Rev1.a(CyBootAsmGnu.o)
 .debug_aranges
                0x00000cc8       0x40 .\CortexM0\ARM_GCC_541\Debug\Motor Board Rev1.a(CyFlash.o)
 .debug_aranges
                0x00000d08       0x28 .\CortexM0\ARM_GCC_541\Debug\Motor Board Rev1.a(cyutils.o)
 .debug_aranges
                0x00000d30       0x60 .\CortexM0\ARM_GCC_541\Debug\Motor Board Rev1.a(UART_SPI_UART.o)

.debug_pubnames
 *(.debug_pubnames)

.debug_info     0x00000000     0x7b1d
 *(.debug_info .gnu.linkonce.wi.*)
 .debug_info    0x00000000      0xfc0 .\CortexM0\ARM_GCC_541\Debug\main.o
 .debug_info    0x00000fc0      0x3bd .\CortexM0\ARM_GCC_541\Debug\cyfitter_cfg.o
 .debug_info    0x0000137d       0xf8 .\CortexM0\ARM_GCC_541\Debug\cymetadata.o
 .debug_info    0x00001475      0x3a2 .\CortexM0\ARM_GCC_541\Debug\Cm0Start.o
 .debug_info    0x00001817     0x178f .\CortexM0\ARM_GCC_541\Debug\Motor Board Rev1.a(CyLib.o)
 .debug_info    0x00002fa6     0x1058 .\CortexM0\ARM_GCC_541\Debug\Motor Board Rev1.a(CyLFClk.o)
 .debug_info    0x00003ffe      0x908 .\CortexM0\ARM_GCC_541\Debug\Motor Board Rev1.a(PWM_Motor.o)
 .debug_info    0x00004906      0x19d .\CortexM0\ARM_GCC_541\Debug\Motor Board Rev1.a(Pin_Direction.o)
 .debug_info    0x00004aa3      0x305 .\CortexM0\ARM_GCC_541\Debug\Motor Board Rev1.a(isr_Limit_1.o)
 .debug_info    0x00004da8      0x2d4 .\CortexM0\ARM_GCC_541\Debug\Motor Board Rev1.a(QuadDec.o)
 .debug_info    0x0000507c      0x345 .\CortexM0\ARM_GCC_541\Debug\Motor Board Rev1.a(QuadDec_Cnt16.o)
 .debug_info    0x000053c1      0x17f .\CortexM0\ARM_GCC_541\Debug\Motor Board Rev1.a(Status_Reg_Switches.o)
 .debug_info    0x00005540      0x9c6 .\CortexM0\ARM_GCC_541\Debug\Motor Board Rev1.a(CAN.o)
 .debug_info    0x00005f06       0xa0 .\CortexM0\ARM_GCC_541\Debug\Motor Board Rev1.a(CAN_INT.o)
 .debug_info    0x00005fa6      0x47a .\CortexM0\ARM_GCC_541\Debug\Motor Board Rev1.a(CAN_TX_RX_func.o)
 .debug_info    0x00006420      0x23a .\CortexM0\ARM_GCC_541\Debug\Motor Board Rev1.a(UART.o)
 .debug_info    0x0000665a      0x3b5 .\CortexM0\ARM_GCC_541\Debug\Motor Board Rev1.a(UART_UART.o)
 .debug_info    0x00006a0f      0x19d .\CortexM0\ARM_GCC_541\Debug\Motor Board Rev1.a(Pin_Test.o)
 .debug_info    0x00006bac      0x17f .\CortexM0\ARM_GCC_541\Debug\Motor Board Rev1.a(Can_addr.o)
 .debug_info    0x00006d2b      0x386 .\CortexM0\ARM_GCC_541\Debug\Motor Board Rev1.a(Timer_1.o)
 .debug_info    0x000070b1      0x305 .\CortexM0\ARM_GCC_541\Debug\Motor Board Rev1.a(isr_period.o)
 .debug_info    0x000073b6       0xaa .\CortexM0\ARM_GCC_541\Debug\Motor Board Rev1.a(CyBootAsmGnu.o)
 .debug_info    0x00007460      0x352 .\CortexM0\ARM_GCC_541\Debug\Motor Board Rev1.a(CyFlash.o)
 .debug_info    0x000077b2      0x14b .\CortexM0\ARM_GCC_541\Debug\Motor Board Rev1.a(cyutils.o)
 .debug_info    0x000078fd      0x220 .\CortexM0\ARM_GCC_541\Debug\Motor Board Rev1.a(UART_SPI_UART.o)

.debug_abbrev   0x00000000     0x1ecb
 *(.debug_abbrev)
 .debug_abbrev  0x00000000      0x226 .\CortexM0\ARM_GCC_541\Debug\main.o
 .debug_abbrev  0x00000226      0x1b8 .\CortexM0\ARM_GCC_541\Debug\cyfitter_cfg.o
 .debug_abbrev  0x000003de       0x5d .\CortexM0\ARM_GCC_541\Debug\cymetadata.o
 .debug_abbrev  0x0000043b      0x1d7 .\CortexM0\ARM_GCC_541\Debug\Cm0Start.o
 .debug_abbrev  0x00000612      0x288 .\CortexM0\ARM_GCC_541\Debug\Motor Board Rev1.a(CyLib.o)
 .debug_abbrev  0x0000089a      0x248 .\CortexM0\ARM_GCC_541\Debug\Motor Board Rev1.a(CyLFClk.o)
 .debug_abbrev  0x00000ae2      0x119 .\CortexM0\ARM_GCC_541\Debug\Motor Board Rev1.a(PWM_Motor.o)
 .debug_abbrev  0x00000bfb       0xc8 .\CortexM0\ARM_GCC_541\Debug\Motor Board Rev1.a(Pin_Direction.o)
 .debug_abbrev  0x00000cc3      0x19a .\CortexM0\ARM_GCC_541\Debug\Motor Board Rev1.a(isr_Limit_1.o)
 .debug_abbrev  0x00000e5d      0x151 .\CortexM0\ARM_GCC_541\Debug\Motor Board Rev1.a(QuadDec.o)
 .debug_abbrev  0x00000fae      0x117 .\CortexM0\ARM_GCC_541\Debug\Motor Board Rev1.a(QuadDec_Cnt16.o)
 .debug_abbrev  0x000010c5       0xac .\CortexM0\ARM_GCC_541\Debug\Motor Board Rev1.a(Status_Reg_Switches.o)
 .debug_abbrev  0x00001171      0x186 .\CortexM0\ARM_GCC_541\Debug\Motor Board Rev1.a(CAN.o)
 .debug_abbrev  0x000012f7       0x42 .\CortexM0\ARM_GCC_541\Debug\Motor Board Rev1.a(CAN_INT.o)
 .debug_abbrev  0x00001339      0x171 .\CortexM0\ARM_GCC_541\Debug\Motor Board Rev1.a(CAN_TX_RX_func.o)
 .debug_abbrev  0x000014aa       0xd5 .\CortexM0\ARM_GCC_541\Debug\Motor Board Rev1.a(UART.o)
 .debug_abbrev  0x0000157f      0x132 .\CortexM0\ARM_GCC_541\Debug\Motor Board Rev1.a(UART_UART.o)
 .debug_abbrev  0x000016b1       0xc8 .\CortexM0\ARM_GCC_541\Debug\Motor Board Rev1.a(Pin_Test.o)
 .debug_abbrev  0x00001779       0xac .\CortexM0\ARM_GCC_541\Debug\Motor Board Rev1.a(Can_addr.o)
 .debug_abbrev  0x00001825      0x167 .\CortexM0\ARM_GCC_541\Debug\Motor Board Rev1.a(Timer_1.o)
 .debug_abbrev  0x0000198c      0x19a .\CortexM0\ARM_GCC_541\Debug\Motor Board Rev1.a(isr_period.o)
 .debug_abbrev  0x00001b26       0x14 .\CortexM0\ARM_GCC_541\Debug\Motor Board Rev1.a(CyBootAsmGnu.o)
 .debug_abbrev  0x00001b3a      0x182 .\CortexM0\ARM_GCC_541\Debug\Motor Board Rev1.a(CyFlash.o)
 .debug_abbrev  0x00001cbc       0xc0 .\CortexM0\ARM_GCC_541\Debug\Motor Board Rev1.a(cyutils.o)
 .debug_abbrev  0x00001d7c      0x14f .\CortexM0\ARM_GCC_541\Debug\Motor Board Rev1.a(UART_SPI_UART.o)

.debug_line     0x00000000     0x32a9
 *(.debug_line)
 .debug_line    0x00000000      0x513 .\CortexM0\ARM_GCC_541\Debug\main.o
 .debug_line    0x00000513      0x198 .\CortexM0\ARM_GCC_541\Debug\cyfitter_cfg.o
 .debug_line    0x000006ab      0x141 .\CortexM0\ARM_GCC_541\Debug\cymetadata.o
 .debug_line    0x000007ec      0x236 .\CortexM0\ARM_GCC_541\Debug\Cm0Start.o
 .debug_line    0x00000a22      0x8cb .\CortexM0\ARM_GCC_541\Debug\Motor Board Rev1.a(CyLib.o)
 .debug_line    0x000012ed      0x5d1 .\CortexM0\ARM_GCC_541\Debug\Motor Board Rev1.a(CyLFClk.o)
 .debug_line    0x000018be      0x382 .\CortexM0\ARM_GCC_541\Debug\Motor Board Rev1.a(PWM_Motor.o)
 .debug_line    0x00001c40       0xc5 .\CortexM0\ARM_GCC_541\Debug\Motor Board Rev1.a(Pin_Direction.o)
 .debug_line    0x00001d05      0x153 .\CortexM0\ARM_GCC_541\Debug\Motor Board Rev1.a(isr_Limit_1.o)
 .debug_line    0x00001e58      0x123 .\CortexM0\ARM_GCC_541\Debug\Motor Board Rev1.a(QuadDec.o)
 .debug_line    0x00001f7b      0x196 .\CortexM0\ARM_GCC_541\Debug\Motor Board Rev1.a(QuadDec_Cnt16.o)
 .debug_line    0x00002111       0xc2 .\CortexM0\ARM_GCC_541\Debug\Motor Board Rev1.a(Status_Reg_Switches.o)
 .debug_line    0x000021d3      0x3e7 .\CortexM0\ARM_GCC_541\Debug\Motor Board Rev1.a(CAN.o)
 .debug_line    0x000025ba       0x53 .\CortexM0\ARM_GCC_541\Debug\Motor Board Rev1.a(CAN_INT.o)
 .debug_line    0x0000260d      0x214 .\CortexM0\ARM_GCC_541\Debug\Motor Board Rev1.a(CAN_TX_RX_func.o)
 .debug_line    0x00002821      0x108 .\CortexM0\ARM_GCC_541\Debug\Motor Board Rev1.a(UART.o)
 .debug_line    0x00002929      0x1cf .\CortexM0\ARM_GCC_541\Debug\Motor Board Rev1.a(UART_UART.o)
 .debug_line    0x00002af8       0xc0 .\CortexM0\ARM_GCC_541\Debug\Motor Board Rev1.a(Pin_Test.o)
 .debug_line    0x00002bb8       0xb7 .\CortexM0\ARM_GCC_541\Debug\Motor Board Rev1.a(Can_addr.o)
 .debug_line    0x00002c6f      0x17b .\CortexM0\ARM_GCC_541\Debug\Motor Board Rev1.a(Timer_1.o)
 .debug_line    0x00002dea      0x156 .\CortexM0\ARM_GCC_541\Debug\Motor Board Rev1.a(isr_period.o)
 .debug_line    0x00002f40       0x68 .\CortexM0\ARM_GCC_541\Debug\Motor Board Rev1.a(CyBootAsmGnu.o)
 .debug_line    0x00002fa8      0x173 .\CortexM0\ARM_GCC_541\Debug\Motor Board Rev1.a(CyFlash.o)
 .debug_line    0x0000311b       0x74 .\CortexM0\ARM_GCC_541\Debug\Motor Board Rev1.a(cyutils.o)
 .debug_line    0x0000318f      0x11a .\CortexM0\ARM_GCC_541\Debug\Motor Board Rev1.a(UART_SPI_UART.o)

.debug_frame    0x00000000     0x2550
 *(.debug_frame)
 .debug_frame   0x00000000      0x200 .\CortexM0\ARM_GCC_541\Debug\main.o
 .debug_frame   0x00000200       0x9c .\CortexM0\ARM_GCC_541\Debug\cyfitter_cfg.o
 .debug_frame   0x0000029c       0xbc .\CortexM0\ARM_GCC_541\Debug\Cm0Start.o
 .debug_frame   0x00000358      0x6f4 .\CortexM0\ARM_GCC_541\Debug\Motor Board Rev1.a(CyLib.o)
 .debug_frame   0x00000a4c      0x4a4 .\CortexM0\ARM_GCC_541\Debug\Motor Board Rev1.a(CyLFClk.o)
 .debug_frame   0x00000ef0      0x3a0 .\CortexM0\ARM_GCC_541\Debug\Motor Board Rev1.a(PWM_Motor.o)
 .debug_frame   0x00001290       0x70 .\CortexM0\ARM_GCC_541\Debug\Motor Board Rev1.a(Pin_Direction.o)
 .debug_frame   0x00001300      0x110 .\CortexM0\ARM_GCC_541\Debug\Motor Board Rev1.a(isr_Limit_1.o)
 .debug_frame   0x00001410       0xdc .\CortexM0\ARM_GCC_541\Debug\Motor Board Rev1.a(QuadDec.o)
 .debug_frame   0x000014ec      0x134 .\CortexM0\ARM_GCC_541\Debug\Motor Board Rev1.a(QuadDec_Cnt16.o)
 .debug_frame   0x00001620       0x78 .\CortexM0\ARM_GCC_541\Debug\Motor Board Rev1.a(Status_Reg_Switches.o)
 .debug_frame   0x00001698      0x238 .\CortexM0\ARM_GCC_541\Debug\Motor Board Rev1.a(CAN.o)
 .debug_frame   0x000018d0       0x20 .\CortexM0\ARM_GCC_541\Debug\Motor Board Rev1.a(CAN_INT.o)
 .debug_frame   0x000018f0      0x140 .\CortexM0\ARM_GCC_541\Debug\Motor Board Rev1.a(CAN_TX_RX_func.o)
 .debug_frame   0x00001a30       0xd8 .\CortexM0\ARM_GCC_541\Debug\Motor Board Rev1.a(UART.o)
 .debug_frame   0x00001b08      0x144 .\CortexM0\ARM_GCC_541\Debug\Motor Board Rev1.a(UART_UART.o)
 .debug_frame   0x00001c4c       0x70 .\CortexM0\ARM_GCC_541\Debug\Motor Board Rev1.a(Pin_Test.o)
 .debug_frame   0x00001cbc       0x78 .\CortexM0\ARM_GCC_541\Debug\Motor Board Rev1.a(Can_addr.o)
 .debug_frame   0x00001d34      0x160 .\CortexM0\ARM_GCC_541\Debug\Motor Board Rev1.a(Timer_1.o)
 .debug_frame   0x00001e94      0x110 .\CortexM0\ARM_GCC_541\Debug\Motor Board Rev1.a(isr_period.o)
 .debug_frame   0x00001fa4       0x90 .\CortexM0\ARM_GCC_541\Debug\Motor Board Rev1.a(CyFlash.o)
 .debug_frame   0x00002034       0x30 .\CortexM0\ARM_GCC_541\Debug\Motor Board Rev1.a(cyutils.o)
 .debug_frame   0x00002064       0xb0 .\CortexM0\ARM_GCC_541\Debug\Motor Board Rev1.a(UART_SPI_UART.o)
 .debug_frame   0x00002114       0x20 c:/program files (x86)/cypress/psoc creator/4.2/psoc creator/import/gnu/arm/5.4.1/bin/../lib/gcc/arm-none-eabi/5.4.1/armv6-m\libgcc.a(_udivsi3.o)
 .debug_frame   0x00002134       0x20 c:/program files (x86)/cypress/psoc creator/4.2/psoc creator/import/gnu/arm/5.4.1/bin/../lib/gcc/arm-none-eabi/5.4.1/armv6-m\libgcc.a(_divsi3.o)
 .debug_frame   0x00002154       0x3c c:/program files (x86)/cypress/psoc creator/4.2/psoc creator/import/gnu/arm/5.4.1/bin/../lib/gcc/arm-none-eabi/5.4.1/armv6-m\libgcc.a(muldf3.o)
 .debug_frame   0x00002190       0x2c c:/program files (x86)/cypress/psoc creator/4.2/psoc creator/import/gnu/arm/5.4.1/bin/../lib/gcc/arm-none-eabi/5.4.1/armv6-m\libgcc.a(fixdfsi.o)
 .debug_frame   0x000021bc       0x2c c:/program files (x86)/cypress/psoc creator/4.2/psoc creator/import/gnu/arm/5.4.1/bin/../lib/gcc/arm-none-eabi/5.4.1/armv6-m\libgcc.a(floatsidf.o)
 .debug_frame   0x000021e8       0x20 c:/program files (x86)/cypress/psoc creator/4.2/psoc creator/import/gnu/arm/5.4.1/bin/../lib/gcc/arm-none-eabi/5.4.1/../../../../arm-none-eabi/lib/armv6-m\libg_nano.a(lib_a-errno.o)
 .debug_frame   0x00002208       0x28 c:/program files (x86)/cypress/psoc creator/4.2/psoc creator/import/gnu/arm/5.4.1/bin/../lib/gcc/arm-none-eabi/5.4.1/../../../../arm-none-eabi/lib/armv6-m\libg_nano.a(lib_a-exit.o)
 .debug_frame   0x00002230       0x2c c:/program files (x86)/cypress/psoc creator/4.2/psoc creator/import/gnu/arm/5.4.1/bin/../lib/gcc/arm-none-eabi/5.4.1/../../../../arm-none-eabi/lib/armv6-m\libg_nano.a(lib_a-init.o)
 .debug_frame   0x0000225c       0x28 c:/program files (x86)/cypress/psoc creator/4.2/psoc creator/import/gnu/arm/5.4.1/bin/../lib/gcc/arm-none-eabi/5.4.1/../../../../arm-none-eabi/lib/armv6-m\libg_nano.a(lib_a-memcpy-stub.o)
 .debug_frame   0x00002284       0x20 c:/program files (x86)/cypress/psoc creator/4.2/psoc creator/import/gnu/arm/5.4.1/bin/../lib/gcc/arm-none-eabi/5.4.1/../../../../arm-none-eabi/lib/armv6-m\libg_nano.a(lib_a-memset.o)
 .debug_frame   0x000022a4       0x50 c:/program files (x86)/cypress/psoc creator/4.2/psoc creator/import/gnu/arm/5.4.1/bin/../lib/gcc/arm-none-eabi/5.4.1/../../../../arm-none-eabi/lib/armv6-m\libg_nano.a(lib_a-sprintf.o)
 .debug_frame   0x000022f4       0x74 c:/program files (x86)/cypress/psoc creator/4.2/psoc creator/import/gnu/arm/5.4.1/bin/../lib/gcc/arm-none-eabi/5.4.1/../../../../arm-none-eabi/lib/armv6-m\libg_nano.a(lib_a-nano-svfprintf.o)
 .debug_frame   0x00002368       0x54 c:/program files (x86)/cypress/psoc creator/4.2/psoc creator/import/gnu/arm/5.4.1/bin/../lib/gcc/arm-none-eabi/5.4.1/../../../../arm-none-eabi/lib/armv6-m\libg_nano.a(lib_a-nano-vfprintf_i.o)
 .debug_frame   0x000023bc       0x20 c:/program files (x86)/cypress/psoc creator/4.2/psoc creator/import/gnu/arm/5.4.1/bin/../lib/gcc/arm-none-eabi/5.4.1/../../../../arm-none-eabi/lib/armv6-m\libg_nano.a(lib_a-memchr-stub.o)
 .debug_frame   0x000023dc       0x28 c:/program files (x86)/cypress/psoc creator/4.2/psoc creator/import/gnu/arm/5.4.1/bin/../lib/gcc/arm-none-eabi/5.4.1/../../../../arm-none-eabi/lib/armv6-m\libg_nano.a(lib_a-memmove.o)
 .debug_frame   0x00002404       0x2c c:/program files (x86)/cypress/psoc creator/4.2/psoc creator/import/gnu/arm/5.4.1/bin/../lib/gcc/arm-none-eabi/5.4.1/../../../../arm-none-eabi/lib/armv6-m\libg_nano.a(lib_a-nano-freer.o)
 .debug_frame   0x00002430       0x2c c:/program files (x86)/cypress/psoc creator/4.2/psoc creator/import/gnu/arm/5.4.1/bin/../lib/gcc/arm-none-eabi/5.4.1/../../../../arm-none-eabi/lib/armv6-m\libg_nano.a(lib_a-nano-mallocr.o)
 .debug_frame   0x0000245c       0x30 c:/program files (x86)/cypress/psoc creator/4.2/psoc creator/import/gnu/arm/5.4.1/bin/../lib/gcc/arm-none-eabi/5.4.1/../../../../arm-none-eabi/lib/armv6-m\libg_nano.a(lib_a-nano-reallocr.o)
 .debug_frame   0x0000248c       0x2c c:/program files (x86)/cypress/psoc creator/4.2/psoc creator/import/gnu/arm/5.4.1/bin/../lib/gcc/arm-none-eabi/5.4.1/../../../../arm-none-eabi/lib/armv6-m\libg_nano.a(lib_a-sbrkr.o)
 .debug_frame   0x000024b8       0x30 c:/program files (x86)/cypress/psoc creator/4.2/psoc creator/import/gnu/arm/5.4.1/bin/../lib/gcc/arm-none-eabi/5.4.1/../../../../arm-none-eabi/lib/armv6-m\libg_nano.a(lib_a-mlock.o)
 .debug_frame   0x000024e8       0x20 c:/program files (x86)/cypress/psoc creator/4.2/psoc creator/import/gnu/arm/5.4.1/bin/../lib/gcc/arm-none-eabi/5.4.1/../../../../arm-none-eabi/lib/armv6-m\libg_nano.a(lib_a-nano-msizer.o)
 .debug_frame   0x00002508       0x48 c:/program files (x86)/cypress/psoc creator/4.2/psoc creator/import/gnu/arm/5.4.1/bin/../lib/gcc/arm-none-eabi/5.4.1/../../../../arm-none-eabi/lib/armv6-m\libg_nano.a(lib_a-reent.o)

.debug_str      0x00000000     0x2f55
 *(.debug_str)
 .debug_str     0x00000000      0x623 .\CortexM0\ARM_GCC_541\Debug\main.o
                                0x69e (size before relaxing)
 .debug_str     0x00000623      0x10a .\CortexM0\ARM_GCC_541\Debug\cyfitter_cfg.o
                                0x2f0 (size before relaxing)
 .debug_str     0x0000072d       0x63 .\CortexM0\ARM_GCC_541\Debug\cymetadata.o
                                0x1e2 (size before relaxing)
 .debug_str     0x00000790      0x134 .\CortexM0\ARM_GCC_541\Debug\Cm0Start.o
                                0x31b (size before relaxing)
 .debug_str     0x000008c4      0x913 .\CortexM0\ARM_GCC_541\Debug\Motor Board Rev1.a(CyLib.o)
                                0xb58 (size before relaxing)
 .debug_str     0x000011d7      0x6e2 .\CortexM0\ARM_GCC_541\Debug\Motor Board Rev1.a(CyLFClk.o)
                                0x937 (size before relaxing)
 .debug_str     0x000018b9      0x450 .\CortexM0\ARM_GCC_541\Debug\Motor Board Rev1.a(PWM_Motor.o)
                                0x673 (size before relaxing)
 .debug_str     0x00001d09       0xcf .\CortexM0\ARM_GCC_541\Debug\Motor Board Rev1.a(Pin_Direction.o)
                                0x288 (size before relaxing)
 .debug_str     0x00001dd8      0x135 .\CortexM0\ARM_GCC_541\Debug\Motor Board Rev1.a(isr_Limit_1.o)
                                0x358 (size before relaxing)
 .debug_str     0x00001f0d      0x101 .\CortexM0\ARM_GCC_541\Debug\Motor Board Rev1.a(QuadDec.o)
                                0x337 (size before relaxing)
 .debug_str     0x0000200e      0x1cb .\CortexM0\ARM_GCC_541\Debug\Motor Board Rev1.a(QuadDec_Cnt16.o)
                                0x40a (size before relaxing)
 .debug_str     0x000021d9       0x8d .\CortexM0\ARM_GCC_541\Debug\Motor Board Rev1.a(Status_Reg_Switches.o)
                                0x2ab (size before relaxing)
 .debug_str     0x00002266      0x2d9 .\CortexM0\ARM_GCC_541\Debug\Motor Board Rev1.a(CAN.o)
                                0x550 (size before relaxing)
 .debug_str     0x0000253f       0x29 .\CortexM0\ARM_GCC_541\Debug\Motor Board Rev1.a(CAN_INT.o)
                                0x1be (size before relaxing)
 .debug_str     0x00002568      0x1df .\CortexM0\ARM_GCC_541\Debug\Motor Board Rev1.a(CAN_TX_RX_func.o)
                                0x45d (size before relaxing)
 .debug_str     0x00002747       0xf7 .\CortexM0\ARM_GCC_541\Debug\Motor Board Rev1.a(UART.o)
                                0x2b1 (size before relaxing)
 .debug_str     0x0000283e      0x1d2 .\CortexM0\ARM_GCC_541\Debug\Motor Board Rev1.a(UART_UART.o)
                                0x3e2 (size before relaxing)
 .debug_str     0x00002a10       0x8d .\CortexM0\ARM_GCC_541\Debug\Motor Board Rev1.a(Pin_Test.o)
                                0x265 (size before relaxing)
 .debug_str     0x00002a9d       0x7a .\CortexM0\ARM_GCC_541\Debug\Motor Board Rev1.a(Can_addr.o)
                                0x269 (size before relaxing)
 .debug_str     0x00002b17      0x175 .\CortexM0\ARM_GCC_541\Debug\Motor Board Rev1.a(Timer_1.o)
                                0x38f (size before relaxing)
 .debug_str     0x00002c8c      0x119 .\CortexM0\ARM_GCC_541\Debug\Motor Board Rev1.a(isr_period.o)
                                0x34a (size before relaxing)
 .debug_str     0x00002da5       0xab .\CortexM0\ARM_GCC_541\Debug\Motor Board Rev1.a(CyFlash.o)
                                0x2ca (size before relaxing)
 .debug_str     0x00002e50       0x29 .\CortexM0\ARM_GCC_541\Debug\Motor Board Rev1.a(cyutils.o)
                                0x1d7 (size before relaxing)
 .debug_str     0x00002e79       0xdc .\CortexM0\ARM_GCC_541\Debug\Motor Board Rev1.a(UART_SPI_UART.o)
                                0x2e8 (size before relaxing)

.debug_loc      0x00000000     0x4629
 *(.debug_loc)
 .debug_loc     0x00000000      0x378 .\CortexM0\ARM_GCC_541\Debug\main.o
 .debug_loc     0x00000378      0x118 .\CortexM0\ARM_GCC_541\Debug\cyfitter_cfg.o
 .debug_loc     0x00000490      0x14f .\CortexM0\ARM_GCC_541\Debug\Cm0Start.o
 .debug_loc     0x000005df     0x182f .\CortexM0\ARM_GCC_541\Debug\Motor Board Rev1.a(CyLib.o)
 .debug_loc     0x00001e0e      0xdb7 .\CortexM0\ARM_GCC_541\Debug\Motor Board Rev1.a(CyLFClk.o)
 .debug_loc     0x00002bc5      0x547 .\CortexM0\ARM_GCC_541\Debug\Motor Board Rev1.a(PWM_Motor.o)
 .debug_loc     0x0000310c       0xa2 .\CortexM0\ARM_GCC_541\Debug\Motor Board Rev1.a(Pin_Direction.o)
 .debug_loc     0x000031ae       0x82 .\CortexM0\ARM_GCC_541\Debug\Motor Board Rev1.a(isr_Limit_1.o)
 .debug_loc     0x00003230       0xa0 .\CortexM0\ARM_GCC_541\Debug\Motor Board Rev1.a(QuadDec.o)
 .debug_loc     0x000032d0       0x3d .\CortexM0\ARM_GCC_541\Debug\Motor Board Rev1.a(QuadDec_Cnt16.o)
 .debug_loc     0x0000330d       0x44 .\CortexM0\ARM_GCC_541\Debug\Motor Board Rev1.a(Status_Reg_Switches.o)
 .debug_loc     0x00003351      0xa5e .\CortexM0\ARM_GCC_541\Debug\Motor Board Rev1.a(CAN.o)
 .debug_loc     0x00003daf      0x17f .\CortexM0\ARM_GCC_541\Debug\Motor Board Rev1.a(CAN_TX_RX_func.o)
 .debug_loc     0x00003f2e       0x7e .\CortexM0\ARM_GCC_541\Debug\Motor Board Rev1.a(UART.o)
 .debug_loc     0x00003fac      0x223 .\CortexM0\ARM_GCC_541\Debug\Motor Board Rev1.a(UART_UART.o)
 .debug_loc     0x000041cf       0xa2 .\CortexM0\ARM_GCC_541\Debug\Motor Board Rev1.a(Pin_Test.o)
 .debug_loc     0x00004271       0x44 .\CortexM0\ARM_GCC_541\Debug\Motor Board Rev1.a(Can_addr.o)
 .debug_loc     0x000042b5       0x6b .\CortexM0\ARM_GCC_541\Debug\Motor Board Rev1.a(Timer_1.o)
 .debug_loc     0x00004320       0x82 .\CortexM0\ARM_GCC_541\Debug\Motor Board Rev1.a(isr_period.o)
 .debug_loc     0x000043a2      0x160 .\CortexM0\ARM_GCC_541\Debug\Motor Board Rev1.a(CyFlash.o)
 .debug_loc     0x00004502       0x91 .\CortexM0\ARM_GCC_541\Debug\Motor Board Rev1.a(cyutils.o)
 .debug_loc     0x00004593       0x96 .\CortexM0\ARM_GCC_541\Debug\Motor Board Rev1.a(UART_SPI_UART.o)

.debug_macinfo
 *(.debug_macinfo)

.debug_ranges   0x00000000      0xbe8
 *(.debug_ranges)
 .debug_ranges  0x00000000       0x90 .\CortexM0\ARM_GCC_541\Debug\main.o
 .debug_ranges  0x00000090       0x30 .\CortexM0\ARM_GCC_541\Debug\cyfitter_cfg.o
 .debug_ranges  0x000000c0       0x38 .\CortexM0\ARM_GCC_541\Debug\Cm0Start.o
 .debug_ranges  0x000000f8      0x250 .\CortexM0\ARM_GCC_541\Debug\Motor Board Rev1.a(CyLib.o)
 .debug_ranges  0x00000348      0x178 .\CortexM0\ARM_GCC_541\Debug\Motor Board Rev1.a(CyLFClk.o)
 .debug_ranges  0x000004c0      0x148 .\CortexM0\ARM_GCC_541\Debug\Motor Board Rev1.a(PWM_Motor.o)
 .debug_ranges  0x00000608       0x38 .\CortexM0\ARM_GCC_541\Debug\Motor Board Rev1.a(Pin_Direction.o)
 .debug_ranges  0x00000640       0x70 .\CortexM0\ARM_GCC_541\Debug\Motor Board Rev1.a(isr_Limit_1.o)
 .debug_ranges  0x000006b0       0x50 .\CortexM0\ARM_GCC_541\Debug\Motor Board Rev1.a(QuadDec.o)
 .debug_ranges  0x00000700       0x88 .\CortexM0\ARM_GCC_541\Debug\Motor Board Rev1.a(QuadDec_Cnt16.o)
 .debug_ranges  0x00000788       0x30 .\CortexM0\ARM_GCC_541\Debug\Motor Board Rev1.a(Status_Reg_Switches.o)
 .debug_ranges  0x000007b8       0xd8 .\CortexM0\ARM_GCC_541\Debug\Motor Board Rev1.a(CAN.o)
 .debug_ranges  0x00000890       0x10 .\CortexM0\ARM_GCC_541\Debug\Motor Board Rev1.a(CAN_INT.o)
 .debug_ranges  0x000008a0       0x90 .\CortexM0\ARM_GCC_541\Debug\Motor Board Rev1.a(CAN_TX_RX_func.o)
 .debug_ranges  0x00000930       0x48 .\CortexM0\ARM_GCC_541\Debug\Motor Board Rev1.a(UART.o)
 .debug_ranges  0x00000978       0x80 .\CortexM0\ARM_GCC_541\Debug\Motor Board Rev1.a(UART_UART.o)
 .debug_ranges  0x000009f8       0x38 .\CortexM0\ARM_GCC_541\Debug\Motor Board Rev1.a(Pin_Test.o)
 .debug_ranges  0x00000a30       0x30 .\CortexM0\ARM_GCC_541\Debug\Motor Board Rev1.a(Can_addr.o)
 .debug_ranges  0x00000a60       0x80 .\CortexM0\ARM_GCC_541\Debug\Motor Board Rev1.a(Timer_1.o)
 .debug_ranges  0x00000ae0       0x70 .\CortexM0\ARM_GCC_541\Debug\Motor Board Rev1.a(isr_period.o)
 .debug_ranges  0x00000b50       0x30 .\CortexM0\ARM_GCC_541\Debug\Motor Board Rev1.a(CyFlash.o)
 .debug_ranges  0x00000b80       0x18 .\CortexM0\ARM_GCC_541\Debug\Motor Board Rev1.a(cyutils.o)
 .debug_ranges  0x00000b98       0x50 .\CortexM0\ARM_GCC_541\Debug\Motor Board Rev1.a(UART_SPI_UART.o)

.comment        0x00000000       0x6e
 .comment       0x00000000       0x6e .\CortexM0\ARM_GCC_541\Debug\main.o
                                 0x6f (size before relaxing)
 .comment       0x0000006e       0x6f .\CortexM0\ARM_GCC_541\Debug\cyfitter_cfg.o
 .comment       0x0000006e       0x6f .\CortexM0\ARM_GCC_541\Debug\cymetadata.o
 .comment       0x0000006e       0x6f .\CortexM0\ARM_GCC_541\Debug\Cm0Start.o
 .comment       0x0000006e       0x6f .\CortexM0\ARM_GCC_541\Debug\Motor Board Rev1.a(CyLib.o)
 .comment       0x0000006e       0x6f .\CortexM0\ARM_GCC_541\Debug\Motor Board Rev1.a(CyLFClk.o)
 .comment       0x0000006e       0x6f .\CortexM0\ARM_GCC_541\Debug\Motor Board Rev1.a(PWM_Motor.o)
 .comment       0x0000006e       0x6f .\CortexM0\ARM_GCC_541\Debug\Motor Board Rev1.a(Pin_Direction.o)
 .comment       0x0000006e       0x6f .\CortexM0\ARM_GCC_541\Debug\Motor Board Rev1.a(isr_Limit_1.o)
 .comment       0x0000006e       0x6f .\CortexM0\ARM_GCC_541\Debug\Motor Board Rev1.a(QuadDec.o)
 .comment       0x0000006e       0x6f .\CortexM0\ARM_GCC_541\Debug\Motor Board Rev1.a(QuadDec_Cnt16.o)
 .comment       0x0000006e       0x6f .\CortexM0\ARM_GCC_541\Debug\Motor Board Rev1.a(Status_Reg_Switches.o)
 .comment       0x0000006e       0x6f .\CortexM0\ARM_GCC_541\Debug\Motor Board Rev1.a(CAN.o)
 .comment       0x0000006e       0x6f .\CortexM0\ARM_GCC_541\Debug\Motor Board Rev1.a(CAN_INT.o)
 .comment       0x0000006e       0x6f .\CortexM0\ARM_GCC_541\Debug\Motor Board Rev1.a(CAN_TX_RX_func.o)
 .comment       0x0000006e       0x6f .\CortexM0\ARM_GCC_541\Debug\Motor Board Rev1.a(UART.o)
 .comment       0x0000006e       0x6f .\CortexM0\ARM_GCC_541\Debug\Motor Board Rev1.a(UART_UART.o)
 .comment       0x0000006e       0x6f .\CortexM0\ARM_GCC_541\Debug\Motor Board Rev1.a(Pin_Test.o)
 .comment       0x0000006e       0x6f .\CortexM0\ARM_GCC_541\Debug\Motor Board Rev1.a(Can_addr.o)
 .comment       0x0000006e       0x6f .\CortexM0\ARM_GCC_541\Debug\Motor Board Rev1.a(Timer_1.o)
 .comment       0x0000006e       0x6f .\CortexM0\ARM_GCC_541\Debug\Motor Board Rev1.a(isr_period.o)
 .comment       0x0000006e       0x6f .\CortexM0\ARM_GCC_541\Debug\Motor Board Rev1.a(CyFlash.o)
 .comment       0x0000006e       0x6f .\CortexM0\ARM_GCC_541\Debug\Motor Board Rev1.a(cyutils.o)
 .comment       0x0000006e       0x6f .\CortexM0\ARM_GCC_541\Debug\Motor Board Rev1.a(UART_SPI_UART.o)

.debug_weaknames
 *(.debug_weaknames)

.debug_funcnames
 *(.debug_funcnames)

.debug_typenames
 *(.debug_typenames)

.debug_varnames
 *(.debug_varnames)

.note.gnu.arm.ident
 *(.note.gnu.arm.ident)

.ARM.attributes
                0x00000000       0x28
 *(.ARM.attributes)
 .ARM.attributes
                0x00000000       0x1e c:/program files (x86)/cypress/psoc creator/4.2/psoc creator/import/gnu/arm/5.4.1/bin/../lib/gcc/arm-none-eabi/5.4.1/armv6-m/crti.o
 .ARM.attributes
                0x0000001e       0x2c c:/program files (x86)/cypress/psoc creator/4.2/psoc creator/import/gnu/arm/5.4.1/bin/../lib/gcc/arm-none-eabi/5.4.1/armv6-m/crtbegin.o
 .ARM.attributes
                0x0000004a       0x1b c:/program files (x86)/cypress/psoc creator/4.2/psoc creator/import/gnu/arm/5.4.1/bin/../lib/gcc/arm-none-eabi/5.4.1/../../../../arm-none-eabi/lib/armv6-m/crt0.o
 .ARM.attributes
                0x00000065       0x31 .\CortexM0\ARM_GCC_541\Debug\main.o
 .ARM.attributes
                0x00000096       0x31 .\CortexM0\ARM_GCC_541\Debug\cyfitter_cfg.o
 .ARM.attributes
                0x000000c7       0x31 .\CortexM0\ARM_GCC_541\Debug\cymetadata.o
 .ARM.attributes
                0x000000f8       0x31 .\CortexM0\ARM_GCC_541\Debug\Cm0Start.o
 .ARM.attributes
                0x00000129       0x31 .\CortexM0\ARM_GCC_541\Debug\Motor Board Rev1.a(CyLib.o)
 .ARM.attributes
                0x0000015a       0x31 .\CortexM0\ARM_GCC_541\Debug\Motor Board Rev1.a(CyLFClk.o)
 .ARM.attributes
                0x0000018b       0x31 .\CortexM0\ARM_GCC_541\Debug\Motor Board Rev1.a(PWM_Motor.o)
 .ARM.attributes
                0x000001bc       0x31 .\CortexM0\ARM_GCC_541\Debug\Motor Board Rev1.a(Pin_Direction.o)
 .ARM.attributes
                0x000001ed       0x31 .\CortexM0\ARM_GCC_541\Debug\Motor Board Rev1.a(isr_Limit_1.o)
 .ARM.attributes
                0x0000021e       0x31 .\CortexM0\ARM_GCC_541\Debug\Motor Board Rev1.a(QuadDec.o)
 .ARM.attributes
                0x0000024f       0x31 .\CortexM0\ARM_GCC_541\Debug\Motor Board Rev1.a(QuadDec_Cnt16.o)
 .ARM.attributes
                0x00000280       0x31 .\CortexM0\ARM_GCC_541\Debug\Motor Board Rev1.a(Status_Reg_Switches.o)
 .ARM.attributes
                0x000002b1       0x31 .\CortexM0\ARM_GCC_541\Debug\Motor Board Rev1.a(CAN.o)
 .ARM.attributes
                0x000002e2       0x31 .\CortexM0\ARM_GCC_541\Debug\Motor Board Rev1.a(CAN_INT.o)
 .ARM.attributes
                0x00000313       0x31 .\CortexM0\ARM_GCC_541\Debug\Motor Board Rev1.a(CAN_TX_RX_func.o)
 .ARM.attributes
                0x00000344       0x31 .\CortexM0\ARM_GCC_541\Debug\Motor Board Rev1.a(UART.o)
 .ARM.attributes
                0x00000375       0x31 .\CortexM0\ARM_GCC_541\Debug\Motor Board Rev1.a(UART_UART.o)
 .ARM.attributes
                0x000003a6       0x31 .\CortexM0\ARM_GCC_541\Debug\Motor Board Rev1.a(Pin_Test.o)
 .ARM.attributes
                0x000003d7       0x31 .\CortexM0\ARM_GCC_541\Debug\Motor Board Rev1.a(Can_addr.o)
 .ARM.attributes
                0x00000408       0x31 .\CortexM0\ARM_GCC_541\Debug\Motor Board Rev1.a(Timer_1.o)
 .ARM.attributes
                0x00000439       0x31 .\CortexM0\ARM_GCC_541\Debug\Motor Board Rev1.a(isr_period.o)
 .ARM.attributes
                0x0000046a       0x21 .\CortexM0\ARM_GCC_541\Debug\Motor Board Rev1.a(CyBootAsmGnu.o)
 .ARM.attributes
                0x0000048b       0x31 .\CortexM0\ARM_GCC_541\Debug\Motor Board Rev1.a(CyFlash.o)
 .ARM.attributes
                0x000004bc       0x31 .\CortexM0\ARM_GCC_541\Debug\Motor Board Rev1.a(cyutils.o)
 .ARM.attributes
                0x000004ed       0x31 .\CortexM0\ARM_GCC_541\Debug\Motor Board Rev1.a(UART_SPI_UART.o)
 .ARM.attributes
                0x0000051e       0x1e c:/program files (x86)/cypress/psoc creator/4.2/psoc creator/import/gnu/arm/5.4.1/bin/../lib/gcc/arm-none-eabi/5.4.1/armv6-m\libgcc.a(_udivsi3.o)
 .ARM.attributes
                0x0000053c       0x1e c:/program files (x86)/cypress/psoc creator/4.2/psoc creator/import/gnu/arm/5.4.1/bin/../lib/gcc/arm-none-eabi/5.4.1/armv6-m\libgcc.a(_divsi3.o)
 .ARM.attributes
                0x0000055a       0x1e c:/program files (x86)/cypress/psoc creator/4.2/psoc creator/import/gnu/arm/5.4.1/bin/../lib/gcc/arm-none-eabi/5.4.1/armv6-m\libgcc.a(_dvmd_tls.o)
 .ARM.attributes
                0x00000578       0x2c c:/program files (x86)/cypress/psoc creator/4.2/psoc creator/import/gnu/arm/5.4.1/bin/../lib/gcc/arm-none-eabi/5.4.1/armv6-m\libgcc.a(muldf3.o)
 .ARM.attributes
                0x000005a4       0x2c c:/program files (x86)/cypress/psoc creator/4.2/psoc creator/import/gnu/arm/5.4.1/bin/../lib/gcc/arm-none-eabi/5.4.1/armv6-m\libgcc.a(fixdfsi.o)
 .ARM.attributes
                0x000005d0       0x2c c:/program files (x86)/cypress/psoc creator/4.2/psoc creator/import/gnu/arm/5.4.1/bin/../lib/gcc/arm-none-eabi/5.4.1/armv6-m\libgcc.a(floatsidf.o)
 .ARM.attributes
                0x000005fc       0x1e c:/program files (x86)/cypress/psoc creator/4.2/psoc creator/import/gnu/arm/5.4.1/bin/../lib/gcc/arm-none-eabi/5.4.1/armv6-m\libgcc.a(_clzsi2.o)
 .ARM.attributes
                0x0000061a       0x2c c:/program files (x86)/cypress/psoc creator/4.2/psoc creator/import/gnu/arm/5.4.1/bin/../lib/gcc/arm-none-eabi/5.4.1/../../../../arm-none-eabi/lib/armv6-m\libg_nano.a(lib_a-errno.o)
 .ARM.attributes
                0x00000646       0x2c c:/program files (x86)/cypress/psoc creator/4.2/psoc creator/import/gnu/arm/5.4.1/bin/../lib/gcc/arm-none-eabi/5.4.1/../../../../arm-none-eabi/lib/armv6-m\libg_nano.a(lib_a-exit.o)
 .ARM.attributes
                0x00000672       0x2c c:/program files (x86)/cypress/psoc creator/4.2/psoc creator/import/gnu/arm/5.4.1/bin/../lib/gcc/arm-none-eabi/5.4.1/../../../../arm-none-eabi/lib/armv6-m\libg_nano.a(lib_a-impure.o)
 .ARM.attributes
                0x0000069e       0x2c c:/program files (x86)/cypress/psoc creator/4.2/psoc creator/import/gnu/arm/5.4.1/bin/../lib/gcc/arm-none-eabi/5.4.1/../../../../arm-none-eabi/lib/armv6-m\libg_nano.a(lib_a-init.o)
 .ARM.attributes
                0x000006ca       0x2c c:/program files (x86)/cypress/psoc creator/4.2/psoc creator/import/gnu/arm/5.4.1/bin/../lib/gcc/arm-none-eabi/5.4.1/../../../../arm-none-eabi/lib/armv6-m\libg_nano.a(lib_a-memcpy-stub.o)
 .ARM.attributes
                0x000006f6       0x2c c:/program files (x86)/cypress/psoc creator/4.2/psoc creator/import/gnu/arm/5.4.1/bin/../lib/gcc/arm-none-eabi/5.4.1/../../../../arm-none-eabi/lib/armv6-m\libg_nano.a(lib_a-memset.o)
 .ARM.attributes
                0x00000722       0x2c c:/program files (x86)/cypress/psoc creator/4.2/psoc creator/import/gnu/arm/5.4.1/bin/../lib/gcc/arm-none-eabi/5.4.1/../../../../arm-none-eabi/lib/armv6-m\libg_nano.a(lib_a-sprintf.o)
 .ARM.attributes
                0x0000074e       0x2c c:/program files (x86)/cypress/psoc creator/4.2/psoc creator/import/gnu/arm/5.4.1/bin/../lib/gcc/arm-none-eabi/5.4.1/../../../../arm-none-eabi/lib/armv6-m\libg_nano.a(lib_a-nano-svfprintf.o)
 .ARM.attributes
                0x0000077a       0x2c c:/program files (x86)/cypress/psoc creator/4.2/psoc creator/import/gnu/arm/5.4.1/bin/../lib/gcc/arm-none-eabi/5.4.1/../../../../arm-none-eabi/lib/armv6-m\libg_nano.a(lib_a-nano-vfprintf_i.o)
 .ARM.attributes
                0x000007a6       0x2c c:/program files (x86)/cypress/psoc creator/4.2/psoc creator/import/gnu/arm/5.4.1/bin/../lib/gcc/arm-none-eabi/5.4.1/../../../../arm-none-eabi/lib/armv6-m\libg_nano.a(lib_a-memchr-stub.o)
 .ARM.attributes
                0x000007d2       0x2c c:/program files (x86)/cypress/psoc creator/4.2/psoc creator/import/gnu/arm/5.4.1/bin/../lib/gcc/arm-none-eabi/5.4.1/../../../../arm-none-eabi/lib/armv6-m\libg_nano.a(lib_a-memmove.o)
 .ARM.attributes
                0x000007fe       0x2c c:/program files (x86)/cypress/psoc creator/4.2/psoc creator/import/gnu/arm/5.4.1/bin/../lib/gcc/arm-none-eabi/5.4.1/../../../../arm-none-eabi/lib/armv6-m\libg_nano.a(lib_a-nano-freer.o)
 .ARM.attributes
                0x0000082a       0x2c c:/program files (x86)/cypress/psoc creator/4.2/psoc creator/import/gnu/arm/5.4.1/bin/../lib/gcc/arm-none-eabi/5.4.1/../../../../arm-none-eabi/lib/armv6-m\libg_nano.a(lib_a-nano-mallocr.o)
 .ARM.attributes
                0x00000856       0x2c c:/program files (x86)/cypress/psoc creator/4.2/psoc creator/import/gnu/arm/5.4.1/bin/../lib/gcc/arm-none-eabi/5.4.1/../../../../arm-none-eabi/lib/armv6-m\libg_nano.a(lib_a-nano-reallocr.o)
 .ARM.attributes
                0x00000882       0x2c c:/program files (x86)/cypress/psoc creator/4.2/psoc creator/import/gnu/arm/5.4.1/bin/../lib/gcc/arm-none-eabi/5.4.1/../../../../arm-none-eabi/lib/armv6-m\libg_nano.a(lib_a-sbrkr.o)
 .ARM.attributes
                0x000008ae       0x2c c:/program files (x86)/cypress/psoc creator/4.2/psoc creator/import/gnu/arm/5.4.1/bin/../lib/gcc/arm-none-eabi/5.4.1/../../../../arm-none-eabi/lib/armv6-m\libg_nano.a(lib_a-mlock.o)
 .ARM.attributes
                0x000008da       0x2c c:/program files (x86)/cypress/psoc creator/4.2/psoc creator/import/gnu/arm/5.4.1/bin/../lib/gcc/arm-none-eabi/5.4.1/../../../../arm-none-eabi/lib/armv6-m\libg_nano.a(lib_a-nano-msizer.o)
 .ARM.attributes
                0x00000906       0x2c c:/program files (x86)/cypress/psoc creator/4.2/psoc creator/import/gnu/arm/5.4.1/bin/../lib/gcc/arm-none-eabi/5.4.1/../../../../arm-none-eabi/lib/armv6-m\libg_nano.a(lib_a-reent.o)
 .ARM.attributes
                0x00000932       0x2c c:/program files (x86)/cypress/psoc creator/4.2/psoc creator/import/gnu/arm/5.4.1/bin/../lib/gcc/arm-none-eabi/5.4.1/armv6-m/crtend.o
 .ARM.attributes
                0x0000095e       0x1e c:/program files (x86)/cypress/psoc creator/4.2/psoc creator/import/gnu/arm/5.4.1/bin/../lib/gcc/arm-none-eabi/5.4.1/armv6-m/crtn.o

/DISCARD/
 *(.note.GNU-stack)
OUTPUT(C:\Users\austc\OneDrive\Documents\GitHub\Electronics2018-19\Psoc Arm\Motor Board Rev1.cydsn\CortexM0\ARM_GCC_541\Debug\Motor Board Rev1.elf elf32-littlearm)
