Archive member included to satisfy reference by file (symbol)

.\CortexM0\ARM_GCC_541\Debug\Motor Board.a(CyLib.o)
                              .\CortexM0\ARM_GCC_541\Debug\cyfitter_cfg.o (CyIntEnable)
.\CortexM0\ARM_GCC_541\Debug\Motor Board.a(CyLFClk.o)
                              .\CortexM0\ARM_GCC_541\Debug\Motor Board.a(CyLib.o) (CySysClkWcoEnabled)
.\CortexM0\ARM_GCC_541\Debug\Motor Board.a(Pin_Limit_1.o)
                              .\CortexM0\ARM_GCC_541\Debug\main.o (Pin_Limit_1_ClearInterrupt)
.\CortexM0\ARM_GCC_541\Debug\Motor Board.a(PWM_Motor.o)
                              .\CortexM0\ARM_GCC_541\Debug\main.o (PWM_Motor_Stop)
.\CortexM0\ARM_GCC_541\Debug\Motor Board.a(Pin_Direction.o)
                              .\CortexM0\ARM_GCC_541\Debug\main.o (Pin_Direction_Write)
.\CortexM0\ARM_GCC_541\Debug\Motor Board.a(QuadDec.o)
                              .\CortexM0\ARM_GCC_541\Debug\main.o (QuadDec_GetCounter)
.\CortexM0\ARM_GCC_541\Debug\Motor Board.a(QuadDec_Cnt16.o)
                              .\CortexM0\ARM_GCC_541\Debug\Motor Board.a(QuadDec.o) (QuadDec_Cnt16_Stop)
.\CortexM0\ARM_GCC_541\Debug\Motor Board.a(Status_Reg_Switches.o)
                              .\CortexM0\ARM_GCC_541\Debug\main.o (Status_Reg_Switches_Read)
.\CortexM0\ARM_GCC_541\Debug\Motor Board.a(ADC_SAR_Seq_1.o)
                              .\CortexM0\ARM_GCC_541\Debug\main.o (ADC_SAR_Seq_1_Start)
.\CortexM0\ARM_GCC_541\Debug\Motor Board.a(ADC_SAR_Seq_1_INT.o)
                              .\CortexM0\ARM_GCC_541\Debug\Motor Board.a(ADC_SAR_Seq_1.o) (ADC_SAR_Seq_1_ISR)
.\CortexM0\ARM_GCC_541\Debug\Motor Board.a(CAN.o)
                              .\CortexM0\ARM_GCC_541\Debug\main.o (CAN_Start)
.\CortexM0\ARM_GCC_541\Debug\Motor Board.a(CAN_INT.o)
                              .\CortexM0\ARM_GCC_541\Debug\Motor Board.a(CAN.o) (CAN_ISR)
.\CortexM0\ARM_GCC_541\Debug\Motor Board.a(CAN_TX_RX_func.o)
                              .\CortexM0\ARM_GCC_541\Debug\main.o (CAN_SendMsg)
.\CortexM0\ARM_GCC_541\Debug\Motor Board.a(UART.o)
                              .\CortexM0\ARM_GCC_541\Debug\main.o (UART_Start)
.\CortexM0\ARM_GCC_541\Debug\Motor Board.a(UART_UART.o)
                              .\CortexM0\ARM_GCC_541\Debug\Motor Board.a(UART.o) (UART_UartInit)
.\CortexM0\ARM_GCC_541\Debug\Motor Board.a(Can_addr.o)
                              .\CortexM0\ARM_GCC_541\Debug\main.o (Can_addr_Read)
.\CortexM0\ARM_GCC_541\Debug\Motor Board.a(CyBootAsmGnu.o)
                              .\CortexM0\ARM_GCC_541\Debug\Motor Board.a(CyLib.o) (CyDelayCycles)
.\CortexM0\ARM_GCC_541\Debug\Motor Board.a(CyFlash.o)
                              .\CortexM0\ARM_GCC_541\Debug\Motor Board.a(CyLib.o) (CySysFlashSetWaitCycles)
.\CortexM0\ARM_GCC_541\Debug\Motor Board.a(UART_SPI_UART.o)
                              .\CortexM0\ARM_GCC_541\Debug\Motor Board.a(UART_UART.o) (UART_SpiUartReadRxData)
c:/program files (x86)/cypress/psoc creator/4.2/psoc creator/import/gnu/arm/5.4.1/bin/../lib/gcc/arm-none-eabi/5.4.1/armv6-m\libgcc.a(_udivsi3.o)
                              .\CortexM0\ARM_GCC_541\Debug\Motor Board.a(CyLib.o) (__aeabi_uidiv)
c:/program files (x86)/cypress/psoc creator/4.2/psoc creator/import/gnu/arm/5.4.1/bin/../lib/gcc/arm-none-eabi/5.4.1/armv6-m\libgcc.a(_divsi3.o)
                              .\CortexM0\ARM_GCC_541\Debug\Motor Board.a(CyLib.o) (__aeabi_idiv)
c:/program files (x86)/cypress/psoc creator/4.2/psoc creator/import/gnu/arm/5.4.1/bin/../lib/gcc/arm-none-eabi/5.4.1/armv6-m\libgcc.a(_dvmd_tls.o)
                              c:/program files (x86)/cypress/psoc creator/4.2/psoc creator/import/gnu/arm/5.4.1/bin/../lib/gcc/arm-none-eabi/5.4.1/armv6-m\libgcc.a(_udivsi3.o) (__aeabi_idiv0)
c:/program files (x86)/cypress/psoc creator/4.2/psoc creator/import/gnu/arm/5.4.1/bin/../lib/gcc/arm-none-eabi/5.4.1/armv6-m\libgcc.a(_aeabi_ldivmod.o)
                              .\CortexM0\ARM_GCC_541\Debug\Motor Board.a(ADC_SAR_Seq_1.o) (__aeabi_ldivmod)
c:/program files (x86)/cypress/psoc creator/4.2/psoc creator/import/gnu/arm/5.4.1/bin/../lib/gcc/arm-none-eabi/5.4.1/armv6-m\libgcc.a(_muldi3.o)
                              .\CortexM0\ARM_GCC_541\Debug\Motor Board.a(ADC_SAR_Seq_1.o) (__aeabi_lmul)
c:/program files (x86)/cypress/psoc creator/4.2/psoc creator/import/gnu/arm/5.4.1/bin/../lib/gcc/arm-none-eabi/5.4.1/armv6-m\libgcc.a(bpabi.o)
                              c:/program files (x86)/cypress/psoc creator/4.2/psoc creator/import/gnu/arm/5.4.1/bin/../lib/gcc/arm-none-eabi/5.4.1/armv6-m\libgcc.a(_aeabi_ldivmod.o) (__gnu_ldivmod_helper)
c:/program files (x86)/cypress/psoc creator/4.2/psoc creator/import/gnu/arm/5.4.1/bin/../lib/gcc/arm-none-eabi/5.4.1/armv6-m\libgcc.a(divsf3.o)
                              .\CortexM0\ARM_GCC_541\Debug\Motor Board.a(ADC_SAR_Seq_1.o) (__aeabi_fdiv)
c:/program files (x86)/cypress/psoc creator/4.2/psoc creator/import/gnu/arm/5.4.1/bin/../lib/gcc/arm-none-eabi/5.4.1/armv6-m\libgcc.a(mulsf3.o)
[...]
Memory Configuration

Name             Origin             Length             Attributes
rom              0x00000000         0x00040000         xr
ram              0x20000000         0x00008000         xrw
*default*        0x00000000         0xffffffff

Linker script and memory map

LOAD c:/program files (x86)/cypress/psoc creator/4.2/psoc creator/import/gnu/arm/5.4.1/bin/../lib/gcc/arm-none-eabi/5.4.1/armv6-m/crti.o
LOAD c:/program files (x86)/cypress/psoc creator/4.2/psoc creator/import/gnu/arm/5.4.1/bin/../lib/gcc/arm-none-eabi/5.4.1/armv6-m/crtbegin.o
LOAD c:/program files (x86)/cypress/psoc creator/4.2/psoc creator/import/gnu/arm/5.4.1/bin/../lib/gcc/arm-none-eabi/5.4.1/../../../../arm-none-eabi/lib/armv6-m/crt0.o
START GROUP
LOAD .\CortexM0\ARM_GCC_541\Debug\main.o
LOAD .\CortexM0\ARM_GCC_541\Debug\cyfitter_cfg.o
LOAD .\CortexM0\ARM_GCC_541\Debug\cymetadata.o
LOAD .\CortexM0\ARM_GCC_541\Debug\Cm0Start.o
LOAD .\CortexM0\ARM_GCC_541\Debug\Motor Board.a
END GROUP
START GROUP
LOAD c:/program files (x86)/cypress/psoc creator/4.2/psoc creator/import/gnu/arm/5.4.1/bin/../lib/gcc/arm-none-eabi/5.4.1/armv6-m\libgcc.a
LOAD c:/program files (x86)/cypress/psoc creator/4.2/psoc creator/import/gnu/arm/5.4.1/bin/../lib/gcc/arm-none-eabi/5.4.1/../../../../arm-none-eabi/lib/armv6-m\libg_nano.a
LOAD c:/program files (x86)/cypress/psoc creator/4.2/psoc creator/import/gnu/arm/5.4.1/bin/../lib/gcc/arm-none-eabi/5.4.1/../../../../arm-none-eabi/lib/armv6-m\libc_nano.a
END GROUP
START GROUP
LOAD c:/program files (x86)/cypress/psoc creator/4.2/psoc creator/import/gnu/arm/5.4.1/bin/../lib/gcc/arm-none-eabi/5.4.1/armv6-m\libgcc.a
LOAD c:/program files (x86)/cypress/psoc creator/4.2/psoc creator/import/gnu/arm/5.4.1/bin/../lib/gcc/arm-none-eabi/5.4.1/../../../../arm-none-eabi/lib/armv6-m\libc_nano.a
END GROUP
LOAD c:/program files (x86)/cypress/psoc creator/4.2/psoc creator/import/gnu/arm/5.4.1/bin/../lib/gcc/arm-none-eabi/5.4.1/armv6-m/crtend.o
LOAD c:/program files (x86)/cypress/psoc creator/4.2/psoc creator/import/gnu/arm/5.4.1/bin/../lib/gcc/arm-none-eabi/5.4.1/armv6-m/crtn.o
START GROUP
LOAD c:/program files (x86)/cypress/psoc creator/4.2/psoc creator/import/gnu/arm/5.4.1/bin/../lib/gcc/arm-none-eabi/5.4.1/armv6-m\libgcc.a
LOAD c:/program files (x86)/cypress/psoc creator/4.2/psoc creator/import/gnu/arm/5.4.1/bin/../lib/gcc/arm-none-eabi/5.4.1/../../../../arm-none-eabi/lib/armv6-m\libc.a
LOAD c:/program files (x86)/cypress/psoc creator/4.2/psoc creator/import/gnu/arm/5.4.1/bin/../lib/gcc/arm-none-eabi/5.4.1/../../../../arm-none-eabi/lib/armv6-m\libnosys.a
END GROUP
                0x00000000                CY_APPL_ORIGIN = 0x0
                0x00000100                CY_FLASH_ROW_SIZE = 0x100
                0x00000001                CY_APPL_NUM = 0x1
                0x00000001                CY_APPL_MAX = 0x1
                0x00000040                CY_METADATA_SIZE = 0x40
                0x00000000                CY_APPL_LOADABLE = 0x0
                0x00000000                CY_CHECKSUM_EXCLUDE_SIZE = ALIGN (0x0, CY_FLASH_ROW_SIZE)
                0x00000000                CY_APP_FOR_STACK_AND_COPIER = 0x0
                [!provide]                PROVIDE (__cy_heap_start, _end)
                0x00000001                PROVIDE (__cy_region_num, ((__cy_regions_end - __cy_regions) / 0x10))
                0x20008000                PROVIDE (__cy_stack, (ORIGIN (ram) + LENGTH (ram)))
                [!provide]                PROVIDE (__cy_heap_end, (__cy_stack - 0x800))

.cybootloader   0x00000000        0x0
 *(.cybootloader)
                0x00000000                appl1_start = CY_APPL_ORIGIN?CY_APPL_ORIGIN:ALIGN (CY_FLASH_ROW_SIZE)
                0x0001ff00                appl2_start = (appl1_start + ALIGN ((((LENGTH (rom) - appl1_start) - (0x2 * CY_FLASH_ROW_SIZE)) / 0x2), CY_FLASH_ROW_SIZE))
                0x00000000                appl_start = (CY_APPL_NUM == 0x1)?appl1_start:appl2_start
                0x00000001                cy_project_type_bootloader = (appl_start == 0x0)?0x1:0x0
                0x00000000                cy_project_type_app_for_stack_and_copier = (CY_APP_FOR_STACK_AND_COPIER == 0x1)?0x1:0x0

.text           0x00000000     0x269e
 CREATE_OBJECT_SYMBOLS
                0x00000000                PROVIDE (__cy_interrupt_vector, RomVectors)
 *(.romvectors)
 .romvectors    0x00000000       0x10 .\CortexM0\ARM_GCC_541\Debug\Cm0Start.o
                0x00000000                RomVectors
                0x00000001                ASSERT ((. != __cy_interrupt_vector), No interrupt vector)
                0x00000001                ASSERT (CY_APPL_ORIGIN?(SIZEOF (.cybootloader) <= CY_APPL_ORIGIN):0x1, Wrong image location)
                0x00000010                PROVIDE (__cy_reset, Reset)
 *(.text.Reset)
 .text.Reset    0x00000010        0x8 .\CortexM0\ARM_GCC_541\Debug\Cm0Start.o
                0x00000010                Reset
                0x00000001                ASSERT ((. != __cy_reset), No reset code)
 *(.psocinit)
 .psocinit      0x00000018      0x2d8 .\CortexM0\ARM_GCC_541\Debug\cyfitter_cfg.o
                0x00000118                cyfitter_cfg
                0x000002f0                . = MAX (., 0x100)
 *(.text .text.* .gnu.linkonce.t.*)
 .text          0x000002f0       0x60 c:/program files (x86)/cypress/psoc creator/4.2/psoc creator/import/gnu/arm/5.4.1/bin/../lib/gcc/arm-none-eabi/5.4.1/armv6-m/crtbegin.o
 .text.ISR_CAN  0x00000350       0x58 .\CortexM0\ARM_GCC_541\Debug\main.o
                0x00000350                ISR_CAN
 .text.initialize_can_addr
                0x000003a8       0x64 .\CortexM0\ARM_GCC_541\Debug\main.o
                0x000003a8                initialize_can_addr
 .text.set_CAN_ID
                0x0000040c       0x1c .\CortexM0\ARM_GCC_541\Debug\main.o
                0x0000040c                set_CAN_ID
 .text.initialize
                0x00000428       0x44 .\CortexM0\ARM_GCC_541\Debug\main.o
                0x00000428                initialize
 .text.CAN_Send_Model
                0x0000046c       0x48 .\CortexM0\ARM_GCC_541\Debug\main.o
                0x0000046c                CAN_Send_Model
 .text.main     0x000004b4       0x54 .\CortexM0\ARM_GCC_541\Debug\main.o
                0x000004b4                main
 .text.cfg_write_bytes32
                0x00000508       0x34 .\CortexM0\ARM_GCC_541\Debug\cyfitter_cfg.o
 .text.CYMEMZERO
                0x0000053c        0xc .\CortexM0\ARM_GCC_541\Debug\cyfitter_cfg.o
 .text.SetAnalogRoutingPumps
                0x00000548       0x20 .\CortexM0\ARM_GCC_541\Debug\cyfitter_cfg.o
                0x00000548                SetAnalogRoutingPumps
 .text.AnalogSetDefault
                0x00000568       0x58 .\CortexM0\ARM_GCC_541\Debug\cyfitter_cfg.o
 .text.IntDefaultHandler
                0x000005c0       0x10 .\CortexM0\ARM_GCC_541\Debug\Cm0Start.o
                0x000005c0                IntDefaultHandler
 .text._sbrk    0x000005d0       0x30 .\CortexM0\ARM_GCC_541\Debug\Cm0Start.o
                0x000005d0                _sbrk
 .text.Start_c  0x00000600       0x48 .\CortexM0\ARM_GCC_541\Debug\Cm0Start.o
                0x00000600                Start_c
 .text.initialize_psoc
                0x00000648       0x4c .\CortexM0\ARM_GCC_541\Debug\Cm0Start.o
                0x00000648                initialize_psoc
 .text.CySysClkImoDisableWcoLock
                0x00000694       0x14 .\CortexM0\ARM_GCC_541\Debug\Motor Board.a(CyLib.o)
                0x00000694                CySysClkImoDisableWcoLock
 .text.CySysClkImoGetWcoLock
                0x000006a8       0x14 .\CortexM0\ARM_GCC_541\Debug\Motor Board.a(CyLib.o)
                0x000006a8                CySysClkImoGetWcoLock
 .text.CySysClkImoEnableUsbLock
                0x000006bc       0xf4 .\CortexM0\ARM_GCC_541\Debug\Motor Board.a(CyLib.o)
                0x000006bc                CySysClkImoEnableUsbLock
 .text.CySysClkImoDisableUsbLock
                0x000007b0       0x90 .\CortexM0\ARM_GCC_541\Debug\Motor Board.a(CyLib.o)
                0x000007b0                CySysClkImoDisableUsbLock
 .text.CySysClkImoGetUsbLock
                0x00000840       0x14 .\CortexM0\ARM_GCC_541\Debug\Motor Board.a(CyLib.o)
                0x00000840                CySysClkImoGetUsbLock
 .text.CyIntEnable
                0x00000854       0x14 .\CortexM0\ARM_GCC_541\Debug\Motor Board.a(CyLib.o)
                0x00000854                CyIntEnable
 .text.CyIntDisable
                0x00000868       0x14 .\CortexM0\ARM_GCC_541\Debug\Motor Board.a(CyLib.o)
                0x00000868                CyIntDisable
 .text.CyHalt   0x0000087c        0x4 .\CortexM0\ARM_GCC_541\Debug\Motor Board.a(CyLib.o)
                0x0000087c                CyHalt
 .text.CyIntSetVector
                0x00000880       0x24 .\CortexM0\ARM_GCC_541\Debug\Motor Board.a(CyLib.o)
                0x00000880                CyIntSetVector
 .text.CyIntSetPriority
                0x000008a4       0x4c .\CortexM0\ARM_GCC_541\Debug\Motor Board.a(CyLib.o)
                0x000008a4                CyIntSetPriority
 .text.CyDelay  0x000008f0       0x30 .\CortexM0\ARM_GCC_541\Debug\Motor Board.a(CyLib.o)
                0x000008f0                CyDelay
 .text.CySysClkImoEnableWcoLock
                0x00000920       0xfc .\CortexM0\ARM_GCC_541\Debug\Motor Board.a(CyLib.o)
                0x00000920                CySysClkImoEnableWcoLock
 .text.CyDelayUs
                0x00000a1c       0x14 .\CortexM0\ARM_GCC_541\Debug\Motor Board.a(CyLib.o)
                0x00000a1c                CyDelayUs
 .text.CySysClkWriteImoFreq
                0x00000a30      0x1bc .\CortexM0\ARM_GCC_541\Debug\Motor Board.a(CyLib.o)
                0x00000a30                CySysClkWriteImoFreq
 .text.CySysWdtLocked
                0x00000bec       0x14 .\CortexM0\ARM_GCC_541\Debug\Motor Board.a(CyLFClk.o)
 .text.CySysClkWcoEnabled
                0x00000c00       0x14 .\CortexM0\ARM_GCC_541\Debug\Motor Board.a(CyLFClk.o)
                0x00000c00                CySysClkWcoEnabled
 .text.CySysWdtLock
                0x00000c14       0x1c .\CortexM0\ARM_GCC_541\Debug\Motor Board.a(CyLFClk.o)
                0x00000c14                CySysWdtLock
 .text.CySysWdtUnlock
                0x00000c30       0x30 .\CortexM0\ARM_GCC_541\Debug\Motor Board.a(CyLFClk.o)
                0x00000c30                CySysWdtUnlock
 .text.CySysWdtClearInterrupt
                0x00000c60       0x4c .\CortexM0\ARM_GCC_541\Debug\Motor Board.a(CyLFClk.o)
                0x00000c60                CySysWdtClearInterrupt
 .text.CySysWdtIsr
                0x00000cac       0xa4 .\CortexM0\ARM_GCC_541\Debug\Motor Board.a(CyLFClk.o)
                0x00000cac                CySysWdtIsr
 .text.PWM_Motor_WriteCounter
                0x00000d50       0x10 .\CortexM0\ARM_GCC_541\Debug\Motor Board.a(PWM_Motor.o)
                0x00000d50                PWM_Motor_WriteCounter
 .text.PWM_Motor_WritePeriod
                0x00000d60       0x10 .\CortexM0\ARM_GCC_541\Debug\Motor Board.a(PWM_Motor.o)
                0x00000d60                PWM_Motor_WritePeriod
 .text.PWM_Motor_WriteCompare
                0x00000d70       0x10 .\CortexM0\ARM_GCC_541\Debug\Motor Board.a(PWM_Motor.o)
                0x00000d70                PWM_Motor_WriteCompare
 .text.PWM_Motor_TriggerCommand
                0x00000d80       0x1c .\CortexM0\ARM_GCC_541\Debug\Motor Board.a(PWM_Motor.o)
                0x00000d80                PWM_Motor_TriggerCommand
 .text.PWM_Motor_Enable
                0x00000d9c       0x24 .\CortexM0\ARM_GCC_541\Debug\Motor Board.a(PWM_Motor.o)
                0x00000d9c                PWM_Motor_Enable
 .text.PWM_Motor_SetInterruptMode
                0x00000dc0        0xc .\CortexM0\ARM_GCC_541\Debug\Motor Board.a(PWM_Motor.o)
                0x00000dc0                PWM_Motor_SetInterruptMode
 .text.PWM_Motor_Init
                0x00000dcc       0x48 .\CortexM0\ARM_GCC_541\Debug\Motor Board.a(PWM_Motor.o)
                0x00000dcc                PWM_Motor_Init
 .text.PWM_Motor_Start
                0x00000e14       0x20 .\CortexM0\ARM_GCC_541\Debug\Motor Board.a(PWM_Motor.o)
                0x00000e14                PWM_Motor_Start
 .text.QuadDec_GetEvents
                0x00000e34       0x10 .\CortexM0\ARM_GCC_541\Debug\Motor Board.a(QuadDec.o)
                0x00000e34                QuadDec_GetEvents
 .text.QuadDec_SetInterruptMask
                0x00000e44        0xc .\CortexM0\ARM_GCC_541\Debug\Motor Board.a(QuadDec.o)
                0x00000e44                QuadDec_SetInterruptMask
 .text.QuadDec_Enable
                0x00000e50       0x28 .\CortexM0\ARM_GCC_541\Debug\Motor Board.a(QuadDec.o)
                0x00000e50                QuadDec_Enable
 .text.QuadDec_Start
                0x00000e78       0x28 .\CortexM0\ARM_GCC_541\Debug\Motor Board.a(QuadDec.o)
                0x00000e78                QuadDec_Start
 .text.QuadDec_Cnt16_Enable
                0x00000ea0       0x14 .\CortexM0\ARM_GCC_541\Debug\Motor Board.a(QuadDec_Cnt16.o)
                0x00000ea0                QuadDec_Cnt16_Enable
 .text.QuadDec_Cnt16_SetInterruptMode
                0x00000eb4        0xc .\CortexM0\ARM_GCC_541\Debug\Motor Board.a(QuadDec_Cnt16.o)
                0x00000eb4                QuadDec_Cnt16_SetInterruptMode
 .text.QuadDec_Cnt16_ReadStatusRegister
                0x00000ec0        0xc .\CortexM0\ARM_GCC_541\Debug\Motor Board.a(QuadDec_Cnt16.o)
                0x00000ec0                QuadDec_Cnt16_ReadStatusRegister
 .text.QuadDec_Cnt16_WriteCounter
                0x00000ecc        0xc .\CortexM0\ARM_GCC_541\Debug\Motor Board.a(QuadDec_Cnt16.o)
                0x00000ecc                QuadDec_Cnt16_WriteCounter
 .text.QuadDec_Cnt16_ReadCapture
                0x00000ed8        0xc .\CortexM0\ARM_GCC_541\Debug\Motor Board.a(QuadDec_Cnt16.o)
                0x00000ed8                QuadDec_Cnt16_ReadCapture
 .text.QuadDec_Cnt16_WritePeriod
                0x00000ee4        0xc .\CortexM0\ARM_GCC_541\Debug\Motor Board.a(QuadDec_Cnt16.o)
                0x00000ee4                QuadDec_Cnt16_WritePeriod
 .text.QuadDec_Cnt16_WriteCompare
                0x00000ef0        0xc .\CortexM0\ARM_GCC_541\Debug\Motor Board.a(QuadDec_Cnt16.o)
                0x00000ef0                QuadDec_Cnt16_WriteCompare
 .text.QuadDec_Cnt16_ClearFIFO
                0x00000efc       0x14 .\CortexM0\ARM_GCC_541\Debug\Motor Board.a(QuadDec_Cnt16.o)
                0x00000efc                QuadDec_Cnt16_ClearFIFO
 .text.QuadDec_Cnt16_Init
                0x00000f10       0x58 .\CortexM0\ARM_GCC_541\Debug\Motor Board.a(QuadDec_Cnt16.o)
                0x00000f10                QuadDec_Cnt16_Init
 .text.QuadDec_Cnt16_Start
                0x00000f68       0x20 .\CortexM0\ARM_GCC_541\Debug\Motor Board.a(QuadDec_Cnt16.o)
                0x00000f68                QuadDec_Cnt16_Start
 .text.ADC_SAR_Seq_1_Init
                0x00000f88      0x184 .\CortexM0\ARM_GCC_541\Debug\Motor Board.a(ADC_SAR_Seq_1.o)
                0x00000f88                ADC_SAR_Seq_1_Init
 .text.ADC_SAR_Seq_1_Enable
                0x0000110c       0x30 .\CortexM0\ARM_GCC_541\Debug\Motor Board.a(ADC_SAR_Seq_1.o)
                0x0000110c                ADC_SAR_Seq_1_Enable
 .text.ADC_SAR_Seq_1_Start
                0x0000113c       0x20 .\CortexM0\ARM_GCC_541\Debug\Motor Board.a(ADC_SAR_Seq_1.o)
                0x0000113c                ADC_SAR_Seq_1_Start
 .text.ADC_SAR_Seq_1_StartConvert
                0x0000115c       0x14 .\CortexM0\ARM_GCC_541\Debug\Motor Board.a(ADC_SAR_Seq_1.o)
                0x0000115c                ADC_SAR_Seq_1_StartConvert
 .text.ADC_SAR_Seq_1_ISR
                0x00001170        0xc .\CortexM0\ARM_GCC_541\Debug\Motor Board.a(ADC_SAR_Seq_1_INT.o)
                0x00001170                ADC_SAR_Seq_1_ISR
 .text.CAN_GlobalIntEnable
                0x0000117c       0x1c .\CortexM0\ARM_GCC_541\Debug\Motor Board.a(CAN.o)
                0x0000117c                CAN_GlobalIntEnable
 .text.CAN_Enable
                0x00001198       0x48 .\CortexM0\ARM_GCC_541\Debug\Motor Board.a(CAN.o)
                0x00001198                CAN_Enable
 .text.CAN_SetPreScaler
                0x000011e0       0x38 .\CortexM0\ARM_GCC_541\Debug\Motor Board.a(CAN.o)
                0x000011e0                CAN_SetPreScaler
 .text.CAN_SetArbiter
                0x00001218       0x40 .\CortexM0\ARM_GCC_541\Debug\Motor Board.a(CAN.o)
                0x00001218                CAN_SetArbiter
 .text.CAN_SetTsegSample
                0x00001258       0xa0 .\CortexM0\ARM_GCC_541\Debug\Motor Board.a(CAN.o)
                0x00001258                CAN_SetTsegSample
 .text.CAN_SetRestartType
                0x000012f8       0x38 .\CortexM0\ARM_GCC_541\Debug\Motor Board.a(CAN.o)
                0x000012f8                CAN_SetRestartType
 .text.CAN_SetEdgeMode
                0x00001330       0x38 .\CortexM0\ARM_GCC_541\Debug\Motor Board.a(CAN.o)
                0x00001330                CAN_SetEdgeMode
 .text.CAN_SetIrqMask
                0x00001368       0x1c .\CortexM0\ARM_GCC_541\Debug\Motor Board.a(CAN.o)
                0x00001368                CAN_SetIrqMask
 .text.CAN_RxBufConfig
                0x00001384       0x98 .\CortexM0\ARM_GCC_541\Debug\Motor Board.a(CAN.o)
                0x00001384                CAN_RxBufConfig
 .text.CAN_TxBufConfig
                0x0000141c       0x58 .\CortexM0\ARM_GCC_541\Debug\Motor Board.a(CAN.o)
                0x0000141c                CAN_TxBufConfig
 .text.CAN_RxTxBuffersConfig
                0x00001474       0x54 .\CortexM0\ARM_GCC_541\Debug\Motor Board.a(CAN.o)
                0x00001474                CAN_RxTxBuffersConfig
 .text.CAN_SetSwapDataEndianness
                0x000014c8       0x40 .\CortexM0\ARM_GCC_541\Debug\Motor Board.a(CAN.o)
                0x000014c8                CAN_SetSwapDataEndianness
 .text.CAN_Init
                0x00001508       0xe4 .\CortexM0\ARM_GCC_541\Debug\Motor Board.a(CAN.o)
                0x00001508                CAN_Init
 .text.CAN_Start
                0x000015ec       0x28 .\CortexM0\ARM_GCC_541\Debug\Motor Board.a(CAN.o)
                0x000015ec                CAN_Start
 .text.CAN_MsgRXIsr
                0x00001614       0xb0 .\CortexM0\ARM_GCC_541\Debug\Motor Board.a(CAN_INT.o)
                0x00001614                CAN_MsgRXIsr
 .text.CAN_ISR  0x000016c4       0x14 .\CortexM0\ARM_GCC_541\Debug\Motor Board.a(CAN_INT.o)
                0x000016c4                CAN_ISR
 .text.CAN_SendMsg
                0x000016d8      0x154 .\CortexM0\ARM_GCC_541\Debug\Motor Board.a(CAN_TX_RX_func.o)
                0x000016d8                CAN_SendMsg
 .text.CAN_ReceiveMsg
                0x0000182c       0x1c .\CortexM0\ARM_GCC_541\Debug\Motor Board.a(CAN_TX_RX_func.o)
                0x0000182c                CAN_ReceiveMsg
 .text.CAN_ReceiveMsgToBaseRotation_1
                0x00001848       0x10 .\CortexM0\ARM_GCC_541\Debug\Motor Board.a(CAN_TX_RX_func.o)
                0x00001848                CAN_ReceiveMsgToBaseRotation_1
 .text.CAN_ReceiveMsgToShoulder_1
                0x00001858       0x10 .\CortexM0\ARM_GCC_541\Debug\Motor Board.a(CAN_TX_RX_func.o)
                0x00001858                CAN_ReceiveMsgToShoulder_1
 .text.CAN_ReceiveMsgToElbow_1
                0x00001868       0x10 .\CortexM0\ARM_GCC_541\Debug\Motor Board.a(CAN_TX_RX_func.o)
                0x00001868                CAN_ReceiveMsgToElbow_1
 .text.CAN_ReceiveMsgForearmRot_1
                0x00001878       0x10 .\CortexM0\ARM_GCC_541\Debug\Motor Board.a(CAN_TX_RX_func.o)
                0x00001878                CAN_ReceiveMsgForearmRot_1
 .text.CAN_ReceiveMsgToDiffWrist_1
                0x00001888       0x10 .\CortexM0\ARM_GCC_541\Debug\Motor Board.a(CAN_TX_RX_func.o)
                0x00001888                CAN_ReceiveMsgToDiffWrist_1
 .text.CAN_ReceiveMsgToDiffWrist2_1
                0x00001898       0x10 .\CortexM0\ARM_GCC_541\Debug\Motor Board.a(CAN_TX_RX_func.o)
                0x00001898                CAN_ReceiveMsgToDiffWrist2_1
 .text.CAN_ReceiveMsgToHand_1
                0x000018a8       0x10 .\CortexM0\ARM_GCC_541\Debug\Motor Board.a(CAN_TX_RX_func.o)
                0x000018a8                CAN_ReceiveMsgToHand_1
 .text.CAN_ReceiveMsgToBaseRotation_0
                0x000018b8       0x10 .\CortexM0\ARM_GCC_541\Debug\Motor Board.a(CAN_TX_RX_func.o)
                0x000018b8                CAN_ReceiveMsgToBaseRotation_0
 .text.CAN_ReceiveMsgToShoulder_0
                0x000018c8       0x10 .\CortexM0\ARM_GCC_541\Debug\Motor Board.a(CAN_TX_RX_func.o)
                0x000018c8                CAN_ReceiveMsgToShoulder_0
 .text.CAN_ReceiveMsgToElbow_0
                0x000018d8       0x10 .\CortexM0\ARM_GCC_541\Debug\Motor Board.a(CAN_TX_RX_func.o)
                0x000018d8                CAN_ReceiveMsgToElbow_0
 .text.CAN_ReceiveMsgForearmRot_0
                0x000018e8       0x10 .\CortexM0\ARM_GCC_541\Debug\Motor Board.a(CAN_TX_RX_func.o)
                0x000018e8                CAN_ReceiveMsgForearmRot_0
 .text.CAN_ReceiveMsgToDiffWrist_0
                0x000018f8       0x10 .\CortexM0\ARM_GCC_541\Debug\Motor Board.a(CAN_TX_RX_func.o)
                0x000018f8                CAN_ReceiveMsgToDiffWrist_0
 .text.CAN_ReceiveMsgToDiffWrist2_0
                0x00001908       0x10 .\CortexM0\ARM_GCC_541\Debug\Motor Board.a(CAN_TX_RX_func.o)
                0x00001908                CAN_ReceiveMsgToDiffWrist2_0
 .text.CAN_ReceiveMsgToHand_0
                0x00001918       0x10 .\CortexM0\ARM_GCC_541\Debug\Motor Board.a(CAN_TX_RX_func.o)
                0x00001918                CAN_ReceiveMsgToHand_0
 .text.UART_ScbModePostEnable
                0x00001928        0x8 .\CortexM0\ARM_GCC_541\Debug\Motor Board.a(UART.o)
 .text.UART_Init
                0x00001930        0x8 .\CortexM0\ARM_GCC_541\Debug\Motor Board.a(UART.o)
                0x00001930                UART_Init
 .text.UART_Enable
                0x00001938       0x18 .\CortexM0\ARM_GCC_541\Debug\Motor Board.a(UART.o)
                0x00001938                UART_Enable
 .text.UART_Start
                0x00001950       0x20 .\CortexM0\ARM_GCC_541\Debug\Motor Board.a(UART.o)
                0x00001950                UART_Start
 .text.UART_UartInit
                0x00001970       0xa8 .\CortexM0\ARM_GCC_541\Debug\Motor Board.a(UART_UART.o)
                0x00001970                UART_UartInit
 .text.UART_UartPostEnable
                0x00001a18       0x24 .\CortexM0\ARM_GCC_541\Debug\Motor Board.a(UART_UART.o)
                0x00001a18                UART_UartPostEnable
 .text.UART_UartPutString
                0x00001a3c       0x18 .\CortexM0\ARM_GCC_541\Debug\Motor Board.a(UART_UART.o)
                0x00001a3c                UART_UartPutString
 .text.Can_addr_Read
                0x00001a54        0xc .\CortexM0\ARM_GCC_541\Debug\Motor Board.a(Can_addr.o)
                0x00001a54                Can_addr_Read
 .text          0x00001a60       0x20 .\CortexM0\ARM_GCC_541\Debug\Motor Board.a(CyBootAsmGnu.o)
                0x00001a60                CyDelayCycles
                0x00001a72                CyEnterCriticalSection
                0x00001a7a                CyExitCriticalSection
 .text.CySysFlashSetWaitCycles
                0x00001a80       0x54 .\CortexM0\ARM_GCC_541\Debug\Motor Board.a(CyFlash.o)
                0x00001a80                CySysFlashSetWaitCycles
 .text.UART_SpiUartWriteTxData
                0x00001ad4       0x1c .\CortexM0\ARM_GCC_541\Debug\Motor Board.a(UART_SPI_UART.o)
                0x00001ad4                UART_SpiUartWriteTxData
 .text          0x00001af0      0x114 c:/program files (x86)/cypress/psoc creator/4.2/psoc creator/import/gnu/arm/5.4.1/bin/../lib/gcc/arm-none-eabi/5.4.1/armv6-m\libgcc.a(_udivsi3.o)
                0x00001af0                __aeabi_uidiv
                0x00001af0                __udivsi3
                0x00001bfc                __aeabi_uidivmod
 .text          0x00001c04      0x1d4 c:/program files (x86)/cypress/psoc creator/4.2/psoc creator/import/gnu/arm/5.4.1/bin/../lib/gcc/arm-none-eabi/5.4.1/armv6-m\libgcc.a(_divsi3.o)
                0x00001c04                __divsi3
                0x00001c04                __aeabi_idiv
                0x00001dd0                __aeabi_idivmod
 .text          0x00001dd8        0x4 c:/program files (x86)/cypress/psoc creator/4.2/psoc creator/import/gnu/arm/5.4.1/bin/../lib/gcc/arm-none-eabi/5.4.1/armv6-m\libgcc.a(_dvmd_tls.o)
                0x00001dd8                __aeabi_idiv0
                0x00001dd8                __aeabi_ldiv0
 .text.__errno  0x00001ddc        0xc c:/program files (x86)/cypress/psoc creator/4.2/psoc creator/import/gnu/arm/5.4.1/bin/../lib/gcc/arm-none-eabi/5.4.1/../../../../arm-none-eabi/lib/armv6-m\libg_nano.a(lib_a-errno.o)
                0x00001ddc                __errno
 .text.__libc_init_array
                0x00001de8       0x4c c:/program files (x86)/cypress/psoc creator/4.2/psoc creator/import/gnu/arm/5.4.1/bin/../lib/gcc/arm-none-eabi/5.4.1/../../../../arm-none-eabi/lib/armv6-m\libg_nano.a(lib_a-init.o)
                0x00001de8                __libc_init_array
 .text.memcpy   0x00001e34       0x12 c:/program files (x86)/cypress/psoc creator/4.2/psoc creator/import/gnu/arm/5.4.1/bin/../lib/gcc/arm-none-eabi/5.4.1/../../../../arm-none-eabi/lib/armv6-m\libg_nano.a(lib_a-memcpy-stub.o)
                0x00001e34                memcpy
 .text.memset   0x00001e46       0x10 c:/program files (x86)/cypress/psoc creator/4.2/psoc creator/import/gnu/arm/5.4.1/bin/../lib/gcc/arm-none-eabi/5.4.1/../../../../arm-none-eabi/lib/armv6-m\libg_nano.a(lib_a-memset.o)
                0x00001e46                memset
 *fill*         0x00001e56        0x2 
 .text.sprintf  0x00001e58       0x44 c:/program files (x86)/cypress/psoc creator/4.2/psoc creator/import/gnu/arm/5.4.1/bin/../lib/gcc/arm-none-eabi/5.4.1/../../../../arm-none-eabi/lib/armv6-m\libg_nano.a(lib_a-sprintf.o)
                0x00001e58                siprintf
                0x00001e58                sprintf
 .text.__ssputs_r
                0x00001e9c       0xc4 c:/program files (x86)/cypress/psoc creator/4.2/psoc creator/import/gnu/arm/5.4.1/bin/../lib/gcc/arm-none-eabi/5.4.1/../../../../arm-none-eabi/lib/armv6-m\libg_nano.a(lib_a-nano-svfprintf.o)
                0x00001e9c                __ssputs_r
 .text._svfprintf_r
                0x00001f60      0x1fc c:/program files (x86)/cypress/psoc creator/4.2/psoc creator/import/gnu/arm/5.4.1/bin/../lib/gcc/arm-none-eabi/5.4.1/../../../../arm-none-eabi/lib/armv6-m\libg_nano.a(lib_a-nano-svfprintf.o)
                0x00001f60                _svfiprintf_r
                0x00001f60                _svfprintf_r
 .text._printf_common
                0x0000215c       0xdc c:/program files (x86)/cypress/psoc creator/4.2/psoc creator/import/gnu/arm/5.4.1/bin/../lib/gcc/arm-none-eabi/5.4.1/../../../../arm-none-eabi/lib/armv6-m\libg_nano.a(lib_a-nano-vfprintf_i.o)
                0x0000215c                _printf_common
 .text._printf_i
                0x00002238      0x244 c:/program files (x86)/cypress/psoc creator/4.2/psoc creator/import/gnu/arm/5.4.1/bin/../lib/gcc/arm-none-eabi/5.4.1/../../../../arm-none-eabi/lib/armv6-m\libg_nano.a(lib_a-nano-vfprintf_i.o)
                0x00002238                _printf_i
 .text.memchr   0x0000247c       0x16 c:/program files (x86)/cypress/psoc creator/4.2/psoc creator/import/gnu/arm/5.4.1/bin/../lib/gcc/arm-none-eabi/5.4.1/../../../../arm-none-eabi/lib/armv6-m\libg_nano.a(lib_a-memchr-stub.o)
                0x0000247c                memchr
 .text.memmove  0x00002492       0x2a c:/program files (x86)/cypress/psoc creator/4.2/psoc creator/import/gnu/arm/5.4.1/bin/../lib/gcc/arm-none-eabi/5.4.1/../../../../arm-none-eabi/lib/armv6-m\libg_nano.a(lib_a-memmove.o)
                0x00002492                memmove
 .text._free_r  0x000024bc       0x98 c:/program files (x86)/cypress/psoc creator/4.2/psoc creator/import/gnu/arm/5.4.1/bin/../lib/gcc/arm-none-eabi/5.4.1/../../../../arm-none-eabi/lib/armv6-m\libg_nano.a(lib_a-nano-freer.o)
                0x000024bc                _free_r
 .text._malloc_r
                0x00002554       0xc0 c:/program files (x86)/cypress/psoc creator/4.2/psoc creator/import/gnu/arm/5.4.1/bin/../lib/gcc/arm-none-eabi/5.4.1/../../../../arm-none-eabi/lib/armv6-m\libg_nano.a(lib_a-nano-mallocr.o)
                0x00002554                _malloc_r
 .text._realloc_r
                0x00002614       0x4c c:/program files (x86)/cypress/psoc creator/4.2/psoc creator/import/gnu/arm/5.4.1/bin/../lib/gcc/arm-none-eabi/5.4.1/../../../../arm-none-eabi/lib/armv6-m\libg_nano.a(lib_a-nano-reallocr.o)
                0x00002614                _realloc_r
 .text._sbrk_r  0x00002660       0x24 c:/program files (x86)/cypress/psoc creator/4.2/psoc creator/import/gnu/arm/5.4.1/bin/../lib/gcc/arm-none-eabi/5.4.1/../../../../arm-none-eabi/lib/armv6-m\libg_nano.a(lib_a-sbrkr.o)
                0x00002660                _sbrk_r
 .text.__malloc_lock
                0x00002684        0x2 c:/program files (x86)/cypress/psoc creator/4.2/psoc creator/import/gnu/arm/5.4.1/bin/../lib/gcc/arm-none-eabi/5.4.1/../../../../arm-none-eabi/lib/armv6-m\libg_nano.a(lib_a-mlock.o)
                0x00002684                __malloc_lock
 .text.__malloc_unlock
                0x00002686        0x2 c:/program files (x86)/cypress/psoc creator/4.2/psoc creator/import/gnu/arm/5.4.1/bin/../lib/gcc/arm-none-eabi/5.4.1/../../../../arm-none-eabi/lib/armv6-m\libg_nano.a(lib_a-mlock.o)
                0x00002686                __malloc_unlock
 .text._malloc_usable_size_r
                0x00002688       0x16 c:/program files (x86)/cypress/psoc creator/4.2/psoc creator/import/gnu/arm/5.4.1/bin/../lib/gcc/arm-none-eabi/5.4.1/../../../../arm-none-eabi/lib/armv6-m\libg_nano.a(lib_a-nano-msizer.o)
                0x00002688                _malloc_usable_size_r
 *(.plt)
 *(.gnu.warning)
 *(.glue_7t)
 .glue_7t       0x0000269e        0x0 linker stubs
 *(.glue_7)
 .glue_7        0x0000269e        0x0 linker stubs
 *(.vfp11_veneer)
 .vfp11_veneer  0x0000269e        0x0 linker stubs
 *(.bootloader)
 *(.ARM.extab* .gnu.linkonce.armextab.*)
 *(.gcc_except_table)

.v4_bx          0x000026a0        0x0
 .v4_bx         0x000026a0        0x0 linker stubs

.iplt           0x000026a0        0x0
 .iplt          0x000026a0        0x0 c:/program files (x86)/cypress/psoc creator/4.2/psoc creator/import/gnu/arm/5.4.1/bin/../lib/gcc/arm-none-eabi/5.4.1/armv6-m/crtbegin.o

.eh_frame_hdr
 *(.eh_frame_hdr)

.eh_frame       0x000026a0        0x4
 *(.eh_frame)
 .eh_frame      0x000026a0        0x0 c:/program files (x86)/cypress/psoc creator/4.2/psoc creator/import/gnu/arm/5.4.1/bin/../lib/gcc/arm-none-eabi/5.4.1/armv6-m/crtbegin.o
 .eh_frame      0x000026a0        0x4 c:/program files (x86)/cypress/psoc creator/4.2/psoc creator/import/gnu/arm/5.4.1/bin/../lib/gcc/arm-none-eabi/5.4.1/armv6-m/crtend.o
                [!provide]                PROVIDE (__exidx_start, .)

.ARM.exidx
 *(.ARM.exidx* .gnu.linkonce.armexidx.*)
                0x000026a4                __exidx_end = .

.rodata         0x000026a4      0x6f4
 *(.rodata .rodata.* .gnu.linkonce.r.*)
 .rodata        0x000026a4       0x40 .\CortexM0\ARM_GCC_541\Debug\main.o
 .rodata.str1.4
                0x000026e4       0xb4 .\CortexM0\ARM_GCC_541\Debug\main.o
                                 0xb1 (size before relaxing)
 .rodata        0x00002798      0x3a8 .\CortexM0\ARM_GCC_541\Debug\cyfitter_cfg.o
 .rodata        0x00002b40       0x47 .\CortexM0\ARM_GCC_541\Debug\Motor Board.a(CyLib.o)
                0x00002b40                cyImoFreqMhz2Reg
                0x00002b70                cyImoFreqMhz2DpllOffset
 *fill*         0x00002b87        0x1 
 .rodata        0x00002b88        0xa .\CortexM0\ARM_GCC_541\Debug\Motor Board.a(ADC_SAR_Seq_1.o)
 *fill*         0x00002b92        0x2 
 .rodata        0x00002b94      0x160 .\CortexM0\ARM_GCC_541\Debug\Motor Board.a(CAN.o)
 .rodata        0x00002cf4       0x38 .\CortexM0\ARM_GCC_541\Debug\Motor Board.a(CAN_INT.o)
 .rodata.str1.1
                0x00002d2c        0x2 c:/program files (x86)/cypress/psoc creator/4.2/psoc creator/import/gnu/arm/5.4.1/bin/../lib/gcc/arm-none-eabi/5.4.1/../../../../arm-none-eabi/lib/armv6-m\libg_nano.a(lib_a-impure.o)
 .rodata.str1.1
                0x00002d2e       0x11 c:/program files (x86)/cypress/psoc creator/4.2/psoc creator/import/gnu/arm/5.4.1/bin/../lib/gcc/arm-none-eabi/5.4.1/../../../../arm-none-eabi/lib/armv6-m\libg_nano.a(lib_a-nano-svfprintf.o)
 .rodata.str1.1
                0x00002d3f       0x22 c:/program files (x86)/cypress/psoc creator/4.2/psoc creator/import/gnu/arm/5.4.1/bin/../lib/gcc/arm-none-eabi/5.4.1/../../../../arm-none-eabi/lib/armv6-m\libg_nano.a(lib_a-nano-vfprintf_i.o)
                0x00002d64                . = ALIGN (0x4)
 *fill*         0x00002d61        0x3 
 *(.init)
 .init          0x00002d64        0x4 c:/program files (x86)/cypress/psoc creator/4.2/psoc creator/import/gnu/arm/5.4.1/bin/../lib/gcc/arm-none-eabi/5.4.1/armv6-m/crti.o
                0x00002d64                _init
 .init          0x00002d68        0x8 c:/program files (x86)/cypress/psoc creator/4.2/psoc creator/import/gnu/arm/5.4.1/bin/../lib/gcc/arm-none-eabi/5.4.1/armv6-m/crtn.o
                0x00002d70                . = ALIGN (0x4)
                0x00002d70                __preinit_array_start = .
 *(.preinit_array)
                0x00002d70                __preinit_array_end = .
                0x00002d70                . = ALIGN (0x4)
                0x00002d70                __init_array_start = .
 *(SORT(.init_array.*))
 *(.init_array)
 .init_array    0x00002d70        0x4 c:/program files (x86)/cypress/psoc creator/4.2/psoc creator/import/gnu/arm/5.4.1/bin/../lib/gcc/arm-none-eabi/5.4.1/armv6-m/crtbegin.o
 .init_array    0x00002d74        0x4 .\CortexM0\ARM_GCC_541\Debug\Cm0Start.o
                0x00002d78                __init_array_end = .
                0x00002d78                . = ALIGN (0x4)
 *(.fini)
 .fini          0x00002d78        0x4 c:/program files (x86)/cypress/psoc creator/4.2/psoc creator/import/gnu/arm/5.4.1/bin/../lib/gcc/arm-none-eabi/5.4.1/armv6-m/crti.o
                0x00002d78                _fini
 .fini          0x00002d7c        0x8 c:/program files (x86)/cypress/psoc creator/4.2/psoc creator/import/gnu/arm/5.4.1/bin/../lib/gcc/arm-none-eabi/5.4.1/armv6-m/crtn.o
                0x00002d84                . = ALIGN (0x4)
                0x00002d84                __fini_array_start = .
 *(.fini_array)
 .fini_array    0x00002d84        0x4 c:/program files (x86)/cypress/psoc creator/4.2/psoc creator/import/gnu/arm/5.4.1/bin/../lib/gcc/arm-none-eabi/5.4.1/armv6-m/crtbegin.o
 *(SORT(.fini_array.*))
                0x00002d88                __fini_array_end = .
                0x00002d88                . = ALIGN (0x4)
 *crtbegin.o(.ctors)
 *(EXCLUDE_FILE(*crtend.o) .ctors)
 *(SORT(.ctors.*))
 *crtend.o(.ctors)
                0x00002d88                . = ALIGN (0x4)
 *crtbegin.o(.dtors)
 *(EXCLUDE_FILE(*crtend.o) .dtors)
 *(SORT(.dtors.*))
 *crtend.o(.dtors)
                0x00002d88                . = ALIGN (0x4)
                0x00002d88                __cy_regions = .
                0x00002d88        0x4 LONG 0x2d98 __cy_region_init_ram
                0x00002d8c        0x4 LONG 0x200000c0 __cy_region_start_data
                0x00002d90        0x4 LONG 0x98 __cy_region_init_size_ram
                0x00002d94        0x4 LONG 0x108 __cy_region_zero_size_ram
                0x00002d98                __cy_regions_end = .
                0x00002d98                . = ALIGN (0x8)
                0x00002d98                _etext = .

.cy_checksum_exclude
                0x00002d98        0x0
 *(.cy_checksum_exclude)

.ramvectors     0x20000000       0xc0
                0x20000000                __cy_region_start_ram = .
 *(.ramvectors)
 .ramvectors    0x20000000       0xc0 .\CortexM0\ARM_GCC_541\Debug\Cm0Start.o
                0x20000000                CyRamVectors

.noinit
 *(.noinit)

.data           0x200000c0       0x98 load address 0x00002d98
                0x200000c0                __cy_region_start_data = .
 *(.jcr)
 .jcr           0x200000c0        0x0 c:/program files (x86)/cypress/psoc creator/4.2/psoc creator/import/gnu/arm/5.4.1/bin/../lib/gcc/arm-none-eabi/5.4.1/armv6-m/crtbegin.o
 .jcr           0x200000c0        0x4 c:/program files (x86)/cypress/psoc creator/4.2/psoc creator/import/gnu/arm/5.4.1/bin/../lib/gcc/arm-none-eabi/5.4.1/armv6-m/crtend.o
 *(.got.plt)
 *(.got)
 *(.shdata)
 *(.data .data.* .gnu.linkonce.d.*)
 .data          0x200000c4        0xa .\CortexM0\ARM_GCC_541\Debug\main.o
                0x200000c4                CAN_RX_MAILBOX_0_SHIFT
                0x200000c6                receiveMailboxNumber
                0x200000c8                CAN_RX_MAILBOX_1_SHIFT
                0x200000ca                uart_debug
                0x200000cc                CAN_RX_MAILBOX_1
 *fill*         0x200000ce        0x2 
 .data          0x200000d0        0x4 .\CortexM0\ARM_GCC_541\Debug\Cm0Start.o
 .data          0x200000d4       0x14 .\CortexM0\ARM_GCC_541\Debug\Motor Board.a(CyLib.o)
                0x200000d4                CySysClkPumpConfig
                0x200000d8                cydelay32kMs
                0x200000dc                cydelayFreqKhz
                0x200000e0                cydelayFreqMhz
                0x200000e4                cydelayFreqHz
 .data          0x200000e8        0x8 .\CortexM0\ARM_GCC_541\Debug\Motor Board.a(CyLFClk.o)
 .data.impure_data
                0x200000f0       0x60 c:/program files (x86)/cypress/psoc creator/4.2/psoc creator/import/gnu/arm/5.4.1/bin/../lib/gcc/arm-none-eabi/5.4.1/../../../../arm-none-eabi/lib/armv6-m\libg_nano.a(lib_a-impure.o)
 .data._impure_ptr
                0x20000150        0x4 c:/program files (x86)/cypress/psoc creator/4.2/psoc creator/import/gnu/arm/5.4.1/bin/../lib/gcc/arm-none-eabi/5.4.1/../../../../arm-none-eabi/lib/armv6-m\libg_nano.a(lib_a-impure.o)
                0x20000150                _impure_ptr
                0x20000158                . = ALIGN (0x8)
 *fill*         0x20000154        0x4 
 *(.ram)
                0x20000158                _edata = .

.igot.plt       0x20000158        0x0 load address 0x00002e30
 .igot.plt      0x20000158        0x0 c:/program files (x86)/cypress/psoc creator/4.2/psoc creator/import/gnu/arm/5.4.1/bin/../lib/gcc/arm-none-eabi/5.4.1/armv6-m/crtbegin.o

.bss            0x20000158      0x108 load address 0x00002e30
                0x20000158                PROVIDE (__bss_start__, .)
 *(.shbss)
 *(.bss .bss.* .gnu.linkonce.b.*)
 .bss           0x20000158       0x1c c:/program files (x86)/cypress/psoc creator/4.2/psoc creator/import/gnu/arm/5.4.1/bin/../lib/gcc/arm-none-eabi/5.4.1/armv6-m/crtbegin.o
 .bss           0x20000174       0x18 .\CortexM0\ARM_GCC_541\Debug\main.o
                0x20000174                emergency
                0x20000178                message_id
                0x2000017c                i
                0x20000180                lastp
                0x20000184                mailbox
                0x20000188                isrFlag
                0x2000018a                CAN_RX_MAILBOX_0
 .bss           0x2000018c       0x20 .\CortexM0\ARM_GCC_541\Debug\Motor Board.a(CyLib.o)
                0x2000018c                CySysClkImoTrim4
                0x20000190                CySysClkImoTrim5
                0x200001a8                CySysTickInitVar
 .bss           0x200001ac       0x28 .\CortexM0\ARM_GCC_541\Debug\Motor Board.a(CyLFClk.o)
 .bss           0x200001d4        0x1 .\CortexM0\ARM_GCC_541\Debug\Motor Board.a(PWM_Motor.o)
                0x200001d4                PWM_Motor_initVar
 .bss           0x200001d5        0x1 .\CortexM0\ARM_GCC_541\Debug\Motor Board.a(QuadDec.o)
                0x200001d5                QuadDec_initVar
 .bss           0x200001d6        0x1 .\CortexM0\ARM_GCC_541\Debug\Motor Board.a(QuadDec_Cnt16.o)
                0x200001d6                QuadDec_Cnt16_initVar
 .bss           0x200001d7        0x1 .\CortexM0\ARM_GCC_541\Debug\Motor Board.a(ADC_SAR_Seq_1.o)
                0x200001d7                ADC_SAR_Seq_1_initVar
 .bss           0x200001d8        0x1 .\CortexM0\ARM_GCC_541\Debug\Motor Board.a(CAN.o)
                0x200001d8                CAN_initVar
 *fill*         0x200001d9        0x1 
 .bss           0x200001da        0x4 .\CortexM0\ARM_GCC_541\Debug\Motor Board.a(UART.o)
                0x200001da                UART_initVar
                0x200001dc                UART_IntrTxMask
 *fill*         0x200001de        0x2 
 .bss.__malloc_sbrk_start
                0x200001e0        0x4 c:/program files (x86)/cypress/psoc creator/4.2/psoc creator/import/gnu/arm/5.4.1/bin/../lib/gcc/arm-none-eabi/5.4.1/../../../../arm-none-eabi/lib/armv6-m\libg_nano.a(lib_a-nano-mallocr.o)
                0x200001e0                __malloc_sbrk_start
 .bss.__malloc_free_list
                0x200001e4        0x4 c:/program files (x86)/cypress/psoc creator/4.2/psoc creator/import/gnu/arm/5.4.1/bin/../lib/gcc/arm-none-eabi/5.4.1/../../../../arm-none-eabi/lib/armv6-m\libg_nano.a(lib_a-nano-mallocr.o)
                0x200001e4                __malloc_free_list
 *(COMMON)
 COMMON         0x200001e8       0x64 .\CortexM0\ARM_GCC_541\Debug\main.o
                0x200001e8                kd
                0x200001ec                txData
                0x20000220                message
                0x20000230                GEAR_RATIO
                0x20000234                CAN_TIMEOUT
                0x20000238                pwm_compare
                0x2000023c                ki
                0x20000240                data
                0x20000248                kp
 COMMON         0x2000024c        0xc .\CortexM0\ARM_GCC_541\Debug\Motor Board.a(ADC_SAR_Seq_1.o)
                0x2000024c                ADC_SAR_Seq_1_offset
                0x20000250                ADC_SAR_Seq_1_countsPer10Volt
 COMMON         0x20000258        0x4 c:/program files (x86)/cypress/psoc creator/4.2/psoc creator/import/gnu/arm/5.4.1/bin/../lib/gcc/arm-none-eabi/5.4.1/../../../../arm-none-eabi/lib/armv6-m\libg_nano.a(lib_a-reent.o)
                0x20000258                errno
                0x20000260                . = ALIGN (0x8)
 *fill*         0x2000025c        0x4 
 *(.ram.b)
                0x20000260                _end = .
                0x20000260                __end = .
                0x20000260                PROVIDE (end, .)
                0x20000260                PROVIDE (__bss_end__, .)
                0x00002d98                __cy_region_init_ram = LOADADDR (.data)
                0x00000098                __cy_region_init_size_ram = (_edata - ADDR (.data))
                0x00000108                __cy_region_zero_size_ram = (_end - _edata)

.heap           0x20000260       0x80 load address 0x00002e30
                0x20000260                . = _end
                0x200002e0                . = (. + 0x80)
 *fill*         0x20000260       0x80 
                0x200002e0                __cy_heap_limit = .

.stack          0x20007800      0x800
                0x20007800                __cy_stack_limit = .
                0x20008000                . = (. + 0x800)
 *fill*         0x20007800      0x800 
                0x00000001                ASSERT ((__cy_stack_limit >= __cy_heap_limit), region RAM overflowed with stack)
                0x00000000                cy_checksum_exclude_size = (CY_APPL_LOADABLE == 0x1)?SIZEOF (.cy_checksum_exclude):0x0
                0x00000001                ASSERT ((cy_checksum_exclude_size <= CY_CHECKSUM_EXCLUDE_SIZE), CY_BOOT: Section .cy_checksum_exclude size exceedes specified limit.)
                0x0003ffc0                cyloadermeta_start = (cy_project_type_bootloader || cy_project_type_app_for_stack_and_copier)?(LENGTH (rom) - CY_METADATA_SIZE):0xf0000000

.cyloadermeta
 *(.cyloadermeta)
                0x0003ffc0                cyloadablemeta_start = cy_project_type_app_for_stack_and_copier?((LENGTH (rom) - CY_FLASH_ROW_SIZE) - CY_METADATA_SIZE):((LENGTH (rom) - (CY_FLASH_ROW_SIZE * (CY_APPL_NUM - 0x1))) - CY_METADATA_SIZE)

.cyloadablemeta
 *(.cyloadablemeta)

.cyflashprotect
                0x90400000       0x80
 *(.cyflashprotect)
 .cyflashprotect
                0x90400000       0x80 .\CortexM0\ARM_GCC_541\Debug\cymetadata.o
                0x90400000                cy_meta_flashprotect

.cymeta         0x90500000        0xc
 *(.cymeta)
 .cymeta        0x90500000        0xc .\CortexM0\ARM_GCC_541\Debug\cymetadata.o
                0x90500000                cy_metadata

.cychipprotect  0x90600000        0x1
 *(.cychipprotect)
 .cychipprotect
                0x90600000        0x1 .\CortexM0\ARM_GCC_541\Debug\cymetadata.o
                0x90600000                cy_meta_chipprotect

.rel.dyn        0x00002e30        0x0 load address 0x90600004
 .rel.iplt      0x00002e30        0x0 c:/program files (x86)/cypress/psoc creator/4.2/psoc creator/import/gnu/arm/5.4.1/bin/../lib/gcc/arm-none-eabi/5.4.1/armv6-m/crtbegin.o

.stab
 *(.stab)

.stabstr
 *(.stabstr)

.debug
 *(.debug)

.line
 *(.line)

.debug_srcinfo
 *(.debug_srcinfo)

.debug_sfnames
 *(.debug_sfnames)

.debug_aranges  0x00000000      0xc98
 *(.debug_aranges)
 .debug_aranges
                0x00000000       0x88 .\CortexM0\ARM_GCC_541\Debug\main.o
 .debug_aranges
                0x00000088       0x48 .\CortexM0\ARM_GCC_541\Debug\cyfitter_cfg.o
 .debug_aranges
                0x000000d0       0x18 .\CortexM0\ARM_GCC_541\Debug\cymetadata.o
 .debug_aranges
                0x000000e8       0x48 .\CortexM0\ARM_GCC_541\Debug\Cm0Start.o
 .debug_aranges
                0x00000130      0x260 .\CortexM0\ARM_GCC_541\Debug\Motor Board.a(CyLib.o)
 .debug_aranges
                0x00000390      0x188 .\CortexM0\ARM_GCC_541\Debug\Motor Board.a(CyLFClk.o)
 .debug_aranges
                0x00000518       0x48 .\CortexM0\ARM_GCC_541\Debug\Motor Board.a(Pin_Limit_1.o)
 .debug_aranges
                0x00000560      0x158 .\CortexM0\ARM_GCC_541\Debug\Motor Board.a(PWM_Motor.o)
 .debug_aranges
                0x000006b8       0x48 .\CortexM0\ARM_GCC_541\Debug\Motor Board.a(Pin_Direction.o)
 .debug_aranges
                0x00000700       0x60 .\CortexM0\ARM_GCC_541\Debug\Motor Board.a(QuadDec.o)
 .debug_aranges
                0x00000760       0x98 .\CortexM0\ARM_GCC_541\Debug\Motor Board.a(QuadDec_Cnt16.o)
 .debug_aranges
                0x000007f8       0x40 .\CortexM0\ARM_GCC_541\Debug\Motor Board.a(Status_Reg_Switches.o)
 .debug_aranges
                0x00000838       0xa8 .\CortexM0\ARM_GCC_541\Debug\Motor Board.a(ADC_SAR_Seq_1.o)
 .debug_aranges
                0x000008e0       0x20 .\CortexM0\ARM_GCC_541\Debug\Motor Board.a(ADC_SAR_Seq_1_INT.o)
 .debug_aranges
                0x00000900       0xe8 .\CortexM0\ARM_GCC_541\Debug\Motor Board.a(CAN.o)
 .debug_aranges
                0x000009e8       0x28 .\CortexM0\ARM_GCC_541\Debug\Motor Board.a(CAN_INT.o)
 .debug_aranges
                0x00000a10       0xa0 .\CortexM0\ARM_GCC_541\Debug\Motor Board.a(CAN_TX_RX_func.o)
 .debug_aranges
                0x00000ab0       0x58 .\CortexM0\ARM_GCC_541\Debug\Motor Board.a(UART.o)
 .debug_aranges
                0x00000b08       0x90 .\CortexM0\ARM_GCC_541\Debug\Motor Board.a(UART_UART.o)
 .debug_aranges
                0x00000b98       0x40 .\CortexM0\ARM_GCC_541\Debug\Motor Board.a(Can_addr.o)
 .debug_aranges
                0x00000bd8       0x20 .\CortexM0\ARM_GCC_541\Debug\Motor Board.a(CyBootAsmGnu.o)
 .debug_aranges
                0x00000bf8       0x40 .\CortexM0\ARM_GCC_541\Debug\Motor Board.a(CyFlash.o)
 .debug_aranges
                0x00000c38       0x60 .\CortexM0\ARM_GCC_541\Debug\Motor Board.a(UART_SPI_UART.o)

.debug_pubnames
 *(.debug_pubnames)

.debug_info     0x00000000     0x7343
 *(.debug_info .gnu.linkonce.wi.*)
 .debug_info    0x00000000      0x96c .\CortexM0\ARM_GCC_541\Debug\main.o
 .debug_info    0x0000096c      0x406 .\CortexM0\ARM_GCC_541\Debug\cyfitter_cfg.o
 .debug_info    0x00000d72       0xf8 .\CortexM0\ARM_GCC_541\Debug\cymetadata.o
 .debug_info    0x00000e6a      0x3a2 .\CortexM0\ARM_GCC_541\Debug\Cm0Start.o
 .debug_info    0x0000120c     0x178f .\CortexM0\ARM_GCC_541\Debug\Motor Board.a(CyLib.o)
 .debug_info    0x0000299b     0x1058 .\CortexM0\ARM_GCC_541\Debug\Motor Board.a(CyLFClk.o)
 .debug_info    0x000039f3      0x19d .\CortexM0\ARM_GCC_541\Debug\Motor Board.a(Pin_Limit_1.o)
 .debug_info    0x00003b90      0x909 .\CortexM0\ARM_GCC_541\Debug\Motor Board.a(PWM_Motor.o)
 .debug_info    0x00004499      0x19d .\CortexM0\ARM_GCC_541\Debug\Motor Board.a(Pin_Direction.o)
 .debug_info    0x00004636      0x2d4 .\CortexM0\ARM_GCC_541\Debug\Motor Board.a(QuadDec.o)
 .debug_info    0x0000490a      0x345 .\CortexM0\ARM_GCC_541\Debug\Motor Board.a(QuadDec_Cnt16.o)
 .debug_info    0x00004c4f      0x17f .\CortexM0\ARM_GCC_541\Debug\Motor Board.a(Status_Reg_Switches.o)
 .debug_info    0x00004dce      0x5a5 .\CortexM0\ARM_GCC_541\Debug\Motor Board.a(ADC_SAR_Seq_1.o)
 .debug_info    0x00005373       0xcb .\CortexM0\ARM_GCC_541\Debug\Motor Board.a(ADC_SAR_Seq_1_INT.o)
 .debug_info    0x0000543e      0x9c6 .\CortexM0\ARM_GCC_541\Debug\Motor Board.a(CAN.o)
 .debug_info    0x00005e04      0x340 .\CortexM0\ARM_GCC_541\Debug\Motor Board.a(CAN_INT.o)
 .debug_info    0x00006144      0x47a .\CortexM0\ARM_GCC_541\Debug\Motor Board.a(CAN_TX_RX_func.o)
 .debug_info    0x000065be      0x23a .\CortexM0\ARM_GCC_541\Debug\Motor Board.a(UART.o)
 .debug_info    0x000067f8      0x3b5 .\CortexM0\ARM_GCC_541\Debug\Motor Board.a(UART_UART.o)
 .debug_info    0x00006bad      0x17f .\CortexM0\ARM_GCC_541\Debug\Motor Board.a(Can_addr.o)
 .debug_info    0x00006d2c       0xa5 .\CortexM0\ARM_GCC_541\Debug\Motor Board.a(CyBootAsmGnu.o)
 .debug_info    0x00006dd1      0x352 .\CortexM0\ARM_GCC_541\Debug\Motor Board.a(CyFlash.o)
 .debug_info    0x00007123      0x220 .\CortexM0\ARM_GCC_541\Debug\Motor Board.a(UART_SPI_UART.o)

.debug_abbrev   0x00000000     0x1c12
 *(.debug_abbrev)
 .debug_abbrev  0x00000000      0x212 .\CortexM0\ARM_GCC_541\Debug\main.o
 .debug_abbrev  0x00000212      0x1d8 .\CortexM0\ARM_GCC_541\Debug\cyfitter_cfg.o
 .debug_abbrev  0x000003ea       0x5d .\CortexM0\ARM_GCC_541\Debug\cymetadata.o
 .debug_abbrev  0x00000447      0x1d7 .\CortexM0\ARM_GCC_541\Debug\Cm0Start.o
 .debug_abbrev  0x0000061e      0x288 .\CortexM0\ARM_GCC_541\Debug\Motor Board.a(CyLib.o)
 .debug_abbrev  0x000008a6      0x248 .\CortexM0\ARM_GCC_541\Debug\Motor Board.a(CyLFClk.o)
 .debug_abbrev  0x00000aee       0xc8 .\CortexM0\ARM_GCC_541\Debug\Motor Board.a(Pin_Limit_1.o)
 .debug_abbrev  0x00000bb6      0x119 .\CortexM0\ARM_GCC_541\Debug\Motor Board.a(PWM_Motor.o)
 .debug_abbrev  0x00000ccf       0xc8 .\CortexM0\ARM_GCC_541\Debug\Motor Board.a(Pin_Direction.o)
 .debug_abbrev  0x00000d97      0x151 .\CortexM0\ARM_GCC_541\Debug\Motor Board.a(QuadDec.o)
 .debug_abbrev  0x00000ee8      0x117 .\CortexM0\ARM_GCC_541\Debug\Motor Board.a(QuadDec_Cnt16.o)
 .debug_abbrev  0x00000fff       0xac .\CortexM0\ARM_GCC_541\Debug\Motor Board.a(Status_Reg_Switches.o)
 .debug_abbrev  0x000010ab      0x19e .\CortexM0\ARM_GCC_541\Debug\Motor Board.a(ADC_SAR_Seq_1.o)
 .debug_abbrev  0x00001249       0x65 .\CortexM0\ARM_GCC_541\Debug\Motor Board.a(ADC_SAR_Seq_1_INT.o)
 .debug_abbrev  0x000012ae      0x186 .\CortexM0\ARM_GCC_541\Debug\Motor Board.a(CAN.o)
 .debug_abbrev  0x00001434       0xd5 .\CortexM0\ARM_GCC_541\Debug\Motor Board.a(CAN_INT.o)
 .debug_abbrev  0x00001509      0x171 .\CortexM0\ARM_GCC_541\Debug\Motor Board.a(CAN_TX_RX_func.o)
 .debug_abbrev  0x0000167a       0xd5 .\CortexM0\ARM_GCC_541\Debug\Motor Board.a(UART.o)
 .debug_abbrev  0x0000174f      0x132 .\CortexM0\ARM_GCC_541\Debug\Motor Board.a(UART_UART.o)
 .debug_abbrev  0x00001881       0xac .\CortexM0\ARM_GCC_541\Debug\Motor Board.a(Can_addr.o)
 .debug_abbrev  0x0000192d       0x14 .\CortexM0\ARM_GCC_541\Debug\Motor Board.a(CyBootAsmGnu.o)
 .debug_abbrev  0x00001941      0x182 .\CortexM0\ARM_GCC_541\Debug\Motor Board.a(CyFlash.o)
 .debug_abbrev  0x00001ac3      0x14f .\CortexM0\ARM_GCC_541\Debug\Motor Board.a(UART_SPI_UART.o)

.debug_line     0x00000000     0x2f51
 *(.debug_line)
 .debug_line    0x00000000      0x2c0 .\CortexM0\ARM_GCC_541\Debug\main.o
 .debug_line    0x000002c0      0x1b8 .\CortexM0\ARM_GCC_541\Debug\cyfitter_cfg.o
 .debug_line    0x00000478      0x141 .\CortexM0\ARM_GCC_541\Debug\cymetadata.o
 .debug_line    0x000005b9      0x236 .\CortexM0\ARM_GCC_541\Debug\Cm0Start.o
 .debug_line    0x000007ef      0x8cb .\CortexM0\ARM_GCC_541\Debug\Motor Board.a(CyLib.o)
 .debug_line    0x000010ba      0x5d1 .\CortexM0\ARM_GCC_541\Debug\Motor Board.a(CyLFClk.o)
 .debug_line    0x0000168b       0xc3 .\CortexM0\ARM_GCC_541\Debug\Motor Board.a(Pin_Limit_1.o)
 .debug_line    0x0000174e      0x382 .\CortexM0\ARM_GCC_541\Debug\Motor Board.a(PWM_Motor.o)
 .debug_line    0x00001ad0       0xc5 .\CortexM0\ARM_GCC_541\Debug\Motor Board.a(Pin_Direction.o)
 .debug_line    0x00001b95      0x123 .\CortexM0\ARM_GCC_541\Debug\Motor Board.a(QuadDec.o)
 .debug_line    0x00001cb8      0x196 .\CortexM0\ARM_GCC_541\Debug\Motor Board.a(QuadDec_Cnt16.o)
 .debug_line    0x00001e4e       0xc2 .\CortexM0\ARM_GCC_541\Debug\Motor Board.a(Status_Reg_Switches.o)
 .debug_line    0x00001f10      0x29c .\CortexM0\ARM_GCC_541\Debug\Motor Board.a(ADC_SAR_Seq_1.o)
 .debug_line    0x000021ac       0x6c .\CortexM0\ARM_GCC_541\Debug\Motor Board.a(ADC_SAR_Seq_1_INT.o)
 .debug_line    0x00002218      0x3e7 .\CortexM0\ARM_GCC_541\Debug\Motor Board.a(CAN.o)
 .debug_line    0x000025ff       0xbb .\CortexM0\ARM_GCC_541\Debug\Motor Board.a(CAN_INT.o)
 .debug_line    0x000026ba      0x214 .\CortexM0\ARM_GCC_541\Debug\Motor Board.a(CAN_TX_RX_func.o)
 .debug_line    0x000028ce      0x108 .\CortexM0\ARM_GCC_541\Debug\Motor Board.a(UART.o)
 .debug_line    0x000029d6      0x1cf .\CortexM0\ARM_GCC_541\Debug\Motor Board.a(UART_UART.o)
 .debug_line    0x00002ba5       0xb7 .\CortexM0\ARM_GCC_541\Debug\Motor Board.a(Can_addr.o)
 .debug_line    0x00002c5c       0x68 .\CortexM0\ARM_GCC_541\Debug\Motor Board.a(CyBootAsmGnu.o)
 .debug_line    0x00002cc4      0x173 .\CortexM0\ARM_GCC_541\Debug\Motor Board.a(CyFlash.o)
 .debug_line    0x00002e37      0x11a .\CortexM0\ARM_GCC_541\Debug\Motor Board.a(UART_SPI_UART.o)

.debug_frame    0x00000000     0x23e4
 *(.debug_frame)
 .debug_frame   0x00000000      0x17c .\CortexM0\ARM_GCC_541\Debug\main.o
 .debug_frame   0x0000017c       0xbc .\CortexM0\ARM_GCC_541\Debug\cyfitter_cfg.o
 .debug_frame   0x00000238       0xbc .\CortexM0\ARM_GCC_541\Debug\Cm0Start.o
 .debug_frame   0x000002f4      0x6f4 .\CortexM0\ARM_GCC_541\Debug\Motor Board.a(CyLib.o)
 .debug_frame   0x000009e8      0x4a4 .\CortexM0\ARM_GCC_541\Debug\Motor Board.a(CyLFClk.o)
 .debug_frame   0x00000e8c       0x70 .\CortexM0\ARM_GCC_541\Debug\Motor Board.a(Pin_Limit_1.o)
 .debug_frame   0x00000efc      0x3a0 .\CortexM0\ARM_GCC_541\Debug\Motor Board.a(PWM_Motor.o)
 .debug_frame   0x0000129c       0x70 .\CortexM0\ARM_GCC_541\Debug\Motor Board.a(Pin_Direction.o)
 .debug_frame   0x0000130c       0xdc .\CortexM0\ARM_GCC_541\Debug\Motor Board.a(QuadDec.o)
 .debug_frame   0x000013e8      0x134 .\CortexM0\ARM_GCC_541\Debug\Motor Board.a(QuadDec_Cnt16.o)
 .debug_frame   0x0000151c       0x78 .\CortexM0\ARM_GCC_541\Debug\Motor Board.a(Status_Reg_Switches.o)
 .debug_frame   0x00001594      0x1b0 .\CortexM0\ARM_GCC_541\Debug\Motor Board.a(ADC_SAR_Seq_1.o)
 .debug_frame   0x00001744       0x20 .\CortexM0\ARM_GCC_541\Debug\Motor Board.a(ADC_SAR_Seq_1_INT.o)
 .debug_frame   0x00001764      0x238 .\CortexM0\ARM_GCC_541\Debug\Motor Board.a(CAN.o)
 .debug_frame   0x0000199c       0x4c .\CortexM0\ARM_GCC_541\Debug\Motor Board.a(CAN_INT.o)
 .debug_frame   0x000019e8      0x140 .\CortexM0\ARM_GCC_541\Debug\Motor Board.a(CAN_TX_RX_func.o)
 .debug_frame   0x00001b28       0xd8 .\CortexM0\ARM_GCC_541\Debug\Motor Board.a(UART.o)
 .debug_frame   0x00001c00      0x144 .\CortexM0\ARM_GCC_541\Debug\Motor Board.a(UART_UART.o)
 .debug_frame   0x00001d44       0x78 .\CortexM0\ARM_GCC_541\Debug\Motor Board.a(Can_addr.o)
 .debug_frame   0x00001dbc       0x90 .\CortexM0\ARM_GCC_541\Debug\Motor Board.a(CyFlash.o)
 .debug_frame   0x00001e4c       0xb0 .\CortexM0\ARM_GCC_541\Debug\Motor Board.a(UART_SPI_UART.o)
 .debug_frame   0x00001efc       0x20 c:/program files (x86)/cypress/psoc creator/4.2/psoc creator/import/gnu/arm/5.4.1/bin/../lib/gcc/arm-none-eabi/5.4.1/armv6-m\libgcc.a(_udivsi3.o)
 .debug_frame   0x00001f1c       0x20 c:/program files (x86)/cypress/psoc creator/4.2/psoc creator/import/gnu/arm/5.4.1/bin/../lib/gcc/arm-none-eabi/5.4.1/armv6-m\libgcc.a(_divsi3.o)
 .debug_frame   0x00001f3c       0x34 c:/program files (x86)/cypress/psoc creator/4.2/psoc creator/import/gnu/arm/5.4.1/bin/../lib/gcc/arm-none-eabi/5.4.1/armv6-m\libgcc.a(_muldi3.o)
 .debug_frame   0x00001f70       0x30 c:/program files (x86)/cypress/psoc creator/4.2/psoc creator/import/gnu/arm/5.4.1/bin/../lib/gcc/arm-none-eabi/5.4.1/armv6-m\libgcc.a(bpabi.o)
 .debug_frame   0x00001fa0       0x3c c:/program files (x86)/cypress/psoc creator/4.2/psoc creator/import/gnu/arm/5.4.1/bin/../lib/gcc/arm-none-eabi/5.4.1/armv6-m\libgcc.a(divsf3.o)
 .debug_frame   0x00001fdc       0x38 c:/program files (x86)/cypress/psoc creator/4.2/psoc creator/import/gnu/arm/5.4.1/bin/../lib/gcc/arm-none-eabi/5.4.1/armv6-m\libgcc.a(mulsf3.o)
 .debug_frame   0x00002014       0x2c c:/program files (x86)/cypress/psoc creator/4.2/psoc creator/import/gnu/arm/5.4.1/bin/../lib/gcc/arm-none-eabi/5.4.1/armv6-m\libgcc.a(floatsisf.o)
 .debug_frame   0x00002040       0x3c c:/program files (x86)/cypress/psoc creator/4.2/psoc creator/import/gnu/arm/5.4.1/bin/../lib/gcc/arm-none-eabi/5.4.1/armv6-m\libgcc.a(_divdi3.o)
 .debug_frame   0x0000207c       0x20 c:/program files (x86)/cypress/psoc creator/4.2/psoc creator/import/gnu/arm/5.4.1/bin/../lib/gcc/arm-none-eabi/5.4.1/../../../../arm-none-eabi/lib/armv6-m\libg_nano.a(lib_a-errno.o)
 .debug_frame   0x0000209c       0x28 c:/program files (x86)/cypress/psoc creator/4.2/psoc creator/import/gnu/arm/5.4.1/bin/../lib/gcc/arm-none-eabi/5.4.1/../../../../arm-none-eabi/lib/armv6-m\libg_nano.a(lib_a-exit.o)
 .debug_frame   0x000020c4       0x2c c:/program files (x86)/cypress/psoc creator/4.2/psoc creator/import/gnu/arm/5.4.1/bin/../lib/gcc/arm-none-eabi/5.4.1/../../../../arm-none-eabi/lib/armv6-m\libg_nano.a(lib_a-init.o)
 .debug_frame   0x000020f0       0x28 c:/program files (x86)/cypress/psoc creator/4.2/psoc creator/import/gnu/arm/5.4.1/bin/../lib/gcc/arm-none-eabi/5.4.1/../../../../arm-none-eabi/lib/armv6-m\libg_nano.a(lib_a-memcpy-stub.o)
 .debug_frame   0x00002118       0x20 c:/program files (x86)/cypress/psoc creator/4.2/psoc creator/import/gnu/arm/5.4.1/bin/../lib/gcc/arm-none-eabi/5.4.1/../../../../arm-none-eabi/lib/armv6-m\libg_nano.a(lib_a-memset.o)
 .debug_frame   0x00002138       0x50 c:/program files (x86)/cypress/psoc creator/4.2/psoc creator/import/gnu/arm/5.4.1/bin/../lib/gcc/arm-none-eabi/5.4.1/../../../../arm-none-eabi/lib/armv6-m\libg_nano.a(lib_a-sprintf.o)
 .debug_frame   0x00002188       0x74 c:/program files (x86)/cypress/psoc creator/4.2/psoc creator/import/gnu/arm/5.4.1/bin/../lib/gcc/arm-none-eabi/5.4.1/../../../../arm-none-eabi/lib/armv6-m\libg_nano.a(lib_a-nano-svfprintf.o)
 .debug_frame   0x000021fc       0x54 c:/program files (x86)/cypress/psoc creator/4.2/psoc creator/import/gnu/arm/5.4.1/bin/../lib/gcc/arm-none-eabi/5.4.1/../../../../arm-none-eabi/lib/armv6-m\libg_nano.a(lib_a-nano-vfprintf_i.o)
 .debug_frame   0x00002250       0x20 c:/program files (x86)/cypress/psoc creator/4.2/psoc creator/import/gnu/arm/5.4.1/bin/../lib/gcc/arm-none-eabi/5.4.1/../../../../arm-none-eabi/lib/armv6-m\libg_nano.a(lib_a-memchr-stub.o)
 .debug_frame   0x00002270       0x28 c:/program files (x86)/cypress/psoc creator/4.2/psoc creator/import/gnu/arm/5.4.1/bin/../lib/gcc/arm-none-eabi/5.4.1/../../../../arm-none-eabi/lib/armv6-m\libg_nano.a(lib_a-memmove.o)
 .debug_frame   0x00002298       0x2c c:/program files (x86)/cypress/psoc creator/4.2/psoc creator/import/gnu/arm/5.4.1/bin/../lib/gcc/arm-none-eabi/5.4.1/../../../../arm-none-eabi/lib/armv6-m\libg_nano.a(lib_a-nano-freer.o)
 .debug_frame   0x000022c4       0x2c c:/program files (x86)/cypress/psoc creator/4.2/psoc creator/import/gnu/arm/5.4.1/bin/../lib/gcc/arm-none-eabi/5.4.1/../../../../arm-none-eabi/lib/armv6-m\libg_nano.a(lib_a-nano-mallocr.o)
 .debug_frame   0x000022f0       0x30 c:/program files (x86)/cypress/psoc creator/4.2/psoc creator/import/gnu/arm/5.4.1/bin/../lib/gcc/arm-none-eabi/5.4.1/../../../../arm-none-eabi/lib/armv6-m\libg_nano.a(lib_a-nano-reallocr.o)
 .debug_frame   0x00002320       0x2c c:/program files (x86)/cypress/psoc creator/4.2/psoc creator/import/gnu/arm/5.4.1/bin/../lib/gcc/arm-none-eabi/5.4.1/../../../../arm-none-eabi/lib/armv6-m\libg_nano.a(lib_a-sbrkr.o)
 .debug_frame   0x0000234c       0x30 c:/program files (x86)/cypress/psoc creator/4.2/psoc creator/import/gnu/arm/5.4.1/bin/../lib/gcc/arm-none-eabi/5.4.1/../../../../arm-none-eabi/lib/armv6-m\libg_nano.a(lib_a-mlock.o)
 .debug_frame   0x0000237c       0x20 c:/program files (x86)/cypress/psoc creator/4.2/psoc creator/import/gnu/arm/5.4.1/bin/../lib/gcc/arm-none-eabi/5.4.1/../../../../arm-none-eabi/lib/armv6-m\libg_nano.a(lib_a-nano-msizer.o)
 .debug_frame   0x0000239c       0x48 c:/program files (x86)/cypress/psoc creator/4.2/psoc creator/import/gnu/arm/5.4.1/bin/../lib/gcc/arm-none-eabi/5.4.1/../../../../arm-none-eabi/lib/armv6-m\libg_nano.a(lib_a-reent.o)

.debug_str      0x00000000     0x2d9b
 *(.debug_str)
 .debug_str     0x00000000      0x4e9 .\CortexM0\ARM_GCC_541\Debug\main.o
                                0x53e (size before relaxing)
 .debug_str     0x000004e9      0x12a .\CortexM0\ARM_GCC_541\Debug\cyfitter_cfg.o
                                0x312 (size before relaxing)
 .debug_str     0x00000613       0x63 .\CortexM0\ARM_GCC_541\Debug\cymetadata.o
                                0x1dd (size before relaxing)
 .debug_str     0x00000676      0x13a .\CortexM0\ARM_GCC_541\Debug\Cm0Start.o
                                0x316 (size before relaxing)
 .debug_str     0x000007b0      0x906 .\CortexM0\ARM_GCC_541\Debug\Motor Board.a(CyLib.o)
                                0xb53 (size before relaxing)
 .debug_str     0x000010b6      0x6de .\CortexM0\ARM_GCC_541\Debug\Motor Board.a(CyLFClk.o)
                                0x932 (size before relaxing)
 .debug_str     0x00001794       0xba .\CortexM0\ARM_GCC_541\Debug\Motor Board.a(Pin_Limit_1.o)
                                0x275 (size before relaxing)
 .debug_str     0x0000184e      0x450 .\CortexM0\ARM_GCC_541\Debug\Motor Board.a(PWM_Motor.o)
                                0x66e (size before relaxing)
 .debug_str     0x00001c9e       0xab .\CortexM0\ARM_GCC_541\Debug\Motor Board.a(Pin_Direction.o)
                                0x283 (size before relaxing)
 .debug_str     0x00001d49      0x114 .\CortexM0\ARM_GCC_541\Debug\Motor Board.a(QuadDec.o)
                                0x332 (size before relaxing)
 .debug_str     0x00001e5d      0x1cb .\CortexM0\ARM_GCC_541\Debug\Motor Board.a(QuadDec_Cnt16.o)
                                0x405 (size before relaxing)
 .debug_str     0x00002028       0xb1 .\CortexM0\ARM_GCC_541\Debug\Motor Board.a(Status_Reg_Switches.o)
                                0x2a6 (size before relaxing)
 .debug_str     0x000020d9      0x29f .\CortexM0\ARM_GCC_541\Debug\Motor Board.a(ADC_SAR_Seq_1.o)
                                0x4dd (size before relaxing)
 .debug_str     0x00002378       0x49 .\CortexM0\ARM_GCC_541\Debug\Motor Board.a(ADC_SAR_Seq_1_INT.o)
                                0x1e6 (size before relaxing)
 .debug_str     0x000023c1      0x2e6 .\CortexM0\ARM_GCC_541\Debug\Motor Board.a(CAN.o)
                                0x54b (size before relaxing)
 .debug_str     0x000026a7      0x1cd .\CortexM0\ARM_GCC_541\Debug\Motor Board.a(CAN_INT.o)
                                0x3db (size before relaxing)
 .debug_str     0x00002874       0x56 .\CortexM0\ARM_GCC_541\Debug\Motor Board.a(CAN_TX_RX_func.o)
                                0x458 (size before relaxing)
 .debug_str     0x000028ca       0xf7 .\CortexM0\ARM_GCC_541\Debug\Motor Board.a(UART.o)
                                0x2ac (size before relaxing)
 .debug_str     0x000029c1      0x1d2 .\CortexM0\ARM_GCC_541\Debug\Motor Board.a(UART_UART.o)
                                0x3dd (size before relaxing)
 .debug_str     0x00002b93       0x7a .\CortexM0\ARM_GCC_541\Debug\Motor Board.a(Can_addr.o)
                                0x264 (size before relaxing)
 .debug_str     0x00002c0d       0xb2 .\CortexM0\ARM_GCC_541\Debug\Motor Board.a(CyFlash.o)
                                0x2c5 (size before relaxing)
 .debug_str     0x00002cbf       0xdc .\CortexM0\ARM_GCC_541\Debug\Motor Board.a(UART_SPI_UART.o)
                                0x2e3 (size before relaxing)

.debug_loc      0x00000000     0x4751
 *(.debug_loc)
 .debug_loc     0x00000000      0x174 .\CortexM0\ARM_GCC_541\Debug\main.o
 .debug_loc     0x00000174      0x136 .\CortexM0\ARM_GCC_541\Debug\cyfitter_cfg.o
 .debug_loc     0x000002aa      0x14f .\CortexM0\ARM_GCC_541\Debug\Cm0Start.o
 .debug_loc     0x000003f9     0x182f .\CortexM0\ARM_GCC_541\Debug\Motor Board.a(CyLib.o)
 .debug_loc     0x00001c28      0xdb7 .\CortexM0\ARM_GCC_541\Debug\Motor Board.a(CyLFClk.o)
 .debug_loc     0x000029df       0xa2 .\CortexM0\ARM_GCC_541\Debug\Motor Board.a(Pin_Limit_1.o)
 .debug_loc     0x00002a81      0x547 .\CortexM0\ARM_GCC_541\Debug\Motor Board.a(PWM_Motor.o)
 .debug_loc     0x00002fc8       0xa2 .\CortexM0\ARM_GCC_541\Debug\Motor Board.a(Pin_Direction.o)
 .debug_loc     0x0000306a       0xa0 .\CortexM0\ARM_GCC_541\Debug\Motor Board.a(QuadDec.o)
 .debug_loc     0x0000310a       0x3d .\CortexM0\ARM_GCC_541\Debug\Motor Board.a(QuadDec_Cnt16.o)
 .debug_loc     0x00003147       0x44 .\CortexM0\ARM_GCC_541\Debug\Motor Board.a(Status_Reg_Switches.o)
 .debug_loc     0x0000318b      0x4ba .\CortexM0\ARM_GCC_541\Debug\Motor Board.a(ADC_SAR_Seq_1.o)
 .debug_loc     0x00003645      0xa5e .\CortexM0\ARM_GCC_541\Debug\Motor Board.a(CAN.o)
 .debug_loc     0x000040a3       0x54 .\CortexM0\ARM_GCC_541\Debug\Motor Board.a(CAN_INT.o)
 .debug_loc     0x000040f7      0x17f .\CortexM0\ARM_GCC_541\Debug\Motor Board.a(CAN_TX_RX_func.o)
 .debug_loc     0x00004276       0x7e .\CortexM0\ARM_GCC_541\Debug\Motor Board.a(UART.o)
 .debug_loc     0x000042f4      0x223 .\CortexM0\ARM_GCC_541\Debug\Motor Board.a(UART_UART.o)
 .debug_loc     0x00004517       0x44 .\CortexM0\ARM_GCC_541\Debug\Motor Board.a(Can_addr.o)
 .debug_loc     0x0000455b      0x160 .\CortexM0\ARM_GCC_541\Debug\Motor Board.a(CyFlash.o)
 .debug_loc     0x000046bb       0x96 .\CortexM0\ARM_GCC_541\Debug\Motor Board.a(UART_SPI_UART.o)

.debug_macinfo
 *(.debug_macinfo)

.debug_ranges   0x00000000      0xb10
 *(.debug_ranges)
 .debug_ranges  0x00000000       0x78 .\CortexM0\ARM_GCC_541\Debug\main.o
 .debug_ranges  0x00000078       0x38 .\CortexM0\ARM_GCC_541\Debug\cyfitter_cfg.o
 .debug_ranges  0x000000b0       0x38 .\CortexM0\ARM_GCC_541\Debug\Cm0Start.o
 .debug_ranges  0x000000e8      0x250 .\CortexM0\ARM_GCC_541\Debug\Motor Board.a(CyLib.o)
 .debug_ranges  0x00000338      0x178 .\CortexM0\ARM_GCC_541\Debug\Motor Board.a(CyLFClk.o)
 .debug_ranges  0x000004b0       0x38 .\CortexM0\ARM_GCC_541\Debug\Motor Board.a(Pin_Limit_1.o)
 .debug_ranges  0x000004e8      0x148 .\CortexM0\ARM_GCC_541\Debug\Motor Board.a(PWM_Motor.o)
 .debug_ranges  0x00000630       0x38 .\CortexM0\ARM_GCC_541\Debug\Motor Board.a(Pin_Direction.o)
 .debug_ranges  0x00000668       0x50 .\CortexM0\ARM_GCC_541\Debug\Motor Board.a(QuadDec.o)
 .debug_ranges  0x000006b8       0x88 .\CortexM0\ARM_GCC_541\Debug\Motor Board.a(QuadDec_Cnt16.o)
 .debug_ranges  0x00000740       0x30 .\CortexM0\ARM_GCC_541\Debug\Motor Board.a(Status_Reg_Switches.o)
 .debug_ranges  0x00000770       0x98 .\CortexM0\ARM_GCC_541\Debug\Motor Board.a(ADC_SAR_Seq_1.o)
 .debug_ranges  0x00000808       0x10 .\CortexM0\ARM_GCC_541\Debug\Motor Board.a(ADC_SAR_Seq_1_INT.o)
 .debug_ranges  0x00000818       0xd8 .\CortexM0\ARM_GCC_541\Debug\Motor Board.a(CAN.o)
 .debug_ranges  0x000008f0       0x18 .\CortexM0\ARM_GCC_541\Debug\Motor Board.a(CAN_INT.o)
 .debug_ranges  0x00000908       0x90 .\CortexM0\ARM_GCC_541\Debug\Motor Board.a(CAN_TX_RX_func.o)
 .debug_ranges  0x00000998       0x48 .\CortexM0\ARM_GCC_541\Debug\Motor Board.a(UART.o)
 .debug_ranges  0x000009e0       0x80 .\CortexM0\ARM_GCC_541\Debug\Motor Board.a(UART_UART.o)
 .debug_ranges  0x00000a60       0x30 .\CortexM0\ARM_GCC_541\Debug\Motor Board.a(Can_addr.o)
 .debug_ranges  0x00000a90       0x30 .\CortexM0\ARM_GCC_541\Debug\Motor Board.a(CyFlash.o)
 .debug_ranges  0x00000ac0       0x50 .\CortexM0\ARM_GCC_541\Debug\Motor Board.a(UART_SPI_UART.o)

.comment        0x00000000       0x6e
 .comment       0x00000000       0x6e .\CortexM0\ARM_GCC_541\Debug\main.o
                                 0x6f (size before relaxing)
 .comment       0x0000006e       0x6f .\CortexM0\ARM_GCC_541\Debug\cyfitter_cfg.o
 .comment       0x0000006e       0x6f .\CortexM0\ARM_GCC_541\Debug\cymetadata.o
 .comment       0x0000006e       0x6f .\CortexM0\ARM_GCC_541\Debug\Cm0Start.o
 .comment       0x0000006e       0x6f .\CortexM0\ARM_GCC_541\Debug\Motor Board.a(CyLib.o)
 .comment       0x0000006e       0x6f .\CortexM0\ARM_GCC_541\Debug\Motor Board.a(CyLFClk.o)
 .comment       0x0000006e       0x6f .\CortexM0\ARM_GCC_541\Debug\Motor Board.a(Pin_Limit_1.o)
 .comment       0x0000006e       0x6f .\CortexM0\ARM_GCC_541\Debug\Motor Board.a(PWM_Motor.o)
 .comment       0x0000006e       0x6f .\CortexM0\ARM_GCC_541\Debug\Motor Board.a(Pin_Direction.o)
 .comment       0x0000006e       0x6f .\CortexM0\ARM_GCC_541\Debug\Motor Board.a(QuadDec.o)
 .comment       0x0000006e       0x6f .\CortexM0\ARM_GCC_541\Debug\Motor Board.a(QuadDec_Cnt16.o)
 .comment       0x0000006e       0x6f .\CortexM0\ARM_GCC_541\Debug\Motor Board.a(Status_Reg_Switches.o)
 .comment       0x0000006e       0x6f .\CortexM0\ARM_GCC_541\Debug\Motor Board.a(ADC_SAR_Seq_1.o)
 .comment       0x0000006e       0x6f .\CortexM0\ARM_GCC_541\Debug\Motor Board.a(ADC_SAR_Seq_1_INT.o)
 .comment       0x0000006e       0x6f .\CortexM0\ARM_GCC_541\Debug\Motor Board.a(CAN.o)
 .comment       0x0000006e       0x6f .\CortexM0\ARM_GCC_541\Debug\Motor Board.a(CAN_INT.o)
 .comment       0x0000006e       0x6f .\CortexM0\ARM_GCC_541\Debug\Motor Board.a(CAN_TX_RX_func.o)
 .comment       0x0000006e       0x6f .\CortexM0\ARM_GCC_541\Debug\Motor Board.a(UART.o)
 .comment       0x0000006e       0x6f .\CortexM0\ARM_GCC_541\Debug\Motor Board.a(UART_UART.o)
 .comment       0x0000006e       0x6f .\CortexM0\ARM_GCC_541\Debug\Motor Board.a(Can_addr.o)
 .comment       0x0000006e       0x6f .\CortexM0\ARM_GCC_541\Debug\Motor Board.a(CyFlash.o)
 .comment       0x0000006e       0x6f .\CortexM0\ARM_GCC_541\Debug\Motor Board.a(UART_SPI_UART.o)

.debug_weaknames
 *(.debug_weaknames)

.debug_funcnames
 *(.debug_funcnames)

.debug_typenames
 *(.debug_typenames)

.debug_varnames
 *(.debug_varnames)

.note.gnu.arm.ident
 *(.note.gnu.arm.ident)

.ARM.attributes
                0x00000000       0x28
 *(.ARM.attributes)
 .ARM.attributes
                0x00000000       0x1e c:/program files (x86)/cypress/psoc creator/4.2/psoc creator/import/gnu/arm/5.4.1/bin/../lib/gcc/arm-none-eabi/5.4.1/armv6-m/crti.o
 .ARM.attributes
                0x0000001e       0x2c c:/program files (x86)/cypress/psoc creator/4.2/psoc creator/import/gnu/arm/5.4.1/bin/../lib/gcc/arm-none-eabi/5.4.1/armv6-m/crtbegin.o
 .ARM.attributes
                0x0000004a       0x1b c:/program files (x86)/cypress/psoc creator/4.2/psoc creator/import/gnu/arm/5.4.1/bin/../lib/gcc/arm-none-eabi/5.4.1/../../../../arm-none-eabi/lib/armv6-m/crt0.o
 .ARM.attributes
                0x00000065       0x31 .\CortexM0\ARM_GCC_541\Debug\main.o
 .ARM.attributes
                0x00000096       0x31 .\CortexM0\ARM_GCC_541\Debug\cyfitter_cfg.o
 .ARM.attributes
                0x000000c7       0x31 .\CortexM0\ARM_GCC_541\Debug\cymetadata.o
 .ARM.attributes
                0x000000f8       0x31 .\CortexM0\ARM_GCC_541\Debug\Cm0Start.o
 .ARM.attributes
                0x00000129       0x31 .\CortexM0\ARM_GCC_541\Debug\Motor Board.a(CyLib.o)
 .ARM.attributes
                0x0000015a       0x31 .\CortexM0\ARM_GCC_541\Debug\Motor Board.a(CyLFClk.o)
 .ARM.attributes
                0x0000018b       0x31 .\CortexM0\ARM_GCC_541\Debug\Motor Board.a(Pin_Limit_1.o)
 .ARM.attributes
                0x000001bc       0x31 .\CortexM0\ARM_GCC_541\Debug\Motor Board.a(PWM_Motor.o)
 .ARM.attributes
                0x000001ed       0x31 .\CortexM0\ARM_GCC_541\Debug\Motor Board.a(Pin_Direction.o)
 .ARM.attributes
                0x0000021e       0x31 .\CortexM0\ARM_GCC_541\Debug\Motor Board.a(QuadDec.o)
 .ARM.attributes
                0x0000024f       0x31 .\CortexM0\ARM_GCC_541\Debug\Motor Board.a(QuadDec_Cnt16.o)
 .ARM.attributes
                0x00000280       0x31 .\CortexM0\ARM_GCC_541\Debug\Motor Board.a(Status_Reg_Switches.o)
 .ARM.attributes
                0x000002b1       0x31 .\CortexM0\ARM_GCC_541\Debug\Motor Board.a(ADC_SAR_Seq_1.o)
 .ARM.attributes
                0x000002e2       0x31 .\CortexM0\ARM_GCC_541\Debug\Motor Board.a(ADC_SAR_Seq_1_INT.o)
 .ARM.attributes
                0x00000313       0x31 .\CortexM0\ARM_GCC_541\Debug\Motor Board.a(CAN.o)
 .ARM.attributes
                0x00000344       0x31 .\CortexM0\ARM_GCC_541\Debug\Motor Board.a(CAN_INT.o)
 .ARM.attributes
                0x00000375       0x31 .\CortexM0\ARM_GCC_541\Debug\Motor Board.a(CAN_TX_RX_func.o)
 .ARM.attributes
                0x000003a6       0x31 .\CortexM0\ARM_GCC_541\Debug\Motor Board.a(UART.o)
 .ARM.attributes
                0x000003d7       0x31 .\CortexM0\ARM_GCC_541\Debug\Motor Board.a(UART_UART.o)
 .ARM.attributes
                0x00000408       0x31 .\CortexM0\ARM_GCC_541\Debug\Motor Board.a(Can_addr.o)
 .ARM.attributes
                0x00000439       0x21 .\CortexM0\ARM_GCC_541\Debug\Motor Board.a(CyBootAsmGnu.o)
 .ARM.attributes
                0x0000045a       0x31 .\CortexM0\ARM_GCC_541\Debug\Motor Board.a(CyFlash.o)
 .ARM.attributes
                0x0000048b       0x31 .\CortexM0\ARM_GCC_541\Debug\Motor Board.a(UART_SPI_UART.o)
 .ARM.attributes
                0x000004bc       0x1e c:/program files (x86)/cypress/psoc creator/4.2/psoc creator/import/gnu/arm/5.4.1/bin/../lib/gcc/arm-none-eabi/5.4.1/armv6-m\libgcc.a(_udivsi3.o)
 .ARM.attributes
                0x000004da       0x1e c:/program files (x86)/cypress/psoc creator/4.2/psoc creator/import/gnu/arm/5.4.1/bin/../lib/gcc/arm-none-eabi/5.4.1/armv6-m\libgcc.a(_divsi3.o)
 .ARM.attributes
                0x000004f8       0x1e c:/program files (x86)/cypress/psoc creator/4.2/psoc creator/import/gnu/arm/5.4.1/bin/../lib/gcc/arm-none-eabi/5.4.1/armv6-m\libgcc.a(_dvmd_tls.o)
 .ARM.attributes
                0x00000516       0x1e c:/program files (x86)/cypress/psoc creator/4.2/psoc creator/import/gnu/arm/5.4.1/bin/../lib/gcc/arm-none-eabi/5.4.1/armv6-m\libgcc.a(_aeabi_ldivmod.o)
 .ARM.attributes
                0x00000534       0x2c c:/program files (x86)/cypress/psoc creator/4.2/psoc creator/import/gnu/arm/5.4.1/bin/../lib/gcc/arm-none-eabi/5.4.1/armv6-m\libgcc.a(_muldi3.o)
 .ARM.attributes
                0x00000560       0x2c c:/program files (x86)/cypress/psoc creator/4.2/psoc creator/import/gnu/arm/5.4.1/bin/../lib/gcc/arm-none-eabi/5.4.1/armv6-m\libgcc.a(bpabi.o)
 .ARM.attributes
                0x0000058c       0x2c c:/program files (x86)/cypress/psoc creator/4.2/psoc creator/import/gnu/arm/5.4.1/bin/../lib/gcc/arm-none-eabi/5.4.1/armv6-m\libgcc.a(divsf3.o)
 .ARM.attributes
                0x000005b8       0x2c c:/program files (x86)/cypress/psoc creator/4.2/psoc creator/import/gnu/arm/5.4.1/bin/../lib/gcc/arm-none-eabi/5.4.1/armv6-m\libgcc.a(mulsf3.o)
 .ARM.attributes
                0x000005e4       0x2c c:/program files (x86)/cypress/psoc creator/4.2/psoc creator/import/gnu/arm/5.4.1/bin/../lib/gcc/arm-none-eabi/5.4.1/armv6-m\libgcc.a(floatsisf.o)
 .ARM.attributes
                0x00000610       0x1e c:/program files (x86)/cypress/psoc creator/4.2/psoc creator/import/gnu/arm/5.4.1/bin/../lib/gcc/arm-none-eabi/5.4.1/armv6-m\libgcc.a(_clzsi2.o)
 .ARM.attributes
                0x0000062e       0x2c c:/program files (x86)/cypress/psoc creator/4.2/psoc creator/import/gnu/arm/5.4.1/bin/../lib/gcc/arm-none-eabi/5.4.1/armv6-m\libgcc.a(_divdi3.o)
 .ARM.attributes
                0x0000065a       0x1e c:/program files (x86)/cypress/psoc creator/4.2/psoc creator/import/gnu/arm/5.4.1/bin/../lib/gcc/arm-none-eabi/5.4.1/armv6-m\libgcc.a(_clzdi2.o)
 .ARM.attributes
                0x00000678       0x2c c:/program files (x86)/cypress/psoc creator/4.2/psoc creator/import/gnu/arm/5.4.1/bin/../lib/gcc/arm-none-eabi/5.4.1/../../../../arm-none-eabi/lib/armv6-m\libg_nano.a(lib_a-errno.o)
 .ARM.attributes
                0x000006a4       0x2c c:/program files (x86)/cypress/psoc creator/4.2/psoc creator/import/gnu/arm/5.4.1/bin/../lib/gcc/arm-none-eabi/5.4.1/../../../../arm-none-eabi/lib/armv6-m\libg_nano.a(lib_a-exit.o)
 .ARM.attributes
                0x000006d0       0x2c c:/program files (x86)/cypress/psoc creator/4.2/psoc creator/import/gnu/arm/5.4.1/bin/../lib/gcc/arm-none-eabi/5.4.1/../../../../arm-none-eabi/lib/armv6-m\libg_nano.a(lib_a-impure.o)
 .ARM.attributes
                0x000006fc       0x2c c:/program files (x86)/cypress/psoc creator/4.2/psoc creator/import/gnu/arm/5.4.1/bin/../lib/gcc/arm-none-eabi/5.4.1/../../../../arm-none-eabi/lib/armv6-m\libg_nano.a(lib_a-init.o)
 .ARM.attributes
                0x00000728       0x2c c:/program files (x86)/cypress/psoc creator/4.2/psoc creator/import/gnu/arm/5.4.1/bin/../lib/gcc/arm-none-eabi/5.4.1/../../../../arm-none-eabi/lib/armv6-m\libg_nano.a(lib_a-memcpy-stub.o)
 .ARM.attributes
                0x00000754       0x2c c:/program files (x86)/cypress/psoc creator/4.2/psoc creator/import/gnu/arm/5.4.1/bin/../lib/gcc/arm-none-eabi/5.4.1/../../../../arm-none-eabi/lib/armv6-m\libg_nano.a(lib_a-memset.o)
 .ARM.attributes
                0x00000780       0x2c c:/program files (x86)/cypress/psoc creator/4.2/psoc creator/import/gnu/arm/5.4.1/bin/../lib/gcc/arm-none-eabi/5.4.1/../../../../arm-none-eabi/lib/armv6-m\libg_nano.a(lib_a-sprintf.o)
 .ARM.attributes
                0x000007ac       0x2c c:/program files (x86)/cypress/psoc creator/4.2/psoc creator/import/gnu/arm/5.4.1/bin/../lib/gcc/arm-none-eabi/5.4.1/../../../../arm-none-eabi/lib/armv6-m\libg_nano.a(lib_a-nano-svfprintf.o)
 .ARM.attributes
                0x000007d8       0x2c c:/program files (x86)/cypress/psoc creator/4.2/psoc creator/import/gnu/arm/5.4.1/bin/../lib/gcc/arm-none-eabi/5.4.1/../../../../arm-none-eabi/lib/armv6-m\libg_nano.a(lib_a-nano-vfprintf_i.o)
 .ARM.attributes
                0x00000804       0x2c c:/program files (x86)/cypress/psoc creator/4.2/psoc creator/import/gnu/arm/5.4.1/bin/../lib/gcc/arm-none-eabi/5.4.1/../../../../arm-none-eabi/lib/armv6-m\libg_nano.a(lib_a-memchr-stub.o)
 .ARM.attributes
                0x00000830       0x2c c:/program files (x86)/cypress/psoc creator/4.2/psoc creator/import/gnu/arm/5.4.1/bin/../lib/gcc/arm-none-eabi/5.4.1/../../../../arm-none-eabi/lib/armv6-m\libg_nano.a(lib_a-memmove.o)
 .ARM.attributes
                0x0000085c       0x2c c:/program files (x86)/cypress/psoc creator/4.2/psoc creator/import/gnu/arm/5.4.1/bin/../lib/gcc/arm-none-eabi/5.4.1/../../../../arm-none-eabi/lib/armv6-m\libg_nano.a(lib_a-nano-freer.o)
 .ARM.attributes
                0x00000888       0x2c c:/program files (x86)/cypress/psoc creator/4.2/psoc creator/import/gnu/arm/5.4.1/bin/../lib/gcc/arm-none-eabi/5.4.1/../../../../arm-none-eabi/lib/armv6-m\libg_nano.a(lib_a-nano-mallocr.o)
 .ARM.attributes
                0x000008b4       0x2c c:/program files (x86)/cypress/psoc creator/4.2/psoc creator/import/gnu/arm/5.4.1/bin/../lib/gcc/arm-none-eabi/5.4.1/../../../../arm-none-eabi/lib/armv6-m\libg_nano.a(lib_a-nano-reallocr.o)
 .ARM.attributes
                0x000008e0       0x2c c:/program files (x86)/cypress/psoc creator/4.2/psoc creator/import/gnu/arm/5.4.1/bin/../lib/gcc/arm-none-eabi/5.4.1/../../../../arm-none-eabi/lib/armv6-m\libg_nano.a(lib_a-sbrkr.o)
 .ARM.attributes
                0x0000090c       0x2c c:/program files (x86)/cypress/psoc creator/4.2/psoc creator/import/gnu/arm/5.4.1/bin/../lib/gcc/arm-none-eabi/5.4.1/../../../../arm-none-eabi/lib/armv6-m\libg_nano.a(lib_a-mlock.o)
 .ARM.attributes
                0x00000938       0x2c c:/program files (x86)/cypress/psoc creator/4.2/psoc creator/import/gnu/arm/5.4.1/bin/../lib/gcc/arm-none-eabi/5.4.1/../../../../arm-none-eabi/lib/armv6-m\libg_nano.a(lib_a-nano-msizer.o)
 .ARM.attributes
                0x00000964       0x2c c:/program files (x86)/cypress/psoc creator/4.2/psoc creator/import/gnu/arm/5.4.1/bin/../lib/gcc/arm-none-eabi/5.4.1/../../../../arm-none-eabi/lib/armv6-m\libg_nano.a(lib_a-reent.o)
 .ARM.attributes
                0x00000990       0x2c c:/program files (x86)/cypress/psoc creator/4.2/psoc creator/import/gnu/arm/5.4.1/bin/../lib/gcc/arm-none-eabi/5.4.1/armv6-m/crtend.o
 .ARM.attributes
                0x000009bc       0x1e c:/program files (x86)/cypress/psoc creator/4.2/psoc creator/import/gnu/arm/5.4.1/bin/../lib/gcc/arm-none-eabi/5.4.1/armv6-m/crtn.o

/DISCARD/
 *(.note.GNU-stack)
OUTPUT(C:\Users\austc\OneDrive\Documents\GitHub\Electronics2018-19\Psoc Arm\Motor Board.cydsn\CortexM0\ARM_GCC_541\Debug\Motor Board.elf elf32-littlearm)
